Archive member included because of file (symbol)

C:\nburn\lib\MOD5234.a(bsp.o)
                              c:/nburn/gcc-m68k/bin/../lib/gcc/m68k-elf/4.2.1/../../../../m68k-elf/lib/m5208\nb-crt0.o (atexit)
C:\nburn\lib\MOD5234.a(pins.o)
                              lcd.o (PinIO::function(int))
C:\nburn\lib\MOD5234.a(ioboard.o)
                              lab1.o (getdipsw)
C:\nburn\lib\MOD5234.a(ETPUinit.o)
                              C:\nburn\lib\MOD5234.a(ioboard.o) (eTPUInit)
C:\nburn\lib\MOD5234.a(ETPU.o)
                              C:\nburn\lib\MOD5234.a(ETPUinit.o) (eTPURecordInit())
C:\nburn\lib\MOD5234.a(etpu_gpio.o)
                              C:\nburn\lib\MOD5234.a(ETPU.o) (fs_etpu_gpio_output)
C:\nburn\lib\MOD5234.a(etpu_uart.o)
                              C:\nburn\lib\MOD5234.a(ETPU.o) (fs_etpu_uart_read_receive_data)
C:\nburn\lib\MOD5234.a(etpu_util.o)
                              C:\nburn\lib\MOD5234.a(ETPU.o) (fs_etpu_data_ram)
C:\nburn\lib\NetBurner.a(ucosmcfa.o)
                              C:\nburn\lib\MOD5234.a(bsp.o) (OSCtxSw)
C:\nburn\lib\NetBurner.a(ucosmcfc.o)
                              lab1.o (OSTaskCreatewName)
C:\nburn\lib\NetBurner.a(ucos.o)
                              C:\nburn\lib\MOD5234.a(ETPU.o) (OSIntNesting)
C:\nburn\lib\NetBurner.a(ucosmain.o)
                              C:\nburn\lib\NetBurner.a(ucos.o) (OSTCBTbl)
C:\nburn\lib\NetBurner.a(fileio.o)
                              C:\nburn\lib\NetBurner.a(ucosmain.o) (ioctl)
C:\nburn\lib\NetBurner.a(main.o)
                              c:/nburn/gcc-m68k/bin/../lib/gcc/m68k-elf/4.2.1/../../../../m68k-elf/lib/m5208\nb-crt0.o (main)
C:\nburn\lib\NetBurner.a(ip.o)
                              lab1.o (InitializeStack(unsigned long, unsigned long, unsigned long, unsigned long))
C:\nburn\lib\NetBurner.a(buffers.o)
                              C:\nburn\lib\NetBurner.a(ip.o) (FreeBuffer)
C:\nburn\lib\NetBurner.a(arp.o)
                              C:\nburn\lib\NetBurner.a(ip.o) (wArpLifetime)
C:\nburn\lib\NetBurner.a(udp.o)
                              C:\nburn\lib\NetBurner.a(ip.o) (process_udp(pool_buffer*, IPPKT*, unsigned short))
C:\nburn\lib\NetBurner.a(tcp.o)
                              C:\nburn\lib\NetBurner.a(ip.o) (DumpTcpPacket(IPPKT*))
C:\nburn\lib\NetBurner.a(extraio.o)
                              C:\nburn\lib\MOD5234.a(ETPU.o) (GetExtraFD)
C:\nburn\lib\NetBurner.a(http.o)
                              lab1.o (StartHTTP)
C:\nburn\lib\NetBurner.a(httpinternal.o)
                              C:\nburn\lib\NetBurner.a(http.o) (TheErrorHandler)
C:\nburn\lib\NetBurner.a(htmldecomp.o)
                              C:\nburn\lib\NetBurner.a(httpinternal.o) (SendHeaderResponse(char*, int))
C:\nburn\lib\NetBurner.a(iosys.o)
                              C:\nburn\lib\NetBurner.a(tcp.o) (FD_ZERO)
C:\nburn\lib\NetBurner.a(netinterface.o)
                              C:\nburn\lib\NetBurner.a(arp.o) (GetFirstInterface())
C:\nburn\lib\NetBurner.a(taskmon.o)
                              lab1.o (EnableTaskMonitor())
C:\nburn\lib\NetBurner.a(smarttrap.o)
                              lab1.o (EnableSmartTraps())
C:\nburn\lib\NetBurner.a(autoupdate.o)
                              lab1.o (EnableAutoUpdate)
C:\nburn\lib\NetBurner.a(device.o)
                              C:\nburn\lib\NetBurner.a(main.o) (DeviceInitializeSem)
C:\nburn\lib\NetBurner.a(system.o)
                              C:\nburn\lib\NetBurner.a(udp.o) (isvalidcr)
C:\nburn\lib\NetBurner.a(utils.o)
                              C:\nburn\lib\NetBurner.a(system.o) (AsciiToIp)
C:\nburn\lib\MOD5234.a(serial.o)
                              C:\nburn\lib\NetBurner.a(fileio.o) (SerialClose)
C:\nburn\lib\MOD5234.a(ethernet.o)
                              C:\nburn\lib\NetBurner.a(netinterface.o) (AddEthernetInterface())
C:\nburn\lib\MOD5234.a(etherprint.o)
                              C:\nburn\lib\MOD5234.a(ethernet.o) (EtherLink())
C:\nburn\lib\MOD5234.a(emulticast.o)
                              C:\nburn\lib\MOD5234.a(ethernet.o) (EthEnableMulticast(MACADR))
c:/nburn/gcc-m68k/bin/../lib/gcc/m68k-elf/4.2.1/m5208\libgcc.a(_double.o)
                              C:\nburn\lib\MOD5234.a(bsp.o) (__muldf3)
c:/nburn/gcc-m68k/bin/../lib/gcc/m68k-elf/4.2.1/m5208\libgcc.a(_floatex.o)
                              c:/nburn/gcc-m68k/bin/../lib/gcc/m68k-elf/4.2.1/m5208\libgcc.a(_double.o) (_fpCCR)
c:/nburn/gcc-m68k/bin/../lib/gcc/m68k-elf/4.2.1/m5208\libgcc.a(_ltdf2.o)
                              C:\nburn\lib\MOD5234.a(bsp.o) (__ltdf2)
c:/nburn/gcc-m68k/bin/../lib/gcc/m68k-elf/4.2.1/m5208\libgcc.a(fpgnulib.o)
                              C:\nburn\lib\MOD5234.a(bsp.o) (__floatunsidf)
c:/nburn/gcc-m68k/bin/../lib/gcc/m68k-elf/4.2.1/../../../../m68k-elf/lib/m5208\libc.a(lib_a-atoi.o)
                              C:\nburn\lib\NetBurner.a(httpinternal.o) (atoi)
c:/nburn/gcc-m68k/bin/../lib/gcc/m68k-elf/4.2.1/../../../../m68k-elf/lib/m5208\libc.a(lib_a-bsearch.o)
[...]
Memory Configuration

Name             Origin             Length             Attributes
ram              0x02000000         0x00800000         xrw
SRAM             0x20000400         0x0000fc00         xrw
*default*        0x00000000         0xffffffff

Linker script and memory map

LOAD c:/nburn/gcc-m68k/bin/../lib/gcc/m68k-elf/4.2.1/../../../../m68k-elf/lib/m5208\nb-crt0.o
LOAD c:/nburn/gcc-m68k/bin/../lib/gcc/m68k-elf/4.2.1/m5208/crtbegin.o
LOAD lcd.o
LOAD lab1.o
LOAD error_wrapper.o
LOAD htmldata.o
LOAD C:\nburn\MOD5234\lib\sys.ld
                0x20000000                vector_base = 0x20000000
                0x20010000                SRAM_END_ADDR = 0x20010000
                0x40000000                sim = 0x40000000
                0xffc04000                gConfigRec = 0xffc04000
                0xffc06000                UserParamBase = 0xffc06000
                0xffc00008                _RESET_ADDR = 0xffc00008
                0xffc08000                FlashAppBase = 0xffc08000
START GROUP
LOAD C:\nburn\lib\MOD5234.a
LOAD C:\nburn\lib\NetBurner.a
LOAD C:\nburn\lib\FatFile.a
LOAD C:\nburn\lib\rtl8711Library.a
LOAD C:\nburn\lib\debugLibrary.a
END GROUP
LOAD c:/nburn/gcc-m68k/bin/../lib/gcc/m68k-elf/4.2.1/../../../../m68k-elf/lib/m5208\libstdc++.a
LOAD c:/nburn/gcc-m68k/bin/../lib/gcc/m68k-elf/4.2.1/../../../../m68k-elf/lib/m5208\libm.a
LOAD c:/nburn/gcc-m68k/bin/../lib/gcc/m68k-elf/4.2.1/m5208\libgcc.a
LOAD c:/nburn/gcc-m68k/bin/../lib/gcc/m68k-elf/4.2.1/../../../../m68k-elf/lib/m5208\libc.a
LOAD c:/nburn/gcc-m68k/bin/../lib/gcc/m68k-elf/4.2.1/m5208\libgcc.a
LOAD c:/nburn/gcc-m68k/bin/../lib/gcc/m68k-elf/4.2.1/m5208/crtend.o
START GROUP
LOAD c:/nburn/gcc-m68k/bin/../lib/gcc/m68k-elf/4.2.1/../../../../m68k-elf/lib/m5208\libc.a
LOAD c:/nburn/gcc-m68k/bin/../lib/gcc/m68k-elf/4.2.1/m5208\libgcc.a
LOAD c:/nburn/gcc-m68k/bin/../lib/gcc/m68k-elf/4.2.1/../../../../m68k-elf/lib/m5208\libm.a
END GROUP
                0x00000000                __DYNAMIC = 0x0
                0x02800000                PROVIDE (__stack, 0x2800000)
                0x00000000                PROVIDE (hardware_init_hook, 0x0)
                0x00000000                PROVIDE (_hardware_init_hook, 0x0)
                0x00000000                PROVIDE (software_init_hook, 0x0)
                0x00000000                PROVIDE (_software_init_hook, 0x0)

.SRAM_SECT      0x20000400     0x8620
                0x20000400                SRAM_START = .
 *(SYS_VAR_SECT)
 SYS_VAR_SECT   0x20000400      0x238 C:\nburn\lib\NetBurner.a(ucos.o)
                0x2000052c                TimeTick
                0x2000051c                OSLockNesting
                0x20000526                OSRunning
                0x20000508                OSTCBList
                0x20000530                OSMapTbl
                0x20000528                Secs
                0x20000514                OSTCBFreeList
                0x20000527                OSShowTasksOnLeds
                0x20000524                OSISRLevel
                0x20000510                OSTCBHighRdy
                0x20000520                OSRdyGrp
                0x20000538                OSUnMapTbl
                0x20000500                OSRdyTbl
                0x20000518                OSIntNesting
                0x2000050c                OSTCBCur
                0x20000400                OSTCBPrioTbl
 SYS_VAR_SECT   0x20000638      0x1a8 C:\nburn\lib\NetBurner.a(ucosmain.o)
                0x2000064c                critical_count
                0x20000650                OSTCBTbl
 SYS_VAR_SECT   0x200007e0       0x1c C:\nburn\lib\NetBurner.a(fileio.o)
                0x200007f8                pExtraFdFunc
 SYS_VAR_SECT   0x200007fc       0x20 C:\nburn\lib\NetBurner.a(iosys.o)
                0x200007fc                read_file_sets
                0x2000080c                error_file_sets
                0x20000804                write_file_sets
                0x2000081c                SYS_VAR_SECT_END = .
                0x20000820                . = ALIGN (0x10)
 *fill*         0x2000081c        0x4 00
 *(IDLE_STK_SECT)
                0x20000820                IDLE_STK_SECT_END = .
                0x20000820                . = ALIGN (0x10)
 *(MAIN_STK_SECT)
 MAIN_STK_SECT  0x20000820     0x2000 C:\nburn\lib\NetBurner.a(main.o)
                0x20000820                MainStk
                0x20002820                MAIN_STK_SECT_END = .
                0x20002820                . = ALIGN (0x4)
 *(ETHER_VAR_SECT)
 ETHER_VAR_SECT
                0x20002820      0x110 C:\nburn\lib\MOD5234.a(ethernet.o)
                0x200028f6                TxcPosts
                0x200028fa                TxcSems
                0x20002820                EthernetMac
                0x200028ee                LastIsrStatus
                0x20002850                RxBD
                0x200028e0                TxBDFlag
                0x200028fe                RxIsr
                0x2000290c                PHY_addr
                0x200028f2                RxPosts
                0x2000290e                PHY_ID
                0x20002906                bEthLink
                0x200028d4                RxBDFlag
                0x200028ea                last_rxbd
                0x200028a0                RxBDpp
                0x20002908                phy_data_pd
                0x20002826                nTx
                0x20002902                TxIsr
                0x200028c8                TxBDpp
                0x20002830                TxBD
                0x20002930                ETHER_VAR_SECT_END = .
                0x20002930                . = ALIGN (0x10)
 *(ETHER_STK_SECT)
 ETHER_STK_SECT
                0x20002930     0x2000 C:\nburn\lib\MOD5234.a(ethernet.o)
                0x20002930                EtherSendStk
                0x20004930                ETHER_STK_SECT_END = .
                0x20004930                . = ALIGN (0x4)
 *(IP_VAR_SECT)
 IP_VAR_SECT    0x20004930       0x36 C:\nburn\lib\NetBurner.a(ip.o)
                0x20004932                bTTL_Default
                0x2000495e                next_arp_time
                0x20004934                ipRxFifo
                0x20004946                IcmpFifo
                0x20004930                wGlobalPktId
                0x20004952                pPromisciousPacketFunc
                0x2000495a                pFragFunc
                0x20004956                pMultiCastFunc
                0x20004962                delay
                0x2000494e                pMultiTick
                0x2000494a                pDHCPTick
 IP_VAR_SECT    0x20004966       0x74 C:\nburn\lib\NetBurner.a(udp.o)
                0x200049d6                UdpNetbiosNameServicePtr
                0x20004966                udp_fifos
                0x200049ce                pDHCPProcessFunction
                0x200049d2                pTaskPacketFunc
                0x200049ca                UDP_fifos_used
                0x200049da                IP_VAR_SECT_END = .
                0x200049e0                . = ALIGN (0x10)
 *fill*         0x200049da        0x6 00
 *(IP_STK_SECT)
 IP_STK_SECT    0x200049e0     0x2000 C:\nburn\lib\NetBurner.a(ip.o)
                0x200049e0                IPStk
                0x200069e0                IP_STK_SECT_END = .
                0x200069e0                . = ALIGN (0x4)
 *(TCP_VAR_SECT)
 TCP_VAR_SECT   0x200069e0       0x1e C:\nburn\lib\NetBurner.a(tcp.o)
                0x200069f0                TCP_TimerSemaphore
                0x200069e0                TCP_critical_section
                0x200069fe                TCP_VAR_SECT_END = .
                0x20006a00                . = ALIGN (0x10)
 *fill*         0x200069fe        0x2 00
 *(TCP_STK_SECT)
 TCP_STK_SECT   0x20006a00     0x2000 C:\nburn\lib\NetBurner.a(tcp.o)
                0x20006a00                TCPStk
                0x20008a00                TCP_STK_SECT_END = .
                0x20008a00                . = ALIGN (0x10)
 *(HTTP_STK_SECT)
                0x20008a00                HTTP_STK_SECT_END = .
                0x20008a00                . = ALIGN (0x10)
 *(FTP_STK_SECT)
                0x20008a00                FTP_STK_SECT_END = .
                0x20008a00                . = ALIGN (0x10)
 *(WIFI_STK_SECT)
                0x20008a00                WIFI_STK_SECT_END = .
                0x20008a00                . = ALIGN (0x10)
 *(PPP_STK_SECT)
                0x20008a00                PPP_STK_SECT_END = .
                0x20008a00                . = ALIGN (0x10)
 *(COMMAND_STK_SECT)
                0x20008a00                COMMAND_STK_SECT_END = .
                0x20008a00                . = ALIGN (0x4)
 *(USER_VAR_SECT)
                0x20008a00                USER_VAR_SECT_END = .
                0x20008a00                . = ALIGN (0x10)
 *(USER_STK_SECT)
                0x20008a00                USER_STK_SECT_END = .
                0x20008a00                BUFFERS_SECT_START = .
                0x20008a00                . = ALIGN (0x10)
 *(BUFFERS_VAR_SECT)
 BUFFERS_VAR_SECT
                0x20008a00       0x1c C:\nburn\lib\NetBurner.a(buffers.o)
                0x20008a00                FAST_BUFFER_POOL_SIZE
                0x20008a0e                free_fast_list
                0x20008a18                free_list_is_initialized
                0x20008a04                free_list
                0x20008a20                . = ALIGN (0x10)
 *fill*         0x20008a1c        0x4 00
                0x20008a20                BUFFERS_VAR_SECT_END = .
                0x20008a20                . = ALIGN (0x10)
                0x20008a20                SRAM_END = .

.text           0x02000000    0x278e0
 *(.text)
 .text          0x02000000       0xaa c:/nburn/gcc-m68k/bin/../lib/gcc/m68k-elf/4.2.1/../../../../m68k-elf/lib/m5208\nb-crt0.o
                0x02000000                start
 *fill*         0x020000aa        0x2 00
 .text          0x020000ac       0x9c c:/nburn/gcc-m68k/bin/../lib/gcc/m68k-elf/4.2.1/m5208/crtbegin.o
 .text          0x02000148      0xe4e lcd.o
                0x02000160                Lcd::Lcd()
                0x02000b18                Lcd::move(unsigned char, unsigned char)
                0x02000558                Lcd::Clear(unsigned char)
                0x020001b0                Lcd::enable_lower()
                0x02000188                Lcd::set_rs_line(unsigned char)
                0x02000148                Lcd::Lcd()
                0x02000f0c                Lcd::PrintChar(unsigned char, char)
                0x02000c74                Lcd::print_char(unsigned char, char)
                0x020003b4                Lcd::send_cmd(unsigned char, unsigned char)
                0x02000178                Lcd::ShiftDisplayRight(unsigned char)
                0x02000e70                Lcd::PrintString(unsigned char, char const*)
                0x02000438                Lcd::Home(unsigned char)
                0x02000be8                Lcd::MoveCursor(unsigned char, unsigned char)
                0x020001f4                Lcd::enable_upper()
                0x02000238                Lcd::set_data_lines(unsigned char)
                0x02000330                Lcd::send_data(unsigned char, unsigned char)
                0x020006ac                Lcd::Init(unsigned char)
                0x02000180                Lcd::ShiftDisplayLeft(unsigned char)
 *fill*         0x02000f96        0x2 00
 .text          0x02000f98      0x82c lab1.o
                0x02001380                Task1Main
                0x02001128                Task3Main
                0x02001554                StartTask2
                0x020015dc                UserMain
                0x02001254                Task2Main
                0x02001598                StartTask1
                0x02001510                StartTask3
                0x02000fe0                Task4Main
                0x020014cc                StartTask4
 .text          0x020017c4      0x226 error_wrapper.o
                0x020017c4                display_error(char const*, unsigned char)
 *fill*         0x020019ea        0x2 00
 .text          0x020019ec       0x16 htmldata.o
                0x020019f8                DoHtmlVariable(int, unsigned short)
                0x020019ec                DoHtmlFunction(int, char const*, unsigned short)
 *fill*         0x02001a02        0x2 00
 .text          0x02001a04      0x60c C:\nburn\lib\MOD5234.a(bsp.o)
                0x02001e08                _sbrk_r
                0x02001f70                HardwareSetup
                0x02001d8c                DisableCache
                0x02001f08                spaceleft
                0x02001e60                LocalInByte
                0x02001f54                ForceReboot
                0x02001c30                FlashProgram
                0x02001a08                Tick5234
                0x02001f40                BspGetTickFraction
                0x02001a04                xTick
                0x02001ba0                FlashErase
                0x02001e94                LocalOutByte
                0x02001e54                atexit
                0x02001af8                GetPreciseTime
                0x02001db0                EnableCache
                0x02001a20                SetIntc
                0x02001ee4                LocalCharAvail
 .text          0x02002010     0x1cf2 C:\nburn\lib\MOD5234.a(pins.o)
                0x02003080                PinIO::set(unsigned char)
                0x02002010                PinIO::function(int)
                0x02002c54                PinIO::drive()
                0x02003ca0                CReadPin
                0x020025ec                PinIO::read()
                0x02003cc4                CGPInPin
 *fill*         0x02003d02        0x2 00
 .text          0x02003d04      0x5ec C:\nburn\lib\MOD5234.a(ioboard.o)
                0x020040ec                putleds
                0x02003d58                putdisp
                0x02003db0                ModDev70Detect()
                0x02003e64                getdipsw
                0x02003d04                InitChipBoardSelect()
 .text          0x020042f0      0x126 C:\nburn\lib\MOD5234.a(ETPUinit.o)
                0x0200436c                MOD5234_etpu_init
                0x020043dc                eTPUInit
                0x020042f0                MOD5234_etpu_start
 *fill*         0x02004416        0x2 00
 .text          0x02004418     0x1a20 C:\nburn\lib\MOD5234.a(ETPU.o)
                0x02004774                fake_ETPU_CH8()
                0x02004978                real_ETPU_CH12
                0x02004834                real_ETPU_CH9
                0x02004634                ETPU_CH5
                0x020048bc                ETPU_CH11
                0x02004630                fake_ETPU_CH5()
                0x0200455c                ETPU_CH3
                0x020059e0                eTPUFunctionUARTRX
                0x020052d0                eTPUInitFIFO
                0x02004a00                ETPU_CH14
                0x020049e4                real_ETPU_CH13
                0x02004f08                eTPUReadUART
                0x02005198                eTPUDoISR(int)
                0x020047e0                fake_ETPU_CH9()
                0x02005484                ETPU_UART_FD_CLOSE(int)
                0x020047c8                real_ETPU_CH8
                0x020048a0                real_ETPU_CH10
                0x02004bc4                eTPURecordInit()
                0x02004558                fake_ETPU_CH3()
                0x02005524                eTPUInterruptEnable
                0x0200475c                real_ETPU_CH7
                0x0200446c                real_ETPU_CH0
                0x02005310                eTPUDriveGPIO
                0x02005028                eTPUgetCharUART
                0x020049fc                fake_ETPU_CH14()
                0x02005cb4                eTPUFDUartOpen
                0x02004990                fake_ETPU_CH13()
                0x0200469c                fake_ETPU_CH6()
                0x02004708                fake_ETPU_CH7()
                0x0200470c                ETPU_CH7
                0x02004ad4                fs_timer_stop
                0x02005108                ETPU_UART_FD_WRITE(int, char const*, int)
                0x020054dc                eTPUFunctionGPIO
                0x0200490c                real_ETPU_CH11
                0x02004b58                eTPUEventClear
                0x02004540                real_ETPU_CH2
                0x02004a68                fake_ETPU_CH15()
                0x020045c4                fake_ETPU_CH4()
                0x02004618                real_ETPU_CH4
                0x020045c8                ETPU_CH4
                0x02004418                fake_ETPU_CH0()
                0x02004928                ETPU_CH12
                0x02004abc                real_ETPU_CH15
                0x0200441c                ETPU_CH0
                0x02004a50                real_ETPU_CH14
                0x02005b54                eTPUFunctionUARTTX
                0x02004850                ETPU_CH10
                0x020044ec                fake_ETPU_CH2()
                0x0200544c                eTPUCloseChannel
                0x02004684                real_ETPU_CH5
                0x02004ed4                eTPUCharAvailUART
                0x020047e4                ETPU_CH9
                0x02004f98                ETPU_UART_FD_READ(int, char*, int)
                0x02004a6c                ETPU_CH15
                0x020048b8                fake_ETPU_CH11()
                0x02005360                eTPUSetGPIO
                0x020046a0                ETPU_CH6
                0x02004994                ETPU_CH13
                0x020044f0                ETPU_CH2
                0x02004480                fake_ETPU_CH1()
                0x020044d4                real_ETPU_CH1
                0x02004af0                eTPUInterruptDisable
                0x02004484                ETPU_CH1
                0x02004b78                eTPUEventPoll
                0x020045ac                real_ETPU_CH3
                0x02004e04                eTPUChanInit(int)
                0x020046f0                real_ETPU_CH6
                0x02004778                ETPU_CH8
                0x02004924                fake_ETPU_CH12()
                0x0200484c                fake_ETPU_CH10()
                0x02005048                eTPUWriteUART
                0x020053b4                eTPUInputGPIO
 .text          0x02005e38      0x26e C:\nburn\lib\MOD5234.a(etpu_gpio.o)
                0x02005f78                fs_etpu_gpio_pin_history
                0x02005e38                fs_etpu_gpio_output_high
                0x02006038                fs_etpu_gpio_init
                0x02005f9c                fs_etpu_gpio_cfg_input_periodic
                0x02005f54                fs_etpu_gpio_input_immed
                0x02005ed8                fs_etpu_gpio_cfg_input_trans
                0x02005e80                fs_etpu_gpio_output
                0x02005e5c                fs_etpu_gpio_output_low
 *fill*         0x020060a6        0x2 00
 .text          0x020060a8      0x310 C:\nburn\lib\MOD5234.a(etpu_uart.o)
                0x020060e0                fs_etpu_uart_write_transmit_data
                0x020060a8                fs_etpu_uart_read_receive_data
                0x02006108                fs_etpu_uart_init
 .text          0x020063b8      0x75a C:\nburn\lib\MOD5234.a(etpu_util.o)
                0x02006948                fs_etpu_get_global_24
                0x02006698                fs_etpu_set_chan_local_32
                0x02006538                fs_timer_start
                0x020068a8                fs_etpu_set_global_32
                0x02006838                fs_etpu_get_chan_local_16
                0x02006554                fs_etpu_malloc
                0x0200674c                fs_etpu_set_chan_local_8
                0x020063b8                fs_etpu_data_ram
                0x020068e0                fs_etpu_set_global_16
                0x02006918                fs_etpu_get_global32
                0x02006788                fs_etpu_get_chan_local_32
                0x020067f8                fs_etpu_get_chan_local_24
                0x02006870                fs_etpu_get_chan_local_8
                0x020067c0                fs_etpu_get_chan_local_24s
                0x02006628                fs_etpu_malloc2
                0x020068c4                fs_etpu_set_global_24
                0x02006588                fs_etpu_chan_init
                0x020068fc                fs_etpu_set_global_8
                0x020064e8                fs_etpu_dma_enable
                0x02006410                fs_etpu_get_hsr
                0x02006930                fs_etpu_get_global_24s
                0x020064c0                fs_etpu_interrupt_disable
                0x0200697c                fs_etpu_get_global_8
                0x02006994                fs_memset32
                0x02006710                fs_etpu_set_chan_local_16
                0x020069b8                fs_memcpy32
                0x02006470                fs_etpu_disable
                0x02006498                fs_etpu_interrupt_enable
                0x020066d4                fs_etpu_set_chan_local_24
                0x020063e8                fs_etpu_set_hsr
                0x020069ec                fs_etpu_init
                0x02006964                fs_etpu_get_global_16
                0x02006438                fs_etpu_enable
                0x02006510                fs_etpu_dma_disable
 *fill*         0x02006b12        0xe 00
 .text          0x02006b20      0x44a C:\nburn\lib\NetBurner.a(ucosmcfa.o)
                0x02006c00                OSDebugTraceHalt
                0x02006b20                OSStartHighRdy
                0x02006c10                TrapOutByte
                0x02006c40                memcpy
                0x02006c40                fmemcpy
                0x02006b40                OSCtxSw
                0x02006c30                TrapCharAvail
                0x02006b70                OSIntCtxSw
                0x02006c20                TrapInByte
                0x02006ba0                OSTickISR
                0x02006d10                memcpysum
                0x02006be0                OSSetupVBR
                0x02006f40                GetSR_IntLevel
                0x02006ea0                memset
                0x02006ea0                fmemset
                0x02006f50                SetSR_IntLevel
 *fill*         0x02006f6a        0x2 00
 .text          0x02006f6c      0x320 C:\nburn\lib\NetBurner.a(ucosmcfc.o)
                0x02007254                OSTaskCreate
                0x02007280                TopOfStackKillfunction
                0x02007028                OSTaskCreatewName
                0x02006f6c                OSTCBInit
                0x02007284                KillFunctionLink
 .text          0x0200728c     0x1e5c C:\nburn\lib\NetBurner.a(ucos.o)
                0x02007744                OSCritEnterNoWait
                0x0200791e                UCOSWAITS_HERE
                0x02007c3c                OSFifoPostFirst
                0x02007984                OSCritLeave
                0x020076f0                getpid
                0x02007414                OSLock
                0x02008090                OSQPostFirst
                0x020077b8                OSTaskID
                0x020075d8                OSQPendNoWait
                0x020077d0                OSSetName
                0x020077f8                OSIntExit
                0x0200749c                OSSemPendNoWait
                0x02008bd8                OSTaskDelete
                0x02008df4                OSUnlock
                0x02007708                OSCritInit
                0x02008230                OSQPost
                0x02007a9c                OSCritEnter
                0x02007efc                OSFifoPend
                0x02008a38                OSSemPend
                0x020074dc                OSMboxInit
                0x020085b0                OSMboxPost
                0x02007654                OSFifoInit
                0x020083c8                OSQPend
                0x02007894                OSSched
                0x02008e28                OSTimeDly
                0x020088ac                OSSemPost
                0x02008cf0                OSChangePrio
                0x020073e4                OSTCBGetFree
                0x0200728c                OSIntEnterWAS
                0x02007524                OSMboxPendNoWait
                0x02007d9c                OSFifoPost
                0x0200743c                OSSemInit
                0x02008ef0                OSStart
                0x020072d4                OSTimeTick
                0x02007564                OSQInit
                0x020077e4                OSTaskName
                0x020076a0                OSFifoPendNoWait
                0x02008718                OSMboxPend
                0x02008f6c                OSInit
                0x020072b4                OSChangeTaskDly
 .text          0x020090e8      0x16c C:\nburn\lib\NetBurner.a(ucosmain.o)
                0x020091c4                __malloc_unlock
                0x020090e8                UCosBegin
                0x020091e4                balloc_lock
                0x02009224                UCosSetup
                0x020091a8                balloc_unlock
                0x02009204                __malloc_lock
 .text          0x02009254      0x5f8 C:\nburn\lib\NetBurner.a(fileio.o)
                0x020093e4                ioctl
                0x02009254                isatty
                0x0200933c                CurrentStdioFD
                0x020093b4                lseek
                0x0200928c                ReplaceStdio
                0x02009450                write
                0x02009270                fstat
                0x02009580                rawwrite
                0x0200978c                stdioinbyte
                0x02009604                read
                0x0200936c                outbyte
                0x020093cc                open
                0x02009384                charavail
                0x02009360                fcntl
                0x02009804                close
 .text          0x0200984c       0xb6 C:\nburn\lib\NetBurner.a(main.o)
                0x02009884                main
                0x0200984c                __do_global_ctors
 *fill*         0x02009902        0x2 00
 .text          0x02009904     0x186a C:\nburn\lib\NetBurner.a(ip.o)
                0x02009d54                FixUpICMP(IPPKT*, unsigned char, unsigned char, unsigned char*, unsigned short)
                0x02009ac4                IsMultiCast(unsigned long)
                0x0200a600                FixHeaderAndSend(pool_buffer*, IPPKT*)
                0x02009ffc                DoIPPacket(pool_buffer*, EFRAME*, unsigned short)
                0x020099c0                GetSum20
                0x0200a8e8                PingViaInterface
                0x02009f9c                SaveError(pool_buffer*)
                0x0200a314                process_icmp(pool_buffer*, IPPKT*, unsigned short)
                0x02009c00                IpProcessEthernetPacket
                0x0200a1c8                FixHeaderAndSendViaInterface(pool_buffer*, IPPKT*, int)
                0x0200aa2c                ShowIPBuffer(pool_buffer*)
                0x0200a754                SendICMPError(pool_buffer*, unsigned char, unsigned char)
                0x02009e6c                InitializeStack(unsigned long, unsigned long, unsigned long, unsigned long)
                0x02009b14                GetData(IPPKT*)
                0x02009f90                InitializeCStack
                0x0200a9f8                Ping
                0x02009904                GetSum
                0x02009fe0                IsMyIp
                0x02009e10                IsBroadCast(unsigned long, int)
                0x02009dbc                KillStack
                0x02009b40                PrepareIPOutput(pool_buffer*, unsigned long, unsigned short)
                0x02009ae4                GetMultiAddress(unsigned long)
                0x0200a824                SendPing
                0x020099f8                GetSumHdr
                0x02009dc8                IsLocal(unsigned long, int)
                0x0200a430                IPTask(void*)
 *fill*         0x0200b16e        0x2 00
 .text          0x0200b170      0xec8 C:\nburn\lib\NetBurner.a(buffers.o)
                0x0200b630                fifo_buffer_storage::Full()
                0x0200b720                ShowBuffer
                0x0200ba04                fifo_buffer_storage::Reset(unsigned char)
                0x0200b254                InitBuffers
                0x0200b380                buffer_list::InsertBefore(pool_buffer*, pool_buffer*)
                0x0200b558                GetBuffer
                0x0200b700                fifo_buffer_storage::fifo_buffer_storage(unsigned char, unsigned char)
                0x0200b618                fifo_buffer_storage::Empty()
                0x0200be7c                fifo_buffer_storage::ReadDatawSum(unsigned char*, int, unsigned long&)
                0x0200b604                fifo_buffer_storage::SpaceUsed()
                0x0200b170                ShowBuffers()
                0x0200b19c                buffer_list::InsertHead(pool_buffer*)
                0x0200b84c                GetFreeCount
                0x0200b180                IncUsageCount
                0x0200b6e0                fifo_buffer_storage::fifo_buffer_storage(unsigned char, unsigned char)
                0x0200b31c                buffer_list::InsertTail(pool_buffer*)
                0x0200bac4                fifo_buffer_storage::~fifo_buffer_storage()
                0x0200bbb4                fifo_buffer_storage::SetMaxBuffers(unsigned char)
                0x0200b8c4                fifo_buffer_storage::ReadData(unsigned char*, int)
                0x0200b678                fifo_buffer_storage::Init(unsigned char, unsigned char)
                0x0200b178                DumpBuffers()
                0x0200b4f0                buffer_list::RemoveHead()
                0x0200b468                buffer_list::Remove(pool_buffer*)
                0x0200b5a4                buffer_list::RemoveTail()
                0x0200bad8                fifo_buffer_storage::LongSpaceAvail()
                0x0200bc44                fifo_buffer_storage::WriteData(unsigned char*, int)
                0x0200b20c                FreeBuffer
                0x0200b3f4                buffer_list::InsertAfter(pool_buffer*, pool_buffer*)
                0x0200bb90                fifo_buffer_storage::SpaceAvail()
                0x0200bab0                fifo_buffer_storage::~fifo_buffer_storage()
 .text          0x0200c038     0x17f0 C:\nburn\lib\NetBurner.a(arp.o)
                0x0200cd54                FindAddArp(unsigned long)
                0x0200c18c                sendGratuitousArp(int)
                0x0200c060                MacEqual(MACADR, MACADR)
                0x0200c394                InitializeArp()
                0x0200c43c                FindArp(unsigned long)
                0x0200c698                SendArp(ArpRecord*, int)
                0x0200c348                GetInterface(unsigned long)
                0x0200d644                AddCheckArp(MACADR*, unsigned long, int)
                0x0200c0c0                SetMac(ArpRecord*, MACADR, int)
                0x0200cb90                DeleteArpFromIp(unsigned long)
                0x0200c540                GetArpMacFromIp(unsigned long, MACADR&)
                0x0200d190                RouteOutVia(EFRAME*, unsigned long, pool_buffer*, int)
                0x0200c5f4                GetProperInterface(unsigned long)
                0x0200cca4                FreeOneArp()
                0x0200d6d0                processArp(pool_buffer*, EFRAME*)
                0x0200c150                NeedsArp(int)
                0x0200c7c8                GetNextArp(ArpRecord*)
                0x0200c25c                RawSendArp(ArpRecord*, unsigned long, int)
                0x0200cbb0                AgeArp()
                0x0200d39c                RouteOut(EFRAME*, unsigned long, pool_buffer*)
                0x0200c890                ShowArp()
                0x0200c9d0                DeleteArp(ArpRecord*)
                0x0200c838                GetFirstArp()
                0x0200c704                GetSrcIp
                0x0200cff0                IsMyAddressUsedArpDetect(unsigned short, int)
                0x0200c058                Cleanup()
                0x0200c038                IsNull(ArpRecord*)
                0x0200c924                fShowArp(__sFILE*)
                0x0200c598                AddPending(MACADR*, unsigned long, int)
 .text          0x0200d828     0x12f8 C:\nburn\lib\NetBurner.a(udp.o)
                0x0200e060                UDPPacket::Send(unsigned long, unsigned char)
                0x0200d970                UDPPacket::SetDestinationPort(unsigned short)
                0x0200da34                UDPPacket::GetPacketId()
                0x0200da80                UDPPacket::GetSourceAddress()
                0x0200e7a0                UDPPacket::UDPPacket()
                0x0200de30                UDPPacket::AddDataByte(unsigned char)
                0x0200e178                UDPPacket::SendAndKeep(unsigned long, unsigned char)
                0x0200dd84                UDPPacket::AddData(unsigned char*, unsigned short)
                0x0200daa4                RegisterUDPFifo(unsigned short, os_fifo*)
                0x0200de78                UDPPacket::AddData(char const*)
                0x0200d89c                UDPPacket::UDPPacket(pool_buffer*)
                0x0200df38                UDPPacket::SendViaInterface(unsigned long, int, unsigned char)
                0x0200da1c                UDPPacket::GetIpPacket()
                0x0200e1e8                UDPPacket::~UDPPacket()
                0x0200d828                GetUdpFifoRec(unsigned short)
                0x0200d9ac                UDPPacket::GetDataBuffer()
                0x0200db6c                RegisterUDPFifoWithNotify(unsigned short, os_fifo*, void (*)(os_fifo*, unsigned short))
                0x0200d8e8                UDPPacket::UDPPacket(pool_buffer*)
                0x0200d9e0                UDPPacket::GetDataSize() const
                0x0200e254                ProcessIDPacket(UDPPacket&, int)
                0x0200de54                UDPPacket::AddDataWord(unsigned short)
                0x0200e7e4                process_udp(pool_buffer*, IPPKT*, unsigned short)
                0x0200dea8                UDPPacket::Validate()
                0x0200d98c                UDPPacket::GetDestinationPort() const
                0x0200dc34                UnregisterUDPFifo(unsigned short)
                0x0200ea60                UDPPacket::UDPPacket(os_fifo*, unsigned long)
                0x0200d9c0                UDPPacket::SetDataSize(unsigned short)
                0x0200da08                UDPPacket::ResetData()
                0x0200e1c0                UDPPacket::~UDPPacket()
                0x0200eac0                UDPPacket::UDPPacket(os_fifo*, unsigned long)
                0x0200d934                UDPPacket::SetSourcePort(unsigned short)
                0x0200d950                UDPPacket::GetSourcePort() const
                0x0200dcfc                FixIDDataPacket(UDPPacket&, int)
                0x0200e210                UDPPacket::UDPPacket()
                0x0200da5c                UDPPacket::GetDestinationAddress()
 .text          0x0200eb20     0x51ae C:\nburn\lib\NetBurner.a(tcp.o)
                0x02010270                SendTcpRst(IPPKT*)
                0x0200f12c                GetTcpState(int)
                0x0200f160                GetTcpDState
                0x020104b4                InitTCP()
                0x02012cf0                _Socket_Private_read
                0x0200f0e0                ShortSocketList::ShortSocketList()
                0x0200f194                SetOutOfOrderbuffers(int, unsigned char)
                0x0200ed60                GetSocketRemotePort(int)
                0x0200f9d0                socket_struct::MyAdvertisedWindow()
                0x0200f824                SetSocketTxBuffers(int, int)
                0x0200ee74                setsockoption(int, int)
                0x0200fd24                TcpSend(socket_struct*, unsigned long, pool_buffer*, unsigned short, unsigned char)
                0x02013ba0                TCPTimerTask(void*)
                0x020139a0                process_tcp(pool_buffer*, IPPKT*, unsigned short)
                0x02011400                socket_struct::ProcessRST()
                0x0200f1d8                TcpGetLastRxTime(int)
                0x02012214                abortsocket
                0x0201312c                socket_struct::ProcessDataSegment(TCPPKT*, unsigned short, unsigned char*, pool_buffer*&)
                0x02010b34                HashSocketList::RemoveSocket(socket_struct*) const
                0x020128f8                _Socket_Private_write
                0x0200eeac                getsockoption(int)
                0x02011df4                socket_struct::ProcessAck(TCPPKT*)
                0x02012e4c                socket_struct::SaveData(unsigned char*, unsigned short, unsigned char)
                0x02010824                GetTcpRtxCount(int)
                0x0200ec84                fixoverlap(unsigned long, unsigned long, unsigned long&, unsigned long&)
                0x0200f7a4                socket_struct::SetTimer(unsigned long)
                0x020128d0                connect(unsigned long, unsigned short, unsigned short, unsigned long)
                0x0200ef38                HashSocketList::HashSocketList()
                0x02010d78                GetTcpSocket(TCPPKT*, unsigned long)
                0x0200f424                TcpGetRxBufferSpaceUsed(int)
                0x02011630                socket_struct::DoRawSend()
                0x0200f464                ShowFdTcpSocket(int)
                0x0200f728                socket_struct::ClearPending(int)
                0x02010898                ShortSocketList::findsocket(unsigned short, unsigned short, unsigned long) const
                0x0201253c                connect(unsigned long, unsigned short, unsigned short, unsigned long, unsigned long)
                0x020107b0                TcpSendKeepAlive(int)
                0x0200ed00                getsocketerror(int)
                0x0200ef20                EnableTcpDebug(unsigned short)
                0x02013aac                socket_struct::ProcessTimer()
                0x0201150c                socket_struct::SetUpNextRetransmit()
                0x0200ef30                HashSocketList::HashSocketList()
                0x02012b20                SockReadWithTimeout
                0x02010744                GetFreeSocketCount()
                0x020120a0                socket_struct::ProcessFIN(TCPPKT*, unsigned short)
                0x0200fa48                FixHeaderAndSendTcp(pool_buffer*, IPPKT*, socket_struct*)
                0x0200eedc                setsocketackbuffers(int, unsigned char)
                0x0200ee54                socket_struct::CleanUpDeletedListener()
                0x0200ec40                FindListenSocket(unsigned short, unsigned long)
                0x0200fb30                TcpSendwSum(socket_struct*, unsigned long, pool_buffer*, unsigned short, unsigned char, unsigned long)
                0x02010e30                socket_struct::DoCleanup()
                0x02012f3c                socket_struct::TestOutofOrder()
                0x0200f248                TcpGetLastRxInterval(int)
                0x0200eb20                GetFirstSeq()
                0x020106b0                FREESOCKET(socket_struct*)
                0x02011008                ShortSocketList::AddSocket(socket_struct*)
                0x02011cdc                socket_struct::DoRetransmit(unsigned char)
                0x0200f0f0                ShortSocketList::Init()
                0x0201093c                ShortSocketList::processTick()
                0x02012d0c                _Socket_Private_close
                0x020111cc                accept(int, unsigned long*, unsigned short*, unsigned short)
                0x0200f0e8                ShortSocketList::ShortSocketList()
                0x0200f864                SetSocketRxBuffers(int, int)
                0x02012434                listen(unsigned long, unsigned short, unsigned char)
                0x0200ef40                HashSocketList::Init() const
                0x0200ef58                ShortSocketList::GetFreeShort()
                0x0200ed30                GetSocketRemoteAddr(int)
                0x02010ca0                HashSocketList::findsocket(unsigned short, unsigned short, unsigned long) const
                0x0200f3b8                WaitForSocketFlush(int, unsigned long)
                0x0200ef28                DumpTcpPacket(IPPKT*)
                0x02011110                RemoveFromUserCloseList(socket_struct*)
                0x0200eb64                ValidateTCP(IPPKT*, unsigned short)
                0x020109ec                ShortSocketList::process(pool_buffer*, TCPPKT*, unsigned long) const
                0x0200eb50                socket_struct::SetState(int)
                0x0200f8ec                socket_struct::processoptions(pool_buffer*, TCPPKT*, IPPKT*)
                0x020119e8                socket_struct::DoClose(int)
                0x02012348                GetFreeSocket()
                0x0200ed90                GetSocketLocalPort(int)
                0x02010bec                HashSocketList::AddSocket(socket_struct*) const
                0x0200f0a0                ShortSocketList::FreeShort(ShortSocket*) const
                0x0200edc0                socket_struct::CalcRTO(unsigned long)
                0x02010218                socket_struct::OpenWindow()
                0x02010384                SendTcpSynRst(IPPKT*)
                0x0200f368                TcpAllDataAcked(int)
                0x02011968                clrsockoption(int, int)
                0x0200f20c                TcpGetSocketState(int)
                0x0200ef18                DumpTcpDebug()
                0x0200f8a4                GetSocketLocalAddr(int)
                0x020132ec                socket_struct::process(pool_buffer*, TCPPKT*)
                0x0200f168                RegisterTCPReadNotify
                0x0200fdb4                socket_struct::SendState(unsigned short, pool_buffer*)
 *fill*         0x02013cce        0x2 00
 .text          0x02013cd0      0x1b4 C:\nburn\lib\NetBurner.a(extraio.o)
                0x02013d00                ExpandWrite(int, char const*, int)
                0x02013d30                ExpandClose(int)
                0x02013d60                InitExtras()
                0x02013d9c                GetExtraFD
                0x02013cd0                ExpandRead(int, char*, int)
                0x02013e18                FreeExtraFd
                0x02013e50                GetExtraData
 .text          0x02013e84      0x30c C:\nburn\lib\NetBurner.a(http.o)
                0x02013e84                StartHTTP
                0x02013fbc                HttpMain(void*)
                0x02013ec8                processHttpRequest(char**, char*, char*, int, HTTP_Request&)
 .text          0x02014190      0xbee C:\nburn\lib\NetBurner.a(httpinternal.o)
                0x020141c8                SetNewPostHandler
                0x02014868                BaseDoGet
                0x02014210                SetNewMultiPartHandler
                0x020145d0                SendHTMLHeader
                0x02014198                append(char*&, char*)
                0x02014228                SetNewMultiPartExtractHandler
                0x0201499c                HTTP_Request::Respond(int)
                0x02014704                writesafestring
                0x02014814                ShowIPOnFd(int, unsigned long)
                0x02014510                SendGifHeader
                0x0201452c                SendTextHeader
                0x02014548                BaseDoHead
                0x02014474                NotFoundResponse
                0x020141bc                BaseDoPost
                0x02014240                SetNewErrorHandler
                0x0201428c                ExtractPostData
                0x020144c8                RedirectResponse
                0x02014ad0                HTTP_Request::ProcessLine(char*)
                0x020141e0                SetNewGetHandler
                0x02014190                StopHTTP
                0x02014258                InitHttp()
                0x020141f8                SetNewHeadHandler
                0x020145ec                writeallsafestring
                0x02014950                SendHTMLHeaderWCookie
                0x02014420                httpstricmp
 *fill*         0x02014d7e        0x2 00
 .text          0x02014d80      0x910 C:\nburn\lib\NetBurner.a(htmldecomp.o)
                0x02014de8                SendHtml(int, char*, int, char const*)
                0x020150c0                SendData(HTML_FILE_RECORD*, int, char const*)
                0x02015158                GetRecordFromName(char*)
                0x02014d80                SendHeader(int, char const*, int)
                0x02015424                SendFullResponse(char*, int)
                0x020151d8                SendFileFragment(char*, int, char const*)
                0x02014ddc                SendCompressed(int, char*, int)
                0x02015204                SendHeaderResponse(char*, int)
                0x02014dc0                SendXMLHeader(int)
 .text          0x02015690      0x69e C:\nburn\lib\NetBurner.a(iosys.o)
                0x02015acc                SetDataAvail
                0x0201596c                writeall
                0x020159cc                RawCheckSelects()
                0x02015a78                SetHaveError
                0x02015b08                RemoveSelect(PendingSelect*)
                0x02015a90                SetWriteAvail
                0x0201585c                ZeroWaitSelect
                0x02015b88                AddSelect(PendingSelect*)
                0x020157b0                FD_ISSET
                0x02015758                ClrDataAvail
                0x02015be0                select
                0x02015740                ClrWriteAvail
                0x02015a44                CheckSelects()
                0x02015910                writestring
                0x02015820                countbits(fd_set*)
                0x02015690                FD_OVERLAP(fd_set*, fd_set*)
                0x020158e0                dataavail
                0x020156cc                FD_ZERO
                0x02015770                FD_SET
                0x02015728                ClrHaveError
                0x020157fc                countdwbits(unsigned long)
                0x02015c80                ReadWithTimeout
                0x020156e4                FD_CLR
 *fill*         0x02015d2e        0x2 00
 .text          0x02015d30      0x42a C:\nburn\lib\NetBurner.a(netinterface.o)
                0x0201609c                InitializeNetwork(void (*)(pool_buffer*, EFRAME*, unsigned short), void (*)(pool_buffer*, EFRAME*))
                0x02015dc0                InterfaceIP(int)
                0x02015eb4                GetEframe(pool_buffer*)
                0x0201603c                SaveIfConfig(ConfigRecord*, int)
                0x02015d30                GetFirstInterface()
                0x0201606c                GetIfConfig(int)
                0x02015e70                InterfaceMAC(int)
                0x02015d94                GetInterFaceBlock(int)
                0x02015dec                InterfaceDNS(int)
                0x02015e18                InterfaceMASK(int)
                0x02015d50                GetnextInterface(int)
                0x020160f8                TransmitBuffer(pool_buffer*, int)
                0x02015f20                DisableMulticast(MACADR, int)
                0x02015f80                RegisterInterface(_InterfaceBlock*)
                0x02015ec8                EnableMulticast(MACADR, int)
                0x02016008                Removeinterface(int)
                0x02015f78                StopNetworks()
                0x02015e44                InterfaceGate(int)
 *fill*         0x0201615a        0x2 00
 .text          0x0201615c      0x5c8 C:\nburn\lib\NetBurner.a(taskmon.o)
                0x02016664                ProcessTaskPacket(UDPPacket&, int)
                0x0201615c                EnableTaskMonitor()
                0x02016170                BufferDumpTCBState(os_tcb*)
 .text          0x02016724     0x125c C:\nburn\lib\NetBurner.a(smarttrap.o)
                0x02016758                EnableSmartTraps()
                0x02016838                WalkStack(os_tcb*, unsigned long, unsigned long)
                0x02016d18                smart_trap_asm
                0x02016b38                Local_OutTCBState(os_tcb*, unsigned long, unsigned long)
                0x02016724                SafeRead(unsigned long)
                0x02016774                Local_OutHex(unsigned long, int)
                0x02016d10                Smart_Trap_Holder()
                0x02016808                Local_OutString(char const*)
                0x020168b4                Local_ShowTaskName(os_tcb volatile*)
 .text          0x02017980      0x538 C:\nburn\lib\NetBurner.a(autoupdate.o)
                0x02017e08                ProcessAutoUpdatePacket(UDPPacket&)
                0x02017b3c                DoData(UDPPacket&)
                0x02017980                EnableAutoUpdate
                0x02017994                DoReboot()
                0x020179c4                DoExecute(UDPPacket&, int)
                0x02017c2c                DoStart(UDPPacket&)
 .text          0x02017eb8       0x52 C:\nburn\lib\NetBurner.a(device.o)
                0x02017ed8                DeviceInitializeSem
                0x02017eb8                DeviceGetQspiSem()
                0x02017ec8                DeviceGetI2cSem()
 *fill*         0x02017f0a        0x2 00
 .text          0x02017f0c      0x6d8 C:\nburn\lib\NetBurner.a(system.o)
                0x02017f84                GetUserParameters
                0x020182e4                UpdateConfigRecord_Num
                0x02017f58                RawGetConfig
                0x02017f0c                isvalidcr
                0x020184a0                SetupDialog
                0x02017ffc                ReadLine
                0x0201848c                UpdateConfigRecord
                0x020181bc                IpQuestion
                0x02018270                SaveUserParameters
                0x02017f94                ShowChange
 .text          0x020185e4      0xbe0 C:\nburn\lib\NetBurner.a(utils.o)
                0x02018fd0                fShowMac
                0x020187d4                FancyDump(unsigned char*, int)
                0x02019060                ShowCounters
                0x0201871c                convertHexAsciiToBinary
                0x02018994                ShowData
                0x020185e4                kill
                0x020190c8                fShowCounters
                0x02018f90                fShowIP
                0x020185f4                _fini
                0x02018900                ShowIP
                0x02018600                AsciiToIp
                0x02019140                sShowCounters
                0x0201902c                DiagMenuPicker(int, unsigned char)
                0x0201893c                ShowMac
                0x02018684                convertBinaryToHexAscii
                0x020187bc                __builtin_delete
                0x020185ec                _exit
 .text          0x020191c4     0x1aaa C:\nburn\lib\MOD5234.a(serial.o)
                0x0201abf4                real_SER0_ISR
                0x020191c4                WakeTx(int)
                0x0201a018                SerialClose
                0x02019fac                SendBreak
                0x0201a160                OpenSerial
                0x02019bb8                GetUartErrorReg
                0x02019d4c                fShowSerialData(__sFILE*)
                0x0201948c                fake_SER0_ISR()
                0x02019574                fake_SER2_ISR()
                0x020194e4                SER1_ISR
                0x020195c8                SerialEnableTxFlow
                0x02019610                SerialEnableRxFlow
                0x0201925c                DoSerIsr(int)
                0x02019a48                Serial485HalfDupMode
                0x020194e0                fake_SER1_ISR()
                0x020198a4                SerialEnableHwRxFlow
                0x0201a78c                serread
                0x0201aad4                BasePutChar(int, unsigned char)
                0x0201a7a8                BaseGetChar(int)
                0x0201ac30                real_SER2_ISR
                0x0201a570                serreadwto
                0x0201a9b4                serwriteaddress
                0x02019534                real_SER1_ISR
                0x0201a850                serwrite
                0x0201a13c                serexternalclose
                0x02019490                SER0_ISR
                0x02019578                SER2_ISR
                0x0201965c                SerialEnableHwTxFlow
 *fill*         0x0201ac6e        0x2 00
 .text          0x0201ac70     0x18ae C:\nburn\lib\MOD5234.a(ethernet.o)
                0x0201b7e8                AddEthernetInterface()
                0x0201ae54                StopEnet()
                0x0201b2b0                ResetEnet()
                0x0201b9bc                ProcessDuplexStatus()
                0x0201ac70                read_eth_addr(MACADR*)
                0x0201b890                WarmEnetReset()
                0x0201c370                real_rxenetisr
                0x0201ac9c                fake_rxenetisr()
                0x0201bfd8                DoRX(pool_buffer*, unsigned short)
                0x0201aca0                rxenetisr
                0x0201acf0                fake_txenetisr()
                0x0201b98c                EnablePHY()
                0x0201aea8                EthMultifunc(MACADR, unsigned char)
                0x0201ad44                GetMII(unsigned char, unsigned char)
                0x0201aec4                ResetEnetPart2()
                0x0201acf4                txenetisr
                0x0201adc8                SetMII(unsigned char, unsigned char, unsigned short)
                0x0201b624                InitializeEthernet()
                0x0201bde0                real_txenetisr
                0x0201ae84                DisablePHY()
                0x0201b92c                ManualEthernetConfig(unsigned char, unsigned char, unsigned char)
                0x0201bc8c                EthTransmitBuffer(pool_buffer*)
                0x0201c1d0                Ether_ProcessTask(void*)
 *fill*         0x0201c51e        0x2 00
 .text          0x0201c520     0x16e8 C:\nburn\lib\MOD5234.a(etherprint.o)
                0x0201db30                EtherLink()
                0x0201c520                EtherSpeed100()
                0x0201db24                denet()
                0x0201d7c4                ShowFECRegisters()
                0x0201c5f8                ShowMII(unsigned char, unsigned char, char const*, unsigned short)
                0x0201db64                elink()
                0x0201db18                dEnet()
                0x0201c540                SwitchMIIPage(unsigned long)
                0x0201c530                EtherDuplex()
                0x0201c56c                showbinary(unsigned short, unsigned short)
                0x0201c660                ShowPhyterMII()
 .text          0x0201dc08      0x196 C:\nburn\lib\MOD5234.a(emulticast.o)
                0x0201dcec                EthDisableMulticast(MACADR)
                0x0201dc48                EthEnableMulticast(MACADR)
                0x0201dc08                GetMultiCastCRC(MACADR)
 *fill*         0x0201dd9e        0x2 00
 .text          0x0201dda0      0xba0 c:/nburn/gcc-m68k/bin/../lib/gcc/m68k-elf/4.2.1/m5208\libgcc.a(_double.o)
                0x0201e89e                __cmpdf2
                0x0201de00                __adddf3
                0x0201e768                __negdf2
                0x0201e478                __divdf3
                0x0201e7c6                __cmpdf2_internal
                0x0201e29c                __muldf3
                0x0201ddfa                __subdf3
 .text          0x0201e940       0x74 c:/nburn/gcc-m68k/bin/../lib/gcc/m68k-elf/4.2.1/m5208\libgcc.a(_floatex.o)
                0x0201e94c                $_exception_handler
                0x0201e940                __clear_sticky_bit
 .text          0x0201e9b4       0x22 c:/nburn/gcc-m68k/bin/../lib/gcc/m68k-elf/4.2.1/m5208\libgcc.a(_ltdf2.o)
                0x0201e9b4                __ltdf2
 *fill*         0x0201e9d6        0x2 00
 .text          0x0201e9d8      0x49a c:/nburn/gcc-m68k/bin/../lib/gcc/m68k-elf/4.2.1/m5208\libgcc.a(fpgnulib.o)
                0x0201ee58                __fixsfsi
                0x0201eb40                __floatsidf
                0x0201ec16                __extendsfdf2
                0x0201eace                __floatunsidf
                0x0201edd8                __fixdfsi
                0x0201ebfc                __floatsisf
                0x0201ecb0                __truncdfsf2
                0x0201e9d8                __unordsf2
                0x0201ebe2                __floatunsisf
                0x0201ea3a                __unorddf2
 *fill*         0x0201ee72        0x2 00
 .text          0x0201ee74       0x34 c:/nburn/gcc-m68k/bin/../lib/gcc/m68k-elf/4.2.1/../../../../m68k-elf/lib/m5208\libc.a(lib_a-atoi.o)
                0x0201ee74                _atoi_r
                0x0201ee90                atoi
 .text          0x0201eea8       0x64 c:/nburn/gcc-m68k/bin/../lib/gcc/m68k-elf/4.2.1/../../../../m68k-elf/lib/m5208\libc.a(lib_a-bsearch.o)
                0x0201eea8                bsearch
 .text          0x0201ef0c       0x1e c:/nburn/gcc-m68k/bin/../lib/gcc/m68k-elf/4.2.1/../../../../m68k-elf/lib/m5208\libc.a(lib_a-cxa_atexit.o)
                0x0201ef0c                __cxa_atexit
 *fill*         0x0201ef2a        0x2 00
 .text          0x0201ef2c        0xe c:/nburn/gcc-m68k/bin/../lib/gcc/m68k-elf/4.2.1/../../../../m68k-elf/lib/m5208\libc.a(lib_a-errno.o)
                0x0201ef2c                __errno
 *fill*         0x0201ef3a        0x2 00
 .text          0x0201ef3c       0x24 c:/nburn/gcc-m68k/bin/../lib/gcc/m68k-elf/4.2.1/../../../../m68k-elf/lib/m5208\libc.a(lib_a-fiprintf.o)
                0x0201ef3c                fiprintf
 .text          0x0201ef60        0x0 c:/nburn/gcc-m68k/bin/../lib/gcc/m68k-elf/4.2.1/../../../../m68k-elf/lib/m5208\libc.a(lib_a-impure.o)
 .text          0x0201ef60       0x54 c:/nburn/gcc-m68k/bin/../lib/gcc/m68k-elf/4.2.1/../../../../m68k-elf/lib/m5208\libc.a(lib_a-iprintf.o)
                0x0201ef60                _iprintf_r
                0x0201ef8a                iprintf
 .text          0x0201efb4       0x1c c:/nburn/gcc-m68k/bin/../lib/gcc/m68k-elf/4.2.1/../../../../m68k-elf/lib/m5208\libc.a(lib_a-isspace.o)
                0x0201efb4                isspace
 .text          0x0201efd0       0x32 c:/nburn/gcc-m68k/bin/../lib/gcc/m68k-elf/4.2.1/../../../../m68k-elf/lib/m5208\libc.a(lib_a-malloc.o)
                0x0201efea                malloc
                0x0201efd0                free
 *fill*         0x0201f002        0x2 00
 .text          0x0201f004      0x78c c:/nburn/gcc-m68k/bin/../lib/gcc/m68k-elf/4.2.1/../../../../m68k-elf/lib/m5208\libc.a(lib_a-mallocr.o)
                0x0201f004                _malloc_r
 .text          0x0201f790       0x8a c:/nburn/gcc-m68k/bin/../lib/gcc/m68k-elf/4.2.1/../../../../m68k-elf/lib/m5208\libc.a(lib_a-puts.o)
                0x0201f790                _puts_r
                0x0201f804                puts
 *fill*         0x0201f81a        0x2 00
 .text          0x0201f81c       0x4e c:/nburn/gcc-m68k/bin/../lib/gcc/m68k-elf/4.2.1/../../../../m68k-elf/lib/m5208\libc.a(lib_a-rget.o)
                0x0201f856                __srget
                0x0201f81c                __srget_r
 *fill*         0x0201f86a        0x2 00
 .text          0x0201f86c      0x1ee c:/nburn/gcc-m68k/bin/../lib/gcc/m68k-elf/4.2.1/../../../../m68k-elf/lib/m5208\libc.a(lib_a-setvbuf.o)
                0x0201f86c                setvbuf
 *fill*         0x0201fa5a        0x2 00
 .text          0x0201fa5c       0xba c:/nburn/gcc-m68k/bin/../lib/gcc/m68k-elf/4.2.1/../../../../m68k-elf/lib/m5208\libc.a(lib_a-siprintf.o)
                0x0201faba                _siprintf_r
                0x0201fa5c                siprintf
 *fill*         0x0201fb16        0x2 00
 .text          0x0201fb18       0x92 c:/nburn/gcc-m68k/bin/../lib/gcc/m68k-elf/4.2.1/../../../../m68k-elf/lib/m5208\libc.a(lib_a-strcasecmp.o)
                0x0201fb18                strcasecmp
 *fill*         0x0201fbaa        0x2 00
 .text          0x0201fbac       0x1a c:/nburn/gcc-m68k/bin/../lib/gcc/m68k-elf/4.2.1/../../../../m68k-elf/lib/m5208\libc.a(lib_a-strlen.o)
                0x0201fbac                strlen
 *fill*         0x0201fbc6        0x2 00
 .text          0x0201fbc8       0x46 c:/nburn/gcc-m68k/bin/../lib/gcc/m68k-elf/4.2.1/../../../../m68k-elf/lib/m5208\libc.a(lib_a-strstr.o)
                0x0201fbc8                strstr
 *fill*         0x0201fc0e        0x2 00
 .text          0x0201fc10      0x18a c:/nburn/gcc-m68k/bin/../lib/gcc/m68k-elf/4.2.1/../../../../m68k-elf/lib/m5208\libc.a(lib_a-strtol.o)
                0x0201fd7c                strtol
                0x0201fc10                _strtol_r
 *fill*         0x0201fd9a        0x2 00
 .text          0x0201fd9c       0x26 c:/nburn/gcc-m68k/bin/../lib/gcc/m68k-elf/4.2.1/../../../../m68k-elf/lib/m5208\libc.a(lib_a-toupper.o)
                0x0201fd9c                toupper
 *fill*         0x0201fdc2        0x2 00
 .text          0x0201fdc4     0x1280 c:/nburn/gcc-m68k/bin/../lib/gcc/m68k-elf/4.2.1/../../../../m68k-elf/lib/m5208\libc.a(lib_a-vfiprintf.o)
                0x02021026                vfiprintf
                0x0201fe08                _vfiprintf_r
 .text          0x02021044      0x124 c:/nburn/gcc-m68k/bin/../lib/gcc/m68k-elf/4.2.1/../../../../m68k-elf/lib/m5208\libc.a(lib_a-wbuf.o)
                0x02021044                __swbuf_r
                0x0202114e                __swbuf
 .text          0x02021168       0x7c c:/nburn/gcc-m68k/bin/../lib/gcc/m68k-elf/4.2.1/../../../../m68k-elf/lib/m5208\libc.a(lib_a-wcrtomb.o)
                0x02021168                _wcrtomb_r
                0x020211c8                wcrtomb
 .text          0x020211e4      0x130 c:/nburn/gcc-m68k/bin/../lib/gcc/m68k-elf/4.2.1/../../../../m68k-elf/lib/m5208\libc.a(lib_a-wcsrtombs.o)
                0x020211e4                _wcsrtombs_r
                0x020212f2                wcsrtombs
 .text          0x02021314      0x452 c:/nburn/gcc-m68k/bin/../lib/gcc/m68k-elf/4.2.1/../../../../m68k-elf/lib/m5208\libc.a(lib_a-wctomb_r.o)
                0x02021314                _wctomb_r
 *fill*         0x02021766        0x2 00
 .text          0x02021768      0x130 c:/nburn/gcc-m68k/bin/../lib/gcc/m68k-elf/4.2.1/../../../../m68k-elf/lib/m5208\libc.a(lib_a-wsetup.o)
                0x02021768                __swsetup
 .text          0x02021898       0xe8 c:/nburn/gcc-m68k/bin/../lib/gcc/m68k-elf/4.2.1/../../../../m68k-elf/lib/m5208\libc.a(lib_a-__atexit.o)
                0x02021898                __register_exitproc
 .text          0x02021980        0x0 c:/nburn/gcc-m68k/bin/../lib/gcc/m68k-elf/4.2.1/../../../../m68k-elf/lib/m5208\libc.a(lib_a-ctype_.o)
 .text          0x02021980      0x198 c:/nburn/gcc-m68k/bin/../lib/gcc/m68k-elf/4.2.1/../../../../m68k-elf/lib/m5208\libc.a(lib_a-fflush.o)
                0x02021980                fflush
 .text          0x02021b18      0x25e c:/nburn/gcc-m68k/bin/../lib/gcc/m68k-elf/4.2.1/../../../../m68k-elf/lib/m5208\libc.a(lib_a-findfp.o)
                0x02021b72                __sinit
                0x02021c2a                __sfmoreglue
                0x02021c18                _cleanup
                0x02021bfe                _cleanup_r
                0x02021c98                __sfp
 *fill*         0x02021d76        0x2 00
 .text          0x02021d78      0x422 c:/nburn/gcc-m68k/bin/../lib/gcc/m68k-elf/4.2.1/../../../../m68k-elf/lib/m5208\libc.a(lib_a-freer.o)
                0x02021e68                _free_r
                0x02021d78                _malloc_trim_r
 *fill*         0x0202219a        0x2 00
 .text          0x0202219c      0x37e c:/nburn/gcc-m68k/bin/../lib/gcc/m68k-elf/4.2.1/../../../../m68k-elf/lib/m5208\libc.a(lib_a-fvwrite.o)
                0x0202219c                __sfvwrite_r
 *fill*         0x0202251a        0x2 00
 .text          0x0202251c       0xe4 c:/nburn/gcc-m68k/bin/../lib/gcc/m68k-elf/4.2.1/../../../../m68k-elf/lib/m5208\libc.a(lib_a-fwalk.o)
                0x0202251c                _fwalk
                0x0202258c                _fwalk_reent
 .text          0x02022600       0xa6 c:/nburn/gcc-m68k/bin/../lib/gcc/m68k-elf/4.2.1/../../../../m68k-elf/lib/m5208\libc.a(lib_a-locale.o)
                0x0202262e                _setlocale_r
                0x02022600                __locale_charset
                0x0202260e                _localeconv_r
                0x0202268e                setlocale
                0x0202261c                localeconv
 *fill*         0x020226a6        0x2 00
 .text          0x020226a8      0x178 c:/nburn/gcc-m68k/bin/../lib/gcc/m68k-elf/4.2.1/../../../../m68k-elf/lib/m5208\libc.a(lib_a-makebuf.o)
                0x020226a8                __smakebuf
 .text          0x02022820       0xd2 c:/nburn/gcc-m68k/bin/../lib/gcc/m68k-elf/4.2.1/../../../../m68k-elf/lib/m5208\libc.a(lib_a-memchr.o)
                0x02022820                memchr
 *fill*         0x020228f2        0x2 00
 .text          0x020228f4       0xb6 c:/nburn/gcc-m68k/bin/../lib/gcc/m68k-elf/4.2.1/../../../../m68k-elf/lib/m5208\libc.a(lib_a-memmove.o)
                0x020228f4                memmove
 *fill*         0x020229aa        0x2 00
 .text          0x020229ac      0x502 c:/nburn/gcc-m68k/bin/../lib/gcc/m68k-elf/4.2.1/../../../../m68k-elf/lib/m5208\libc.a(lib_a-reallocr.o)
                0x020229ac                _realloc_r
 *fill*         0x02022eae        0x2 00
 .text          0x02022eb0      0x21c c:/nburn/gcc-m68k/bin/../lib/gcc/m68k-elf/4.2.1/../../../../m68k-elf/lib/m5208\libc.a(lib_a-refill.o)
                0x02022ed4                __srefill_r
 .text          0x020230cc      0x162 c:/nburn/gcc-m68k/bin/../lib/gcc/m68k-elf/4.2.1/../../../../m68k-elf/lib/m5208\libc.a(lib_a-stdio.o)
                0x020230ea                __sseek
                0x020231dc                __sread
                0x020230cc                __sclose
                0x0202314c                __swrite
 *fill*         0x0202322e        0x2 00
 .text          0x02023230       0x70 c:/nburn/gcc-m68k/bin/../lib/gcc/m68k-elf/4.2.1/../../../../m68k-elf/lib/m5208\libc.a(lib_a-strcmp.o)
                0x02023230                strcmp
 .text          0x020232a0       0x3e c:/nburn/gcc-m68k/bin/../lib/gcc/m68k-elf/4.2.1/../../../../m68k-elf/lib/m5208\libc.a(lib_a-writer.o)
                0x020232a0                _write_r
 *fill*         0x020232de        0x2 00
 .text          0x020232e0       0x32 c:/nburn/gcc-m68k/bin/../lib/gcc/m68k-elf/4.2.1/../../../../m68k-elf/lib/m5208\libc.a(lib_a-closer.o)
                0x020232e0                _close_r
 *fill*         0x02023312        0x2 00
 .text          0x02023314       0xfe c:/nburn/gcc-m68k/bin/../lib/gcc/m68k-elf/4.2.1/../../../../m68k-elf/lib/m5208\libc.a(lib_a-fclose.o)
                0x02023314                _fclose_r
                0x020233fc                fclose
 *fill*         0x02023412        0x2 00
 .text          0x02023414       0x36 c:/nburn/gcc-m68k/bin/../lib/gcc/m68k-elf/4.2.1/../../../../m68k-elf/lib/m5208\libc.a(lib_a-fstatr.o)
                0x02023414                _fstat_r
 *fill*         0x0202344a        0x2 00
 .text          0x0202344c       0x3e c:/nburn/gcc-m68k/bin/../lib/gcc/m68k-elf/4.2.1/../../../../m68k-elf/lib/m5208\libc.a(lib_a-lseekr.o)
                0x0202344c                _lseek_r
 *fill*         0x0202348a        0x2 00
 .text          0x0202348c       0x3e c:/nburn/gcc-m68k/bin/../lib/gcc/m68k-elf/4.2.1/../../../../m68k-elf/lib/m5208\libc.a(lib_a-readr.o)
                0x0202348c                _read_r
 *fill*         0x020234ca        0x2 00
 .text          0x020234cc      0x3d4 c:/nburn/gcc-m68k/bin/../lib/gcc/m68k-elf/4.2.1/m5208\libgcc.a(_udivdi3.o)
                0x020234cc                __udivdi3
 .text          0x020238a0      0x3ee c:/nburn/gcc-m68k/bin/../lib/gcc/m68k-elf/4.2.1/m5208\libgcc.a(_umoddi3.o)
                0x020238a0                __umoddi3
 *fill*         0x02023c8e        0x2 00
 .text          0x02023c90       0x32 c:/nburn/gcc-m68k/bin/../lib/gcc/m68k-elf/4.2.1/m5208/crtend.o
                0x02023cd0                . = ALIGN (0x10)
 *fill*         0x02023cc2        0xe 00
 *(.text.*)
                0x02023cd0                . = ALIGN (0x10)
 *(.eh_frame)
 .eh_frame      0x02023cd0        0x0 c:/nburn/gcc-m68k/bin/../lib/gcc/m68k-elf/4.2.1/m5208/crtbegin.o
 .eh_frame      0x02023cd0       0x40 c:/nburn/gcc-m68k/bin/../lib/gcc/m68k-elf/4.2.1/m5208\libgcc.a(_udivdi3.o)
 .eh_frame      0x02023d10       0x2c c:/nburn/gcc-m68k/bin/../lib/gcc/m68k-elf/4.2.1/m5208\libgcc.a(_umoddi3.o)
                                 0x40 (size before relaxing)
 .eh_frame      0x02023d3c        0x4 c:/nburn/gcc-m68k/bin/../lib/gcc/m68k-elf/4.2.1/m5208/crtend.o
                0x02023d40                . = ALIGN (0x10)
 *fill*         0x02023d40        0x0 00
 *(.gnu.linkonce.t.*)
                0x02023d40                . = ALIGN (0x4)
                0x02023d40                __CTOR_LIST__ = .
 *(.ctors)
 .ctors         0x02023d40        0x4 c:/nburn/gcc-m68k/bin/../lib/gcc/m68k-elf/4.2.1/m5208/crtbegin.o
 .ctors         0x02023d44        0x4 lab1.o
 .ctors         0x02023d48        0x4 C:\nburn\lib\MOD5234.a(ETPU.o)
 .ctors         0x02023d4c        0x4 C:\nburn\lib\NetBurner.a(ip.o)
 .ctors         0x02023d50        0x4 C:\nburn\lib\NetBurner.a(buffers.o)
 .ctors         0x02023d54        0x4 C:\nburn\lib\NetBurner.a(tcp.o)
 .ctors         0x02023d58        0x4 C:\nburn\lib\MOD5234.a(serial.o)
 .ctors         0x02023d5c        0x4 c:/nburn/gcc-m68k/bin/../lib/gcc/m68k-elf/4.2.1/m5208/crtend.o
                0x02023d60                __CTOR_END__ = .
                0x02023d60        0x4 LONG 0x0
                0x02023d64                __CTOR_END__ = .
                0x02023d64                __DTOR_LIST__ = .
                0x02023d64                ___DTOR_LIST__ = .
                0x02023d64        0x4 LONG 0x2 (((__DTOR_END__ - __DTOR_LIST__) / 0x4) - 0x2)
 *(.dtors)
 .dtors         0x02023d68        0x4 c:/nburn/gcc-m68k/bin/../lib/gcc/m68k-elf/4.2.1/m5208/crtbegin.o
 .dtors         0x02023d6c        0x4 c:/nburn/gcc-m68k/bin/../lib/gcc/m68k-elf/4.2.1/m5208/crtend.o
                0x02023d70        0x4 LONG 0x0
                0x02023d74                __DTOR_END__ = .
 *(.rodata)
 .rodata        0x02023d74       0x4e htmldata.o
                0x02023d74                n_file_record
                0x02023d78                file_record
 .rodata        0x02023dc2     0x1810 C:\nburn\lib\MOD5234.a(ETPUinit.o)
 .rodata        0x020255d2      0x108 C:\nburn\lib\NetBurner.a(ucos.o)
                0x020255da                FAKE_OSUnMapTbl
                0x020255d2                FAKE_OSMapTbl
 *fill*         0x020256da        0x6 00
 .rodata        0x020256e0        0x4 C:\nburn\lib\NetBurner.a(buffers.o)
 .rodata        0x020256e4        0x2 C:\nburn\lib\NetBurner.a(udp.o)
 .rodata        0x020256e6        0xd C:\nburn\lib\NetBurner.a(tcp.o)
 *fill*         0x020256f3        0x1 00
 .rodata        0x020256f4       0xb8 C:\nburn\lib\NetBurner.a(utils.o)
 .rodata        0x020257ac      0x400 C:\nburn\lib\MOD5234.a(emulticast.o)
 .rodata        0x02025bac        0x4 c:/nburn/gcc-m68k/bin/../lib/gcc/m68k-elf/4.2.1/../../../../m68k-elf/lib/m5208\libc.a(lib_a-impure.o)
                0x02025bac                _global_impure_ptr
 .rodata        0x02025bb0       0x20 c:/nburn/gcc-m68k/bin/../lib/gcc/m68k-elf/4.2.1/../../../../m68k-elf/lib/m5208\libc.a(lib_a-vfiprintf.o)
 .rodata        0x02025bd0      0x101 c:/nburn/gcc-m68k/bin/../lib/gcc/m68k-elf/4.2.1/../../../../m68k-elf/lib/m5208\libc.a(lib_a-ctype_.o)
                0x02025bd0                _ctype_
 *fill*         0x02025cd1        0x1 00
 .rodata        0x02025cd2       0x34 c:/nburn/gcc-m68k/bin/../lib/gcc/m68k-elf/4.2.1/../../../../m68k-elf/lib/m5208\libc.a(lib_a-locale.o)
 *(.rodata.*)
 .rodata.str1.1
                0x02025d06       0xa0 lcd.o
 .rodata.str1.1
                0x02025da6       0xff lab1.o
 .rodata.str1.1
                0x02025ea5       0xf1 error_wrapper.o
 .rodata.str1.1
                0x02025f96      0x12b htmldata.o
                                0x14e (size before relaxing)
 .rodata.str1.1
                0x020260c1        0x8 C:\nburn\lib\MOD5234.a(bsp.o)
 .rodata.str1.1
                0x020260c9        0x5 C:\nburn\lib\NetBurner.a(ucos.o)
 .rodata.str1.1
                0x020260ce        0x3 C:\nburn\lib\NetBurner.a(fileio.o)
                                  0x6 (size before relaxing)
 .rodata.str1.1
                0x020260d1        0x5 C:\nburn\lib\NetBurner.a(main.o)
 .rodata.str1.1
                0x020260d6      0x215 C:\nburn\lib\NetBurner.a(ip.o)
                                0x217 (size before relaxing)
 .rodata.str1.1
                0x020262eb       0x6e C:\nburn\lib\NetBurner.a(buffers.o)
                                 0x70 (size before relaxing)
 .rodata.str1.1
                0x02026359       0x50 C:\nburn\lib\NetBurner.a(arp.o)
 .rodata.str1.1
                0x020263a9       0x11 C:\nburn\lib\NetBurner.a(udp.o)
 .rodata.str1.1
                0x020263ba      0x38f C:\nburn\lib\NetBurner.a(tcp.o)
                                0x392 (size before relaxing)
 .rodata.str1.1
                0x02026749        0x5 C:\nburn\lib\NetBurner.a(http.o)
 .rodata.str1.1
                0x0202674e      0x27d C:\nburn\lib\NetBurner.a(httpinternal.o)
                                0x2a8 (size before relaxing)
 .rodata.str1.1
                0x020269cb      0x117 C:\nburn\lib\NetBurner.a(htmldecomp.o)
 .rodata.str1.1
                0x02026ae2       0xa4 C:\nburn\lib\NetBurner.a(taskmon.o)
                                 0xa7 (size before relaxing)
 .rodata.str1.1
                0x02026b86      0x4e1 C:\nburn\lib\NetBurner.a(smarttrap.o)
                                0x528 (size before relaxing)
 .rodata.str1.1
                0x02027067       0xc9 C:\nburn\lib\NetBurner.a(system.o)
                                 0xcd (size before relaxing)
 .rodata.str1.1
                0x02027130      0x163 C:\nburn\lib\NetBurner.a(utils.o)
                                0x17b (size before relaxing)
 .rodata.str1.1
                0x02027293      0x15a C:\nburn\lib\MOD5234.a(serial.o)
 .rodata.str1.1
                0x020273ed        0xe C:\nburn\lib\MOD5234.a(ethernet.o)
 .rodata.str1.1
                0x020273fb      0x452 C:\nburn\lib\MOD5234.a(etherprint.o)
                                0x46c (size before relaxing)
 .rodata.str1.1
                0x0202784d        0x2 c:/nburn/gcc-m68k/bin/../lib/gcc/m68k-elf/4.2.1/../../../../m68k-elf/lib/m5208\libc.a(lib_a-impure.o)
 .rodata.str1.1
                0x00000000        0x2 c:/nburn/gcc-m68k/bin/../lib/gcc/m68k-elf/4.2.1/../../../../m68k-elf/lib/m5208\libc.a(lib_a-puts.o)
 .rodata.str1.1
                0x0202784f       0x43 c:/nburn/gcc-m68k/bin/../lib/gcc/m68k-elf/4.2.1/../../../../m68k-elf/lib/m5208\libc.a(lib_a-vfiprintf.o)
 .rodata.str1.1
                0x02027892       0x1d c:/nburn/gcc-m68k/bin/../lib/gcc/m68k-elf/4.2.1/../../../../m68k-elf/lib/m5208\libc.a(lib_a-wctomb_r.o)
 .rodata.str1.1
                0x020278af        0xb c:/nburn/gcc-m68k/bin/../lib/gcc/m68k-elf/4.2.1/../../../../m68k-elf/lib/m5208\libc.a(lib_a-locale.o)
                                 0x10 (size before relaxing)
 *(.gnu.linkonce.*)
 *(.gcc_except_table)
                0x020278bc                . = ALIGN (0x4)
 *fill*         0x020278ba        0x2 00
                0x020278bc                __INIT_SECTION__ = .
                0x020278bc        0x4 LONG 0x4e560000
 *(.init)
 .init          0x020278c0        0x6 c:/nburn/gcc-m68k/bin/../lib/gcc/m68k-elf/4.2.1/m5208/crtbegin.o
 .init          0x020278c6        0x6 c:/nburn/gcc-m68k/bin/../lib/gcc/m68k-elf/4.2.1/m5208/crtend.o
                0x020278cc        0x2 SHORT 0x4e5e
                0x020278ce        0x2 SHORT 0x4e75
                0x020278d0                . = ALIGN (0x4)
                0x020278d0                __FINI_SECTION__ = .
                0x020278d0        0x4 LONG 0x4e560000
 *(.fini)
 .fini          0x020278d4        0x6 c:/nburn/gcc-m68k/bin/../lib/gcc/m68k-elf/4.2.1/m5208/crtbegin.o
                0x020278da        0x2 SHORT 0x4e5e
                0x020278dc        0x2 SHORT 0x4e75
 *(.lit)
                0x020278e0                . = ALIGN (0x10)
 *fill*         0x020278de        0x2 00
                0x020278e0                _etext = .
                0x020278e0                etext = .

.data           0x020278e0      0xa00
                0x020278e0                copy_start = .
 *(.shdata)
 *(.data)
 .data          0x020278e0        0x4 c:/nburn/gcc-m68k/bin/../lib/gcc/m68k-elf/4.2.1/../../../../m68k-elf/lib/m5208\nb-crt0.o
 .data          0x020278e4        0x8 c:/nburn/gcc-m68k/bin/../lib/gcc/m68k-elf/4.2.1/m5208/crtbegin.o
                0x020278e4                __dso_handle
 .data          0x020278ec        0x0 lcd.o
 .data          0x020278ec        0x8 lab1.o
                0x020278f0                Welcome
                0x020278ec                AppName
 .data          0x020278f4        0x0 error_wrapper.o
 .data          0x020278f4      0x104 htmldata.o
                0x020278f8                html_table
                0x020278f4                default_page
 .data          0x020279f8        0x4 C:\nburn\lib\MOD5234.a(bsp.o)
                0x020279f8                PlatformName
 .data          0x020279fc        0x0 C:\nburn\lib\MOD5234.a(pins.o)
 .data          0x020279fc        0x0 C:\nburn\lib\MOD5234.a(ioboard.o)
 .data          0x020279fc       0x64 C:\nburn\lib\MOD5234.a(ETPUinit.o)
                0x02027a08                fs_etpu_data_ram_end
                0x020279fc                eTPU
                0x02027a0c                fs_etpu_data_ram_ext
                0x02027a04                fs_etpu_data_ram_start
                0x02027a30                FS_ETPU_SPI_FUNCTION_NUMBER
                0x02027a34                FS_ETPU_SM_FUNCTION_NUMBER
                0x02027a14                FS_ETPU_PWM_FUNCTION_NUMBER
                0x02027a18                ETPU_IC_FUNCTION_NUMBER
                0x02027a1c                FS_ETPU_QD_FUNCTION_NUMBER
                0x02027a28                FS_ETPU_FPM_FUNCTION_NUMBER
                0x02027a2c                FS_ETPU_UART_FUNCTION_NUMBER
                0x02027a10                FS_ETPU_QOM_FUNCTION_NUMBER
                0x02027a00                fs_etpu_code_start
                0x02027a3c                etpu_a_tcr2_freq
                0x02027a38                etpu_a_tcr1_freq
                0x02027a20                FS_ETPU_QD_INDEX_FUNCTION_NUMBER
                0x02027a24                FS_ETPU_QD_HOME_FUNCTION_NUMBER
                0x02027a40                MOD5234_etpu_config
 .data          0x02027a60       0x40 C:\nburn\lib\MOD5234.a(ETPU.o)
                0x02027a60                ETPU_CHAN
 .data          0x02027aa0        0x0 C:\nburn\lib\MOD5234.a(etpu_gpio.o)
 .data          0x02027aa0        0x0 C:\nburn\lib\MOD5234.a(etpu_uart.o)
 .data          0x02027aa0        0x0 C:\nburn\lib\MOD5234.a(etpu_util.o)
 .data          0x02027aa0        0x0 C:\nburn\lib\NetBurner.a(ucosmcfa.o)
 .data          0x02027aa0        0x0 C:\nburn\lib\NetBurner.a(ucosmcfc.o)
 .data          0x02027aa0        0x0 C:\nburn\lib\NetBurner.a(ucos.o)
 .data          0x02027aa0        0x0 C:\nburn\lib\NetBurner.a(ucosmain.o)
 .data          0x02027aa0        0x0 C:\nburn\lib\NetBurner.a(fileio.o)
 .data          0x02027aa0        0x0 C:\nburn\lib\NetBurner.a(main.o)
 .data          0x02027aa0        0x0 C:\nburn\lib\NetBurner.a(ip.o)
 .data          0x02027aa0        0x0 C:\nburn\lib\NetBurner.a(buffers.o)
 .data          0x02027aa0        0x0 C:\nburn\lib\NetBurner.a(arp.o)
 .data          0x02027aa0        0x0 C:\nburn\lib\NetBurner.a(udp.o)
 .data          0x02027aa0        0x0 C:\nburn\lib\NetBurner.a(tcp.o)
 .data          0x02027aa0        0x0 C:\nburn\lib\NetBurner.a(extraio.o)
 .data          0x02027aa0        0x0 C:\nburn\lib\NetBurner.a(http.o)
 .data          0x02027aa0        0x0 C:\nburn\lib\NetBurner.a(httpinternal.o)
 .data          0x02027aa0        0x0 C:\nburn\lib\NetBurner.a(htmldecomp.o)
 .data          0x02027aa0        0x0 C:\nburn\lib\NetBurner.a(iosys.o)
 .data          0x02027aa0        0x0 C:\nburn\lib\NetBurner.a(netinterface.o)
 .data          0x02027aa0        0x0 C:\nburn\lib\NetBurner.a(taskmon.o)
 .data          0x02027aa0        0x0 C:\nburn\lib\NetBurner.a(smarttrap.o)
 .data          0x02027aa0        0x0 C:\nburn\lib\NetBurner.a(autoupdate.o)
 .data          0x02027aa0        0x0 C:\nburn\lib\NetBurner.a(device.o)
 .data          0x02027aa0        0x0 C:\nburn\lib\NetBurner.a(system.o)
 .data          0x02027aa0        0x0 C:\nburn\lib\NetBurner.a(utils.o)
 .data          0x02027aa0        0x0 C:\nburn\lib\MOD5234.a(serial.o)
 .data          0x02027aa0        0x4 C:\nburn\lib\MOD5234.a(ethernet.o)
                0x02027aa0                AutoNeg
                0x02027aa2                wait
 .data          0x02027aa4        0x0 C:\nburn\lib\MOD5234.a(etherprint.o)
 .data          0x02027aa4        0x0 C:\nburn\lib\MOD5234.a(emulticast.o)
 .data          0x02027aa4        0x0 c:/nburn/gcc-m68k/bin/../lib/gcc/m68k-elf/4.2.1/m5208\libgcc.a(_double.o)
 .data          0x02027aa4       0x1c c:/nburn/gcc-m68k/bin/../lib/gcc/m68k-elf/4.2.1/m5208\libgcc.a(_floatex.o)
                0x02027aa4                _fpCCR
 .data          0x02027ac0        0x0 c:/nburn/gcc-m68k/bin/../lib/gcc/m68k-elf/4.2.1/m5208\libgcc.a(_ltdf2.o)
 .data          0x02027ac0        0x0 c:/nburn/gcc-m68k/bin/../lib/gcc/m68k-elf/4.2.1/m5208\libgcc.a(fpgnulib.o)
 .data          0x02027ac0        0x0 c:/nburn/gcc-m68k/bin/../lib/gcc/m68k-elf/4.2.1/../../../../m68k-elf/lib/m5208\libc.a(lib_a-atoi.o)
 .data          0x02027ac0        0x0 c:/nburn/gcc-m68k/bin/../lib/gcc/m68k-elf/4.2.1/../../../../m68k-elf/lib/m5208\libc.a(lib_a-bsearch.o)
 .data          0x02027ac0        0x0 c:/nburn/gcc-m68k/bin/../lib/gcc/m68k-elf/4.2.1/../../../../m68k-elf/lib/m5208\libc.a(lib_a-cxa_atexit.o)
 .data          0x02027ac0        0x0 c:/nburn/gcc-m68k/bin/../lib/gcc/m68k-elf/4.2.1/../../../../m68k-elf/lib/m5208\libc.a(lib_a-errno.o)
 .data          0x02027ac0        0x0 c:/nburn/gcc-m68k/bin/../lib/gcc/m68k-elf/4.2.1/../../../../m68k-elf/lib/m5208\libc.a(lib_a-fiprintf.o)
 .data          0x02027ac0      0x3f6 c:/nburn/gcc-m68k/bin/../lib/gcc/m68k-elf/4.2.1/../../../../m68k-elf/lib/m5208\libc.a(lib_a-impure.o)
                0x02027ac0                _impure_ptr
 *fill*         0x02027eb6        0x2 00
 .data          0x02027eb8        0x0 c:/nburn/gcc-m68k/bin/../lib/gcc/m68k-elf/4.2.1/../../../../m68k-elf/lib/m5208\libc.a(lib_a-iprintf.o)
 .data          0x02027eb8        0x0 c:/nburn/gcc-m68k/bin/../lib/gcc/m68k-elf/4.2.1/../../../../m68k-elf/lib/m5208\libc.a(lib_a-isspace.o)
 .data          0x02027eb8        0x0 c:/nburn/gcc-m68k/bin/../lib/gcc/m68k-elf/4.2.1/../../../../m68k-elf/lib/m5208\libc.a(lib_a-malloc.o)
 .data          0x02027eb8      0x410 c:/nburn/gcc-m68k/bin/../lib/gcc/m68k-elf/4.2.1/../../../../m68k-elf/lib/m5208\libc.a(lib_a-mallocr.o)
                0x020282c4                __malloc_sbrk_base
                0x02027eb8                __malloc_av_
                0x020282c0                __malloc_trim_threshold
 .data          0x020282c8        0x0 c:/nburn/gcc-m68k/bin/../lib/gcc/m68k-elf/4.2.1/../../../../m68k-elf/lib/m5208\libc.a(lib_a-puts.o)
 .data          0x020282c8        0x0 c:/nburn/gcc-m68k/bin/../lib/gcc/m68k-elf/4.2.1/../../../../m68k-elf/lib/m5208\libc.a(lib_a-rget.o)
 .data          0x020282c8        0x0 c:/nburn/gcc-m68k/bin/../lib/gcc/m68k-elf/4.2.1/../../../../m68k-elf/lib/m5208\libc.a(lib_a-setvbuf.o)
 .data          0x020282c8        0x0 c:/nburn/gcc-m68k/bin/../lib/gcc/m68k-elf/4.2.1/../../../../m68k-elf/lib/m5208\libc.a(lib_a-siprintf.o)
 .data          0x020282c8        0x0 c:/nburn/gcc-m68k/bin/../lib/gcc/m68k-elf/4.2.1/../../../../m68k-elf/lib/m5208\libc.a(lib_a-strcasecmp.o)
 .data          0x020282c8        0x0 c:/nburn/gcc-m68k/bin/../lib/gcc/m68k-elf/4.2.1/../../../../m68k-elf/lib/m5208\libc.a(lib_a-strlen.o)
 .data          0x020282c8        0x0 c:/nburn/gcc-m68k/bin/../lib/gcc/m68k-elf/4.2.1/../../../../m68k-elf/lib/m5208\libc.a(lib_a-strstr.o)
 .data          0x020282c8        0x0 c:/nburn/gcc-m68k/bin/../lib/gcc/m68k-elf/4.2.1/../../../../m68k-elf/lib/m5208\libc.a(lib_a-strtol.o)
 .data          0x020282c8        0x0 c:/nburn/gcc-m68k/bin/../lib/gcc/m68k-elf/4.2.1/../../../../m68k-elf/lib/m5208\libc.a(lib_a-toupper.o)
 .data          0x020282c8        0x0 c:/nburn/gcc-m68k/bin/../lib/gcc/m68k-elf/4.2.1/../../../../m68k-elf/lib/m5208\libc.a(lib_a-vfiprintf.o)
 .data          0x020282c8        0x0 c:/nburn/gcc-m68k/bin/../lib/gcc/m68k-elf/4.2.1/../../../../m68k-elf/lib/m5208\libc.a(lib_a-wbuf.o)
 .data          0x020282c8        0x0 c:/nburn/gcc-m68k/bin/../lib/gcc/m68k-elf/4.2.1/../../../../m68k-elf/lib/m5208\libc.a(lib_a-wcrtomb.o)
 .data          0x020282c8        0x0 c:/nburn/gcc-m68k/bin/../lib/gcc/m68k-elf/4.2.1/../../../../m68k-elf/lib/m5208\libc.a(lib_a-wcsrtombs.o)
 .data          0x020282c8        0x0 c:/nburn/gcc-m68k/bin/../lib/gcc/m68k-elf/4.2.1/../../../../m68k-elf/lib/m5208\libc.a(lib_a-wctomb_r.o)
 .data          0x020282c8        0x0 c:/nburn/gcc-m68k/bin/../lib/gcc/m68k-elf/4.2.1/../../../../m68k-elf/lib/m5208\libc.a(lib_a-wsetup.o)
 .data          0x020282c8        0x0 c:/nburn/gcc-m68k/bin/../lib/gcc/m68k-elf/4.2.1/../../../../m68k-elf/lib/m5208\libc.a(lib_a-__atexit.o)
 .data          0x020282c8        0x4 c:/nburn/gcc-m68k/bin/../lib/gcc/m68k-elf/4.2.1/../../../../m68k-elf/lib/m5208\libc.a(lib_a-ctype_.o)
                0x020282c8                __ctype_ptr
 .data          0x020282cc        0x0 c:/nburn/gcc-m68k/bin/../lib/gcc/m68k-elf/4.2.1/../../../../m68k-elf/lib/m5208\libc.a(lib_a-fflush.o)
 .data          0x020282cc        0x0 c:/nburn/gcc-m68k/bin/../lib/gcc/m68k-elf/4.2.1/../../../../m68k-elf/lib/m5208\libc.a(lib_a-findfp.o)
 .data          0x020282cc        0x0 c:/nburn/gcc-m68k/bin/../lib/gcc/m68k-elf/4.2.1/../../../../m68k-elf/lib/m5208\libc.a(lib_a-freer.o)
 .data          0x020282cc        0x0 c:/nburn/gcc-m68k/bin/../lib/gcc/m68k-elf/4.2.1/../../../../m68k-elf/lib/m5208\libc.a(lib_a-fvwrite.o)
 .data          0x020282cc        0x0 c:/nburn/gcc-m68k/bin/../lib/gcc/m68k-elf/4.2.1/../../../../m68k-elf/lib/m5208\libc.a(lib_a-fwalk.o)
 .data          0x020282cc       0x10 c:/nburn/gcc-m68k/bin/../lib/gcc/m68k-elf/4.2.1/../../../../m68k-elf/lib/m5208\libc.a(lib_a-locale.o)
                0x020282cc                __mb_cur_max
                0x020282d0                __lc_ctype
 .data          0x020282dc        0x0 c:/nburn/gcc-m68k/bin/../lib/gcc/m68k-elf/4.2.1/../../../../m68k-elf/lib/m5208\libc.a(lib_a-makebuf.o)
 .data          0x020282dc        0x0 c:/nburn/gcc-m68k/bin/../lib/gcc/m68k-elf/4.2.1/../../../../m68k-elf/lib/m5208\libc.a(lib_a-memchr.o)
 .data          0x020282dc        0x0 c:/nburn/gcc-m68k/bin/../lib/gcc/m68k-elf/4.2.1/../../../../m68k-elf/lib/m5208\libc.a(lib_a-memmove.o)
 .data          0x020282dc        0x0 c:/nburn/gcc-m68k/bin/../lib/gcc/m68k-elf/4.2.1/../../../../m68k-elf/lib/m5208\libc.a(lib_a-reallocr.o)
 .data          0x020282dc        0x0 c:/nburn/gcc-m68k/bin/../lib/gcc/m68k-elf/4.2.1/../../../../m68k-elf/lib/m5208\libc.a(lib_a-refill.o)
 .data          0x020282dc        0x0 c:/nburn/gcc-m68k/bin/../lib/gcc/m68k-elf/4.2.1/../../../../m68k-elf/lib/m5208\libc.a(lib_a-stdio.o)
 .data          0x020282dc        0x0 c:/nburn/gcc-m68k/bin/../lib/gcc/m68k-elf/4.2.1/../../../../m68k-elf/lib/m5208\libc.a(lib_a-strcmp.o)
 .data          0x020282dc        0x0 c:/nburn/gcc-m68k/bin/../lib/gcc/m68k-elf/4.2.1/../../../../m68k-elf/lib/m5208\libc.a(lib_a-writer.o)
 .data          0x020282dc        0x0 c:/nburn/gcc-m68k/bin/../lib/gcc/m68k-elf/4.2.1/../../../../m68k-elf/lib/m5208\libc.a(lib_a-closer.o)
 .data          0x020282dc        0x0 c:/nburn/gcc-m68k/bin/../lib/gcc/m68k-elf/4.2.1/../../../../m68k-elf/lib/m5208\libc.a(lib_a-fclose.o)
 .data          0x020282dc        0x0 c:/nburn/gcc-m68k/bin/../lib/gcc/m68k-elf/4.2.1/../../../../m68k-elf/lib/m5208\libc.a(lib_a-fstatr.o)
 .data          0x020282dc        0x0 c:/nburn/gcc-m68k/bin/../lib/gcc/m68k-elf/4.2.1/../../../../m68k-elf/lib/m5208\libc.a(lib_a-lseekr.o)
 .data          0x020282dc        0x0 c:/nburn/gcc-m68k/bin/../lib/gcc/m68k-elf/4.2.1/../../../../m68k-elf/lib/m5208\libc.a(lib_a-readr.o)
 .data          0x020282dc        0x0 c:/nburn/gcc-m68k/bin/../lib/gcc/m68k-elf/4.2.1/m5208\libgcc.a(_udivdi3.o)
 .data          0x020282dc        0x0 c:/nburn/gcc-m68k/bin/../lib/gcc/m68k-elf/4.2.1/m5208\libgcc.a(_umoddi3.o)
 .data          0x020282dc        0x0 c:/nburn/gcc-m68k/bin/../lib/gcc/m68k-elf/4.2.1/m5208/crtend.o
                0x020282e0                . = ALIGN (0x10)
 *fill*         0x020282dc        0x4 00
                0x020282e0                _edata = .
                0x020282e0                copy_end = .

.jcr            0x020282e0        0x4
 .jcr           0x020282e0        0x0 c:/nburn/gcc-m68k/bin/../lib/gcc/m68k-elf/4.2.1/m5208/crtbegin.o
 .jcr           0x020282e0        0x4 c:/nburn/gcc-m68k/bin/../lib/gcc/m68k-elf/4.2.1/m5208/crtend.o

.bss            0x020282f0    0x7fc34
                0x020282f0                . = ALIGN (0x4)
                0x020282f0                __bss_start = .
 *(.shbss)
 *(.bss)
 .bss           0x020282f0        0x0 c:/nburn/gcc-m68k/bin/../lib/gcc/m68k-elf/4.2.1/../../../../m68k-elf/lib/m5208\nb-crt0.o
 .bss           0x020282f0       0x1a c:/nburn/gcc-m68k/bin/../lib/gcc/m68k-elf/4.2.1/m5208/crtbegin.o
 *fill*         0x0202830a        0x2 00
 .bss           0x0202830c        0x0 lcd.o
 .bss           0x0202830c     0x804a lab1.o
                0x0202c30c                Task3Stk
                0x0202e30c                Task4Stk
                0x0203030c                myLCD
                0x0202a30c                Task2Stk
                0x0202830c                Task1Stk
 *fill*         0x02030356        0x2 00
 .bss           0x02030358        0x0 error_wrapper.o
 .bss           0x02030358        0x0 htmldata.o
 .bss           0x02030358        0x0 C:\nburn\lib\MOD5234.a(bsp.o)
 .bss           0x02030358        0x2 C:\nburn\lib\MOD5234.a(pins.o)
                0x02030359                J2
                0x02030358                J1
 *fill*         0x0203035a        0x2 00
 .bss           0x0203035c        0x9 C:\nburn\lib\MOD5234.a(ioboard.o)
 *fill*         0x02030365        0x3 00
 .bss           0x02030368        0xc C:\nburn\lib\MOD5234.a(ETPUinit.o)
                0x02030370                etpu_b_tcr2_freq
                0x0203036c                etpu_b_tcr1_freq
                0x02030368                fs_free_param
 .bss           0x02030374      0x346 C:\nburn\lib\MOD5234.a(ETPU.o)
                0x02030384                pba
                0x02030388                ETPUinitialized
                0x0203037c                err_code
                0x02030378                ETPU_Interrupt_Routine_UART
                0x02030380                UARTData
                0x02030374                ETPU_Interrupt_Routine
                0x0203038a                eTPURec
 *fill*         0x020306ba        0x2 00
 .bss           0x020306bc        0x0 C:\nburn\lib\MOD5234.a(etpu_gpio.o)
 .bss           0x020306bc        0x0 C:\nburn\lib\MOD5234.a(etpu_uart.o)
 .bss           0x020306bc        0x0 C:\nburn\lib\MOD5234.a(etpu_util.o)
 .bss           0x020306bc        0x0 C:\nburn\lib\NetBurner.a(ucosmcfa.o)
 .bss           0x020306bc        0x0 C:\nburn\lib\NetBurner.a(ucosmcfc.o)
 .bss           0x020306bc        0x1 C:\nburn\lib\NetBurner.a(ucos.o)
 *fill*         0x020306bd        0x3 00
 .bss           0x020306c0        0x0 C:\nburn\lib\NetBurner.a(ucosmain.o)
 .bss           0x020306c0        0x0 C:\nburn\lib\NetBurner.a(fileio.o)
 .bss           0x020306c0        0x0 C:\nburn\lib\NetBurner.a(main.o)
 .bss           0x020306c0        0xa C:\nburn\lib\NetBurner.a(ip.o)
                0x020306c0                ip_errs
 *fill*         0x020306ca        0x6 00
 .bss           0x020306d0    0x6b010 C:\nburn\lib\NetBurner.a(buffers.o)
                0x020306d0                LastHead
 .bss           0x0209b6e0     0x1e20 C:\nburn\lib\NetBurner.a(arp.o)
                0x0209b6f0                wArpLifetime