Archive member included because of file (symbol)

C:\nburn\lib\MOD5234.a(bsp.o)
                              c:/nburn/gcc-m68k/bin/../lib/gcc/m68k-elf/4.2.1/../../../../m68k-elf/lib/m5208\nb-crt0.o (atexit)
C:\nburn\lib\MOD5234.a(etpu_sm.o)
                              stepper.o (fs_etpu_sm_get_cp)
C:\nburn\lib\MOD5234.a(etpu_util.o)
                              C:\nburn\lib\MOD5234.a(etpu_sm.o) (fs_etpu_set_hsr)
C:\nburn\lib\MOD5234.a(pins.o)
                              lcd.o (PinIO::function(int))
C:\nburn\lib\MOD5234.a(ioboard.o)
                              lab5.o (getdipsw)
C:\nburn\lib\MOD5234.a(ETPUinit.o)
                              C:\nburn\lib\MOD5234.a(etpu_sm.o) (eTPU)
C:\nburn\lib\MOD5234.a(ETPU.o)
                              C:\nburn\lib\MOD5234.a(ETPUinit.o) (eTPURecordInit())
C:\nburn\lib\MOD5234.a(etpu_gpio.o)
                              C:\nburn\lib\MOD5234.a(ETPU.o) (fs_etpu_gpio_output)
C:\nburn\lib\MOD5234.a(etpu_uart.o)
                              C:\nburn\lib\MOD5234.a(ETPU.o) (fs_etpu_uart_read_receive_data)
C:\nburn\lib\NetBurner.a(ucosmcfa.o)
                              C:\nburn\lib\MOD5234.a(bsp.o) (OSCtxSw)
C:\nburn\lib\NetBurner.a(ucos.o)
                              C:\nburn\lib\MOD5234.a(ETPU.o) (OSIntNesting)
C:\nburn\lib\NetBurner.a(ucosmain.o)
                              C:\nburn\lib\NetBurner.a(ucos.o) (OSTCBTbl)
C:\nburn\lib\NetBurner.a(fileio.o)
                              C:\nburn\lib\NetBurner.a(ucosmain.o) (ioctl)
C:\nburn\lib\NetBurner.a(main.o)
                              c:/nburn/gcc-m68k/bin/../lib/gcc/m68k-elf/4.2.1/../../../../m68k-elf/lib/m5208\nb-crt0.o (main)
C:\nburn\lib\NetBurner.a(ip.o)
                              lab5.o (InitializeStack(unsigned long, unsigned long, unsigned long, unsigned long))
C:\nburn\lib\NetBurner.a(buffers.o)
                              C:\nburn\lib\NetBurner.a(ip.o) (FreeBuffer)
C:\nburn\lib\NetBurner.a(arp.o)
                              C:\nburn\lib\NetBurner.a(ip.o) (wArpLifetime)
C:\nburn\lib\NetBurner.a(udp.o)
                              C:\nburn\lib\NetBurner.a(ip.o) (process_udp(pool_buffer*, IPPKT*, unsigned short))
C:\nburn\lib\NetBurner.a(tcp.o)
                              C:\nburn\lib\NetBurner.a(ip.o) (DumpTcpPacket(IPPKT*))
C:\nburn\lib\NetBurner.a(extraio.o)
                              C:\nburn\lib\MOD5234.a(ETPU.o) (GetExtraFD)
C:\nburn\lib\NetBurner.a(http.o)
                              lab5.o (StartHTTP)
C:\nburn\lib\NetBurner.a(httpinternal.o)
                              formcode.o (SetNewPostHandler)
C:\nburn\lib\NetBurner.a(htmldecomp.o)
                              C:\nburn\lib\NetBurner.a(httpinternal.o) (SendHeaderResponse(char*, int))
C:\nburn\lib\NetBurner.a(iosys.o)
                              C:\nburn\lib\NetBurner.a(tcp.o) (FD_ZERO)
C:\nburn\lib\NetBurner.a(netinterface.o)
                              C:\nburn\lib\NetBurner.a(arp.o) (GetFirstInterface())
C:\nburn\lib\NetBurner.a(taskmon.o)
                              lab5.o (EnableTaskMonitor())
C:\nburn\lib\NetBurner.a(autoupdate.o)
                              lab5.o (EnableAutoUpdate)
C:\nburn\lib\NetBurner.a(device.o)
                              C:\nburn\lib\NetBurner.a(main.o) (DeviceInitializeSem)
C:\nburn\lib\NetBurner.a(ucosmcfc.o)
                              C:\nburn\lib\NetBurner.a(ucos.o) (OSTaskCreatewName)
C:\nburn\lib\NetBurner.a(system.o)
                              C:\nburn\lib\NetBurner.a(udp.o) (isvalidcr)
C:\nburn\lib\NetBurner.a(utils.o)
                              C:\nburn\lib\NetBurner.a(system.o) (AsciiToIp)
C:\nburn\lib\MOD5234.a(serial.o)
                              C:\nburn\lib\NetBurner.a(fileio.o) (SerialClose)
C:\nburn\lib\MOD5234.a(ethernet.o)
                              C:\nburn\lib\NetBurner.a(netinterface.o) (AddEthernetInterface())
C:\nburn\lib\MOD5234.a(etherprint.o)
                              C:\nburn\lib\MOD5234.a(ethernet.o) (EtherLink())
C:\nburn\lib\MOD5234.a(emulticast.o)
                              C:\nburn\lib\MOD5234.a(ethernet.o) (EthEnableMulticast(MACADR))
c:/nburn/gcc-m68k/bin/../lib/gcc/m68k-elf/4.2.1/../../../../m68k-elf/lib/m5208\libstdc++.a(new_opv.o)
                              stepper.o (operator new[](unsigned long))
c:/nburn/gcc-m68k/bin/../lib/gcc/m68k-elf/4.2.1/../../../../m68k-elf/lib/m5208\libstdc++.a(del_op.o)
                              stepper.o (operator delete(void*))
c:/nburn/gcc-m68k/bin/../lib/gcc/m68k-elf/4.2.1/../../../../m68k-elf/lib/m5208\libstdc++.a(eh_personality.o)
                              c:/nburn/gcc-m68k/bin/../lib/gcc/m68k-elf/4.2.1/../../../../m68k-elf/lib/m5208\libstdc++.a(new_opv.o) (__cxa_call_unexpected)
c:/nburn/gcc-m68k/bin/../lib/gcc/m68k-elf/4.2.1/../../../../m68k-elf/lib/m5208\libstdc++.a(eh_alloc.o)
                              c:/nburn/gcc-m68k/bin/../lib/gcc/m68k-elf/4.2.1/../../../../m68k-elf/lib/m5208\libstdc++.a(eh_personality.o) (__cxa_allocate_exception)
[...]
Memory Configuration

Name             Origin             Length             Attributes
ram              0x02000000         0x00800000         xrw
SRAM             0x20000400         0x0000fc00         xrw
*default*        0x00000000         0xffffffff

Linker script and memory map

LOAD c:/nburn/gcc-m68k/bin/../lib/gcc/m68k-elf/4.2.1/../../../../m68k-elf/lib/m5208\nb-crt0.o
LOAD c:/nburn/gcc-m68k/bin/../lib/gcc/m68k-elf/4.2.1/m5208/crtbegin.o
LOAD stepper.o
LOAD lcd.o
LOAD lab5.o
LOAD keypad.o
LOAD formdata.o
LOAD formcode.o
LOAD error_wrapper.o
LOAD htmldata.o
LOAD C:\nburn\MOD5234\lib\sys.ld
                0x20000000                vector_base = 0x20000000
                0x20010000                SRAM_END_ADDR = 0x20010000
                0x40000000                sim = 0x40000000
                0xffc04000                gConfigRec = 0xffc04000
                0xffc06000                UserParamBase = 0xffc06000
                0xffc00008                _RESET_ADDR = 0xffc00008
                0xffc08000                FlashAppBase = 0xffc08000
START GROUP
LOAD C:\nburn\lib\MOD5234.a
LOAD C:\nburn\lib\NetBurner.a
LOAD C:\nburn\lib\FatFile.a
LOAD C:\nburn\lib\rtl8711Library.a
LOAD C:\nburn\lib\debugLibrary.a
END GROUP
LOAD c:/nburn/gcc-m68k/bin/../lib/gcc/m68k-elf/4.2.1/../../../../m68k-elf/lib/m5208\libstdc++.a
LOAD c:/nburn/gcc-m68k/bin/../lib/gcc/m68k-elf/4.2.1/../../../../m68k-elf/lib/m5208\libm.a
LOAD c:/nburn/gcc-m68k/bin/../lib/gcc/m68k-elf/4.2.1/m5208\libgcc.a
LOAD c:/nburn/gcc-m68k/bin/../lib/gcc/m68k-elf/4.2.1/../../../../m68k-elf/lib/m5208\libc.a
LOAD c:/nburn/gcc-m68k/bin/../lib/gcc/m68k-elf/4.2.1/m5208\libgcc.a
LOAD c:/nburn/gcc-m68k/bin/../lib/gcc/m68k-elf/4.2.1/m5208/crtend.o
START GROUP
LOAD c:/nburn/gcc-m68k/bin/../lib/gcc/m68k-elf/4.2.1/../../../../m68k-elf/lib/m5208\libc.a
LOAD c:/nburn/gcc-m68k/bin/../lib/gcc/m68k-elf/4.2.1/m5208\libgcc.a
LOAD c:/nburn/gcc-m68k/bin/../lib/gcc/m68k-elf/4.2.1/../../../../m68k-elf/lib/m5208\libm.a
END GROUP
                0x00000000                __DYNAMIC = 0x0
                0x02800000                PROVIDE (__stack, 0x2800000)
                0x00000000                PROVIDE (hardware_init_hook, 0x0)
                0x00000000                PROVIDE (_hardware_init_hook, 0x0)
                0x00000000                PROVIDE (software_init_hook, 0x0)
                0x00000000                PROVIDE (_software_init_hook, 0x0)

.SRAM_SECT      0x20000400     0x8620
                0x20000400                SRAM_START = .
 *(SYS_VAR_SECT)
 SYS_VAR_SECT   0x20000400      0x238 C:\nburn\lib\NetBurner.a(ucos.o)
                0x2000052c                TimeTick
                0x2000051c                OSLockNesting
                0x20000526                OSRunning
                0x20000508                OSTCBList
                0x20000530                OSMapTbl
                0x20000528                Secs
                0x20000514                OSTCBFreeList
                0x20000527                OSShowTasksOnLeds
                0x20000524                OSISRLevel
                0x20000510                OSTCBHighRdy
                0x20000520                OSRdyGrp
                0x20000538                OSUnMapTbl
                0x20000500                OSRdyTbl
                0x20000518                OSIntNesting
                0x2000050c                OSTCBCur
                0x20000400                OSTCBPrioTbl
 SYS_VAR_SECT   0x20000638      0x1a8 C:\nburn\lib\NetBurner.a(ucosmain.o)
                0x2000064c                critical_count
                0x20000650                OSTCBTbl
 SYS_VAR_SECT   0x200007e0       0x1c C:\nburn\lib\NetBurner.a(fileio.o)
                0x200007f8                pExtraFdFunc
 SYS_VAR_SECT   0x200007fc       0x20 C:\nburn\lib\NetBurner.a(iosys.o)
                0x200007fc                read_file_sets
                0x2000080c                error_file_sets
                0x20000804                write_file_sets
                0x2000081c                SYS_VAR_SECT_END = .
                0x20000820                . = ALIGN (0x10)
 *fill*         0x2000081c        0x4 00
 *(IDLE_STK_SECT)
                0x20000820                IDLE_STK_SECT_END = .
                0x20000820                . = ALIGN (0x10)
 *(MAIN_STK_SECT)
 MAIN_STK_SECT  0x20000820     0x2000 C:\nburn\lib\NetBurner.a(main.o)
                0x20000820                MainStk
                0x20002820                MAIN_STK_SECT_END = .
                0x20002820                . = ALIGN (0x4)
 *(ETHER_VAR_SECT)
 ETHER_VAR_SECT
                0x20002820      0x110 C:\nburn\lib\MOD5234.a(ethernet.o)
                0x200028f6                TxcPosts
                0x200028fa                TxcSems
                0x20002820                EthernetMac
                0x200028ee                LastIsrStatus
                0x20002850                RxBD
                0x200028e0                TxBDFlag
                0x200028fe                RxIsr
                0x2000290c                PHY_addr
                0x200028f2                RxPosts
                0x2000290e                PHY_ID
                0x20002906                bEthLink
                0x200028d4                RxBDFlag
                0x200028ea                last_rxbd
                0x200028a0                RxBDpp
                0x20002908                phy_data_pd
                0x20002826                nTx
                0x20002902                TxIsr
                0x200028c8                TxBDpp
                0x20002830                TxBD
                0x20002930                ETHER_VAR_SECT_END = .
                0x20002930                . = ALIGN (0x10)
 *(ETHER_STK_SECT)
 ETHER_STK_SECT
                0x20002930     0x2000 C:\nburn\lib\MOD5234.a(ethernet.o)
                0x20002930                EtherSendStk
                0x20004930                ETHER_STK_SECT_END = .
                0x20004930                . = ALIGN (0x4)
 *(IP_VAR_SECT)
 IP_VAR_SECT    0x20004930       0x36 C:\nburn\lib\NetBurner.a(ip.o)
                0x20004932                bTTL_Default
                0x2000495e                next_arp_time
                0x20004934                ipRxFifo
                0x20004946                IcmpFifo
                0x20004930                wGlobalPktId
                0x20004952                pPromisciousPacketFunc
                0x2000495a                pFragFunc
                0x20004956                pMultiCastFunc
                0x20004962                delay
                0x2000494e                pMultiTick
                0x2000494a                pDHCPTick
 IP_VAR_SECT    0x20004966       0x74 C:\nburn\lib\NetBurner.a(udp.o)
                0x200049d6                UdpNetbiosNameServicePtr
                0x20004966                udp_fifos
                0x200049ce                pDHCPProcessFunction
                0x200049d2                pTaskPacketFunc
                0x200049ca                UDP_fifos_used
                0x200049da                IP_VAR_SECT_END = .
                0x200049e0                . = ALIGN (0x10)
 *fill*         0x200049da        0x6 00
 *(IP_STK_SECT)
 IP_STK_SECT    0x200049e0     0x2000 C:\nburn\lib\NetBurner.a(ip.o)
                0x200049e0                IPStk
                0x200069e0                IP_STK_SECT_END = .
                0x200069e0                . = ALIGN (0x4)
 *(TCP_VAR_SECT)
 TCP_VAR_SECT   0x200069e0       0x1e C:\nburn\lib\NetBurner.a(tcp.o)
                0x200069f0                TCP_TimerSemaphore
                0x200069e0                TCP_critical_section
                0x200069fe                TCP_VAR_SECT_END = .
                0x20006a00                . = ALIGN (0x10)
 *fill*         0x200069fe        0x2 00
 *(TCP_STK_SECT)
 TCP_STK_SECT   0x20006a00     0x2000 C:\nburn\lib\NetBurner.a(tcp.o)
                0x20006a00                TCPStk
                0x20008a00                TCP_STK_SECT_END = .
                0x20008a00                . = ALIGN (0x10)
 *(HTTP_STK_SECT)
                0x20008a00                HTTP_STK_SECT_END = .
                0x20008a00                . = ALIGN (0x10)
 *(FTP_STK_SECT)
                0x20008a00                FTP_STK_SECT_END = .
                0x20008a00                . = ALIGN (0x10)
 *(WIFI_STK_SECT)
                0x20008a00                WIFI_STK_SECT_END = .
                0x20008a00                . = ALIGN (0x10)
 *(PPP_STK_SECT)
                0x20008a00                PPP_STK_SECT_END = .
                0x20008a00                . = ALIGN (0x10)
 *(COMMAND_STK_SECT)
                0x20008a00                COMMAND_STK_SECT_END = .
                0x20008a00                . = ALIGN (0x4)
 *(USER_VAR_SECT)
                0x20008a00                USER_VAR_SECT_END = .
                0x20008a00                . = ALIGN (0x10)
 *(USER_STK_SECT)
                0x20008a00                USER_STK_SECT_END = .
                0x20008a00                BUFFERS_SECT_START = .
                0x20008a00                . = ALIGN (0x10)
 *(BUFFERS_VAR_SECT)
 BUFFERS_VAR_SECT
                0x20008a00       0x1c C:\nburn\lib\NetBurner.a(buffers.o)
                0x20008a00                FAST_BUFFER_POOL_SIZE
                0x20008a0e                free_fast_list
                0x20008a18                free_list_is_initialized
                0x20008a04                free_list
                0x20008a20                . = ALIGN (0x10)
 *fill*         0x20008a1c        0x4 00
                0x20008a20                BUFFERS_VAR_SECT_END = .
                0x20008a20                . = ALIGN (0x10)
                0x20008a20                SRAM_END = .

.text           0x02000000    0x37940
 *(.text)
 .text          0x02000000       0xaa c:/nburn/gcc-m68k/bin/../lib/gcc/m68k-elf/4.2.1/../../../../m68k-elf/lib/m5208\nb-crt0.o
                0x02000000                start
 *fill*         0x020000aa        0x2 00
 .text          0x020000ac       0x9c c:/nburn/gcc-m68k/bin/../lib/gcc/m68k-elf/4.2.1/m5208/crtbegin.o
 .text          0x02000148      0x5a8 stepper.o
                0x020003e8                Stepper::SetStartPeriod(unsigned int)
                0x020002cc                Stepper::GetStartPeriod()
                0x0200033c                Stepper::Step(int)
                0x02000510                Stepper::SetSlewPeriodUsingRPM(unsigned int)
                0x0200025c                Stepper::ConvertRPMToPeriodTicks(unsigned int)
                0x02000320                Stepper::GetCurrentPosition()
                0x02000304                Stepper::GetDesiredPosition()
                0x020002e8                Stepper::GetSlewPeriod()
                0x02000540                Stepper::Init(int, unsigned long, unsigned long)
                0x02000178                Stepper::build_table(unsigned long, unsigned long)
                0x02000160                Stepper::Stepper(int, int)
                0x0200028c                Stepper::Stop()
                0x02000380                Stepper::NewAccelTable()
                0x02000148                Stepper::Stepper(int, int)
                0x02000494                Stepper::SetSlewPeriod(unsigned int)
                0x02000464                Stepper::SetStartPeriodUsingRPM(unsigned int)
 .text          0x020006f0      0xe4e lcd.o
                0x02000708                Lcd::Lcd()
                0x020010c0                Lcd::move(unsigned char, unsigned char)
                0x02000b00                Lcd::Clear(unsigned char)
                0x02000758                Lcd::enable_lower()
                0x02000730                Lcd::set_rs_line(unsigned char)
                0x020006f0                Lcd::Lcd()
                0x020014b4                Lcd::PrintChar(unsigned char, char)
                0x0200121c                Lcd::print_char(unsigned char, char)
                0x0200095c                Lcd::send_cmd(unsigned char, unsigned char)
                0x02000720                Lcd::ShiftDisplayRight(unsigned char)
                0x02001418                Lcd::PrintString(unsigned char, char const*)
                0x020009e0                Lcd::Home(unsigned char)
                0x02001190                Lcd::MoveCursor(unsigned char, unsigned char)
                0x0200079c                Lcd::enable_upper()
                0x020007e0                Lcd::set_data_lines(unsigned char)
                0x020008d8                Lcd::send_data(unsigned char, unsigned char)
                0x02000c54                Lcd::Init(unsigned char)
                0x02000728                Lcd::ShiftDisplayLeft(unsigned char)
 *fill*         0x0200153e        0x2 00
 .text          0x02001540      0x388 lab5.o
                0x02001704                ValidateMinRPMImage
                0x020016b4                ValidateMaxRPMImage
                0x020015cc                DisplayMotorMode
                0x020017b8                UserMain
                0x02001664                ValidateRotationImage
                0x02001754                DisplayLameCounter
                0x02001614                ValidateDirectionImage
 .text          0x020018c8      0x254 keypad.o
                0x020018f8                Keypad::GetLastButtonString()
                0x0200194c                Keypad::Init()
                0x020018d8                Keypad::Keypad()
                0x02001ad0                Keypad::GetNewButtonString()
                0x020018c8                Keypad::Keypad()
                0x020018e8                Keypad::GetLastButtonNumber()
                0x02001a38                Keypad::read_data()
                0x02001b00                Keypad::GetNewButtonNumber()
                0x0200191c                Keypad::ButtonPressed()
 .text          0x02001b1c      0x91e formdata.o
                0x02002414                FormData::~FormData()
                0x02002334                FormData::SetMaxRPM(char*)
                0x02001e80                FormData::GetDirection()
                0x02001d00                FormData::IsRotationsValid()
                0x02001e20                FormData::GetMode()
                0x02001dc0                FormData::IsMinRPMValid()
                0x020021a4                FormData::SetRotations(char*)
                0x0200209c                FormData::SetDirection(char*)
                0x02002428                FormData::~FormData()
                0x02002050                FormData::Init(unsigned char)
                0x020023fc                FormData::~FormData()
                0x02001f3c                FormData::GetSteps()
                0x02001bfc                FormData::ShouldMove()
                0x02001b64                FormData::SetSteps(char*)
                0x02001ca0                FormData::IsDirectionValid()
                0x02001b40                FormData::FormData()
                0x0200226c                FormData::SetMinRPM(char*)
                0x02001f98                FormData::GetMinRPM()
                0x02001ff4                FormData::GetMaxRPM()
                0x02001b70                FormData::checkNumericString(char*)
                0x02001ee0                FormData::GetRotations()
                0x02001d60                FormData::IsMaxRPMValid()
                0x02001b1c                FormData::FormData()
 *fill*         0x0200243a        0x2 00
 .text          0x0200243c      0x1e8 formcode.o
                0x02002450                CheckExtractResult(char*, int, char*, char*, char*)
                0x0200243c                RegisterPost()
                0x020024bc                MyDoPost(int, char*, char*, char*)
 .text          0x02002624      0x226 error_wrapper.o
                0x02002624                display_error(char const*, unsigned char)
 *fill*         0x0200284a        0x2 00
 .text          0x0200284c       0x52 htmldata.o
                0x02002894                DoHtmlVariable(int, unsigned short)
                0x0200284c                DoHtmlFunction(int, char const*, unsigned short)
 *fill*         0x0200289e        0x2 00
 .text          0x020028a0      0x60c C:\nburn\lib\MOD5234.a(bsp.o)
                0x02002ca4                _sbrk_r
                0x02002e0c                HardwareSetup
                0x02002c28                DisableCache
                0x02002da4                spaceleft
                0x02002cfc                LocalInByte
                0x02002df0                ForceReboot
                0x02002acc                FlashProgram
                0x020028a4                Tick5234
                0x02002ddc                BspGetTickFraction
                0x020028a0                xTick
                0x02002a3c                FlashErase
                0x02002d30                LocalOutByte
                0x02002cf0                atexit
                0x02002994                GetPreciseTime
                0x02002c4c                EnableCache
                0x020028bc                SetIntc
                0x02002d80                LocalCharAvail
 .text          0x02002eac      0x4ee C:\nburn\lib\MOD5234.a(etpu_sm.o)
                0x02002fbc                fs_etpu_sm_disable
                0x02002f60                fs_etpu_sm_set_sp
                0x02002eac                fs_etpu_sm_get_flags
                0x02002f84                fs_etpu_sm_set_dp
                0x02002f3c                fs_etpu_sm_set_st
                0x02002f04                fs_etpu_sm_get_st
                0x0200319c                fs_etpu_sm_init
                0x02003034                fs_etpu_sm_enable
                0x02003128                fs_etpu_sm_table
                0x02002ee8                fs_etpu_sm_get_dp
                0x02002f20                fs_etpu_sm_get_sp
                0x02002ecc                fs_etpu_sm_get_cp
 *fill*         0x0200339a        0x2 00
 .text          0x0200339c      0x75a C:\nburn\lib\MOD5234.a(etpu_util.o)
                0x0200392c                fs_etpu_get_global_24
                0x0200367c                fs_etpu_set_chan_local_32
                0x0200351c                fs_timer_start
                0x0200388c                fs_etpu_set_global_32
                0x0200381c                fs_etpu_get_chan_local_16
                0x02003538                fs_etpu_malloc
                0x02003730                fs_etpu_set_chan_local_8
                0x0200339c                fs_etpu_data_ram
                0x020038c4                fs_etpu_set_global_16
                0x020038fc                fs_etpu_get_global32
                0x0200376c                fs_etpu_get_chan_local_32
                0x020037dc                fs_etpu_get_chan_local_24
                0x02003854                fs_etpu_get_chan_local_8
                0x020037a4                fs_etpu_get_chan_local_24s
                0x0200360c                fs_etpu_malloc2
                0x020038a8                fs_etpu_set_global_24
                0x0200356c                fs_etpu_chan_init
                0x020038e0                fs_etpu_set_global_8
                0x020034cc                fs_etpu_dma_enable
                0x020033f4                fs_etpu_get_hsr
                0x02003914                fs_etpu_get_global_24s
                0x020034a4                fs_etpu_interrupt_disable
                0x02003960                fs_etpu_get_global_8
                0x02003978                fs_memset32
                0x020036f4                fs_etpu_set_chan_local_16
                0x0200399c                fs_memcpy32
                0x02003454                fs_etpu_disable
                0x0200347c                fs_etpu_interrupt_enable
                0x020036b8                fs_etpu_set_chan_local_24
                0x020033cc                fs_etpu_set_hsr
                0x020039d0                fs_etpu_init
                0x02003948                fs_etpu_get_global_16
                0x0200341c                fs_etpu_enable
                0x020034f4                fs_etpu_dma_disable
 *fill*         0x02003af6        0x2 00
 .text          0x02003af8     0x1cf2 C:\nburn\lib\MOD5234.a(pins.o)
                0x02004b68                PinIO::set(unsigned char)
                0x02003af8                PinIO::function(int)
                0x0200473c                PinIO::drive()
                0x02005788                CReadPin
                0x020040d4                PinIO::read()
                0x020057ac                CGPInPin
 *fill*         0x020057ea        0x2 00
 .text          0x020057ec      0x5ec C:\nburn\lib\MOD5234.a(ioboard.o)
                0x02005bd4                putleds
                0x02005840                putdisp
                0x02005898                ModDev70Detect()
                0x0200594c                getdipsw
                0x020057ec                InitChipBoardSelect()
 .text          0x02005dd8      0x126 C:\nburn\lib\MOD5234.a(ETPUinit.o)
                0x02005e54                MOD5234_etpu_init
                0x02005ec4                eTPUInit
                0x02005dd8                MOD5234_etpu_start
 *fill*         0x02005efe        0x2 00
 .text          0x02005f00     0x1a20 C:\nburn\lib\MOD5234.a(ETPU.o)
                0x0200625c                fake_ETPU_CH8()
                0x02006460                real_ETPU_CH12
                0x0200631c                real_ETPU_CH9
                0x0200611c                ETPU_CH5
                0x020063a4                ETPU_CH11
                0x02006118                fake_ETPU_CH5()
                0x02006044                ETPU_CH3
                0x020074c8                eTPUFunctionUARTRX
                0x02006db8                eTPUInitFIFO
                0x020064e8                ETPU_CH14
                0x020064cc                real_ETPU_CH13
                0x020069f0                eTPUReadUART
                0x02006c80                eTPUDoISR(int)
                0x020062c8                fake_ETPU_CH9()
                0x02006f6c                ETPU_UART_FD_CLOSE(int)
                0x020062b0                real_ETPU_CH8
                0x02006388                real_ETPU_CH10
                0x020066ac                eTPURecordInit()
                0x02006040                fake_ETPU_CH3()
                0x0200700c                eTPUInterruptEnable
                0x02006244                real_ETPU_CH7
                0x02005f54                real_ETPU_CH0
                0x02006df8                eTPUDriveGPIO
                0x02006b10                eTPUgetCharUART
                0x020064e4                fake_ETPU_CH14()
                0x0200779c                eTPUFDUartOpen
                0x02006478                fake_ETPU_CH13()
                0x02006184                fake_ETPU_CH6()
                0x020061f0                fake_ETPU_CH7()
                0x020061f4                ETPU_CH7
                0x020065bc                fs_timer_stop
                0x02006bf0                ETPU_UART_FD_WRITE(int, char const*, int)
                0x02006fc4                eTPUFunctionGPIO
                0x020063f4                real_ETPU_CH11
                0x02006640                eTPUEventClear
                0x02006028                real_ETPU_CH2
                0x02006550                fake_ETPU_CH15()
                0x020060ac                fake_ETPU_CH4()
                0x02006100                real_ETPU_CH4
                0x020060b0                ETPU_CH4
                0x02005f00                fake_ETPU_CH0()
                0x02006410                ETPU_CH12
                0x020065a4                real_ETPU_CH15
                0x02005f04                ETPU_CH0
                0x02006538                real_ETPU_CH14
                0x0200763c                eTPUFunctionUARTTX
                0x02006338                ETPU_CH10
                0x02005fd4                fake_ETPU_CH2()
                0x02006f34                eTPUCloseChannel
                0x0200616c                real_ETPU_CH5
                0x020069bc                eTPUCharAvailUART
                0x020062cc                ETPU_CH9
                0x02006a80                ETPU_UART_FD_READ(int, char*, int)
                0x02006554                ETPU_CH15
                0x020063a0                fake_ETPU_CH11()
                0x02006e48                eTPUSetGPIO
                0x02006188                ETPU_CH6
                0x0200647c                ETPU_CH13
                0x02005fd8                ETPU_CH2
                0x02005f68                fake_ETPU_CH1()
                0x02005fbc                real_ETPU_CH1
                0x020065d8                eTPUInterruptDisable
                0x02005f6c                ETPU_CH1
                0x02006660                eTPUEventPoll
                0x02006094                real_ETPU_CH3
                0x020068ec                eTPUChanInit(int)
                0x020061d8                real_ETPU_CH6
                0x02006260                ETPU_CH8
                0x0200640c                fake_ETPU_CH12()
                0x02006334                fake_ETPU_CH10()
                0x02006b30                eTPUWriteUART
                0x02006e9c                eTPUInputGPIO
 .text          0x02007920      0x26e C:\nburn\lib\MOD5234.a(etpu_gpio.o)
                0x02007a60                fs_etpu_gpio_pin_history
                0x02007920                fs_etpu_gpio_output_high
                0x02007b20                fs_etpu_gpio_init
                0x02007a84                fs_etpu_gpio_cfg_input_periodic
                0x02007a3c                fs_etpu_gpio_input_immed
                0x020079c0                fs_etpu_gpio_cfg_input_trans
                0x02007968                fs_etpu_gpio_output
                0x02007944                fs_etpu_gpio_output_low
 *fill*         0x02007b8e        0x2 00
 .text          0x02007b90      0x310 C:\nburn\lib\MOD5234.a(etpu_uart.o)
                0x02007bc8                fs_etpu_uart_write_transmit_data
                0x02007b90                fs_etpu_uart_read_receive_data
                0x02007bf0                fs_etpu_uart_init
 .text          0x02007ea0      0x44a C:\nburn\lib\NetBurner.a(ucosmcfa.o)
                0x02007f80                OSDebugTraceHalt
                0x02007ea0                OSStartHighRdy
                0x02007f90                TrapOutByte
                0x02007fc0                memcpy
                0x02007fc0                fmemcpy
                0x02007ec0                OSCtxSw
                0x02007fb0                TrapCharAvail
                0x02007ef0                OSIntCtxSw
                0x02007fa0                TrapInByte
                0x02007f20                OSTickISR
                0x02008090                memcpysum
                0x02007f60                OSSetupVBR
                0x020082c0                GetSR_IntLevel
                0x02008220                memset
                0x02008220                fmemset
                0x020082d0                SetSR_IntLevel
 *fill*         0x020082ea        0x2 00
 .text          0x020082ec     0x1e5c C:\nburn\lib\NetBurner.a(ucos.o)
                0x020087a4                OSCritEnterNoWait
                0x0200897e                UCOSWAITS_HERE
                0x02008c9c                OSFifoPostFirst
                0x020089e4                OSCritLeave
                0x02008750                getpid
                0x02008474                OSLock
                0x020090f0                OSQPostFirst
                0x02008818                OSTaskID
                0x02008638                OSQPendNoWait
                0x02008830                OSSetName
                0x02008858                OSIntExit
                0x020084fc                OSSemPendNoWait
                0x02009c38                OSTaskDelete
                0x02009e54                OSUnlock
                0x02008768                OSCritInit
                0x02009290                OSQPost
                0x02008afc                OSCritEnter
                0x02008f5c                OSFifoPend
                0x02009a98                OSSemPend
                0x0200853c                OSMboxInit
                0x02009610                OSMboxPost
                0x020086b4                OSFifoInit
                0x02009428                OSQPend
                0x020088f4                OSSched
                0x02009e88                OSTimeDly
                0x0200990c                OSSemPost
                0x02009d50                OSChangePrio
                0x02008444                OSTCBGetFree
                0x020082ec                OSIntEnterWAS
                0x02008584                OSMboxPendNoWait
                0x02008dfc                OSFifoPost
                0x0200849c                OSSemInit
                0x02009f50                OSStart
                0x02008334                OSTimeTick
                0x020085c4                OSQInit
                0x02008844                OSTaskName
                0x02008700                OSFifoPendNoWait
                0x02009778                OSMboxPend
                0x02009fcc                OSInit
                0x02008314                OSChangeTaskDly
 .text          0x0200a148      0x16c C:\nburn\lib\NetBurner.a(ucosmain.o)
                0x0200a224                __malloc_unlock
                0x0200a148                UCosBegin
                0x0200a244                balloc_lock
                0x0200a284                UCosSetup
                0x0200a208                balloc_unlock
                0x0200a264                __malloc_lock
 .text          0x0200a2b4      0x5f8 C:\nburn\lib\NetBurner.a(fileio.o)
                0x0200a444                ioctl
                0x0200a2b4                isatty
                0x0200a39c                CurrentStdioFD
                0x0200a414                lseek
                0x0200a2ec                ReplaceStdio
                0x0200a4b0                write
                0x0200a2d0                fstat
                0x0200a5e0                rawwrite
                0x0200a7ec                stdioinbyte
                0x0200a664                read
                0x0200a3cc                outbyte
                0x0200a42c                open
                0x0200a3e4                charavail
                0x0200a3c0                fcntl
                0x0200a864                close
 .text          0x0200a8ac       0xb6 C:\nburn\lib\NetBurner.a(main.o)
                0x0200a8e4                main
                0x0200a8ac                __do_global_ctors
 *fill*         0x0200a962        0x2 00
 .text          0x0200a964     0x186a C:\nburn\lib\NetBurner.a(ip.o)
                0x0200adb4                FixUpICMP(IPPKT*, unsigned char, unsigned char, unsigned char*, unsigned short)
                0x0200ab24                IsMultiCast(unsigned long)
                0x0200b660                FixHeaderAndSend(pool_buffer*, IPPKT*)
                0x0200b05c                DoIPPacket(pool_buffer*, EFRAME*, unsigned short)
                0x0200aa20                GetSum20
                0x0200b948                PingViaInterface
                0x0200affc                SaveError(pool_buffer*)
                0x0200b374                process_icmp(pool_buffer*, IPPKT*, unsigned short)
                0x0200ac60                IpProcessEthernetPacket
                0x0200b228                FixHeaderAndSendViaInterface(pool_buffer*, IPPKT*, int)
                0x0200ba8c                ShowIPBuffer(pool_buffer*)
                0x0200b7b4                SendICMPError(pool_buffer*, unsigned char, unsigned char)
                0x0200aecc                InitializeStack(unsigned long, unsigned long, unsigned long, unsigned long)
                0x0200ab74                GetData(IPPKT*)
                0x0200aff0                InitializeCStack
                0x0200ba58                Ping
                0x0200a964                GetSum
                0x0200b040                IsMyIp
                0x0200ae70                IsBroadCast(unsigned long, int)
                0x0200ae1c                KillStack
                0x0200aba0                PrepareIPOutput(pool_buffer*, unsigned long, unsigned short)
                0x0200ab44                GetMultiAddress(unsigned long)
                0x0200b884                SendPing
                0x0200aa58                GetSumHdr
                0x0200ae28                IsLocal(unsigned long, int)
                0x0200b490                IPTask(void*)
 *fill*         0x0200c1ce        0x2 00
 .text          0x0200c1d0      0xec8 C:\nburn\lib\NetBurner.a(buffers.o)
                0x0200c690                fifo_buffer_storage::Full()
                0x0200c780                ShowBuffer
                0x0200ca64                fifo_buffer_storage::Reset(unsigned char)
                0x0200c2b4                InitBuffers
                0x0200c3e0                buffer_list::InsertBefore(pool_buffer*, pool_buffer*)
                0x0200c5b8                GetBuffer
                0x0200c760                fifo_buffer_storage::fifo_buffer_storage(unsigned char, unsigned char)
                0x0200c678                fifo_buffer_storage::Empty()
                0x0200cedc                fifo_buffer_storage::ReadDatawSum(unsigned char*, int, unsigned long&)
                0x0200c664                fifo_buffer_storage::SpaceUsed()
                0x0200c1d0                ShowBuffers()
                0x0200c1fc                buffer_list::InsertHead(pool_buffer*)
                0x0200c8ac                GetFreeCount
                0x0200c1e0                IncUsageCount
                0x0200c740                fifo_buffer_storage::fifo_buffer_storage(unsigned char, unsigned char)
                0x0200c37c                buffer_list::InsertTail(pool_buffer*)
                0x0200cb24                fifo_buffer_storage::~fifo_buffer_storage()
                0x0200cc14                fifo_buffer_storage::SetMaxBuffers(unsigned char)
                0x0200c924                fifo_buffer_storage::ReadData(unsigned char*, int)
                0x0200c6d8                fifo_buffer_storage::Init(unsigned char, unsigned char)
                0x0200c1d8                DumpBuffers()
                0x0200c550                buffer_list::RemoveHead()
                0x0200c4c8                buffer_list::Remove(pool_buffer*)
                0x0200c604                buffer_list::RemoveTail()
                0x0200cb38                fifo_buffer_storage::LongSpaceAvail()
                0x0200cca4                fifo_buffer_storage::WriteData(unsigned char*, int)
                0x0200c26c                FreeBuffer
                0x0200c454                buffer_list::InsertAfter(pool_buffer*, pool_buffer*)
                0x0200cbf0                fifo_buffer_storage::SpaceAvail()
                0x0200cb10                fifo_buffer_storage::~fifo_buffer_storage()
 .text          0x0200d098     0x17f0 C:\nburn\lib\NetBurner.a(arp.o)
                0x0200ddb4                FindAddArp(unsigned long)
                0x0200d1ec                sendGratuitousArp(int)
                0x0200d0c0                MacEqual(MACADR, MACADR)
                0x0200d3f4                InitializeArp()
                0x0200d49c                FindArp(unsigned long)
                0x0200d6f8                SendArp(ArpRecord*, int)
                0x0200d3a8                GetInterface(unsigned long)
                0x0200e6a4                AddCheckArp(MACADR*, unsigned long, int)
                0x0200d120                SetMac(ArpRecord*, MACADR, int)
                0x0200dbf0                DeleteArpFromIp(unsigned long)
                0x0200d5a0                GetArpMacFromIp(unsigned long, MACADR&)
                0x0200e1f0                RouteOutVia(EFRAME*, unsigned long, pool_buffer*, int)
                0x0200d654                GetProperInterface(unsigned long)
                0x0200dd04                FreeOneArp()
                0x0200e730                processArp(pool_buffer*, EFRAME*)
                0x0200d1b0                NeedsArp(int)
                0x0200d828                GetNextArp(ArpRecord*)
                0x0200d2bc                RawSendArp(ArpRecord*, unsigned long, int)
                0x0200dc10                AgeArp()
                0x0200e3fc                RouteOut(EFRAME*, unsigned long, pool_buffer*)
                0x0200d8f0                ShowArp()
                0x0200da30                DeleteArp(ArpRecord*)
                0x0200d898                GetFirstArp()
                0x0200d764                GetSrcIp
                0x0200e050                IsMyAddressUsedArpDetect(unsigned short, int)
                0x0200d0b8                Cleanup()
                0x0200d098                IsNull(ArpRecord*)
                0x0200d984                fShowArp(__sFILE*)
                0x0200d5f8                AddPending(MACADR*, unsigned long, int)
 .text          0x0200e888     0x12f8 C:\nburn\lib\NetBurner.a(udp.o)
                0x0200f0c0                UDPPacket::Send(unsigned long, unsigned char)
                0x0200e9d0                UDPPacket::SetDestinationPort(unsigned short)
                0x0200ea94                UDPPacket::GetPacketId()
                0x0200eae0                UDPPacket::GetSourceAddress()
                0x0200f800                UDPPacket::UDPPacket()
                0x0200ee90                UDPPacket::AddDataByte(unsigned char)
                0x0200f1d8                UDPPacket::SendAndKeep(unsigned long, unsigned char)
                0x0200ede4                UDPPacket::AddData(unsigned char*, unsigned short)
                0x0200eb04                RegisterUDPFifo(unsigned short, os_fifo*)
                0x0200eed8                UDPPacket::AddData(char const*)
                0x0200e8fc                UDPPacket::UDPPacket(pool_buffer*)
                0x0200ef98                UDPPacket::SendViaInterface(unsigned long, int, unsigned char)
                0x0200ea7c                UDPPacket::GetIpPacket()
                0x0200f248                UDPPacket::~UDPPacket()
                0x0200e888                GetUdpFifoRec(unsigned short)
                0x0200ea0c                UDPPacket::GetDataBuffer()
                0x0200ebcc                RegisterUDPFifoWithNotify(unsigned short, os_fifo*, void (*)(os_fifo*, unsigned short))
                0x0200e948                UDPPacket::UDPPacket(pool_buffer*)
                0x0200ea40                UDPPacket::GetDataSize() const
                0x0200f2b4                ProcessIDPacket(UDPPacket&, int)
                0x0200eeb4                UDPPacket::AddDataWord(unsigned short)
                0x0200f844                process_udp(pool_buffer*, IPPKT*, unsigned short)
                0x0200ef08                UDPPacket::Validate()
                0x0200e9ec                UDPPacket::GetDestinationPort() const
                0x0200ec94                UnregisterUDPFifo(unsigned short)
                0x0200fac0                UDPPacket::UDPPacket(os_fifo*, unsigned long)
                0x0200ea20                UDPPacket::SetDataSize(unsigned short)
                0x0200ea68                UDPPacket::ResetData()
                0x0200f220                UDPPacket::~UDPPacket()
                0x0200fb20                UDPPacket::UDPPacket(os_fifo*, unsigned long)
                0x0200e994                UDPPacket::SetSourcePort(unsigned short)
                0x0200e9b0                UDPPacket::GetSourcePort() const
                0x0200ed5c                FixIDDataPacket(UDPPacket&, int)
                0x0200f270                UDPPacket::UDPPacket()
                0x0200eabc                UDPPacket::GetDestinationAddress()
 .text          0x0200fb80     0x51ae C:\nburn\lib\NetBurner.a(tcp.o)
                0x020112d0                SendTcpRst(IPPKT*)
                0x0201018c                GetTcpState(int)
                0x020101c0                GetTcpDState
                0x02011514                InitTCP()
                0x02013d50                _Socket_Private_read
                0x02010140                ShortSocketList::ShortSocketList()
                0x020101f4                SetOutOfOrderbuffers(int, unsigned char)
                0x0200fdc0                GetSocketRemotePort(int)
                0x02010a30                socket_struct::MyAdvertisedWindow()
                0x02010884                SetSocketTxBuffers(int, int)
                0x0200fed4                setsockoption(int, int)
                0x02010d84                TcpSend(socket_struct*, unsigned long, pool_buffer*, unsigned short, unsigned char)
                0x02014c00                TCPTimerTask(void*)
                0x02014a00                process_tcp(pool_buffer*, IPPKT*, unsigned short)
                0x02012460                socket_struct::ProcessRST()
                0x02010238                TcpGetLastRxTime(int)
                0x02013274                abortsocket
                0x0201418c                socket_struct::ProcessDataSegment(TCPPKT*, unsigned short, unsigned char*, pool_buffer*&)
                0x02011b94                HashSocketList::RemoveSocket(socket_struct*) const
                0x02013958                _Socket_Private_write
                0x0200ff0c                getsockoption(int)
                0x02012e54                socket_struct::ProcessAck(TCPPKT*)
                0x02013eac                socket_struct::SaveData(unsigned char*, unsigned short, unsigned char)
                0x02011884                GetTcpRtxCount(int)
                0x0200fce4                fixoverlap(unsigned long, unsigned long, unsigned long&, unsigned long&)
                0x02010804                socket_struct::SetTimer(unsigned long)
                0x02013930                connect(unsigned long, unsigned short, unsigned short, unsigned long)
                0x0200ff98                HashSocketList::HashSocketList()
                0x02011dd8                GetTcpSocket(TCPPKT*, unsigned long)
                0x02010484                TcpGetRxBufferSpaceUsed(int)
                0x02012690                socket_struct::DoRawSend()
                0x020104c4                ShowFdTcpSocket(int)
                0x02010788                socket_struct::ClearPending(int)
                0x020118f8                ShortSocketList::findsocket(unsigned short, unsigned short, unsigned long) const
                0x0201359c                connect(unsigned long, unsigned short, unsigned short, unsigned long, unsigned long)
                0x02011810                TcpSendKeepAlive(int)
                0x0200fd60                getsocketerror(int)
                0x0200ff80                EnableTcpDebug(unsigned short)
                0x02014b0c                socket_struct::ProcessTimer()
                0x0201256c                socket_struct::SetUpNextRetransmit()
                0x0200ff90                HashSocketList::HashSocketList()
                0x02013b80                SockReadWithTimeout
                0x020117a4                GetFreeSocketCount()
                0x02013100                socket_struct::ProcessFIN(TCPPKT*, unsigned short)
                0x02010aa8                FixHeaderAndSendTcp(pool_buffer*, IPPKT*, socket_struct*)
                0x0200ff3c                setsocketackbuffers(int, unsigned char)
                0x0200feb4                socket_struct::CleanUpDeletedListener()
                0x0200fca0                FindListenSocket(unsigned short, unsigned long)
                0x02010b90                TcpSendwSum(socket_struct*, unsigned long, pool_buffer*, unsigned short, unsigned char, unsigned long)
                0x02011e90                socket_struct::DoCleanup()
                0x02013f9c                socket_struct::TestOutofOrder()
                0x020102a8                TcpGetLastRxInterval(int)
                0x0200fb80                GetFirstSeq()
                0x02011710                FREESOCKET(socket_struct*)
                0x02012068                ShortSocketList::AddSocket(socket_struct*)
                0x02012d3c                socket_struct::DoRetransmit(unsigned char)
                0x02010150                ShortSocketList::Init()
                0x0201199c                ShortSocketList::processTick()
                0x02013d6c                _Socket_Private_close
                0x0201222c                accept(int, unsigned long*, unsigned short*, unsigned short)
                0x02010148                ShortSocketList::ShortSocketList()
                0x020108c4                SetSocketRxBuffers(int, int)
                0x02013494                listen(unsigned long, unsigned short, unsigned char)
                0x0200ffa0                HashSocketList::Init() const
                0x0200ffb8                ShortSocketList::GetFreeShort()
                0x0200fd90                GetSocketRemoteAddr(int)
                0x02011d00                HashSocketList::findsocket(unsigned short, unsigned short, unsigned long) const
                0x02010418                WaitForSocketFlush(int, unsigned long)
                0x0200ff88                DumpTcpPacket(IPPKT*)
                0x02012170                RemoveFromUserCloseList(socket_struct*)
                0x0200fbc4                ValidateTCP(IPPKT*, unsigned short)
                0x02011a4c                ShortSocketList::process(pool_buffer*, TCPPKT*, unsigned long) const
                0x0200fbb0                socket_struct::SetState(int)
                0x0201094c                socket_struct::processoptions(pool_buffer*, TCPPKT*, IPPKT*)
                0x02012a48                socket_struct::DoClose(int)
                0x020133a8                GetFreeSocket()
                0x0200fdf0                GetSocketLocalPort(int)
                0x02011c4c                HashSocketList::AddSocket(socket_struct*) const
                0x02010100                ShortSocketList::FreeShort(ShortSocket*) const
                0x0200fe20                socket_struct::CalcRTO(unsigned long)
                0x02011278                socket_struct::OpenWindow()
                0x020113e4                SendTcpSynRst(IPPKT*)
                0x020103c8                TcpAllDataAcked(int)
                0x020129c8                clrsockoption(int, int)
                0x0201026c                TcpGetSocketState(int)
                0x0200ff78                DumpTcpDebug()
                0x02010904                GetSocketLocalAddr(int)
                0x0201434c                socket_struct::process(pool_buffer*, TCPPKT*)
                0x020101c8                RegisterTCPReadNotify
                0x02010e14                socket_struct::SendState(unsigned short, pool_buffer*)
 *fill*         0x02014d2e        0x2 00
 .text          0x02014d30      0x1b4 C:\nburn\lib\NetBurner.a(extraio.o)
                0x02014d60                ExpandWrite(int, char const*, int)
                0x02014d90                ExpandClose(int)
                0x02014dc0                InitExtras()
                0x02014dfc                GetExtraFD
                0x02014d30                ExpandRead(int, char*, int)
                0x02014e78                FreeExtraFd
                0x02014eb0                GetExtraData
 .text          0x02014ee4      0x30c C:\nburn\lib\NetBurner.a(http.o)
                0x02014ee4                StartHTTP
                0x0201501c                HttpMain(void*)
                0x02014f28                processHttpRequest(char**, char*, char*, int, HTTP_Request&)
 .text          0x020151f0      0xbee C:\nburn\lib\NetBurner.a(httpinternal.o)
                0x02015228                SetNewPostHandler
                0x020158c8                BaseDoGet
                0x02015270                SetNewMultiPartHandler
                0x02015630                SendHTMLHeader
                0x020151f8                append(char*&, char*)
                0x02015288                SetNewMultiPartExtractHandler
                0x020159fc                HTTP_Request::Respond(int)
                0x02015764                writesafestring
                0x02015874                ShowIPOnFd(int, unsigned long)
                0x02015570                SendGifHeader
                0x0201558c                SendTextHeader
                0x020155a8                BaseDoHead
                0x020154d4                NotFoundResponse
                0x0201521c                BaseDoPost
                0x020152a0                SetNewErrorHandler
                0x020152ec                ExtractPostData
                0x02015528                RedirectResponse
                0x02015b30                HTTP_Request::ProcessLine(char*)
                0x02015240                SetNewGetHandler
                0x020151f0                StopHTTP
                0x020152b8                InitHttp()
                0x02015258                SetNewHeadHandler
                0x0201564c                writeallsafestring
                0x020159b0                SendHTMLHeaderWCookie
                0x02015480                httpstricmp
 *fill*         0x02015dde        0x2 00
 .text          0x02015de0      0x910 C:\nburn\lib\NetBurner.a(htmldecomp.o)
                0x02015e48                SendHtml(int, char*, int, char const*)
                0x02016120                SendData(HTML_FILE_RECORD*, int, char const*)
                0x020161b8                GetRecordFromName(char*)
                0x02015de0                SendHeader(int, char const*, int)
                0x02016484                SendFullResponse(char*, int)
                0x02016238                SendFileFragment(char*, int, char const*)
                0x02015e3c                SendCompressed(int, char*, int)
                0x02016264                SendHeaderResponse(char*, int)
                0x02015e20                SendXMLHeader(int)
 .text          0x020166f0      0x69e C:\nburn\lib\NetBurner.a(iosys.o)
                0x02016b2c                SetDataAvail
                0x020169cc                writeall
                0x02016a2c                RawCheckSelects()
                0x02016ad8                SetHaveError
                0x02016b68                RemoveSelect(PendingSelect*)
                0x02016af0                SetWriteAvail
                0x020168bc                ZeroWaitSelect
                0x02016be8                AddSelect(PendingSelect*)
                0x02016810                FD_ISSET
                0x020167b8                ClrDataAvail
                0x02016c40                select
                0x020167a0                ClrWriteAvail
                0x02016aa4                CheckSelects()
                0x02016970                writestring
                0x02016880                countbits(fd_set*)
                0x020166f0                FD_OVERLAP(fd_set*, fd_set*)
                0x02016940                dataavail
                0x0201672c                FD_ZERO
                0x020167d0                FD_SET
                0x02016788                ClrHaveError
                0x0201685c                countdwbits(unsigned long)
                0x02016ce0                ReadWithTimeout
                0x02016744                FD_CLR
 *fill*         0x02016d8e        0x2 00
 .text          0x02016d90      0x42a C:\nburn\lib\NetBurner.a(netinterface.o)
                0x020170fc                InitializeNetwork(void (*)(pool_buffer*, EFRAME*, unsigned short), void (*)(pool_buffer*, EFRAME*))
                0x02016e20                InterfaceIP(int)
                0x02016f14                GetEframe(pool_buffer*)
                0x0201709c                SaveIfConfig(ConfigRecord*, int)
                0x02016d90                GetFirstInterface()
                0x020170cc                GetIfConfig(int)
                0x02016ed0                InterfaceMAC(int)
                0x02016df4                GetInterFaceBlock(int)
                0x02016e4c                InterfaceDNS(int)
                0x02016e78                InterfaceMASK(int)
                0x02016db0                GetnextInterface(int)
                0x02017158                TransmitBuffer(pool_buffer*, int)
                0x02016f80                DisableMulticast(MACADR, int)
                0x02016fe0                RegisterInterface(_InterfaceBlock*)
                0x02016f28                EnableMulticast(MACADR, int)
                0x02017068                Removeinterface(int)
                0x02016fd8                StopNetworks()
                0x02016ea4                InterfaceGate(int)
 *fill*         0x020171ba        0x2 00
 .text          0x020171bc      0x5c8 C:\nburn\lib\NetBurner.a(taskmon.o)
                0x020176c4                ProcessTaskPacket(UDPPacket&, int)
                0x020171bc                EnableTaskMonitor()
                0x020171d0                BufferDumpTCBState(os_tcb*)
 .text          0x02017784      0x538 C:\nburn\lib\NetBurner.a(autoupdate.o)
                0x02017c0c                ProcessAutoUpdatePacket(UDPPacket&)
                0x02017940                DoData(UDPPacket&)
                0x02017784                EnableAutoUpdate
                0x02017798                DoReboot()
                0x020177c8                DoExecute(UDPPacket&, int)
                0x02017a30                DoStart(UDPPacket&)
 .text          0x02017cbc       0x52 C:\nburn\lib\NetBurner.a(device.o)
                0x02017cdc                DeviceInitializeSem
                0x02017cbc                DeviceGetQspiSem()
                0x02017ccc                DeviceGetI2cSem()
 *fill*         0x02017d0e        0x2 00
 .text          0x02017d10      0x320 C:\nburn\lib\NetBurner.a(ucosmcfc.o)
                0x02017ff8                OSTaskCreate
                0x02018024                TopOfStackKillfunction
                0x02017dcc                OSTaskCreatewName
                0x02017d10                OSTCBInit
                0x02018028                KillFunctionLink
 .text          0x02018030      0x6d8 C:\nburn\lib\NetBurner.a(system.o)
                0x020180a8                GetUserParameters
                0x02018408                UpdateConfigRecord_Num
                0x0201807c                RawGetConfig
                0x02018030                isvalidcr
                0x020185c4                SetupDialog
                0x02018120                ReadLine
                0x020185b0                UpdateConfigRecord
                0x020182e0                IpQuestion
                0x02018394                SaveUserParameters
                0x020180b8                ShowChange
 .text          0x02018708      0xbe0 C:\nburn\lib\NetBurner.a(utils.o)
                0x020190f4                fShowMac
                0x020188f8                FancyDump(unsigned char*, int)
                0x02019184                ShowCounters
                0x02018840                convertHexAsciiToBinary
                0x02018ab8                ShowData
                0x02018708                kill
                0x020191ec                fShowCounters
                0x020190b4                fShowIP
                0x02018718                _fini
                0x02018a24                ShowIP
                0x02018724                AsciiToIp
                0x02019264                sShowCounters
                0x02019150                DiagMenuPicker(int, unsigned char)
                0x02018a60                ShowMac
                0x020187a8                convertBinaryToHexAscii
                0x020188e0                __builtin_delete
                0x02018710                _exit
 .text          0x020192e8     0x1aaa C:\nburn\lib\MOD5234.a(serial.o)
                0x0201ad18                real_SER0_ISR
                0x020192e8                WakeTx(int)
                0x0201a13c                SerialClose
                0x0201a0d0                SendBreak
                0x0201a284                OpenSerial
                0x02019cdc                GetUartErrorReg
                0x02019e70                fShowSerialData(__sFILE*)
                0x020195b0                fake_SER0_ISR()
                0x02019698                fake_SER2_ISR()
                0x02019608                SER1_ISR
                0x020196ec                SerialEnableTxFlow
                0x02019734                SerialEnableRxFlow
                0x02019380                DoSerIsr(int)
                0x02019b6c                Serial485HalfDupMode
                0x02019604                fake_SER1_ISR()
                0x020199c8                SerialEnableHwRxFlow
                0x0201a8b0                serread
                0x0201abf8                BasePutChar(int, unsigned char)
                0x0201a8cc                BaseGetChar(int)
                0x0201ad54                real_SER2_ISR
                0x0201a694                serreadwto
                0x0201aad8                serwriteaddress
                0x02019658                real_SER1_ISR
                0x0201a974                serwrite
                0x0201a260                serexternalclose
                0x020195b4                SER0_ISR
                0x0201969c                SER2_ISR
                0x02019780                SerialEnableHwTxFlow
 *fill*         0x0201ad92        0x2 00
 .text          0x0201ad94     0x18ae C:\nburn\lib\MOD5234.a(ethernet.o)
                0x0201b90c                AddEthernetInterface()
                0x0201af78                StopEnet()
                0x0201b3d4                ResetEnet()
                0x0201bae0                ProcessDuplexStatus()
                0x0201ad94                read_eth_addr(MACADR*)
                0x0201b9b4                WarmEnetReset()
                0x0201c494                real_rxenetisr
                0x0201adc0                fake_rxenetisr()
                0x0201c0fc                DoRX(pool_buffer*, unsigned short)
                0x0201adc4                rxenetisr
                0x0201ae14                fake_txenetisr()
                0x0201bab0                EnablePHY()
                0x0201afcc                EthMultifunc(MACADR, unsigned char)
                0x0201ae68                GetMII(unsigned char, unsigned char)
                0x0201afe8                ResetEnetPart2()
                0x0201ae18                txenetisr
                0x0201aeec                SetMII(unsigned char, unsigned char, unsigned short)
                0x0201b748                InitializeEthernet()
                0x0201bf04                real_txenetisr
                0x0201afa8                DisablePHY()
                0x0201ba50                ManualEthernetConfig(unsigned char, unsigned char, unsigned char)
                0x0201bdb0                EthTransmitBuffer(pool_buffer*)
                0x0201c2f4                Ether_ProcessTask(void*)
 *fill*         0x0201c642        0x2 00
 .text          0x0201c644     0x16e8 C:\nburn\lib\MOD5234.a(etherprint.o)
                0x0201dc54                EtherLink()
                0x0201c644                EtherSpeed100()
                0x0201dc48                denet()
                0x0201d8e8                ShowFECRegisters()
                0x0201c71c                ShowMII(unsigned char, unsigned char, char const*, unsigned short)
                0x0201dc88                elink()
                0x0201dc3c                dEnet()
                0x0201c664                SwitchMIIPage(unsigned long)
                0x0201c654                EtherDuplex()
                0x0201c690                showbinary(unsigned short, unsigned short)
                0x0201c784                ShowPhyterMII()
 .text          0x0201dd2c      0x196 C:\nburn\lib\MOD5234.a(emulticast.o)
                0x0201de10                EthDisableMulticast(MACADR)
                0x0201dd6c                EthEnableMulticast(MACADR)
                0x0201dd2c                GetMultiCastCRC(MACADR)
 *fill*         0x0201dec2        0x2 00
 .text          0x0201dec4        0x0 c:/nburn/gcc-m68k/bin/../lib/gcc/m68k-elf/4.2.1/../../../../m68k-elf/lib/m5208\libstdc++.a(new_opv.o)
 .text          0x0201dec4        0x0 c:/nburn/gcc-m68k/bin/../lib/gcc/m68k-elf/4.2.1/../../../../m68k-elf/lib/m5208\libstdc++.a(del_op.o)
 .text          0x0201dec4        0x0 c:/nburn/gcc-m68k/bin/../lib/gcc/m68k-elf/4.2.1/../../../../m68k-elf/lib/m5208\libstdc++.a(eh_personality.o)
 .text          0x0201dec4        0x0 c:/nburn/gcc-m68k/bin/../lib/gcc/m68k-elf/4.2.1/../../../../m68k-elf/lib/m5208\libstdc++.a(eh_alloc.o)
 .text          0x0201dec4        0x0 c:/nburn/gcc-m68k/bin/../lib/gcc/m68k-elf/4.2.1/../../../../m68k-elf/lib/m5208\libstdc++.a(new_op.o)
 .text          0x0201dec4        0x0 c:/nburn/gcc-m68k/bin/../lib/gcc/m68k-elf/4.2.1/../../../../m68k-elf/lib/m5208\libstdc++.a(eh_throw.o)
 .text          0x0201dec4        0x0 c:/nburn/gcc-m68k/bin/../lib/gcc/m68k-elf/4.2.1/../../../../m68k-elf/lib/m5208\libstdc++.a(new_handler.o)
 .text          0x0201dec4        0x0 c:/nburn/gcc-m68k/bin/../lib/gcc/m68k-elf/4.2.1/../../../../m68k-elf/lib/m5208\libstdc++.a(eh_globals.o)
 .text          0x0201dec4        0x0 c:/nburn/gcc-m68k/bin/../lib/gcc/m68k-elf/4.2.1/../../../../m68k-elf/lib/m5208\libstdc++.a(eh_exception.o)
 .text          0x0201dec4        0x0 c:/nburn/gcc-m68k/bin/../lib/gcc/m68k-elf/4.2.1/../../../../m68k-elf/lib/m5208\libstdc++.a(eh_catch.o)
 .text          0x0201dec4        0x0 c:/nburn/gcc-m68k/bin/../lib/gcc/m68k-elf/4.2.1/../../../../m68k-elf/lib/m5208\libstdc++.a(eh_terminate.o)
 .text          0x0201dec4        0x0 c:/nburn/gcc-m68k/bin/../lib/gcc/m68k-elf/4.2.1/../../../../m68k-elf/lib/m5208\libstdc++.a(eh_call.o)
 .text          0x0201dec4        0x0 c:/nburn/gcc-m68k/bin/../lib/gcc/m68k-elf/4.2.1/../../../../m68k-elf/lib/m5208\libstdc++.a(class_type_info.o)
 .text          0x0201dec4        0x0 c:/nburn/gcc-m68k/bin/../lib/gcc/m68k-elf/4.2.1/../../../../m68k-elf/lib/m5208\libstdc++.a(eh_term_handler.o)
 .text          0x0201dec4        0x0 c:/nburn/gcc-m68k/bin/../lib/gcc/m68k-elf/4.2.1/../../../../m68k-elf/lib/m5208\libstdc++.a(eh_unex_handler.o)
 .text          0x0201dec4        0x0 c:/nburn/gcc-m68k/bin/../lib/gcc/m68k-elf/4.2.1/../../../../m68k-elf/lib/m5208\libstdc++.a(si_class_type_info.o)
 .text          0x0201dec4        0x0 c:/nburn/gcc-m68k/bin/../lib/gcc/m68k-elf/4.2.1/../../../../m68k-elf/lib/m5208\libstdc++.a(vterminate.o)
 .text          0x0201dec4     0x4ae6 c:/nburn/gcc-m68k/bin/../lib/gcc/m68k-elf/4.2.1/../../../../m68k-elf/lib/m5208\libstdc++.a(cp-demangle.o)
                0x020228d2                __cxa_demangle
 *fill*         0x020229aa        0x2 00
 .text          0x020229ac        0x0 c:/nburn/gcc-m68k/bin/../lib/gcc/m68k-elf/4.2.1/../../../../m68k-elf/lib/m5208\libstdc++.a(tinfo.o)
 .text          0x020229ac        0x0 c:/nburn/gcc-m68k/bin/../lib/gcc/m68k-elf/4.2.1/../../../../m68k-elf/lib/m5208\libstdc++.a(eh_type.o)
 .text          0x020229ac      0xba0 c:/nburn/gcc-m68k/bin/../lib/gcc/m68k-elf/4.2.1/m5208\libgcc.a(_double.o)
                0x020234aa                __cmpdf2
                0x02022a0c                __adddf3
                0x02023374                __negdf2
                0x02023084                __divdf3
                0x020233d2                __cmpdf2_internal
                0x02022ea8                __muldf3
                0x02022a06                __subdf3
 .text          0x0202354c       0x74 c:/nburn/gcc-m68k/bin/../lib/gcc/m68k-elf/4.2.1/m5208\libgcc.a(_floatex.o)
                0x02023558                $_exception_handler
                0x0202354c                __clear_sticky_bit
 .text          0x020235c0       0x22 c:/nburn/gcc-m68k/bin/../lib/gcc/m68k-elf/4.2.1/m5208\libgcc.a(_ltdf2.o)
                0x020235c0                __ltdf2
 *fill*         0x020235e2        0x2 00
 .text          0x020235e4       0x7a c:/nburn/gcc-m68k/bin/../lib/gcc/m68k-elf/4.2.1/m5208\libgcc.a(_fixunsdfsi.o)
                0x020235e4                __fixunsdfsi
 *fill*         0x0202365e        0x2 00
 .text          0x02023660      0x49a c:/nburn/gcc-m68k/bin/../lib/gcc/m68k-elf/4.2.1/m5208\libgcc.a(fpgnulib.o)
                0x02023ae0                __fixsfsi
                0x020237c8                __floatsidf
                0x0202389e                __extendsfdf2
                0x02023756                __floatunsidf
                0x02023a60                __fixdfsi
                0x02023884                __floatsisf
                0x02023938                __truncdfsf2
                0x02023660                __unordsf2
                0x0202386a                __floatunsisf
                0x020236c2                __unorddf2
 *fill*         0x02023afa        0x2 00
 .text          0x02023afc     0x1f0e c:/nburn/gcc-m68k/bin/../lib/gcc/m68k-elf/4.2.1/m5208\libgcc.a(unwind-dw2.o)
                0x02023e9e                _Unwind_GetIPInfo
                0x02023b82                _Unwind_GetIP
                0x0202586e                _Unwind_Resume_or_Rethrow
                0x02023bb4                _Unwind_GetRegionStart
                0x02025576                _Unwind_Backtrace
                0x02023b72                _Unwind_GetCFA
                0x0202476c                __frame_state_for
                0x020258fc                _Unwind_Resume
                0x02023be4                _Unwind_DeleteException
                0x02025692                _Unwind_RaiseException
                0x02023b92                _Unwind_SetIP
                0x02023bd4                _Unwind_GetTextRelBase
                0x02023e7a                _Unwind_FindEnclosingFunction
                0x02023ba4                _Unwind_GetLanguageSpecificData
                0x02025982                _Unwind_ForcedUnwind
                0x02023c02                _Unwind_SetGR
                0x02023c68                _Unwind_GetGR
                0x02023bc4                _Unwind_GetDataRelBase
 *fill*         0x02025a0a        0x2 00
 .text          0x02025a0c     0x126c c:/nburn/gcc-m68k/bin/../lib/gcc/m68k-elf/4.2.1/m5208\libgcc.a(unwind-dw2-fde.o)
                0x02026b2a                _Unwind_Find_FDE
                0x02026320                __register_frame
                0x020262fe                __register_frame_table
                0x02025a82                __register_frame_info_bases
                0x02026a62                __deregister_frame_info
                0x020269a4                __deregister_frame_info_bases
                0x02025aee                __register_frame_info_table_bases
                0x02026a6c                __deregister_frame
                0x02025b40                __register_frame_info_table
                0x02025ad2                __register_frame_info
 .text          0x02026c78       0x22 c:/nburn/gcc-m68k/bin/../lib/gcc/m68k-elf/4.2.1/m5208\libgcc.a(_gedf2.o)
                0x02026c78                __gedf2
 *fill*         0x02026c9a        0x2 00
 .text          0x02026c9c       0x18 c:/nburn/gcc-m68k/bin/../lib/gcc/m68k-elf/4.2.1/../../../../m68k-elf/lib/m5208\libc.a(lib_a-abort.o)
                0x02026c9c                abort
 .text          0x02026cb4       0x34 c:/nburn/gcc-m68k/bin/../lib/gcc/m68k-elf/4.2.1/../../../../m68k-elf/lib/m5208\libc.a(lib_a-atoi.o)
                0x02026cb4                _atoi_r
                0x02026cd0                atoi
 .text          0x02026ce8       0x64 c:/nburn/gcc-m68k/bin/../lib/gcc/m68k-elf/4.2.1/../../../../m68k-elf/lib/m5208\libc.a(lib_a-bsearch.o)
                0x02026ce8                bsearch
 .text          0x02026d4c       0x1e c:/nburn/gcc-m68k/bin/../lib/gcc/m68k-elf/4.2.1/../../../../m68k-elf/lib/m5208\libc.a(lib_a-cxa_atexit.o)
                0x02026d4c                __cxa_atexit
 *fill*         0x02026d6a        0x2 00
 .text          0x02026d6c        0xe c:/nburn/gcc-m68k/bin/../lib/gcc/m68k-elf/4.2.1/../../../../m68k-elf/lib/m5208\libc.a(lib_a-errno.o)
                0x02026d6c                __errno
 *fill*         0x02026d7a        0x2 00
 .text          0x02026d7c       0x24 c:/nburn/gcc-m68k/bin/../lib/gcc/m68k-elf/4.2.1/../../../../m68k-elf/lib/m5208\libc.a(lib_a-fiprintf.o)
                0x02026d7c                fiprintf
 .text          0x02026da0       0xaa c:/nburn/gcc-m68k/bin/../lib/gcc/m68k-elf/4.2.1/../../../../m68k-elf/lib/m5208\libc.a(lib_a-fputc.o)
                0x02026dee                _fputc_r
                0x02026da0                fputc
 *fill*         0x02026e4a        0x2 00
 .text          0x02026e4c       0x90 c:/nburn/gcc-m68k/bin/../lib/gcc/m68k-elf/4.2.1/../../../../m68k-elf/lib/m5208\libc.a(lib_a-fputs.o)
                0x02026e4c                _fputs_r
                0x02026ec2                fputs
 .text          0x02026edc      0x37e c:/nburn/gcc-m68k/bin/../lib/gcc/m68k-elf/4.2.1/../../../../m68k-elf/lib/m5208\libc.a(lib_a-fvwrite.o)
                0x02026edc                __sfvwrite_r
 *fill*         0x0202725a        0x2 00
 .text          0x0202725c       0x9e c:/nburn/gcc-m68k/bin/../lib/gcc/m68k-elf/4.2.1/../../../../m68k-elf/lib/m5208\libc.a(lib_a-fwrite.o)
                0x0202725c                _fwrite_r
                0x020272d8                fwrite
 *fill*         0x020272fa        0x2 00
 .text          0x020272fc        0x0 c:/nburn/gcc-m68k/bin/../lib/gcc/m68k-elf/4.2.1/../../../../m68k-elf/lib/m5208\libc.a(lib_a-impure.o)
 .text          0x020272fc       0x54 c:/nburn/gcc-m68k/bin/../lib/gcc/m68k-elf/4.2.1/../../../../m68k-elf/lib/m5208\libc.a(lib_a-iprintf.o)
                0x020272fc                _iprintf_r
                0x02027326                iprintf
 .text          0x02027350       0x1c c:/nburn/gcc-m68k/bin/../lib/gcc/m68k-elf/4.2.1/../../../../m68k-elf/lib/m5208\libc.a(lib_a-isalpha.o)
                0x02027350                isalpha
 .text          0x0202736c       0x1c c:/nburn/gcc-m68k/bin/../lib/gcc/m68k-elf/4.2.1/../../../../m68k-elf/lib/m5208\libc.a(lib_a-isspace.o)
                0x0202736c                isspace
 .text          0x02027388       0x32 c:/nburn/gcc-m68k/bin/../lib/gcc/m68k-elf/4.2.1/../../../../m68k-elf/lib/m5208\libc.a(lib_a-malloc.o)
                0x020273a2                malloc
                0x02027388                free
 *fill*         0x020273ba        0x2 00
 .text          0x020273bc      0x78c c:/nburn/gcc-m68k/bin/../lib/gcc/m68k-elf/4.2.1/../../../../m68k-elf/lib/m5208\libc.a(lib_a-mallocr.o)
                0x020273bc                _malloc_r
 .text          0x02027b48       0xd2 c:/nburn/gcc-m68k/bin/../lib/gcc/m68k-elf/4.2.1/../../../../m68k-elf/lib/m5208\libc.a(lib_a-memchr.o)
                0x02027b48                memchr
 *fill*         0x02027c1a        0x2 00
 .text          0x02027c1c       0x72 c:/nburn/gcc-m68k/bin/../lib/gcc/m68k-elf/4.2.1/../../../../m68k-elf/lib/m5208\libc.a(lib_a-memcmp.o)
                0x02027c1c                memcmp
 *fill*         0x02027c8e        0x2 00
 .text          0x02027c90       0xb6 c:/nburn/gcc-m68k/bin/../lib/gcc/m68k-elf/4.2.1/../../../../m68k-elf/lib/m5208\libc.a(lib_a-memmove.o)
                0x02027c90                memmove
 *fill*         0x02027d46        0x2 00
 .text          0x02027d48      0x16a c:/nburn/gcc-m68k/bin/../lib/gcc/m68k-elf/4.2.1/../../../../m68k-elf/lib/m5208\libc.a(lib_a-putc.o)
                0x02027e02                _putc_r
                0x02027d48                putc
 *fill*         0x02027eb2        0x2 00
 .text          0x02027eb4       0x8a c:/nburn/gcc-m68k/bin/../lib/gcc/m68k-elf/4.2.1/../../../../m68k-elf/lib/m5208\libc.a(lib_a-puts.o)
                0x02027eb4                _puts_r
                0x02027f28                puts
 *fill*         0x02027f3e        0x2 00
 .text          0x02027f40       0x1c c:/nburn/gcc-m68k/bin/../lib/gcc/m68k-elf/4.2.1/../../../../m68k-elf/lib/m5208\libc.a(lib_a-realloc.o)
                0x02027f40                realloc
 .text          0x02027f5c      0x502 c:/nburn/gcc-m68k/bin/../lib/gcc/m68k-elf/4.2.1/../../../../m68k-elf/lib/m5208\libc.a(lib_a-reallocr.o)
                0x02027f5c                _realloc_r
 *fill*         0x0202845e        0x2 00
 .text          0x02028460       0x4e c:/nburn/gcc-m68k/bin/../lib/gcc/m68k-elf/4.2.1/../../../../m68k-elf/lib/m5208\libc.a(lib_a-rget.o)
                0x0202849a                __srget
                0x02028460                __srget_r
 *fill*         0x020284ae        0x2 00
 .text          0x020284b0      0x1ee c:/nburn/gcc-m68k/bin/../lib/gcc/m68k-elf/4.2.1/../../../../m68k-elf/lib/m5208\libc.a(lib_a-setvbuf.o)
                0x020284b0                setvbuf
 *fill*         0x0202869e        0x2 00
 .text          0x020286a0      0x270 c:/nburn/gcc-m68k/bin/../lib/gcc/m68k-elf/4.2.1/../../../../m68k-elf/lib/m5208\libc.a(lib_a-signal.o)
                0x02028894                _signal_r
                0x020287b4                _raise_r
                0x0202871a                __sigtramp_r
                0x020288f8                signal
                0x0202870a                _init_signal
                0x020286a0                _init_signal_r
                0x0202879e                __sigtramp
                0x0202887e                raise
 .text          0x02028910       0x42 c:/nburn/gcc-m68k/bin/../lib/gcc/m68k-elf/4.2.1/../../../../m68k-elf/lib/m5208\libc.a(lib_a-signalr.o)
                0x0202891c                _kill_r
                0x02028910                _getpid_r
 *fill*         0x02028952        0x2 00
 .text          0x02028954       0xba c:/nburn/gcc-m68k/bin/../lib/gcc/m68k-elf/4.2.1/../../../../m68k-elf/lib/m5208\libc.a(lib_a-siprintf.o)
                0x020289b2                _siprintf_r
                0x02028954                siprintf
 *fill*         0x02028a0e        0x2 00
 .text          0x02028a10      0x14c c:/nburn/gcc-m68k/bin/../lib/gcc/m68k-elf/4.2.1/../../../../m68k-elf/lib/m5208\libc.a(lib_a-snprintf.o)
                0x02028a10                snprintf
                0x02028ab8                _snprintf_r
 .text          0x02028b5c       0x92 c:/nburn/gcc-m68k/bin/../lib/gcc/m68k-elf/4.2.1/../../../../m68k-elf/lib/m5208\libc.a(lib_a-strcasecmp.o)
                0x02028b5c                strcasecmp
 *fill*         0x02028bee        0x2 00
 .text          0x02028bf0       0x7c c:/nburn/gcc-m68k/bin/../lib/gcc/m68k-elf/4.2.1/../../../../m68k-elf/lib/m5208\libc.a(lib_a-strcat.o)
                0x02028bf0                strcat
 .text          0x02028c6c       0x70 c:/nburn/gcc-m68k/bin/../lib/gcc/m68k-elf/4.2.1/../../../../m68k-elf/lib/m5208\libc.a(lib_a-strcmp.o)
                0x02028c6c                strcmp
 .text          0x02028cdc       0x22 c:/nburn/gcc-m68k/bin/../lib/gcc/m68k-elf/4.2.1/../../../../m68k-elf/lib/m5208\libc.a(lib_a-strcpy.o)
                0x02028cdc                strcpy
 *fill*         0x02028cfe        0x2 00
 .text          0x02028d00       0x1a c:/nburn/gcc-m68k/bin/../lib/gcc/m68k-elf/4.2.1/../../../../m68k-elf/lib/m5208\libc.a(lib_a-strlen.o)
                0x02028d00                strlen
 *fill*         0x02028d1a        0x2 00
 .text          0x02028d1c       0xda c:/nburn/gcc-m68k/bin/../lib/gcc/m68k-elf/4.2.1/../../../../m68k-elf/lib/m5208\libc.a(lib_a-strncmp.o)
                0x02028d1c                strncmp
 *fill*         0x02028df6        0x2 00
 .text          0x02028df8       0x46 c:/nburn/gcc-m68k/bin/../lib/gcc/m68k-elf/4.2.1/../../../../m68k-elf/lib/m5208\libc.a(lib_a-strstr.o)
                0x02028df8                strstr
 *fill*         0x02028e3e        0x2 00
 .text          0x02028e40       0x28 c:/nburn/gcc-m68k/bin/../lib/gcc/m68k-elf/4.2.1/../../../../m68k-elf/lib/m5208\libc.a(lib_a-strtok.o)
                0x02028e40                strtok
 .text          0x02028e68       0xc6 c:/nburn/gcc-m68k/bin/../lib/gcc/m68k-elf/4.2.1/../../../../m68k-elf/lib/m5208\libc.a(lib_a-strtok_r.o)
                0x02028f12                strtok_r
                0x02028e68                __strtok_r
 *fill*         0x02028f2e        0x2 00
 .text          0x02028f30      0x18a c:/nburn/gcc-m68k/bin/../lib/gcc/m68k-elf/4.2.1/../../../../m68k-elf/lib/m5208\libc.a(lib_a-strtol.o)
                0x0202909c                strtol
                0x02028f30                _strtol_r
 *fill*         0x020290ba        0x2 00
 .text          0x020290bc       0x26 c:/nburn/gcc-m68k/bin/../lib/gcc/m68k-elf/4.2.1/../../../../m68k-elf/lib/m5208\libc.a(lib_a-toupper.o)
                0x020290bc                toupper
 *fill*         0x020290e2        0x2 00
 .text          0x020290e4     0x1280 c:/nburn/gcc-m68k/bin/../lib/gcc/m68k-elf/4.2.1/../../../../m68k-elf/lib/m5208\libc.a(lib_a-vfiprintf.o)
                0x0202a346                vfiprintf
                0x02029128                _vfiprintf_r
 .text          0x0202a364     0x1fac c:/nburn/gcc-m68k/bin/../lib/gcc/m68k-elf/4.2.1/../../../../m68k-elf/lib/m5208\libc.a(lib_a-vfprintf.o)
                0x0202a3a8                _vfprintf_r
                0x0202c2f2                vfprintf
 .text          0x0202c310      0x124 c:/nburn/gcc-m68k/bin/../lib/gcc/m68k-elf/4.2.1/../../../../m68k-elf/lib/m5208\libc.a(lib_a-wbuf.o)
                0x0202c310                __swbuf_r
                0x0202c41a                __swbuf
 .text          0x0202c434       0x7c c:/nburn/gcc-m68k/bin/../lib/gcc/m68k-elf/4.2.1/../../../../m68k-elf/lib/m5208\libc.a(lib_a-wcrtomb.o)
                0x0202c434                _wcrtomb_r
                0x0202c494                wcrtomb
 .text          0x0202c4b0      0x130 c:/nburn/gcc-m68k/bin/../lib/gcc/m68k-elf/4.2.1/../../../../m68k-elf/lib/m5208\libc.a(lib_a-wcsrtombs.o)
                0x0202c4b0                _wcsrtombs_r
                0x0202c5be                wcsrtombs
 .text          0x0202c5e0      0x452 c:/nburn/gcc-m68k/bin/../lib/gcc/m68k-elf/4.2.1/../../../../m68k-elf/lib/m5208\libc.a(lib_a-wctomb_r.o)
                0x0202c5e0                _wctomb_r
 *fill*         0x0202ca32        0x2 00
 .text          0x0202ca34      0x130 c:/nburn/gcc-m68k/bin/../lib/gcc/m68k-elf/4.2.1/../../../../m68k-elf/lib/m5208\libc.a(lib_a-wsetup.o)
                0x0202ca34                __swsetup
 .text          0x0202cb64       0xe8 c:/nburn/gcc-m68k/bin/../lib/gcc/m68k-elf/4.2.1/../../../../m68k-elf/lib/m5208\libc.a(lib_a-__atexit.o)
                0x0202cb64                __register_exitproc
 .text          0x0202cc4c        0x0 c:/nburn/gcc-m68k/bin/../lib/gcc/m68k-elf/4.2.1/../../../../m68k-elf/lib/m5208\libc.a(lib_a-ctype_.o)
 .text          0x0202cc4c     0x160a c:/nburn/gcc-m68k/bin/../lib/gcc/m68k-elf/4.2.1/../../../../m68k-elf/lib/m5208\libc.a(lib_a-dtoa.o)
                0x0202cdfe                _dtoa_r
 *fill*         0x0202e256        0x2 00
 .text          0x0202e258      0x198 c:/nburn/gcc-m68k/bin/../lib/gcc/m68k-elf/4.2.1/../../../../m68k-elf/lib/m5208\libc.a(lib_a-fflush.o)
                0x0202e258                fflush
 .text          0x0202e3f0      0x25e c:/nburn/gcc-m68k/bin/../lib/gcc/m68k-elf/4.2.1/../../../../m68k-elf/lib/m5208\libc.a(lib_a-findfp.o)
                0x0202e44a                __sinit
                0x0202e502                __sfmoreglue
                0x0202e4f0                _cleanup
                0x0202e4d6                _cleanup_r
                0x0202e570                __sfp
 *fill*         0x0202e64e        0x2 00
 .text          0x0202e650      0x422 c:/nburn/gcc-m68k/bin/../lib/gcc/m68k-elf/4.2.1/../../../../m68k-elf/lib/m5208\libc.a(lib_a-freer.o)
                0x0202e740                _free_r
                0x0202e650                _malloc_trim_r
 *fill*         0x0202ea72        0x2 00
 .text          0x0202ea74       0xe4 c:/nburn/gcc-m68k/bin/../lib/gcc/m68k-elf/4.2.1/../../../../m68k-elf/lib/m5208\libc.a(lib_a-fwalk.o)
                0x0202ea74                _fwalk
                0x0202eae4                _fwalk_reent
 .text          0x0202eb58       0xa6 c:/nburn/gcc-m68k/bin/../lib/gcc/m68k-elf/4.2.1/../../../../m68k-elf/lib/m5208\libc.a(lib_a-locale.o)
                0x0202eb86                _setlocale_r
                0x0202eb58                __locale_charset
                0x0202eb66                _localeconv_r
                0x0202ebe6                setlocale
                0x0202eb74                localeconv
 *fill*         0x0202ebfe        0x2 00
 .text          0x0202ec00      0x178 c:/nburn/gcc-m68k/bin/../lib/gcc/m68k-elf/4.2.1/../../../../m68k-elf/lib/m5208\libc.a(lib_a-makebuf.o)
                0x0202ec00                __smakebuf
 .text          0x0202ed78      0xc78 c:/nburn/gcc-m68k/bin/../lib/gcc/m68k-elf/4.2.1/../../../../m68k-elf/lib/m5208\libc.a(lib_a-mprec.o)
                0x0202f0cc                _mprec_log10
                0x0202f182                __any_on
                0x0202f228                _Balloc
                0x0202f03a                __ratio
                0x0202f750                __i2b
                0x0202ef4a                __b2d
                0x0202f918                __s2b
                0x0202ee68                __mcmp
                0x0202ed78                __hi0bits
                0x0202f836                __pow5mult
                0x0202f534                __lshift
                0x0202f5e2                __multiply
                0x0202f2de                __d2b
                0x0202f13e                __copybits
                0x0202eec8                __ulp
                0x0202f3f4                __mdiff
                0x0202eddc                __lo0bits
                0x0202f772                __multadd
                0x0202f1ee                _Bfree
 .text          0x0202f9f0      0x21c c:/nburn/gcc-m68k/bin/../lib/gcc/m68k-elf/4.2.1/../../../../m68k-elf/lib/m5208\libc.a(lib_a-refill.o)
                0x0202fa14                __srefill_r
 .text          0x0202fc0c       0x42 c:/nburn/gcc-m68k/bin/../lib/gcc/m68k-elf/4.2.1/../../../../m68k-elf/lib/m5208\libc.a(lib_a-s_isinfd.o)
                0x0202fc0c                __isinfd
 *fill*         0x0202fc4e        0x2 00
 .text          0x0202fc50       0x34 c:/nburn/gcc-m68k/bin/../lib/gcc/m68k-elf/4.2.1/../../../../m68k-elf/lib/m5208\libc.a(lib_a-s_isnand.o)
                0x0202fc50                __isnand
 .text          0x0202fc84      0x162 c:/nburn/gcc-m68k/bin/../lib/gcc/m68k-elf/4.2.1/../../../../m68k-elf/lib/m5208\libc.a(lib_a-stdio.o)
                0x0202fca2                __sseek
                0x0202fd94                __sread
                0x0202fc84                __sclose
                0x0202fd04                __swrite
 *fill*         0x0202fde6        0x2 00
 .text          0x0202fde8       0x3e c:/nburn/gcc-m68k/bin/../lib/gcc/m68k-elf/4.2.1/../../../../m68k-elf/lib/m5208\libc.a(lib_a-writer.o)
                0x0202fde8                _write_r
 *fill*         0x0202fe26        0x2 00
 .text          0x0202fe28       0x92 c:/nburn/gcc-m68k/bin/../lib/gcc/m68k-elf/4.2.1/../../../../m68k-elf/lib/m5208\libc.a(lib_a-callocr.o)
                0x0202fe28                _calloc_r
 *fill*         0x0202feba        0x2 00
 .text          0x0202febc       0x32 c:/nburn/gcc-m68k/bin/../lib/gcc/m68k-elf/4.2.1/../../../../m68k-elf/lib/m5208\libc.a(lib_a-closer.o)
                0x0202febc                _close_r
 *fill*         0x0202feee        0x2 00
 .text          0x0202fef0       0xfe c:/nburn/gcc-m68k/bin/../lib/gcc/m68k-elf/4.2.1/../../../../m68k-elf/lib/m5208\libc.a(lib_a-fclose.o)
                0x0202fef0                _fclose_r
                0x0202ffd8                fclose
 *fill*         0x0202ffee        0x2 00
 .text          0x0202fff0       0x36 c:/nburn/gcc-m68k/bin/../lib/gcc/m68k-elf/4.2.1/../../../../m68k-elf/lib/m5208\libc.a(lib_a-fstatr.o)
                0x0202fff0                _fstat_r
 *fill*         0x02030026        0x2 00
 .text          0x02030028       0x3e c:/nburn/gcc-m68k/bin/../lib/gcc/m68k-elf/4.2.1/../../../../m68k-elf/lib/m5208\libc.a(lib_a-lseekr.o)
                0x02030028                _lseek_r
 *fill*         0x02030066        0x2 00
 .text          0x02030068       0x3e c:/nburn/gcc-m68k/bin/../lib/gcc/m68k-elf/4.2.1/../../../../m68k-elf/lib/m5208\libc.a(lib_a-readr.o)
                0x02030068                _read_r
 *fill*         0x020300a6        0x2 00
 .text          0x020300a8       0x22 c:/nburn/gcc-m68k/bin/../lib/gcc/m68k-elf/4.2.1/m5208\libgcc.a(_eqdf2.o)
                0x020300a8                __eqdf2
 *fill*         0x020300ca        0x2 00
 .text          0x020300cc       0x22 c:/nburn/gcc-m68k/bin/../lib/gcc/m68k-elf/4.2.1/m5208\libgcc.a(_nedf2.o)
                0x020300cc                __nedf2
 *fill*         0x020300ee        0x2 00
 .text          0x020300f0       0x22 c:/nburn/gcc-m68k/bin/../lib/gcc/m68k-elf/4.2.1/m5208\libgcc.a(_gtdf2.o)
                0x020300f0                __gtdf2
 *fill*         0x02030112        0x2 00
 .text          0x02030114      0x3d4 c:/nburn/gcc-m68k/bin/../lib/gcc/m68k-elf/4.2.1/m5208\libgcc.a(_udivdi3.o)
                0x02030114                __udivdi3
 .text          0x020304e8      0x3ee c:/nburn/gcc-m68k/bin/../lib/gcc/m68k-elf/4.2.1/m5208\libgcc.a(_umoddi3.o)
                0x020304e8                __umoddi3
 *fill*         0x020308d6        0x2 00
 .text          0x020308d8       0x32 c:/nburn/gcc-m68k/bin/../lib/gcc/m68k-elf/4.2.1/m5208/crtend.o
                0x02030910                . = ALIGN (0x10)
 *fill*         0x0203090a        0x6 00
 *(.text.*)
 .text._Znam    0x02030910       0x30 c:/nburn/gcc-m68k/bin/../lib/gcc/m68k-elf/4.2.1/../../../../m68k-elf/lib/m5208\libstdc++.a(new_opv.o)
                0x02030910                operator new[](unsigned long)
 .text._ZdlPv   0x02030940       0x16 c:/nburn/gcc-m68k/bin/../lib/gcc/m68k-elf/4.2.1/../../../../m68k-elf/lib/m5208\libstdc++.a(del_op.o)
                0x02030940                operator delete(void*)
 .text._Z12read_uleb128PKhPj
                0x02030956       0x30 c:/nburn/gcc-m68k/bin/../lib/gcc/m68k-elf/4.2.1/../../../../m68k-elf/lib/m5208\libstdc++.a(eh_personality.o)
 .text._Z12read_sleb128PKhPi
                0x02030986       0x46 c:/nburn/gcc-m68k/bin/../lib/gcc/m68k-elf/4.2.1/../../../../m68k-elf/lib/m5208\libstdc++.a(eh_personality.o)
 .text._Z16get_adjusted_ptrPKSt9type_infoS1_PPv
                0x020309cc       0x6a c:/nburn/gcc-m68k/bin/../lib/gcc/m68k-elf/4.2.1/../../../../m68k-elf/lib/m5208\libstdc++.a(eh_personality.o)
 .text._Z28read_encoded_value_with_basehjPKhPj
                0x02030a36      0x12a c:/nburn/gcc-m68k/bin/../lib/gcc/m68k-elf/4.2.1/../../../../m68k-elf/lib/m5208\libstdc++.a(eh_personality.o)
 .text._Z21base_of_encoded_valuehP15_Unwind_Context
                0x02030b60       0x8c c:/nburn/gcc-m68k/bin/../lib/gcc/m68k-elf/4.2.1/../../../../m68k-elf/lib/m5208\libstdc++.a(eh_personality.o)
 .text._Z17parse_lsda_headerP15_Unwind_ContextPKhP16lsda_header_info
                0x02030bec       0xec c:/nburn/gcc-m68k/bin/../lib/gcc/m68k-elf/4.2.1/../../../../m68k-elf/lib/m5208\libstdc++.a(eh_personality.o)
 .text._Z15get_ttype_entryP16lsda_header_infoj
                0x02030cd8       0xe2 c:/nburn/gcc-m68k/bin/../lib/gcc/m68k-elf/4.2.1/../../../../m68k-elf/lib/m5208\libstdc++.a(eh_personality.o)
 .text._Z20check_exception_specP16lsda_header_infoPKSt9type_infoPvi
                0x02030dba       0x70 c:/nburn/gcc-m68k/bin/../lib/gcc/m68k-elf/4.2.1/../../../../m68k-elf/lib/m5208\libstdc++.a(eh_personality.o)
 .text.__cxa_call_unexpected
                0x02030e2a       0xde c:/nburn/gcc-m68k/bin/../lib/gcc/m68k-elf/4.2.1/../../../../m68k-elf/lib/m5208\libstdc++.a(eh_personality.o)
                0x02030e2a                __cxa_call_unexpected
 .text.__gxx_personality_v0
                0x02030f08      0x440 c:/nburn/gcc-m68k/bin/../lib/gcc/m68k-elf/4.2.1/../../../../m68k-elf/lib/m5208\libstdc++.a(eh_personality.o)
                0x02030f08                __gxx_personality_v0
 .text._Z41__static_initialization_and_destruction_0ii
                0x02031348        0x8 c:/nburn/gcc-m68k/bin/../lib/gcc/m68k-elf/4.2.1/../../../../m68k-elf/lib/m5208\libstdc++.a(eh_alloc.o)
 .text._GLOBAL__I___cxa_allocate_exception
                0x02031350       0x1a c:/nburn/gcc-m68k/bin/../lib/gcc/m68k-elf/4.2.1/../../../../m68k-elf/lib/m5208\libstdc++.a(eh_alloc.o)
 .text.__cxa_allocate_exception
                0x0203136a       0xa4 c:/nburn/gcc-m68k/bin/../lib/gcc/m68k-elf/4.2.1/../../../../m68k-elf/lib/m5208\libstdc++.a(eh_alloc.o)
                0x0203136a                __cxa_allocate_exception
 .text.__cxa_free_exception
                0x0203140e       0x4a c:/nburn/gcc-m68k/bin/../lib/gcc/m68k-elf/4.2.1/../../../../m68k-elf/lib/m5208\libstdc++.a(eh_alloc.o)
                0x0203140e                __cxa_free_exception
 .text._Znwm    0x02031458       0x80 c:/nburn/gcc-m68k/bin/../lib/gcc/m68k-elf/4.2.1/../../../../m68k-elf/lib/m5208\libstdc++.a(new_op.o)
                0x02031458                operator new(unsigned long)
 .text.__cxa_rethrow
                0x020314d8       0x7c c:/nburn/gcc-m68k/bin/../lib/gcc/m68k-elf/4.2.1/../../../../m68k-elf/lib/m5208\libstdc++.a(eh_throw.o)
                0x020314d8                __cxa_rethrow
 .text.__cxa_throw
                0x02031554       0x6c c:/nburn/gcc-m68k/bin/../lib/gcc/m68k-elf/4.2.1/../../../../m68k-elf/lib/m5208\libstdc++.a(eh_throw.o)
                0x02031554                __cxa_throw
 .text._Z23__gxx_exception_cleanup19_Unwind_Reason_CodeP17_Unwind_Exception
                0x020315c0       0x62 c:/nburn/gcc-m68k/bin/../lib/gcc/m68k-elf/4.2.1/../../../../m68k-elf/lib/m5208\libstdc++.a(eh_throw.o)
 .text._ZSt15set_new_handlerPFvvE
                0x02031622       0x18 c:/nburn/gcc-m68k/bin/../lib/gcc/m68k-elf/4.2.1/../../../../m68k-elf/lib/m5208\libstdc++.a(new_handler.o)
                0x02031622                std::set_new_handler(void (*)())
 .text._ZNKSt9bad_alloc4whatEv
                0x0203163a        0xe c:/nburn/gcc-m68k/bin/../lib/gcc/m68k-elf/4.2.1/../../../../m68k-elf/lib/m5208\libstdc++.a(new_handler.o)
                0x0203163a                std::bad_alloc::what() const
 .text._ZNSt9bad_allocD0Ev
                0x02031648       0x2a c:/nburn/gcc-m68k/bin/../lib/gcc/m68k-elf/4.2.1/../../../../m68k-elf/lib/m5208\libstdc++.a(new_handler.o)
                0x02031648                std::bad_alloc::~bad_alloc()
 .text._ZNSt9bad_allocD1Ev
                0x02031672       0x16 c:/nburn/gcc-m68k/bin/../lib/gcc/m68k-elf/4.2.1/../../../../m68k-elf/lib/m5208\libstdc++.a(new_handler.o)
                0x02031672                std::bad_alloc::~bad_alloc()
 .text._ZNSt9bad_allocD2Ev
                0x02031688       0x16 c:/nburn/gcc-m68k/bin/../lib/gcc/m68k-elf/4.2.1/../../../../m68k-elf/lib/m5208\libstdc++.a(new_handler.o)
                0x02031688                std::bad_alloc::~bad_alloc()
 .text.__cxa_get_globals_fast
                0x0203169e        0xe c:/nburn/gcc-m68k/bin/../lib/gcc/m68k-elf/4.2.1/../../../../m68k-elf/lib/m5208\libstdc++.a(eh_globals.o)
                0x0203169e                __cxa_get_globals_fast
 .text.__cxa_get_globals
                0x020316ac        0xe c:/nburn/gcc-m68k/bin/../lib/gcc/m68k-elf/4.2.1/../../../../m68k-elf/lib/m5208\libstdc++.a(eh_globals.o)
                0x020316ac                __cxa_get_globals
 .text._ZNKSt9exception4whatEv
                0x020316ba        0xe c:/nburn/gcc-m68k/bin/../lib/gcc/m68k-elf/4.2.1/../../../../m68k-elf/lib/m5208\libstdc++.a(eh_exception.o)
                0x020316ba                std::exception::what() const
 .text._ZNKSt13bad_exception4whatEv
                0x020316c8        0xe c:/nburn/gcc-m68k/bin/../lib/gcc/m68k-elf/4.2.1/../../../../m68k-elf/lib/m5208\libstdc++.a(eh_exception.o)
                0x020316c8                std::bad_exception::what() const
 .text._ZNSt9exceptionD0Ev
                0x020316d6       0x16 c:/nburn/gcc-m68k/bin/../lib/gcc/m68k-elf/4.2.1/../../../../m68k-elf/lib/m5208\libstdc++.a(eh_exception.o)
                0x020316d6                std::exception::~exception()
 .text._ZNSt9exceptionD1Ev
                0x020316ec       0x12 c:/nburn/gcc-m68k/bin/../lib/gcc/m68k-elf/4.2.1/../../../../m68k-elf/lib/m5208\libstdc++.a(eh_exception.o)
                0x020316ec                std::exception::~exception()
 .text._ZNSt9exceptionD2Ev
                0x020316fe       0x12 c:/nburn/gcc-m68k/bin/../lib/gcc/m68k-elf/4.2.1/../../../../m68k-elf/lib/m5208\libstdc++.a(eh_exception.o)
                0x020316fe                std::exception::~exception()
 .text._ZNSt13bad_exceptionD0Ev
                0x02031710       0x2a c:/nburn/gcc-m68k/bin/../lib/gcc/m68k-elf/4.2.1/../../../../m68k-elf/lib/m5208\libstdc++.a(eh_exception.o)
                0x02031710                std::bad_exception::~bad_exception()
 .text._ZNSt13bad_exceptionD1Ev
                0x0203173a       0x16 c:/nburn/gcc-m68k/bin/../lib/gcc/m68k-elf/4.2.1/../../../../m68k-elf/lib/m5208\libstdc++.a(eh_exception.o)
                0x0203173a                std::bad_exception::~bad_exception()
 .text._ZNSt13bad_exceptionD2Ev
                0x02031750       0x16 c:/nburn/gcc-m68k/bin/../lib/gcc/m68k-elf/4.2.1/../../../../m68k-elf/lib/m5208\libstdc++.a(eh_exception.o)
                0x02031750                std::bad_exception::~bad_exception()
 .text.__cxa_get_exception_ptr
                0x02031766       0x10 c:/nburn/gcc-m68k/bin/../lib/gcc/m68k-elf/4.2.1/../../../../m68k-elf/lib/m5208\libstdc++.a(eh_catch.o)
                0x02031766                __cxa_get_exception_ptr
 .text._ZSt18uncaught_exceptionv