Archive member included because of file (symbol)

C:\nburn\lib\MOD5234.a(bsp.o)
                              lab5.o (SetIntc)
C:\nburn\lib\MOD5234.a(etpu_sm.o)
                              stepper.o (fs_etpu_sm_get_cp)
C:\nburn\lib\MOD5234.a(etpu_util.o)
                              C:\nburn\lib\MOD5234.a(etpu_sm.o) (fs_etpu_set_hsr)
C:\nburn\lib\MOD5234.a(pins.o)
                              lcd.o (PinIO::function(int))
C:\nburn\lib\MOD5234.a(ioboard.o)
                              lab5.o (getdipsw)
C:\nburn\lib\MOD5234.a(ETPUinit.o)
                              C:\nburn\lib\MOD5234.a(etpu_sm.o) (eTPU)
C:\nburn\lib\MOD5234.a(ETPU.o)
                              C:\nburn\lib\MOD5234.a(ETPUinit.o) (eTPURecordInit())
C:\nburn\lib\MOD5234.a(etpu_gpio.o)
                              C:\nburn\lib\MOD5234.a(ETPU.o) (fs_etpu_gpio_output)
C:\nburn\lib\MOD5234.a(etpu_uart.o)
                              C:\nburn\lib\MOD5234.a(ETPU.o) (fs_etpu_uart_read_receive_data)
C:\nburn\lib\NetBurner.a(ucosmcfa.o)
                              C:\nburn\lib\MOD5234.a(bsp.o) (OSCtxSw)
C:\nburn\lib\NetBurner.a(ucos.o)
                              lab5.o (OSIntNesting)
C:\nburn\lib\NetBurner.a(ucosmain.o)
                              C:\nburn\lib\NetBurner.a(ucos.o) (OSTCBTbl)
C:\nburn\lib\NetBurner.a(fileio.o)
                              C:\nburn\lib\NetBurner.a(ucosmain.o) (ioctl)
C:\nburn\lib\NetBurner.a(main.o)
                              c:/nburn/gcc-m68k/bin/../lib/gcc/m68k-elf/4.2.1/../../../../m68k-elf/lib/m5208\nb-crt0.o (main)
C:\nburn\lib\NetBurner.a(ip.o)
                              lab5.o (InitializeStack(unsigned long, unsigned long, unsigned long, unsigned long))
C:\nburn\lib\NetBurner.a(buffers.o)
                              C:\nburn\lib\NetBurner.a(ip.o) (FreeBuffer)
C:\nburn\lib\NetBurner.a(arp.o)
                              C:\nburn\lib\NetBurner.a(ip.o) (wArpLifetime)
C:\nburn\lib\NetBurner.a(udp.o)
                              C:\nburn\lib\NetBurner.a(ip.o) (process_udp(pool_buffer*, IPPKT*, unsigned short))
C:\nburn\lib\NetBurner.a(tcp.o)
                              C:\nburn\lib\NetBurner.a(ip.o) (DumpTcpPacket(IPPKT*))
C:\nburn\lib\NetBurner.a(extraio.o)
                              C:\nburn\lib\MOD5234.a(ETPU.o) (GetExtraFD)
C:\nburn\lib\NetBurner.a(http.o)
                              lab5.o (StartHTTP)
C:\nburn\lib\NetBurner.a(httpinternal.o)
                              formcode.o (SetNewPostHandler)
C:\nburn\lib\NetBurner.a(htmldecomp.o)
                              C:\nburn\lib\NetBurner.a(httpinternal.o) (SendHeaderResponse(char*, int))
C:\nburn\lib\NetBurner.a(iosys.o)
                              C:\nburn\lib\NetBurner.a(tcp.o) (FD_ZERO)
C:\nburn\lib\NetBurner.a(netinterface.o)
                              C:\nburn\lib\NetBurner.a(arp.o) (GetFirstInterface())
C:\nburn\lib\NetBurner.a(taskmon.o)
                              lab5.o (EnableTaskMonitor())
C:\nburn\lib\NetBurner.a(autoupdate.o)
                              lab5.o (EnableAutoUpdate)
C:\nburn\lib\NetBurner.a(device.o)
                              C:\nburn\lib\NetBurner.a(main.o) (DeviceInitializeSem)
C:\nburn\lib\NetBurner.a(ucosmcfc.o)
                              C:\nburn\lib\NetBurner.a(ucos.o) (OSTaskCreatewName)
C:\nburn\lib\NetBurner.a(system.o)
                              C:\nburn\lib\NetBurner.a(udp.o) (isvalidcr)
C:\nburn\lib\NetBurner.a(utils.o)
                              C:\nburn\lib\NetBurner.a(system.o) (AsciiToIp)
C:\nburn\lib\MOD5234.a(serial.o)
                              C:\nburn\lib\NetBurner.a(fileio.o) (SerialClose)
C:\nburn\lib\MOD5234.a(ethernet.o)
                              C:\nburn\lib\NetBurner.a(netinterface.o) (AddEthernetInterface())
C:\nburn\lib\MOD5234.a(etherprint.o)
                              C:\nburn\lib\MOD5234.a(ethernet.o) (EtherLink())
C:\nburn\lib\MOD5234.a(emulticast.o)
                              C:\nburn\lib\MOD5234.a(ethernet.o) (EthEnableMulticast(MACADR))
c:/nburn/gcc-m68k/bin/../lib/gcc/m68k-elf/4.2.1/../../../../m68k-elf/lib/m5208\libstdc++.a(new_opv.o)
                              stepper.o (operator new[](unsigned long))
c:/nburn/gcc-m68k/bin/../lib/gcc/m68k-elf/4.2.1/../../../../m68k-elf/lib/m5208\libstdc++.a(del_op.o)
                              stepper.o (operator delete(void*))
c:/nburn/gcc-m68k/bin/../lib/gcc/m68k-elf/4.2.1/../../../../m68k-elf/lib/m5208\libstdc++.a(eh_personality.o)
                              c:/nburn/gcc-m68k/bin/../lib/gcc/m68k-elf/4.2.1/../../../../m68k-elf/lib/m5208\libstdc++.a(new_opv.o) (__cxa_call_unexpected)
c:/nburn/gcc-m68k/bin/../lib/gcc/m68k-elf/4.2.1/../../../../m68k-elf/lib/m5208\libstdc++.a(eh_alloc.o)
                              c:/nburn/gcc-m68k/bin/../lib/gcc/m68k-elf/4.2.1/../../../../m68k-elf/lib/m5208\libstdc++.a(eh_personality.o) (__cxa_allocate_exception)
c:/nburn/gcc-m68k/bin/../lib/gcc/m68k-elf/4.2.1/../../../../m68k-elf/lib/m5208\libstdc++.a(new_op.o)
[...]
Memory Configuration

Name             Origin             Length             Attributes
ram              0x02000000         0x00800000         xrw
SRAM             0x20000400         0x0000fc00         xrw
*default*        0x00000000         0xffffffff

Linker script and memory map

LOAD c:/nburn/gcc-m68k/bin/../lib/gcc/m68k-elf/4.2.1/../../../../m68k-elf/lib/m5208\nb-crt0.o
LOAD c:/nburn/gcc-m68k/bin/../lib/gcc/m68k-elf/4.2.1/m5208/crtbegin.o
LOAD stepper.o
LOAD lcd.o
LOAD lab5.o
LOAD keypad.o
LOAD formdata.o
LOAD formcode.o
LOAD error_wrapper.o
LOAD htmldata.o
LOAD C:\nburn\MOD5234\lib\sys.ld
                0x20000000                vector_base = 0x20000000
                0x20010000                SRAM_END_ADDR = 0x20010000
                0x40000000                sim = 0x40000000
                0xffc04000                gConfigRec = 0xffc04000
                0xffc06000                UserParamBase = 0xffc06000
                0xffc00008                _RESET_ADDR = 0xffc00008
                0xffc08000                FlashAppBase = 0xffc08000
START GROUP
LOAD C:\nburn\lib\MOD5234.a
LOAD C:\nburn\lib\NetBurner.a
LOAD C:\nburn\lib\FatFile.a
LOAD C:\nburn\lib\rtl8711Library.a
LOAD C:\nburn\lib\debugLibrary.a
END GROUP
LOAD c:/nburn/gcc-m68k/bin/../lib/gcc/m68k-elf/4.2.1/../../../../m68k-elf/lib/m5208\libstdc++.a
LOAD c:/nburn/gcc-m68k/bin/../lib/gcc/m68k-elf/4.2.1/../../../../m68k-elf/lib/m5208\libm.a
LOAD c:/nburn/gcc-m68k/bin/../lib/gcc/m68k-elf/4.2.1/m5208\libgcc.a
LOAD c:/nburn/gcc-m68k/bin/../lib/gcc/m68k-elf/4.2.1/../../../../m68k-elf/lib/m5208\libc.a
LOAD c:/nburn/gcc-m68k/bin/../lib/gcc/m68k-elf/4.2.1/m5208\libgcc.a
LOAD c:/nburn/gcc-m68k/bin/../lib/gcc/m68k-elf/4.2.1/m5208/crtend.o
START GROUP
LOAD c:/nburn/gcc-m68k/bin/../lib/gcc/m68k-elf/4.2.1/../../../../m68k-elf/lib/m5208\libc.a
LOAD c:/nburn/gcc-m68k/bin/../lib/gcc/m68k-elf/4.2.1/m5208\libgcc.a
LOAD c:/nburn/gcc-m68k/bin/../lib/gcc/m68k-elf/4.2.1/../../../../m68k-elf/lib/m5208\libm.a
END GROUP
                0x00000000                __DYNAMIC = 0x0
                0x02800000                PROVIDE (__stack, 0x2800000)
                0x00000000                PROVIDE (hardware_init_hook, 0x0)
                0x00000000                PROVIDE (_hardware_init_hook, 0x0)
                0x00000000                PROVIDE (software_init_hook, 0x0)
                0x00000000                PROVIDE (_software_init_hook, 0x0)

.SRAM_SECT      0x20000400     0x8620
                0x20000400                SRAM_START = .
 *(SYS_VAR_SECT)
 SYS_VAR_SECT   0x20000400      0x238 C:\nburn\lib\NetBurner.a(ucos.o)
                0x2000052c                TimeTick
                0x2000051c                OSLockNesting
                0x20000526                OSRunning
                0x20000508                OSTCBList
                0x20000530                OSMapTbl
                0x20000528                Secs
                0x20000514                OSTCBFreeList
                0x20000527                OSShowTasksOnLeds
                0x20000524                OSISRLevel
                0x20000510                OSTCBHighRdy
                0x20000520                OSRdyGrp
                0x20000538                OSUnMapTbl
                0x20000500                OSRdyTbl
                0x20000518                OSIntNesting
                0x2000050c                OSTCBCur
                0x20000400                OSTCBPrioTbl
 SYS_VAR_SECT   0x20000638      0x1a8 C:\nburn\lib\NetBurner.a(ucosmain.o)
                0x2000064c                critical_count
                0x20000650                OSTCBTbl
 SYS_VAR_SECT   0x200007e0       0x1c C:\nburn\lib\NetBurner.a(fileio.o)
                0x200007f8                pExtraFdFunc
 SYS_VAR_SECT   0x200007fc       0x20 C:\nburn\lib\NetBurner.a(iosys.o)
                0x200007fc                read_file_sets
                0x2000080c                error_file_sets
                0x20000804                write_file_sets
                0x2000081c                SYS_VAR_SECT_END = .
                0x20000820                . = ALIGN (0x10)
 *fill*         0x2000081c        0x4 00
 *(IDLE_STK_SECT)
                0x20000820                IDLE_STK_SECT_END = .
                0x20000820                . = ALIGN (0x10)
 *(MAIN_STK_SECT)
 MAIN_STK_SECT  0x20000820     0x2000 C:\nburn\lib\NetBurner.a(main.o)
                0x20000820                MainStk
                0x20002820                MAIN_STK_SECT_END = .
                0x20002820                . = ALIGN (0x4)
 *(ETHER_VAR_SECT)
 ETHER_VAR_SECT
                0x20002820      0x110 C:\nburn\lib\MOD5234.a(ethernet.o)
                0x200028f6                TxcPosts
                0x200028fa                TxcSems
                0x20002820                EthernetMac
                0x200028ee                LastIsrStatus
                0x20002850                RxBD
                0x200028e0                TxBDFlag
                0x200028fe                RxIsr
                0x2000290c                PHY_addr
                0x200028f2                RxPosts
                0x2000290e                PHY_ID
                0x20002906                bEthLink
                0x200028d4                RxBDFlag
                0x200028ea                last_rxbd
                0x200028a0                RxBDpp
                0x20002908                phy_data_pd
                0x20002826                nTx
                0x20002902                TxIsr
                0x200028c8                TxBDpp
                0x20002830                TxBD
                0x20002930                ETHER_VAR_SECT_END = .
                0x20002930                . = ALIGN (0x10)
 *(ETHER_STK_SECT)
 ETHER_STK_SECT
                0x20002930     0x2000 C:\nburn\lib\MOD5234.a(ethernet.o)
                0x20002930                EtherSendStk
                0x20004930                ETHER_STK_SECT_END = .
                0x20004930                . = ALIGN (0x4)
 *(IP_VAR_SECT)
 IP_VAR_SECT    0x20004930       0x36 C:\nburn\lib\NetBurner.a(ip.o)
                0x20004932                bTTL_Default
                0x2000495e                next_arp_time
                0x20004934                ipRxFifo
                0x20004946                IcmpFifo
                0x20004930                wGlobalPktId
                0x20004952                pPromisciousPacketFunc
                0x2000495a                pFragFunc
                0x20004956                pMultiCastFunc
                0x20004962                delay
                0x2000494e                pMultiTick
                0x2000494a                pDHCPTick
 IP_VAR_SECT    0x20004966       0x74 C:\nburn\lib\NetBurner.a(udp.o)
                0x200049d6                UdpNetbiosNameServicePtr
                0x20004966                udp_fifos
                0x200049ce                pDHCPProcessFunction
                0x200049d2                pTaskPacketFunc
                0x200049ca                UDP_fifos_used
                0x200049da                IP_VAR_SECT_END = .
                0x200049e0                . = ALIGN (0x10)
 *fill*         0x200049da        0x6 00
 *(IP_STK_SECT)
 IP_STK_SECT    0x200049e0     0x2000 C:\nburn\lib\NetBurner.a(ip.o)
                0x200049e0                IPStk
                0x200069e0                IP_STK_SECT_END = .
                0x200069e0                . = ALIGN (0x4)
 *(TCP_VAR_SECT)
 TCP_VAR_SECT   0x200069e0       0x1e C:\nburn\lib\NetBurner.a(tcp.o)
                0x200069f0                TCP_TimerSemaphore
                0x200069e0                TCP_critical_section
                0x200069fe                TCP_VAR_SECT_END = .
                0x20006a00                . = ALIGN (0x10)
 *fill*         0x200069fe        0x2 00
 *(TCP_STK_SECT)
 TCP_STK_SECT   0x20006a00     0x2000 C:\nburn\lib\NetBurner.a(tcp.o)
                0x20006a00                TCPStk
                0x20008a00                TCP_STK_SECT_END = .
                0x20008a00                . = ALIGN (0x10)
 *(HTTP_STK_SECT)
                0x20008a00                HTTP_STK_SECT_END = .
                0x20008a00                . = ALIGN (0x10)
 *(FTP_STK_SECT)
                0x20008a00                FTP_STK_SECT_END = .
                0x20008a00                . = ALIGN (0x10)
 *(WIFI_STK_SECT)
                0x20008a00                WIFI_STK_SECT_END = .
                0x20008a00                . = ALIGN (0x10)
 *(PPP_STK_SECT)
                0x20008a00                PPP_STK_SECT_END = .
                0x20008a00                . = ALIGN (0x10)
 *(COMMAND_STK_SECT)
                0x20008a00                COMMAND_STK_SECT_END = .
                0x20008a00                . = ALIGN (0x4)
 *(USER_VAR_SECT)
                0x20008a00                USER_VAR_SECT_END = .
                0x20008a00                . = ALIGN (0x10)
 *(USER_STK_SECT)
                0x20008a00                USER_STK_SECT_END = .
                0x20008a00                BUFFERS_SECT_START = .
                0x20008a00                . = ALIGN (0x10)
 *(BUFFERS_VAR_SECT)
 BUFFERS_VAR_SECT
                0x20008a00       0x1c C:\nburn\lib\NetBurner.a(buffers.o)
                0x20008a00                FAST_BUFFER_POOL_SIZE
                0x20008a0e                free_fast_list
                0x20008a18                free_list_is_initialized
                0x20008a04                free_list
                0x20008a20                . = ALIGN (0x10)
 *fill*         0x20008a1c        0x4 00
                0x20008a20                BUFFERS_VAR_SECT_END = .
                0x20008a20                . = ALIGN (0x10)
                0x20008a20                SRAM_END = .

.text           0x02000000    0x38490
 *(.text)
 .text          0x02000000       0xaa c:/nburn/gcc-m68k/bin/../lib/gcc/m68k-elf/4.2.1/../../../../m68k-elf/lib/m5208\nb-crt0.o
                0x02000000                start
 *fill*         0x020000aa        0x2 00
 .text          0x020000ac       0x9c c:/nburn/gcc-m68k/bin/../lib/gcc/m68k-elf/4.2.1/m5208/crtbegin.o
 .text          0x02000148      0x77c stepper.o
                0x02000494                Stepper::SetStartPeriod(unsigned int)
                0x02000318                Stepper::GetStartPeriod()
                0x02000388                Stepper::Step(int)
                0x020005fc                Stepper::SetSlewPeriodUsingRPM(unsigned int)
                0x0200026c                Stepper::ConvertRPMToPeriodTicks(unsigned int)
                0x0200036c                Stepper::GetCurrentPosition()
                0x02000350                Stepper::GetDesiredPosition()
                0x02000334                Stepper::GetSlewPeriod()
                0x0200062c                Stepper::Init(int, unsigned long, unsigned long)
                0x02000188                Stepper::build_table(unsigned long, unsigned long)
                0x02000168                Stepper::Stepper(int, int)
                0x0200029c                Stepper::Stop()
                0x02000400                Stepper::NewAccelTable()
                0x02000148                Stepper::Stepper(int, int)
                0x02000560                Stepper::SetSlewPeriod(unsigned int)
                0x02000530                Stepper::SetStartPeriodUsingRPM(unsigned int)
 .text          0x020008c4      0xe4e lcd.o
                0x020008dc                Lcd::Lcd()
                0x02001294                Lcd::move(unsigned char, unsigned char)
                0x02000cd4                Lcd::Clear(unsigned char)
                0x0200092c                Lcd::enable_lower()
                0x02000904                Lcd::set_rs_line(unsigned char)
                0x020008c4                Lcd::Lcd()
                0x02001688                Lcd::PrintChar(unsigned char, char)
                0x020013f0                Lcd::print_char(unsigned char, char)
                0x02000b30                Lcd::send_cmd(unsigned char, unsigned char)
                0x020008f4                Lcd::ShiftDisplayRight(unsigned char)
                0x020015ec                Lcd::PrintString(unsigned char, char const*)
                0x02000bb4                Lcd::Home(unsigned char)
                0x02001364                Lcd::MoveCursor(unsigned char, unsigned char)
                0x02000970                Lcd::enable_upper()
                0x020009b4                Lcd::set_data_lines(unsigned char)
                0x02000aac                Lcd::send_data(unsigned char, unsigned char)
                0x02000e28                Lcd::Init(unsigned char)
                0x020008fc                Lcd::ShiftDisplayLeft(unsigned char)
 *fill*         0x02001712        0x2 00
 .text          0x02001714      0x684 lab5.o
                0x020019b8                ValidateMinRPMImage
                0x02001968                ValidateMaxRPMImage
                0x02001878                DisplayMotorMode
                0x02001a6c                UserMain
                0x02001714                fake_out_irq_pin_isr()
                0x02001918                ValidateRotationImage
                0x02001a08                DisplayLameCounter
                0x02001718                out_irq_pin_isr
                0x020018c8                ValidateDirectionImage
                0x0200184c                real_out_irq_pin_isr
                0x020017f4                IRQIntInit
 .text          0x02001d98      0x254 keypad.o
                0x02001dc8                Keypad::GetLastButtonString()
                0x02001e1c                Keypad::Init()
                0x02001da8                Keypad::Keypad()
                0x02001fa0                Keypad::GetNewButtonString()
                0x02001d98                Keypad::Keypad()
                0x02001db8                Keypad::GetLastButtonNumber()
                0x02001f08                Keypad::read_data()
                0x02001fd0                Keypad::GetNewButtonNumber()
                0x02001dec                Keypad::ButtonPressed()
 .text          0x02001fec      0xa9a formdata.o
                0x02002a60                FormData::~FormData()
                0x02002980                FormData::SetMaxRPM(char*)
                0x02002414                FormData::GetDirection()
                0x02002294                FormData::IsRotationsValid()
                0x020023b4                FormData::GetMode()
                0x02002354                FormData::IsMinRPMValid()
                0x020027f0                FormData::SetRotations(char*)
                0x020020c0                FormData::setStop(bool)
                0x02002690                FormData::SetDirection(char*)
                0x02002a74                FormData::~FormData()
                0x02002644                FormData::Init(unsigned char)
                0x02002a48                FormData::~FormData()
                0x020024d0                FormData::GetSteps()
                0x0200218c                FormData::ShouldMove()
                0x02002234                FormData::IsDirectionValid()
                0x02002010                FormData::FormData()
                0x020028b8                FormData::SetMinRPM(char*)
                0x0200258c                FormData::GetMinRPM()
                0x0200212c                FormData::getStop()
                0x0200252c                FormData::SetSteps(int)
                0x020025e8                FormData::GetMaxRPM()
                0x02002034                FormData::checkNumericString(char*)
                0x02002474                FormData::GetRotations()
                0x020022f4                FormData::IsMaxRPMValid()
                0x02001fec                FormData::FormData()
 *fill*         0x02002a86        0x2 00
 .text          0x02002a88      0x518 formcode.o
                0x02002a9c                CheckExtractResult(char*, int, char*, char*, char*)
                0x02002a88                RegisterPost()
                0x02002b08                MyDoPost(int, char*, char*, char*)
 .text          0x02002fa0      0x226 error_wrapper.o
                0x02002fa0                display_error(char const*, unsigned char)
 *fill*         0x020031c6        0x2 00
 .text          0x020031c8       0x52 htmldata.o
                0x02003210                DoHtmlVariable(int, unsigned short)
                0x020031c8                DoHtmlFunction(int, char const*, unsigned short)
 *fill*         0x0200321a        0x2 00
 .text          0x0200321c      0x60c C:\nburn\lib\MOD5234.a(bsp.o)
                0x02003620                _sbrk_r
                0x02003788                HardwareSetup
                0x020035a4                DisableCache
                0x02003720                spaceleft
                0x02003678                LocalInByte
                0x0200376c                ForceReboot
                0x02003448                FlashProgram
                0x02003220                Tick5234
                0x02003758                BspGetTickFraction
                0x0200321c                xTick
                0x020033b8                FlashErase
                0x020036ac                LocalOutByte
                0x0200366c                atexit
                0x02003310                GetPreciseTime
                0x020035c8                EnableCache
                0x02003238                SetIntc
                0x020036fc                LocalCharAvail
 .text          0x02003828      0x4ee C:\nburn\lib\MOD5234.a(etpu_sm.o)
                0x02003938                fs_etpu_sm_disable
                0x020038dc                fs_etpu_sm_set_sp
                0x02003828                fs_etpu_sm_get_flags
                0x02003900                fs_etpu_sm_set_dp
                0x020038b8                fs_etpu_sm_set_st
                0x02003880                fs_etpu_sm_get_st
                0x02003b18                fs_etpu_sm_init
                0x020039b0                fs_etpu_sm_enable
                0x02003aa4                fs_etpu_sm_table
                0x02003864                fs_etpu_sm_get_dp
                0x0200389c                fs_etpu_sm_get_sp
                0x02003848                fs_etpu_sm_get_cp
 *fill*         0x02003d16        0x2 00
 .text          0x02003d18      0x75a C:\nburn\lib\MOD5234.a(etpu_util.o)
                0x020042a8                fs_etpu_get_global_24
                0x02003ff8                fs_etpu_set_chan_local_32
                0x02003e98                fs_timer_start
                0x02004208                fs_etpu_set_global_32
                0x02004198                fs_etpu_get_chan_local_16
                0x02003eb4                fs_etpu_malloc
                0x020040ac                fs_etpu_set_chan_local_8
                0x02003d18                fs_etpu_data_ram
                0x02004240                fs_etpu_set_global_16
                0x02004278                fs_etpu_get_global32
                0x020040e8                fs_etpu_get_chan_local_32
                0x02004158                fs_etpu_get_chan_local_24
                0x020041d0                fs_etpu_get_chan_local_8
                0x02004120                fs_etpu_get_chan_local_24s
                0x02003f88                fs_etpu_malloc2
                0x02004224                fs_etpu_set_global_24
                0x02003ee8                fs_etpu_chan_init
                0x0200425c                fs_etpu_set_global_8
                0x02003e48                fs_etpu_dma_enable
                0x02003d70                fs_etpu_get_hsr
                0x02004290                fs_etpu_get_global_24s
                0x02003e20                fs_etpu_interrupt_disable
                0x020042dc                fs_etpu_get_global_8
                0x020042f4                fs_memset32
                0x02004070                fs_etpu_set_chan_local_16
                0x02004318                fs_memcpy32
                0x02003dd0                fs_etpu_disable
                0x02003df8                fs_etpu_interrupt_enable
                0x02004034                fs_etpu_set_chan_local_24
                0x02003d48                fs_etpu_set_hsr
                0x0200434c                fs_etpu_init
                0x020042c4                fs_etpu_get_global_16
                0x02003d98                fs_etpu_enable
                0x02003e70                fs_etpu_dma_disable
 *fill*         0x02004472        0x2 00
 .text          0x02004474     0x1cf2 C:\nburn\lib\MOD5234.a(pins.o)
                0x020054e4                PinIO::set(unsigned char)
                0x02004474                PinIO::function(int)
                0x020050b8                PinIO::drive()
                0x02006104                CReadPin
                0x02004a50                PinIO::read()
                0x02006128                CGPInPin
 *fill*         0x02006166        0x2 00
 .text          0x02006168      0x5ec C:\nburn\lib\MOD5234.a(ioboard.o)
                0x02006550                putleds
                0x020061bc                putdisp
                0x02006214                ModDev70Detect()
                0x020062c8                getdipsw
                0x02006168                InitChipBoardSelect()
 .text          0x02006754      0x126 C:\nburn\lib\MOD5234.a(ETPUinit.o)
                0x020067d0                MOD5234_etpu_init
                0x02006840                eTPUInit
                0x02006754                MOD5234_etpu_start
 *fill*         0x0200687a        0x2 00
 .text          0x0200687c     0x1a20 C:\nburn\lib\MOD5234.a(ETPU.o)
                0x02006bd8                fake_ETPU_CH8()
                0x02006ddc                real_ETPU_CH12
                0x02006c98                real_ETPU_CH9
                0x02006a98                ETPU_CH5
                0x02006d20                ETPU_CH11
                0x02006a94                fake_ETPU_CH5()
                0x020069c0                ETPU_CH3
                0x02007e44                eTPUFunctionUARTRX
                0x02007734                eTPUInitFIFO
                0x02006e64                ETPU_CH14
                0x02006e48                real_ETPU_CH13
                0x0200736c                eTPUReadUART
                0x020075fc                eTPUDoISR(int)
                0x02006c44                fake_ETPU_CH9()
                0x020078e8                ETPU_UART_FD_CLOSE(int)
                0x02006c2c                real_ETPU_CH8
                0x02006d04                real_ETPU_CH10
                0x02007028                eTPURecordInit()
                0x020069bc                fake_ETPU_CH3()
                0x02007988                eTPUInterruptEnable
                0x02006bc0                real_ETPU_CH7
                0x020068d0                real_ETPU_CH0
                0x02007774                eTPUDriveGPIO
                0x0200748c                eTPUgetCharUART
                0x02006e60                fake_ETPU_CH14()
                0x02008118                eTPUFDUartOpen
                0x02006df4                fake_ETPU_CH13()
                0x02006b00                fake_ETPU_CH6()
                0x02006b6c                fake_ETPU_CH7()
                0x02006b70                ETPU_CH7
                0x02006f38                fs_timer_stop
                0x0200756c                ETPU_UART_FD_WRITE(int, char const*, int)
                0x02007940                eTPUFunctionGPIO
                0x02006d70                real_ETPU_CH11
                0x02006fbc                eTPUEventClear
                0x020069a4                real_ETPU_CH2
                0x02006ecc                fake_ETPU_CH15()
                0x02006a28                fake_ETPU_CH4()
                0x02006a7c                real_ETPU_CH4
                0x02006a2c                ETPU_CH4
                0x0200687c                fake_ETPU_CH0()
                0x02006d8c                ETPU_CH12
                0x02006f20                real_ETPU_CH15
                0x02006880                ETPU_CH0
                0x02006eb4                real_ETPU_CH14
                0x02007fb8                eTPUFunctionUARTTX
                0x02006cb4                ETPU_CH10
                0x02006950                fake_ETPU_CH2()
                0x020078b0                eTPUCloseChannel
                0x02006ae8                real_ETPU_CH5
                0x02007338                eTPUCharAvailUART
                0x02006c48                ETPU_CH9
                0x020073fc                ETPU_UART_FD_READ(int, char*, int)
                0x02006ed0                ETPU_CH15
                0x02006d1c                fake_ETPU_CH11()
                0x020077c4                eTPUSetGPIO
                0x02006b04                ETPU_CH6
                0x02006df8                ETPU_CH13
                0x02006954                ETPU_CH2
                0x020068e4                fake_ETPU_CH1()
                0x02006938                real_ETPU_CH1
                0x02006f54                eTPUInterruptDisable
                0x020068e8                ETPU_CH1
                0x02006fdc                eTPUEventPoll
                0x02006a10                real_ETPU_CH3
                0x02007268                eTPUChanInit(int)
                0x02006b54                real_ETPU_CH6
                0x02006bdc                ETPU_CH8
                0x02006d88                fake_ETPU_CH12()
                0x02006cb0                fake_ETPU_CH10()
                0x020074ac                eTPUWriteUART
                0x02007818                eTPUInputGPIO
 .text          0x0200829c      0x26e C:\nburn\lib\MOD5234.a(etpu_gpio.o)
                0x020083dc                fs_etpu_gpio_pin_history
                0x0200829c                fs_etpu_gpio_output_high
                0x0200849c                fs_etpu_gpio_init
                0x02008400                fs_etpu_gpio_cfg_input_periodic
                0x020083b8                fs_etpu_gpio_input_immed
                0x0200833c                fs_etpu_gpio_cfg_input_trans
                0x020082e4                fs_etpu_gpio_output
                0x020082c0                fs_etpu_gpio_output_low
 *fill*         0x0200850a        0x2 00
 .text          0x0200850c      0x310 C:\nburn\lib\MOD5234.a(etpu_uart.o)
                0x02008544                fs_etpu_uart_write_transmit_data
                0x0200850c                fs_etpu_uart_read_receive_data
                0x0200856c                fs_etpu_uart_init
 *fill*         0x0200881c        0x4 00
 .text          0x02008820      0x44a C:\nburn\lib\NetBurner.a(ucosmcfa.o)
                0x02008900                OSDebugTraceHalt
                0x02008820                OSStartHighRdy
                0x02008910                TrapOutByte
                0x02008940                memcpy
                0x02008940                fmemcpy
                0x02008840                OSCtxSw
                0x02008930                TrapCharAvail
                0x02008870                OSIntCtxSw
                0x02008920                TrapInByte
                0x020088a0                OSTickISR
                0x02008a10                memcpysum
                0x020088e0                OSSetupVBR
                0x02008c40                GetSR_IntLevel
                0x02008ba0                memset
                0x02008ba0                fmemset
                0x02008c50                SetSR_IntLevel
 *fill*         0x02008c6a        0x2 00
 .text          0x02008c6c     0x1e5c C:\nburn\lib\NetBurner.a(ucos.o)
                0x02009124                OSCritEnterNoWait
                0x020092fe                UCOSWAITS_HERE
                0x0200961c                OSFifoPostFirst
                0x02009364                OSCritLeave
                0x020090d0                getpid
                0x02008df4                OSLock
                0x02009a70                OSQPostFirst
                0x02009198                OSTaskID
                0x02008fb8                OSQPendNoWait
                0x020091b0                OSSetName
                0x020091d8                OSIntExit
                0x02008e7c                OSSemPendNoWait
                0x0200a5b8                OSTaskDelete
                0x0200a7d4                OSUnlock
                0x020090e8                OSCritInit
                0x02009c10                OSQPost
                0x0200947c                OSCritEnter
                0x020098dc                OSFifoPend
                0x0200a418                OSSemPend
                0x02008ebc                OSMboxInit
                0x02009f90                OSMboxPost
                0x02009034                OSFifoInit
                0x02009da8                OSQPend
                0x02009274                OSSched
                0x0200a808                OSTimeDly
                0x0200a28c                OSSemPost
                0x0200a6d0                OSChangePrio
                0x02008dc4                OSTCBGetFree
                0x02008c6c                OSIntEnterWAS
                0x02008f04                OSMboxPendNoWait
                0x0200977c                OSFifoPost
                0x02008e1c                OSSemInit
                0x0200a8d0                OSStart
                0x02008cb4                OSTimeTick
                0x02008f44                OSQInit
                0x020091c4                OSTaskName
                0x02009080                OSFifoPendNoWait
                0x0200a0f8                OSMboxPend
                0x0200a94c                OSInit
                0x02008c94                OSChangeTaskDly
 .text          0x0200aac8      0x16c C:\nburn\lib\NetBurner.a(ucosmain.o)
                0x0200aba4                __malloc_unlock
                0x0200aac8                UCosBegin
                0x0200abc4                balloc_lock
                0x0200ac04                UCosSetup
                0x0200ab88                balloc_unlock
                0x0200abe4                __malloc_lock
 .text          0x0200ac34      0x5f8 C:\nburn\lib\NetBurner.a(fileio.o)
                0x0200adc4                ioctl
                0x0200ac34                isatty
                0x0200ad1c                CurrentStdioFD
                0x0200ad94                lseek
                0x0200ac6c                ReplaceStdio
                0x0200ae30                write
                0x0200ac50                fstat
                0x0200af60                rawwrite
                0x0200b16c                stdioinbyte
                0x0200afe4                read
                0x0200ad4c                outbyte
                0x0200adac                open
                0x0200ad64                charavail
                0x0200ad40                fcntl
                0x0200b1e4                close
 .text          0x0200b22c       0xb6 C:\nburn\lib\NetBurner.a(main.o)
                0x0200b264                main
                0x0200b22c                __do_global_ctors
 *fill*         0x0200b2e2        0x2 00
 .text          0x0200b2e4     0x186a C:\nburn\lib\NetBurner.a(ip.o)
                0x0200b734                FixUpICMP(IPPKT*, unsigned char, unsigned char, unsigned char*, unsigned short)
                0x0200b4a4                IsMultiCast(unsigned long)
                0x0200bfe0                FixHeaderAndSend(pool_buffer*, IPPKT*)
                0x0200b9dc                DoIPPacket(pool_buffer*, EFRAME*, unsigned short)
                0x0200b3a0                GetSum20
                0x0200c2c8                PingViaInterface
                0x0200b97c                SaveError(pool_buffer*)
                0x0200bcf4                process_icmp(pool_buffer*, IPPKT*, unsigned short)
                0x0200b5e0                IpProcessEthernetPacket
                0x0200bba8                FixHeaderAndSendViaInterface(pool_buffer*, IPPKT*, int)
                0x0200c40c                ShowIPBuffer(pool_buffer*)
                0x0200c134                SendICMPError(pool_buffer*, unsigned char, unsigned char)
                0x0200b84c                InitializeStack(unsigned long, unsigned long, unsigned long, unsigned long)
                0x0200b4f4                GetData(IPPKT*)
                0x0200b970                InitializeCStack
                0x0200c3d8                Ping
                0x0200b2e4                GetSum
                0x0200b9c0                IsMyIp
                0x0200b7f0                IsBroadCast(unsigned long, int)
                0x0200b79c                KillStack
                0x0200b520                PrepareIPOutput(pool_buffer*, unsigned long, unsigned short)
                0x0200b4c4                GetMultiAddress(unsigned long)
                0x0200c204                SendPing
                0x0200b3d8                GetSumHdr
                0x0200b7a8                IsLocal(unsigned long, int)
                0x0200be10                IPTask(void*)
 *fill*         0x0200cb4e        0x2 00
 .text          0x0200cb50      0xec8 C:\nburn\lib\NetBurner.a(buffers.o)
                0x0200d010                fifo_buffer_storage::Full()
                0x0200d100                ShowBuffer
                0x0200d3e4                fifo_buffer_storage::Reset(unsigned char)
                0x0200cc34                InitBuffers
                0x0200cd60                buffer_list::InsertBefore(pool_buffer*, pool_buffer*)
                0x0200cf38                GetBuffer
                0x0200d0e0                fifo_buffer_storage::fifo_buffer_storage(unsigned char, unsigned char)
                0x0200cff8                fifo_buffer_storage::Empty()
                0x0200d85c                fifo_buffer_storage::ReadDatawSum(unsigned char*, int, unsigned long&)
                0x0200cfe4                fifo_buffer_storage::SpaceUsed()
                0x0200cb50                ShowBuffers()
                0x0200cb7c                buffer_list::InsertHead(pool_buffer*)
                0x0200d22c                GetFreeCount
                0x0200cb60                IncUsageCount
                0x0200d0c0                fifo_buffer_storage::fifo_buffer_storage(unsigned char, unsigned char)
                0x0200ccfc                buffer_list::InsertTail(pool_buffer*)
                0x0200d4a4                fifo_buffer_storage::~fifo_buffer_storage()
                0x0200d594                fifo_buffer_storage::SetMaxBuffers(unsigned char)
                0x0200d2a4                fifo_buffer_storage::ReadData(unsigned char*, int)
                0x0200d058                fifo_buffer_storage::Init(unsigned char, unsigned char)
                0x0200cb58                DumpBuffers()
                0x0200ced0                buffer_list::RemoveHead()
                0x0200ce48                buffer_list::Remove(pool_buffer*)
                0x0200cf84                buffer_list::RemoveTail()
                0x0200d4b8                fifo_buffer_storage::LongSpaceAvail()
                0x0200d624                fifo_buffer_storage::WriteData(unsigned char*, int)
                0x0200cbec                FreeBuffer
                0x0200cdd4                buffer_list::InsertAfter(pool_buffer*, pool_buffer*)
                0x0200d570                fifo_buffer_storage::SpaceAvail()
                0x0200d490                fifo_buffer_storage::~fifo_buffer_storage()
 .text          0x0200da18     0x17f0 C:\nburn\lib\NetBurner.a(arp.o)
                0x0200e734                FindAddArp(unsigned long)
                0x0200db6c                sendGratuitousArp(int)
                0x0200da40                MacEqual(MACADR, MACADR)
                0x0200dd74                InitializeArp()
                0x0200de1c                FindArp(unsigned long)
                0x0200e078                SendArp(ArpRecord*, int)
                0x0200dd28                GetInterface(unsigned long)
                0x0200f024                AddCheckArp(MACADR*, unsigned long, int)
                0x0200daa0                SetMac(ArpRecord*, MACADR, int)
                0x0200e570                DeleteArpFromIp(unsigned long)
                0x0200df20                GetArpMacFromIp(unsigned long, MACADR&)
                0x0200eb70                RouteOutVia(EFRAME*, unsigned long, pool_buffer*, int)
                0x0200dfd4                GetProperInterface(unsigned long)
                0x0200e684                FreeOneArp()
                0x0200f0b0                processArp(pool_buffer*, EFRAME*)
                0x0200db30                NeedsArp(int)
                0x0200e1a8                GetNextArp(ArpRecord*)
                0x0200dc3c                RawSendArp(ArpRecord*, unsigned long, int)
                0x0200e590                AgeArp()
                0x0200ed7c                RouteOut(EFRAME*, unsigned long, pool_buffer*)
                0x0200e270                ShowArp()
                0x0200e3b0                DeleteArp(ArpRecord*)
                0x0200e218                GetFirstArp()
                0x0200e0e4                GetSrcIp
                0x0200e9d0                IsMyAddressUsedArpDetect(unsigned short, int)
                0x0200da38                Cleanup()
                0x0200da18                IsNull(ArpRecord*)
                0x0200e304                fShowArp(__sFILE*)
                0x0200df78                AddPending(MACADR*, unsigned long, int)
 .text          0x0200f208     0x12f8 C:\nburn\lib\NetBurner.a(udp.o)
                0x0200fa40                UDPPacket::Send(unsigned long, unsigned char)
                0x0200f350                UDPPacket::SetDestinationPort(unsigned short)
                0x0200f414                UDPPacket::GetPacketId()
                0x0200f460                UDPPacket::GetSourceAddress()
                0x02010180                UDPPacket::UDPPacket()
                0x0200f810                UDPPacket::AddDataByte(unsigned char)
                0x0200fb58                UDPPacket::SendAndKeep(unsigned long, unsigned char)
                0x0200f764                UDPPacket::AddData(unsigned char*, unsigned short)
                0x0200f484                RegisterUDPFifo(unsigned short, os_fifo*)
                0x0200f858                UDPPacket::AddData(char const*)
                0x0200f27c                UDPPacket::UDPPacket(pool_buffer*)
                0x0200f918                UDPPacket::SendViaInterface(unsigned long, int, unsigned char)
                0x0200f3fc                UDPPacket::GetIpPacket()
                0x0200fbc8                UDPPacket::~UDPPacket()
                0x0200f208                GetUdpFifoRec(unsigned short)
                0x0200f38c                UDPPacket::GetDataBuffer()
                0x0200f54c                RegisterUDPFifoWithNotify(unsigned short, os_fifo*, void (*)(os_fifo*, unsigned short))
                0x0200f2c8                UDPPacket::UDPPacket(pool_buffer*)
                0x0200f3c0                UDPPacket::GetDataSize() const
                0x0200fc34                ProcessIDPacket(UDPPacket&, int)
                0x0200f834                UDPPacket::AddDataWord(unsigned short)
                0x020101c4                process_udp(pool_buffer*, IPPKT*, unsigned short)
                0x0200f888                UDPPacket::Validate()
                0x0200f36c                UDPPacket::GetDestinationPort() const
                0x0200f614                UnregisterUDPFifo(unsigned short)
                0x02010440                UDPPacket::UDPPacket(os_fifo*, unsigned long)
                0x0200f3a0                UDPPacket::SetDataSize(unsigned short)
                0x0200f3e8                UDPPacket::ResetData()
                0x0200fba0                UDPPacket::~UDPPacket()
                0x020104a0                UDPPacket::UDPPacket(os_fifo*, unsigned long)
                0x0200f314                UDPPacket::SetSourcePort(unsigned short)
                0x0200f330                UDPPacket::GetSourcePort() const
                0x0200f6dc                FixIDDataPacket(UDPPacket&, int)
                0x0200fbf0                UDPPacket::UDPPacket()
                0x0200f43c                UDPPacket::GetDestinationAddress()
 .text          0x02010500     0x51ae C:\nburn\lib\NetBurner.a(tcp.o)
                0x02011c50                SendTcpRst(IPPKT*)
                0x02010b0c                GetTcpState(int)
                0x02010b40                GetTcpDState
                0x02011e94                InitTCP()
                0x020146d0                _Socket_Private_read
                0x02010ac0                ShortSocketList::ShortSocketList()
                0x02010b74                SetOutOfOrderbuffers(int, unsigned char)
                0x02010740                GetSocketRemotePort(int)
                0x020113b0                socket_struct::MyAdvertisedWindow()
                0x02011204                SetSocketTxBuffers(int, int)
                0x02010854                setsockoption(int, int)
                0x02011704                TcpSend(socket_struct*, unsigned long, pool_buffer*, unsigned short, unsigned char)
                0x02015580                TCPTimerTask(void*)
                0x02015380                process_tcp(pool_buffer*, IPPKT*, unsigned short)
                0x02012de0                socket_struct::ProcessRST()
                0x02010bb8                TcpGetLastRxTime(int)
                0x02013bf4                abortsocket
                0x02014b0c                socket_struct::ProcessDataSegment(TCPPKT*, unsigned short, unsigned char*, pool_buffer*&)
                0x02012514                HashSocketList::RemoveSocket(socket_struct*) const
                0x020142d8                _Socket_Private_write
                0x0201088c                getsockoption(int)
                0x020137d4                socket_struct::ProcessAck(TCPPKT*)
                0x0201482c                socket_struct::SaveData(unsigned char*, unsigned short, unsigned char)
                0x02012204                GetTcpRtxCount(int)
                0x02010664                fixoverlap(unsigned long, unsigned long, unsigned long&, unsigned long&)
                0x02011184                socket_struct::SetTimer(unsigned long)
                0x020142b0                connect(unsigned long, unsigned short, unsigned short, unsigned long)
                0x02010918                HashSocketList::HashSocketList()
                0x02012758                GetTcpSocket(TCPPKT*, unsigned long)
                0x02010e04                TcpGetRxBufferSpaceUsed(int)
                0x02013010                socket_struct::DoRawSend()
                0x02010e44                ShowFdTcpSocket(int)
                0x02011108                socket_struct::ClearPending(int)
                0x02012278                ShortSocketList::findsocket(unsigned short, unsigned short, unsigned long) const
                0x02013f1c                connect(unsigned long, unsigned short, unsigned short, unsigned long, unsigned long)
                0x02012190                TcpSendKeepAlive(int)
                0x020106e0                getsocketerror(int)
                0x02010900                EnableTcpDebug(unsigned short)
                0x0201548c                socket_struct::ProcessTimer()
                0x02012eec                socket_struct::SetUpNextRetransmit()
                0x02010910                HashSocketList::HashSocketList()
                0x02014500                SockReadWithTimeout
                0x02012124                GetFreeSocketCount()
                0x02013a80                socket_struct::ProcessFIN(TCPPKT*, unsigned short)
                0x02011428                FixHeaderAndSendTcp(pool_buffer*, IPPKT*, socket_struct*)
                0x020108bc                setsocketackbuffers(int, unsigned char)
                0x02010834                socket_struct::CleanUpDeletedListener()
                0x02010620                FindListenSocket(unsigned short, unsigned long)
                0x02011510                TcpSendwSum(socket_struct*, unsigned long, pool_buffer*, unsigned short, unsigned char, unsigned long)
                0x02012810                socket_struct::DoCleanup()
                0x0201491c                socket_struct::TestOutofOrder()
                0x02010c28                TcpGetLastRxInterval(int)
                0x02010500                GetFirstSeq()
                0x02012090                FREESOCKET(socket_struct*)
                0x020129e8                ShortSocketList::AddSocket(socket_struct*)
                0x020136bc                socket_struct::DoRetransmit(unsigned char)
                0x02010ad0                ShortSocketList::Init()
                0x0201231c                ShortSocketList::processTick()
                0x020146ec                _Socket_Private_close
                0x02012bac                accept(int, unsigned long*, unsigned short*, unsigned short)
                0x02010ac8                ShortSocketList::ShortSocketList()
                0x02011244                SetSocketRxBuffers(int, int)
                0x02013e14                listen(unsigned long, unsigned short, unsigned char)
                0x02010920                HashSocketList::Init() const
                0x02010938                ShortSocketList::GetFreeShort()
                0x02010710                GetSocketRemoteAddr(int)
                0x02012680                HashSocketList::findsocket(unsigned short, unsigned short, unsigned long) const
                0x02010d98                WaitForSocketFlush(int, unsigned long)
                0x02010908                DumpTcpPacket(IPPKT*)
                0x02012af0                RemoveFromUserCloseList(socket_struct*)
                0x02010544                ValidateTCP(IPPKT*, unsigned short)
                0x020123cc                ShortSocketList::process(pool_buffer*, TCPPKT*, unsigned long) const
                0x02010530                socket_struct::SetState(int)
                0x020112cc                socket_struct::processoptions(pool_buffer*, TCPPKT*, IPPKT*)
                0x020133c8                socket_struct::DoClose(int)
                0x02013d28                GetFreeSocket()
                0x02010770                GetSocketLocalPort(int)
                0x020125cc                HashSocketList::AddSocket(socket_struct*) const
                0x02010a80                ShortSocketList::FreeShort(ShortSocket*) const
                0x020107a0                socket_struct::CalcRTO(unsigned long)
                0x02011bf8                socket_struct::OpenWindow()
                0x02011d64                SendTcpSynRst(IPPKT*)
                0x02010d48                TcpAllDataAcked(int)
                0x02013348                clrsockoption(int, int)
                0x02010bec                TcpGetSocketState(int)
                0x020108f8                DumpTcpDebug()
                0x02011284                GetSocketLocalAddr(int)
                0x02014ccc                socket_struct::process(pool_buffer*, TCPPKT*)
                0x02010b48                RegisterTCPReadNotify
                0x02011794                socket_struct::SendState(unsigned short, pool_buffer*)
 *fill*         0x020156ae        0x2 00
 .text          0x020156b0      0x1b4 C:\nburn\lib\NetBurner.a(extraio.o)
                0x020156e0                ExpandWrite(int, char const*, int)
                0x02015710                ExpandClose(int)
                0x02015740                InitExtras()
                0x0201577c                GetExtraFD
                0x020156b0                ExpandRead(int, char*, int)
                0x020157f8                FreeExtraFd
                0x02015830                GetExtraData
 .text          0x02015864      0x30c C:\nburn\lib\NetBurner.a(http.o)
                0x02015864                StartHTTP
                0x0201599c                HttpMain(void*)
                0x020158a8                processHttpRequest(char**, char*, char*, int, HTTP_Request&)
 .text          0x02015b70      0xbee C:\nburn\lib\NetBurner.a(httpinternal.o)
                0x02015ba8                SetNewPostHandler
                0x02016248                BaseDoGet
                0x02015bf0                SetNewMultiPartHandler
                0x02015fb0                SendHTMLHeader
                0x02015b78                append(char*&, char*)
                0x02015c08                SetNewMultiPartExtractHandler
                0x0201637c                HTTP_Request::Respond(int)
                0x020160e4                writesafestring
                0x020161f4                ShowIPOnFd(int, unsigned long)
                0x02015ef0                SendGifHeader
                0x02015f0c                SendTextHeader
                0x02015f28                BaseDoHead
                0x02015e54                NotFoundResponse
                0x02015b9c                BaseDoPost
                0x02015c20                SetNewErrorHandler
                0x02015c6c                ExtractPostData
                0x02015ea8                RedirectResponse
                0x020164b0                HTTP_Request::ProcessLine(char*)
                0x02015bc0                SetNewGetHandler
                0x02015b70                StopHTTP
                0x02015c38                InitHttp()
                0x02015bd8                SetNewHeadHandler
                0x02015fcc                writeallsafestring
                0x02016330                SendHTMLHeaderWCookie
                0x02015e00                httpstricmp
 *fill*         0x0201675e        0x2 00
 .text          0x02016760      0x910 C:\nburn\lib\NetBurner.a(htmldecomp.o)
                0x020167c8                SendHtml(int, char*, int, char const*)
                0x02016aa0                SendData(HTML_FILE_RECORD*, int, char const*)
                0x02016b38                GetRecordFromName(char*)
                0x02016760                SendHeader(int, char const*, int)
                0x02016e04                SendFullResponse(char*, int)
                0x02016bb8                SendFileFragment(char*, int, char const*)
                0x020167bc                SendCompressed(int, char*, int)
                0x02016be4                SendHeaderResponse(char*, int)
                0x020167a0                SendXMLHeader(int)
 .text          0x02017070      0x69e C:\nburn\lib\NetBurner.a(iosys.o)
                0x020174ac                SetDataAvail
                0x0201734c                writeall
                0x020173ac                RawCheckSelects()
                0x02017458                SetHaveError
                0x020174e8                RemoveSelect(PendingSelect*)
                0x02017470                SetWriteAvail
                0x0201723c                ZeroWaitSelect
                0x02017568                AddSelect(PendingSelect*)
                0x02017190                FD_ISSET
                0x02017138                ClrDataAvail
                0x020175c0                select
                0x02017120                ClrWriteAvail
                0x02017424                CheckSelects()
                0x020172f0                writestring
                0x02017200                countbits(fd_set*)
                0x02017070                FD_OVERLAP(fd_set*, fd_set*)
                0x020172c0                dataavail
                0x020170ac                FD_ZERO
                0x02017150                FD_SET
                0x02017108                ClrHaveError
                0x020171dc                countdwbits(unsigned long)
                0x02017660                ReadWithTimeout
                0x020170c4                FD_CLR
 *fill*         0x0201770e        0x2 00
 .text          0x02017710      0x42a C:\nburn\lib\NetBurner.a(netinterface.o)
                0x02017a7c                InitializeNetwork(void (*)(pool_buffer*, EFRAME*, unsigned short), void (*)(pool_buffer*, EFRAME*))
                0x020177a0                InterfaceIP(int)
                0x02017894                GetEframe(pool_buffer*)
                0x02017a1c                SaveIfConfig(ConfigRecord*, int)
                0x02017710                GetFirstInterface()
                0x02017a4c                GetIfConfig(int)
                0x02017850                InterfaceMAC(int)
                0x02017774                GetInterFaceBlock(int)
                0x020177cc                InterfaceDNS(int)
                0x020177f8                InterfaceMASK(int)
                0x02017730                GetnextInterface(int)
                0x02017ad8                TransmitBuffer(pool_buffer*, int)
                0x02017900                DisableMulticast(MACADR, int)
                0x02017960                RegisterInterface(_InterfaceBlock*)
                0x020178a8                EnableMulticast(MACADR, int)
                0x020179e8                Removeinterface(int)
                0x02017958                StopNetworks()
                0x02017824                InterfaceGate(int)
 *fill*         0x02017b3a        0x2 00
 .text          0x02017b3c      0x5c8 C:\nburn\lib\NetBurner.a(taskmon.o)
                0x02018044                ProcessTaskPacket(UDPPacket&, int)
                0x02017b3c                EnableTaskMonitor()
                0x02017b50                BufferDumpTCBState(os_tcb*)
 .text          0x02018104      0x538 C:\nburn\lib\NetBurner.a(autoupdate.o)
                0x0201858c                ProcessAutoUpdatePacket(UDPPacket&)
                0x020182c0                DoData(UDPPacket&)
                0x02018104                EnableAutoUpdate
                0x02018118                DoReboot()
                0x02018148                DoExecute(UDPPacket&, int)
                0x020183b0                DoStart(UDPPacket&)
 .text          0x0201863c       0x52 C:\nburn\lib\NetBurner.a(device.o)
                0x0201865c                DeviceInitializeSem
                0x0201863c                DeviceGetQspiSem()
                0x0201864c                DeviceGetI2cSem()
 *fill*         0x0201868e        0x2 00
 .text          0x02018690      0x320 C:\nburn\lib\NetBurner.a(ucosmcfc.o)
                0x02018978                OSTaskCreate
                0x020189a4                TopOfStackKillfunction
                0x0201874c                OSTaskCreatewName
                0x02018690                OSTCBInit
                0x020189a8                KillFunctionLink
 .text          0x020189b0      0x6d8 C:\nburn\lib\NetBurner.a(system.o)
                0x02018a28                GetUserParameters
                0x02018d88                UpdateConfigRecord_Num
                0x020189fc                RawGetConfig
                0x020189b0                isvalidcr
                0x02018f44                SetupDialog
                0x02018aa0                ReadLine
                0x02018f30                UpdateConfigRecord
                0x02018c60                IpQuestion
                0x02018d14                SaveUserParameters
                0x02018a38                ShowChange
 .text          0x02019088      0xbe0 C:\nburn\lib\NetBurner.a(utils.o)
                0x02019a74                fShowMac
                0x02019278                FancyDump(unsigned char*, int)
                0x02019b04                ShowCounters
                0x020191c0                convertHexAsciiToBinary
                0x02019438                ShowData
                0x02019088                kill
                0x02019b6c                fShowCounters
                0x02019a34                fShowIP
                0x02019098                _fini
                0x020193a4                ShowIP
                0x020190a4                AsciiToIp
                0x02019be4                sShowCounters
                0x02019ad0                DiagMenuPicker(int, unsigned char)
                0x020193e0                ShowMac
                0x02019128                convertBinaryToHexAscii
                0x02019260                __builtin_delete
                0x02019090                _exit
 .text          0x02019c68     0x1aaa C:\nburn\lib\MOD5234.a(serial.o)
                0x0201b698                real_SER0_ISR
                0x02019c68                WakeTx(int)
                0x0201aabc                SerialClose
                0x0201aa50                SendBreak
                0x0201ac04                OpenSerial
                0x0201a65c                GetUartErrorReg
                0x0201a7f0                fShowSerialData(__sFILE*)
                0x02019f30                fake_SER0_ISR()
                0x0201a018                fake_SER2_ISR()
                0x02019f88                SER1_ISR
                0x0201a06c                SerialEnableTxFlow
                0x0201a0b4                SerialEnableRxFlow
                0x02019d00                DoSerIsr(int)
                0x0201a4ec                Serial485HalfDupMode
                0x02019f84                fake_SER1_ISR()
                0x0201a348                SerialEnableHwRxFlow
                0x0201b230                serread
                0x0201b578                BasePutChar(int, unsigned char)
                0x0201b24c                BaseGetChar(int)
                0x0201b6d4                real_SER2_ISR
                0x0201b014                serreadwto
                0x0201b458                serwriteaddress
                0x02019fd8                real_SER1_ISR
                0x0201b2f4                serwrite
                0x0201abe0                serexternalclose
                0x02019f34                SER0_ISR
                0x0201a01c                SER2_ISR
                0x0201a100                SerialEnableHwTxFlow
 *fill*         0x0201b712        0x2 00
 .text          0x0201b714     0x18ae C:\nburn\lib\MOD5234.a(ethernet.o)
                0x0201c28c                AddEthernetInterface()
                0x0201b8f8                StopEnet()
                0x0201bd54                ResetEnet()
                0x0201c460                ProcessDuplexStatus()
                0x0201b714                read_eth_addr(MACADR*)
                0x0201c334                WarmEnetReset()
                0x0201ce14                real_rxenetisr
                0x0201b740                fake_rxenetisr()
                0x0201ca7c                DoRX(pool_buffer*, unsigned short)
                0x0201b744                rxenetisr
                0x0201b794                fake_txenetisr()
                0x0201c430                EnablePHY()
                0x0201b94c                EthMultifunc(MACADR, unsigned char)
                0x0201b7e8                GetMII(unsigned char, unsigned char)
                0x0201b968                ResetEnetPart2()
                0x0201b798                txenetisr
                0x0201b86c                SetMII(unsigned char, unsigned char, unsigned short)
                0x0201c0c8                InitializeEthernet()
                0x0201c884                real_txenetisr
                0x0201b928                DisablePHY()
                0x0201c3d0                ManualEthernetConfig(unsigned char, unsigned char, unsigned char)
                0x0201c730                EthTransmitBuffer(pool_buffer*)
                0x0201cc74                Ether_ProcessTask(void*)
 *fill*         0x0201cfc2        0x2 00
 .text          0x0201cfc4     0x16e8 C:\nburn\lib\MOD5234.a(etherprint.o)
                0x0201e5d4                EtherLink()
                0x0201cfc4                EtherSpeed100()
                0x0201e5c8                denet()
                0x0201e268                ShowFECRegisters()
                0x0201d09c                ShowMII(unsigned char, unsigned char, char const*, unsigned short)
                0x0201e608                elink()
                0x0201e5bc                dEnet()
                0x0201cfe4                SwitchMIIPage(unsigned long)
                0x0201cfd4                EtherDuplex()
                0x0201d010                showbinary(unsigned short, unsigned short)
                0x0201d104                ShowPhyterMII()
 .text          0x0201e6ac      0x196 C:\nburn\lib\MOD5234.a(emulticast.o)
                0x0201e790                EthDisableMulticast(MACADR)
                0x0201e6ec                EthEnableMulticast(MACADR)
                0x0201e6ac                GetMultiCastCRC(MACADR)
 *fill*         0x0201e842        0x2 00
 .text          0x0201e844        0x0 c:/nburn/gcc-m68k/bin/../lib/gcc/m68k-elf/4.2.1/../../../../m68k-elf/lib/m5208\libstdc++.a(new_opv.o)
 .text          0x0201e844        0x0 c:/nburn/gcc-m68k/bin/../lib/gcc/m68k-elf/4.2.1/../../../../m68k-elf/lib/m5208\libstdc++.a(del_op.o)
 .text          0x0201e844        0x0 c:/nburn/gcc-m68k/bin/../lib/gcc/m68k-elf/4.2.1/../../../../m68k-elf/lib/m5208\libstdc++.a(eh_personality.o)
 .text          0x0201e844        0x0 c:/nburn/gcc-m68k/bin/../lib/gcc/m68k-elf/4.2.1/../../../../m68k-elf/lib/m5208\libstdc++.a(eh_alloc.o)
 .text          0x0201e844        0x0 c:/nburn/gcc-m68k/bin/../lib/gcc/m68k-elf/4.2.1/../../../../m68k-elf/lib/m5208\libstdc++.a(new_op.o)
 .text          0x0201e844        0x0 c:/nburn/gcc-m68k/bin/../lib/gcc/m68k-elf/4.2.1/../../../../m68k-elf/lib/m5208\libstdc++.a(eh_throw.o)
 .text          0x0201e844        0x0 c:/nburn/gcc-m68k/bin/../lib/gcc/m68k-elf/4.2.1/../../../../m68k-elf/lib/m5208\libstdc++.a(new_handler.o)
 .text          0x0201e844        0x0 c:/nburn/gcc-m68k/bin/../lib/gcc/m68k-elf/4.2.1/../../../../m68k-elf/lib/m5208\libstdc++.a(eh_globals.o)
 .text          0x0201e844        0x0 c:/nburn/gcc-m68k/bin/../lib/gcc/m68k-elf/4.2.1/../../../../m68k-elf/lib/m5208\libstdc++.a(eh_exception.o)
 .text          0x0201e844        0x0 c:/nburn/gcc-m68k/bin/../lib/gcc/m68k-elf/4.2.1/../../../../m68k-elf/lib/m5208\libstdc++.a(eh_catch.o)
 .text          0x0201e844        0x0 c:/nburn/gcc-m68k/bin/../lib/gcc/m68k-elf/4.2.1/../../../../m68k-elf/lib/m5208\libstdc++.a(eh_terminate.o)
 .text          0x0201e844        0x0 c:/nburn/gcc-m68k/bin/../lib/gcc/m68k-elf/4.2.1/../../../../m68k-elf/lib/m5208\libstdc++.a(eh_call.o)
 .text          0x0201e844        0x0 c:/nburn/gcc-m68k/bin/../lib/gcc/m68k-elf/4.2.1/../../../../m68k-elf/lib/m5208\libstdc++.a(class_type_info.o)
 .text          0x0201e844        0x0 c:/nburn/gcc-m68k/bin/../lib/gcc/m68k-elf/4.2.1/../../../../m68k-elf/lib/m5208\libstdc++.a(eh_term_handler.o)
 .text          0x0201e844        0x0 c:/nburn/gcc-m68k/bin/../lib/gcc/m68k-elf/4.2.1/../../../../m68k-elf/lib/m5208\libstdc++.a(eh_unex_handler.o)
 .text          0x0201e844        0x0 c:/nburn/gcc-m68k/bin/../lib/gcc/m68k-elf/4.2.1/../../../../m68k-elf/lib/m5208\libstdc++.a(si_class_type_info.o)
 .text          0x0201e844        0x0 c:/nburn/gcc-m68k/bin/../lib/gcc/m68k-elf/4.2.1/../../../../m68k-elf/lib/m5208\libstdc++.a(vterminate.o)
 .text          0x0201e844     0x4ae6 c:/nburn/gcc-m68k/bin/../lib/gcc/m68k-elf/4.2.1/../../../../m68k-elf/lib/m5208\libstdc++.a(cp-demangle.o)
                0x02023252                __cxa_demangle
 *fill*         0x0202332a        0x2 00
 .text          0x0202332c        0x0 c:/nburn/gcc-m68k/bin/../lib/gcc/m68k-elf/4.2.1/../../../../m68k-elf/lib/m5208\libstdc++.a(tinfo.o)
 .text          0x0202332c        0x0 c:/nburn/gcc-m68k/bin/../lib/gcc/m68k-elf/4.2.1/../../../../m68k-elf/lib/m5208\libstdc++.a(eh_type.o)
 .text          0x0202332c      0xba0 c:/nburn/gcc-m68k/bin/../lib/gcc/m68k-elf/4.2.1/m5208\libgcc.a(_double.o)
                0x02023e2a                __cmpdf2
                0x0202338c                __adddf3
                0x02023cf4                __negdf2
                0x02023a04                __divdf3
                0x02023d52                __cmpdf2_internal
                0x02023828                __muldf3
                0x02023386                __subdf3
 .text          0x02023ecc       0x74 c:/nburn/gcc-m68k/bin/../lib/gcc/m68k-elf/4.2.1/m5208\libgcc.a(_floatex.o)
                0x02023ed8                $_exception_handler
                0x02023ecc                __clear_sticky_bit
 .text          0x02023f40       0x22 c:/nburn/gcc-m68k/bin/../lib/gcc/m68k-elf/4.2.1/m5208\libgcc.a(_ltdf2.o)
                0x02023f40                __ltdf2
 *fill*         0x02023f62        0x2 00
 .text          0x02023f64       0x7a c:/nburn/gcc-m68k/bin/../lib/gcc/m68k-elf/4.2.1/m5208\libgcc.a(_fixunsdfsi.o)
                0x02023f64                __fixunsdfsi
 *fill*         0x02023fde        0x2 00
 .text          0x02023fe0      0x49a c:/nburn/gcc-m68k/bin/../lib/gcc/m68k-elf/4.2.1/m5208\libgcc.a(fpgnulib.o)
                0x02024460                __fixsfsi
                0x02024148                __floatsidf
                0x0202421e                __extendsfdf2
                0x020240d6                __floatunsidf
                0x020243e0                __fixdfsi
                0x02024204                __floatsisf
                0x020242b8                __truncdfsf2
                0x02023fe0                __unordsf2
                0x020241ea                __floatunsisf
                0x02024042                __unorddf2
 *fill*         0x0202447a        0x2 00
 .text          0x0202447c     0x1f0e c:/nburn/gcc-m68k/bin/../lib/gcc/m68k-elf/4.2.1/m5208\libgcc.a(unwind-dw2.o)
                0x0202481e                _Unwind_GetIPInfo
                0x02024502                _Unwind_GetIP
                0x020261ee                _Unwind_Resume_or_Rethrow
                0x02024534                _Unwind_GetRegionStart
                0x02025ef6                _Unwind_Backtrace
                0x020244f2                _Unwind_GetCFA
                0x020250ec                __frame_state_for
                0x0202627c                _Unwind_Resume
                0x02024564                _Unwind_DeleteException
                0x02026012                _Unwind_RaiseException
                0x02024512                _Unwind_SetIP
                0x02024554                _Unwind_GetTextRelBase
                0x020247fa                _Unwind_FindEnclosingFunction
                0x02024524                _Unwind_GetLanguageSpecificData
                0x02026302                _Unwind_ForcedUnwind
                0x02024582                _Unwind_SetGR
                0x020245e8                _Unwind_GetGR
                0x02024544                _Unwind_GetDataRelBase
 *fill*         0x0202638a        0x2 00
 .text          0x0202638c     0x126c c:/nburn/gcc-m68k/bin/../lib/gcc/m68k-elf/4.2.1/m5208\libgcc.a(unwind-dw2-fde.o)
                0x020274aa                _Unwind_Find_FDE
                0x02026ca0                __register_frame
                0x02026c7e                __register_frame_table
                0x02026402                __register_frame_info_bases
                0x020273e2                __deregister_frame_info
                0x02027324                __deregister_frame_info_bases
                0x0202646e                __register_frame_info_table_bases
                0x020273ec                __deregister_frame
                0x020264c0                __register_frame_info_table
                0x02026452                __register_frame_info
 .text          0x020275f8       0x22 c:/nburn/gcc-m68k/bin/../lib/gcc/m68k-elf/4.2.1/m5208\libgcc.a(_gedf2.o)
                0x020275f8                __gedf2
 *fill*         0x0202761a        0x2 00
 .text          0x0202761c       0x18 c:/nburn/gcc-m68k/bin/../lib/gcc/m68k-elf/4.2.1/../../../../m68k-elf/lib/m5208\libc.a(lib_a-abort.o)
                0x0202761c                abort
 .text          0x02027634       0x34 c:/nburn/gcc-m68k/bin/../lib/gcc/m68k-elf/4.2.1/../../../../m68k-elf/lib/m5208\libc.a(lib_a-atoi.o)
                0x02027634                _atoi_r
                0x02027650                atoi
 .text          0x02027668       0x64 c:/nburn/gcc-m68k/bin/../lib/gcc/m68k-elf/4.2.1/../../../../m68k-elf/lib/m5208\libc.a(lib_a-bsearch.o)
                0x02027668                bsearch
 .text          0x020276cc       0x1e c:/nburn/gcc-m68k/bin/../lib/gcc/m68k-elf/4.2.1/../../../../m68k-elf/lib/m5208\libc.a(lib_a-cxa_atexit.o)
                0x020276cc                __cxa_atexit
 *fill*         0x020276ea        0x2 00
 .text          0x020276ec        0xe c:/nburn/gcc-m68k/bin/../lib/gcc/m68k-elf/4.2.1/../../../../m68k-elf/lib/m5208\libc.a(lib_a-errno.o)
                0x020276ec                __errno
 *fill*         0x020276fa        0x2 00
 .text          0x020276fc       0x24 c:/nburn/gcc-m68k/bin/../lib/gcc/m68k-elf/4.2.1/../../../../m68k-elf/lib/m5208\libc.a(lib_a-fiprintf.o)
                0x020276fc                fiprintf
 .text          0x02027720       0xaa c:/nburn/gcc-m68k/bin/../lib/gcc/m68k-elf/4.2.1/../../../../m68k-elf/lib/m5208\libc.a(lib_a-fputc.o)
                0x0202776e                _fputc_r
                0x02027720                fputc
 *fill*         0x020277ca        0x2 00
 .text          0x020277cc       0x90 c:/nburn/gcc-m68k/bin/../lib/gcc/m68k-elf/4.2.1/../../../../m68k-elf/lib/m5208\libc.a(lib_a-fputs.o)
                0x020277cc                _fputs_r
                0x02027842                fputs
 .text          0x0202785c      0x37e c:/nburn/gcc-m68k/bin/../lib/gcc/m68k-elf/4.2.1/../../../../m68k-elf/lib/m5208\libc.a(lib_a-fvwrite.o)
                0x0202785c                __sfvwrite_r
 *fill*         0x02027bda        0x2 00
 .text          0x02027bdc       0x9e c:/nburn/gcc-m68k/bin/../lib/gcc/m68k-elf/4.2.1/../../../../m68k-elf/lib/m5208\libc.a(lib_a-fwrite.o)
                0x02027bdc                _fwrite_r
                0x02027c58                fwrite
 *fill*         0x02027c7a        0x2 00
 .text          0x02027c7c        0x0 c:/nburn/gcc-m68k/bin/../lib/gcc/m68k-elf/4.2.1/../../../../m68k-elf/lib/m5208\libc.a(lib_a-impure.o)
 .text          0x02027c7c       0x54 c:/nburn/gcc-m68k/bin/../lib/gcc/m68k-elf/4.2.1/../../../../m68k-elf/lib/m5208\libc.a(lib_a-iprintf.o)
                0x02027c7c                _iprintf_r
                0x02027ca6                iprintf
 .text          0x02027cd0       0x1c c:/nburn/gcc-m68k/bin/../lib/gcc/m68k-elf/4.2.1/../../../../m68k-elf/lib/m5208\libc.a(lib_a-isalpha.o)
                0x02027cd0                isalpha
 .text          0x02027cec       0x1c c:/nburn/gcc-m68k/bin/../lib/gcc/m68k-elf/4.2.1/../../../../m68k-elf/lib/m5208\libc.a(lib_a-isspace.o)
                0x02027cec                isspace
 .text          0x02027d08       0x32 c:/nburn/gcc-m68k/bin/../lib/gcc/m68k-elf/4.2.1/../../../../m68k-elf/lib/m5208\libc.a(lib_a-malloc.o)
                0x02027d22                malloc
                0x02027d08                free
 *fill*         0x02027d3a        0x2 00
 .text          0x02027d3c      0x78c c:/nburn/gcc-m68k/bin/../lib/gcc/m68k-elf/4.2.1/../../../../m68k-elf/lib/m5208\libc.a(lib_a-mallocr.o)
                0x02027d3c                _malloc_r
 .text          0x020284c8       0xd2 c:/nburn/gcc-m68k/bin/../lib/gcc/m68k-elf/4.2.1/../../../../m68k-elf/lib/m5208\libc.a(lib_a-memchr.o)
                0x020284c8                memchr
 *fill*         0x0202859a        0x2 00
 .text          0x0202859c       0x72 c:/nburn/gcc-m68k/bin/../lib/gcc/m68k-elf/4.2.1/../../../../m68k-elf/lib/m5208\libc.a(lib_a-memcmp.o)
                0x0202859c                memcmp
 *fill*         0x0202860e        0x2 00
 .text          0x02028610       0xb6 c:/nburn/gcc-m68k/bin/../lib/gcc/m68k-elf/4.2.1/../../../../m68k-elf/lib/m5208\libc.a(lib_a-memmove.o)
                0x02028610                memmove
 *fill*         0x020286c6        0x2 00
 .text          0x020286c8      0x16a c:/nburn/gcc-m68k/bin/../lib/gcc/m68k-elf/4.2.1/../../../../m68k-elf/lib/m5208\libc.a(lib_a-putc.o)
                0x02028782                _putc_r
                0x020286c8                putc
 *fill*         0x02028832        0x2 00
 .text          0x02028834       0x8a c:/nburn/gcc-m68k/bin/../lib/gcc/m68k-elf/4.2.1/../../../../m68k-elf/lib/m5208\libc.a(lib_a-puts.o)
                0x02028834                _puts_r
                0x020288a8                puts
 *fill*         0x020288be        0x2 00
 .text          0x020288c0       0x1c c:/nburn/gcc-m68k/bin/../lib/gcc/m68k-elf/4.2.1/../../../../m68k-elf/lib/m5208\libc.a(lib_a-realloc.o)
                0x020288c0                realloc
 .text          0x020288dc      0x502 c:/nburn/gcc-m68k/bin/../lib/gcc/m68k-elf/4.2.1/../../../../m68k-elf/lib/m5208\libc.a(lib_a-reallocr.o)
                0x020288dc                _realloc_r
 *fill*         0x02028dde        0x2 00
 .text          0x02028de0       0x4e c:/nburn/gcc-m68k/bin/../lib/gcc/m68k-elf/4.2.1/../../../../m68k-elf/lib/m5208\libc.a(lib_a-rget.o)
                0x02028e1a                __srget
                0x02028de0                __srget_r
 *fill*         0x02028e2e        0x2 00
 .text          0x02028e30      0x1ee c:/nburn/gcc-m68k/bin/../lib/gcc/m68k-elf/4.2.1/../../../../m68k-elf/lib/m5208\libc.a(lib_a-setvbuf.o)
                0x02028e30                setvbuf
 *fill*         0x0202901e        0x2 00
 .text          0x02029020      0x270 c:/nburn/gcc-m68k/bin/../lib/gcc/m68k-elf/4.2.1/../../../../m68k-elf/lib/m5208\libc.a(lib_a-signal.o)
                0x02029214                _signal_r
                0x02029134                _raise_r
                0x0202909a                __sigtramp_r
                0x02029278                signal
                0x0202908a                _init_signal
                0x02029020                _init_signal_r
                0x0202911e                __sigtramp
                0x020291fe                raise
 .text          0x02029290       0x42 c:/nburn/gcc-m68k/bin/../lib/gcc/m68k-elf/4.2.1/../../../../m68k-elf/lib/m5208\libc.a(lib_a-signalr.o)
                0x0202929c                _kill_r
                0x02029290                _getpid_r
 *fill*         0x020292d2        0x2 00
 .text          0x020292d4       0xba c:/nburn/gcc-m68k/bin/../lib/gcc/m68k-elf/4.2.1/../../../../m68k-elf/lib/m5208\libc.a(lib_a-siprintf.o)
                0x02029332                _siprintf_r
                0x020292d4                siprintf
 *fill*         0x0202938e        0x2 00
 .text          0x02029390      0x14c c:/nburn/gcc-m68k/bin/../lib/gcc/m68k-elf/4.2.1/../../../../m68k-elf/lib/m5208\libc.a(lib_a-snprintf.o)
                0x02029390                snprintf
                0x02029438                _snprintf_r
 .text          0x020294dc       0x92 c:/nburn/gcc-m68k/bin/../lib/gcc/m68k-elf/4.2.1/../../../../m68k-elf/lib/m5208\libc.a(lib_a-strcasecmp.o)
                0x020294dc                strcasecmp
 *fill*         0x0202956e        0x2 00
 .text          0x02029570       0x7c c:/nburn/gcc-m68k/bin/../lib/gcc/m68k-elf/4.2.1/../../../../m68k-elf/lib/m5208\libc.a(lib_a-strcat.o)
                0x02029570                strcat
 .text          0x020295ec       0x70 c:/nburn/gcc-m68k/bin/../lib/gcc/m68k-elf/4.2.1/../../../../m68k-elf/lib/m5208\libc.a(lib_a-strcmp.o)
                0x020295ec                strcmp
 .text          0x0202965c       0x22 c:/nburn/gcc-m68k/bin/../lib/gcc/m68k-elf/4.2.1/../../../../m68k-elf/lib/m5208\libc.a(lib_a-strcpy.o)
                0x0202965c                strcpy
 *fill*         0x0202967e        0x2 00
 .text          0x02029680       0x1a c:/nburn/gcc-m68k/bin/../lib/gcc/m68k-elf/4.2.1/../../../../m68k-elf/lib/m5208\libc.a(lib_a-strlen.o)
                0x02029680                strlen
 *fill*         0x0202969a        0x2 00
 .text          0x0202969c       0xda c:/nburn/gcc-m68k/bin/../lib/gcc/m68k-elf/4.2.1/../../../../m68k-elf/lib/m5208\libc.a(lib_a-strncmp.o)
                0x0202969c                strncmp
 *fill*         0x02029776        0x2 00
 .text          0x02029778       0x46 c:/nburn/gcc-m68k/bin/../lib/gcc/m68k-elf/4.2.1/../../../../m68k-elf/lib/m5208\libc.a(lib_a-strstr.o)
                0x02029778                strstr
 *fill*         0x020297be        0x2 00
 .text          0x020297c0       0x28 c:/nburn/gcc-m68k/bin/../lib/gcc/m68k-elf/4.2.1/../../../../m68k-elf/lib/m5208\libc.a(lib_a-strtok.o)
                0x020297c0                strtok
 .text          0x020297e8       0xc6 c:/nburn/gcc-m68k/bin/../lib/gcc/m68k-elf/4.2.1/../../../../m68k-elf/lib/m5208\libc.a(lib_a-strtok_r.o)
                0x02029892                strtok_r
                0x020297e8                __strtok_r
 *fill*         0x020298ae        0x2 00
 .text          0x020298b0      0x18a c:/nburn/gcc-m68k/bin/../lib/gcc/m68k-elf/4.2.1/../../../../m68k-elf/lib/m5208\libc.a(lib_a-strtol.o)
                0x02029a1c                strtol
                0x020298b0                _strtol_r
 *fill*         0x02029a3a        0x2 00
 .text          0x02029a3c       0x26 c:/nburn/gcc-m68k/bin/../lib/gcc/m68k-elf/4.2.1/../../../../m68k-elf/lib/m5208\libc.a(lib_a-toupper.o)
                0x02029a3c                toupper
 *fill*         0x02029a62        0x2 00
 .text          0x02029a64     0x1280 c:/nburn/gcc-m68k/bin/../lib/gcc/m68k-elf/4.2.1/../../../../m68k-elf/lib/m5208\libc.a(lib_a-vfiprintf.o)
                0x0202acc6                vfiprintf
                0x02029aa8                _vfiprintf_r
 .text          0x0202ace4     0x1fac c:/nburn/gcc-m68k/bin/../lib/gcc/m68k-elf/4.2.1/../../../../m68k-elf/lib/m5208\libc.a(lib_a-vfprintf.o)
                0x0202ad28                _vfprintf_r
                0x0202cc72                vfprintf
 .text          0x0202cc90      0x124 c:/nburn/gcc-m68k/bin/../lib/gcc/m68k-elf/4.2.1/../../../../m68k-elf/lib/m5208\libc.a(lib_a-wbuf.o)
                0x0202cc90                __swbuf_r
                0x0202cd9a                __swbuf
 .text          0x0202cdb4       0x7c c:/nburn/gcc-m68k/bin/../lib/gcc/m68k-elf/4.2.1/../../../../m68k-elf/lib/m5208\libc.a(lib_a-wcrtomb.o)
                0x0202cdb4                _wcrtomb_r
                0x0202ce14                wcrtomb
 .text          0x0202ce30      0x130 c:/nburn/gcc-m68k/bin/../lib/gcc/m68k-elf/4.2.1/../../../../m68k-elf/lib/m5208\libc.a(lib_a-wcsrtombs.o)
                0x0202ce30                _wcsrtombs_r
                0x0202cf3e                wcsrtombs
 .text          0x0202cf60      0x452 c:/nburn/gcc-m68k/bin/../lib/gcc/m68k-elf/4.2.1/../../../../m68k-elf/lib/m5208\libc.a(lib_a-wctomb_r.o)
                0x0202cf60                _wctomb_r
 *fill*         0x0202d3b2        0x2 00
 .text          0x0202d3b4      0x130 c:/nburn/gcc-m68k/bin/../lib/gcc/m68k-elf/4.2.1/../../../../m68k-elf/lib/m5208\libc.a(lib_a-wsetup.o)
                0x0202d3b4                __swsetup
 .text          0x0202d4e4       0xe8 c:/nburn/gcc-m68k/bin/../lib/gcc/m68k-elf/4.2.1/../../../../m68k-elf/lib/m5208\libc.a(lib_a-__atexit.o)
                0x0202d4e4                __register_exitproc
 .text          0x0202d5cc        0x0 c:/nburn/gcc-m68k/bin/../lib/gcc/m68k-elf/4.2.1/../../../../m68k-elf/lib/m5208\libc.a(lib_a-ctype_.o)
 .text          0x0202d5cc     0x160a c:/nburn/gcc-m68k/bin/../lib/gcc/m68k-elf/4.2.1/../../../../m68k-elf/lib/m5208\libc.a(lib_a-dtoa.o)
                0x0202d77e                _dtoa_r
 *fill*         0x0202ebd6        0x2 00
 .text          0x0202ebd8      0x198 c:/nburn/gcc-m68k/bin/../lib/gcc/m68k-elf/4.2.1/../../../../m68k-elf/lib/m5208\libc.a(lib_a-fflush.o)
                0x0202ebd8                fflush
 .text          0x0202ed70      0x25e c:/nburn/gcc-m68k/bin/../lib/gcc/m68k-elf/4.2.1/../../../../m68k-elf/lib/m5208\libc.a(lib_a-findfp.o)
                0x0202edca                __sinit
                0x0202ee82                __sfmoreglue
                0x0202ee70                _cleanup
                0x0202ee56                _cleanup_r
                0x0202eef0                __sfp
 *fill*         0x0202efce        0x2 00
 .text          0x0202efd0      0x422 c:/nburn/gcc-m68k/bin/../lib/gcc/m68k-elf/4.2.1/../../../../m68k-elf/lib/m5208\libc.a(lib_a-freer.o)
                0x0202f0c0                _free_r
                0x0202efd0                _malloc_trim_r
 *fill*         0x0202f3f2        0x2 00
 .text          0x0202f3f4       0xe4 c:/nburn/gcc-m68k/bin/../lib/gcc/m68k-elf/4.2.1/../../../../m68k-elf/lib/m5208\libc.a(lib_a-fwalk.o)
                0x0202f3f4                _fwalk
                0x0202f464                _fwalk_reent
 .text          0x0202f4d8       0xa6 c:/nburn/gcc-m68k/bin/../lib/gcc/m68k-elf/4.2.1/../../../../m68k-elf/lib/m5208\libc.a(lib_a-locale.o)
                0x0202f506                _setlocale_r
                0x0202f4d8                __locale_charset
                0x0202f4e6                _localeconv_r
                0x0202f566                setlocale
                0x0202f4f4                localeconv
 *fill*         0x0202f57e        0x2 00
 .text          0x0202f580      0x178 c:/nburn/gcc-m68k/bin/../lib/gcc/m68k-elf/4.2.1/../../../../m68k-elf/lib/m5208\libc.a(lib_a-makebuf.o)
                0x0202f580                __smakebuf
 .text          0x0202f6f8      0xc78 c:/nburn/gcc-m68k/bin/../lib/gcc/m68k-elf/4.2.1/../../../../m68k-elf/lib/m5208\libc.a(lib_a-mprec.o)
                0x0202fa4c                _mprec_log10
                0x0202fb02                __any_on
                0x0202fba8                _Balloc
                0x0202f9ba                __ratio
                0x020300d0                __i2b
                0x0202f8ca                __b2d
                0x02030298                __s2b
                0x0202f7e8                __mcmp
                0x0202f6f8                __hi0bits
                0x020301b6                __pow5mult
                0x0202feb4                __lshift
                0x0202ff62                __multiply
                0x0202fc5e                __d2b
                0x0202fabe                __copybits
                0x0202f848                __ulp
                0x0202fd74                __mdiff
                0x0202f75c                __lo0bits
                0x020300f2                __multadd
                0x0202fb6e                _Bfree
 .text          0x02030370      0x21c c:/nburn/gcc-m68k/bin/../lib/gcc/m68k-elf/4.2.1/../../../../m68k-elf/lib/m5208\libc.a(lib_a-refill.o)
                0x02030394                __srefill_r
 .text          0x0203058c       0x42 c:/nburn/gcc-m68k/bin/../lib/gcc/m68k-elf/4.2.1/../../../../m68k-elf/lib/m5208\libc.a(lib_a-s_isinfd.o)
                0x0203058c                __isinfd
 *fill*         0x020305ce        0x2 00
 .text          0x020305d0       0x34 c:/nburn/gcc-m68k/bin/../lib/gcc/m68k-elf/4.2.1/../../../../m68k-elf/lib/m5208\libc.a(lib_a-s_isnand.o)
                0x020305d0                __isnand
 .text          0x02030604      0x162 c:/nburn/gcc-m68k/bin/../lib/gcc/m68k-elf/4.2.1/../../../../m68k-elf/lib/m5208\libc.a(lib_a-stdio.o)
                0x02030622                __sseek
                0x02030714                __sread
                0x02030604                __sclose
                0x02030684                __swrite
 *fill*         0x02030766        0x2 00
 .text          0x02030768       0x3e c:/nburn/gcc-m68k/bin/../lib/gcc/m68k-elf/4.2.1/../../../../m68k-elf/lib/m5208\libc.a(lib_a-writer.o)
                0x02030768                _write_r
 *fill*         0x020307a6        0x2 00
 .text          0x020307a8       0x92 c:/nburn/gcc-m68k/bin/../lib/gcc/m68k-elf/4.2.1/../../../../m68k-elf/lib/m5208\libc.a(lib_a-callocr.o)
                0x020307a8                _calloc_r
 *fill*         0x0203083a        0x2 00
 .text          0x0203083c       0x32 c:/nburn/gcc-m68k/bin/../lib/gcc/m68k-elf/4.2.1/../../../../m68k-elf/lib/m5208\libc.a(lib_a-closer.o)
                0x0203083c                _close_r
 *fill*         0x0203086e        0x2 00
 .text          0x02030870       0xfe c:/nburn/gcc-m68k/bin/../lib/gcc/m68k-elf/4.2.1/../../../../m68k-elf/lib/m5208\libc.a(lib_a-fclose.o)
                0x02030870                _fclose_r
                0x02030958                fclose
 *fill*         0x0203096e        0x2 00
 .text          0x02030970       0x36 c:/nburn/gcc-m68k/bin/../lib/gcc/m68k-elf/4.2.1/../../../../m68k-elf/lib/m5208\libc.a(lib_a-fstatr.o)
                0x02030970                _fstat_r
 *fill*         0x020309a6        0x2 00
 .text          0x020309a8       0x3e c:/nburn/gcc-m68k/bin/../lib/gcc/m68k-elf/4.2.1/../../../../m68k-elf/lib/m5208\libc.a(lib_a-lseekr.o)
                0x020309a8                _lseek_r
 *fill*         0x020309e6        0x2 00
 .text          0x020309e8       0x3e c:/nburn/gcc-m68k/bin/../lib/gcc/m68k-elf/4.2.1/../../../../m68k-elf/lib/m5208\libc.a(lib_a-readr.o)
                0x020309e8                _read_r
 *fill*         0x02030a26        0x2 00
 .text          0x02030a28       0x22 c:/nburn/gcc-m68k/bin/../lib/gcc/m68k-elf/4.2.1/m5208\libgcc.a(_eqdf2.o)
                0x02030a28                __eqdf2
 *fill*         0x02030a4a        0x2 00
 .text          0x02030a4c       0x22 c:/nburn/gcc-m68k/bin/../lib/gcc/m68k-elf/4.2.1/m5208\libgcc.a(_nedf2.o)
                0x02030a4c                __nedf2
 *fill*         0x02030a6e        0x2 00
 .text          0x02030a70       0x22 c:/nburn/gcc-m68k/bin/../lib/gcc/m68k-elf/4.2.1/m5208\libgcc.a(_gtdf2.o)
                0x02030a70                __gtdf2
 *fill*         0x02030a92        0x2 00
 .text          0x02030a94      0x3d4 c:/nburn/gcc-m68k/bin/../lib/gcc/m68k-elf/4.2.1/m5208\libgcc.a(_udivdi3.o)
                0x02030a94                __udivdi3
 .text          0x02030e68      0x3ee c:/nburn/gcc-m68k/bin/../lib/gcc/m68k-elf/4.2.1/m5208\libgcc.a(_umoddi3.o)
                0x02030e68                __umoddi3
 *fill*         0x02031256        0x2 00
 .text          0x02031258       0x32 c:/nburn/gcc-m68k/bin/../lib/gcc/m68k-elf/4.2.1/m5208/crtend.o
                0x02031290                . = ALIGN (0x10)
 *fill*         0x0203128a        0x6 00
 *(.text.*)
 .text._Znam    0x02031290       0x30 c:/nburn/gcc-m68k/bin/../lib/gcc/m68k-elf/4.2.1/../../../../m68k-elf/lib/m5208\libstdc++.a(new_opv.o)
                0x02031290                operator new[](unsigned long)
 .text._ZdlPv   0x020312c0       0x16 c:/nburn/gcc-m68k/bin/../lib/gcc/m68k-elf/4.2.1/../../../../m68k-elf/lib/m5208\libstdc++.a(del_op.o)
                0x020312c0                operator delete(void*)
 .text._Z12read_uleb128PKhPj
                0x020312d6       0x30 c:/nburn/gcc-m68k/bin/../lib/gcc/m68k-elf/4.2.1/../../../../m68k-elf/lib/m5208\libstdc++.a(eh_personality.o)
 .text._Z12read_sleb128PKhPi
                0x02031306       0x46 c:/nburn/gcc-m68k/bin/../lib/gcc/m68k-elf/4.2.1/../../../../m68k-elf/lib/m5208\libstdc++.a(eh_personality.o)
 .text._Z16get_adjusted_ptrPKSt9type_infoS1_PPv
                0x0203134c       0x6a c:/nburn/gcc-m68k/bin/../lib/gcc/m68k-elf/4.2.1/../../../../m68k-elf/lib/m5208\libstdc++.a(eh_personality.o)
 .text._Z28read_encoded_value_with_basehjPKhPj
                0x020313b6      0x12a c:/nburn/gcc-m68k/bin/../lib/gcc/m68k-elf/4.2.1/../../../../m68k-elf/lib/m5208\libstdc++.a(eh_personality.o)
 .text._Z21base_of_encoded_valuehP15_Unwind_Context
                0x020314e0       0x8c c:/nburn/gcc-m68k/bin/../lib/gcc/m68k-elf/4.2.1/../../../../m68k-elf/lib/m5208\libstdc++.a(eh_personality.o)
 .text._Z17parse_lsda_headerP15_Unwind_ContextPKhP16lsda_header_info
                0x0203156c       0xec c:/nburn/gcc-m68k/bin/../lib/gcc/m68k-elf/4.2.1/../../../../m68k-elf/lib/m5208\libstdc++.a(eh_personality.o)
 .text._Z15get_ttype_entryP16lsda_header_infoj
                0x02031658       0xe2 c:/nburn/gcc-m68k/bin/../lib/gcc/m68k-elf/4.2.1/../../../../m68k-elf/lib/m5208\libstdc++.a(eh_personality.o)
 .text._Z20check_exception_specP16lsda_header_infoPKSt9type_infoPvi
                0x0203173a       0x70 c:/nburn/gcc-m68k/bin/../lib/gcc/m68k-elf/4.2.1/../../../../m68k-elf/lib/m5208\libstdc++.a(eh_personality.o)
 .text.__cxa_call_unexpected
                0x020317aa       0xde c:/nburn/gcc-m68k/bin/../lib/gcc/m68k-elf/4.2.1/../../../../m68k-elf/lib/m5208\libstdc++.a(eh_personality.o)
                0x020317aa                __cxa_call_unexpected
 .text.__gxx_personality_v0
                0x02031888      0x440 c:/nburn/gcc-m68k/bin/../lib/gcc/m68k-elf/4.2.1/../../../../m68k-elf/lib/m5208\libstdc++.a(eh_personality.o)
                0x02031888                __gxx_personality_v0
 .text._Z41__static_initialization_and_destruction_0ii
                0x02031cc8        0x8 c:/nburn/gcc-m68k/bin/../lib/gcc/m68k-elf/4.2.1/../../../../m68k-elf/lib/m5208\libstdc++.a(eh_alloc.o)
 .text._GLOBAL__I___cxa_allocate_exception
                0x02031cd0       0x1a c:/nburn/gcc-m68k/bin/../lib/gcc/m68k-elf/4.2.1/../../../../m68k-elf/lib/m5208\libstdc++.a(eh_alloc.o)
 .text.__cxa_allocate_exception
                0x02031cea       0xa4 c:/nburn/gcc-m68k/bin/../lib/gcc/m68k-elf/4.2.1/../../../../m68k-elf/lib/m5208\libstdc++.a(eh_alloc.o)
                0x02031cea                __cxa_allocate_exception
 .text.__cxa_free_exception
                0x02031d8e       0x4a c:/nburn/gcc-m68k/bin/../lib/gcc/m68k-elf/4.2.1/../../../../m68k-elf/lib/m5208\libstdc++.a(eh_alloc.o)
                0x02031d8e                __cxa_free_exception
 .text._Znwm    0x02031dd8       0x80 c:/nburn/gcc-m68k/bin/../lib/gcc/m68k-elf/4.2.1/../../../../m68k-elf/lib/m5208\libstdc++.a(new_op.o)
                0x02031dd8                operator new(unsigned long)
 .text.__cxa_rethrow
                0x02031e58       0x7c c:/nburn/gcc-m68k/bin/../lib/gcc/m68k-elf/4.2.1/../../../../m68k-elf/lib/m5208\libstdc++.a(eh_throw.o)
                0x02031e58                __cxa_rethrow
 .text.__cxa_throw
                0x02031ed4       0x6c c:/nburn/gcc-m68k/bin/../lib/gcc/m68k-elf/4.2.1/../../../../m68k-elf/lib/m5208\libstdc++.a(eh_throw.o)
                0x02031ed4                __cxa_throw
 .text._Z23__gxx_exception_cleanup19_Unwind_Reason_CodeP17_Unwind_Exception
                0x02031f40       0x62 c:/nburn/gcc-m68k/bin/../lib/gcc/m68k-elf/4.2.1/../../../../m68k-elf/lib/m5208\libstdc++.a(eh_throw.o)
 .text._ZSt15set_new_handlerPFvvE
                0x02031fa2       0x18 c:/nburn/gcc-m68k/bin/../lib/gcc/m68k-elf/4.2.1/../../../../m68k-elf/lib/m5208\libstdc++.a(new_handler.o)
                0x02031fa2                std::set_new_handler(void (*)())
 .text._ZNKSt9bad_alloc4whatEv
                0x02031fba        0xe c:/nburn/gcc-m68k/bin/../lib/gcc/m68k-elf/4.2.1/../../../../m68k-elf/lib/m5208\libstdc++.a(new_handler.o)
                0x02031fba                std::bad_alloc::what() const
 .text._ZNSt9bad_allocD0Ev
                0x02031fc8       0x2a c:/nburn/gcc-m68k/bin/../lib/gcc/m68k-elf/4.2.1/../../../../m68k-elf/lib/m5208\libstdc++.a(new_handler.o)
                0x02031fc8                std::bad_alloc::~bad_alloc()
 .text._ZNSt9bad_allocD1Ev
                0x02031ff2       0x16 c:/nburn/gcc-m68k/bin/../lib/gcc/m68k-elf/4.2.1/../../../../m68k-elf/lib/m5208\libstdc++.a(new_handler.o)
                0x02031ff2                std::bad_alloc::~bad_alloc()
 .text._ZNSt9bad_allocD2Ev
                0x02032008       0x16 c:/nburn/gcc-m68k/bin/../lib/gcc/m68k-elf/4.2.1/../../../../m68k-elf/lib/m5208\libstdc++.a(new_handler.o)
                0x02032008                std::bad_alloc::~bad_alloc()
 .text.__cxa_get_globals_fast
                0x0203201e        0xe c:/nburn/gcc-m68k/bin/../lib/gcc/m68k-elf/4.2.1/../../../../m68k-elf/lib/m5208\libstdc++.a(eh_globals.o)
                0x0203201e                __cxa_get_globals_fast
 .text.__cxa_get_globals
                0x0203202c        0xe c:/nburn/gcc-m68k/bin/../lib/gcc/m68k-elf/4.2.1/../../../../m68k-elf/lib/m5208\libstdc++.a(eh_globals.o)
                0x0203202c                __cxa_get_globals
 .text._ZNKSt9exception4whatEv
                0x0203203a        0xe c:/nburn/gcc-m68k/bin/../lib/gcc/m68k-elf/4.2.1/../../../../m68k-elf/lib/m5208\libstdc++.a(eh_exception.o)
                0x0203203a                std::exception::what() const
 .text._ZNKSt13bad_exception4whatEv
                0x02032048        0xe c:/nburn/gcc-m68k/bin/../lib/gcc/m68k-elf/4.2.1/../../../../m68k-elf/lib/m5208\libstdc++.a(eh_exception.o)
                0x02032048                std::bad_exception::what() const
 .text._ZNSt9exceptionD0Ev
                0x02032056       0x16 c:/nburn/gcc-m68k/bin/../lib/gcc/m68k-elf/4.2.1/../../../../m68k-elf/lib/m5208\libstdc++.a(eh_exception.o)
                0x02032056                std::exception::~exception()
 .text._ZNSt9exceptionD1Ev
                0x0203206c       0x12 c:/nburn/gcc-m68k/bin/../lib/gcc/m68k-elf/4.2.1/../../../../m68k-elf/lib/m5208\libstdc++.a(eh_exception.o)
                0x0203206c                std::exception::~exception()
 .text._ZNSt9exceptionD2Ev
                0x0203207e       0x12 c:/nburn/gcc-m68k/bin/../lib/gcc/m68k-elf/4.2.1/../../../../m68k-elf/lib/m5208\libstdc++.a(eh_exception.o)
                0x0203207e                std::exception::~exception()
 .text._ZNSt13bad_exceptionD0Ev
                0x02032090       0x2a c:/nburn/gcc-m68k/bin/../lib/gcc/m68k-elf/4.2.1/../../../../m68k-elf/lib/m5208\libstdc++.a(eh_exception.o)
                0x02032090                std::bad_exception::~bad_exception()
 .text._ZNSt13bad_exceptionD1Ev
                0x020320ba       0x16 c:/nburn/gcc-m68k/bin/../lib/gcc/m68k-elf/4.2.1/../../../../m68k-elf/lib/m5208\libstdc++.a(eh_exception.o)
                0x020320ba                std::bad_exception::~bad_exception()
 .text._ZNSt13bad_exceptionD2Ev