Archive member included because of file (symbol)

C:\nburn\lib\MOD5234.a(bsp.o)
                              c:/nburn/gcc-m68k/bin/../lib/gcc/m68k-elf/4.2.1/../../../../m68k-elf/lib/m5208\nb-crt0.o (atexit)
C:\nburn\lib\MOD5234.a(etpu_sm.o)
                              stepper.o (fs_etpu_sm_get_cp)
C:\nburn\lib\MOD5234.a(etpu_util.o)
                              C:\nburn\lib\MOD5234.a(etpu_sm.o) (fs_etpu_set_hsr)
C:\nburn\lib\MOD5234.a(pins.o)
                              lcd.o (PinIO::function(int))
C:\nburn\lib\MOD5234.a(ioboard.o)
                              lab5.o (getdipsw)
C:\nburn\lib\MOD5234.a(ETPUinit.o)
                              C:\nburn\lib\MOD5234.a(etpu_sm.o) (eTPU)
C:\nburn\lib\MOD5234.a(ETPU.o)
                              C:\nburn\lib\MOD5234.a(ETPUinit.o) (eTPURecordInit())
C:\nburn\lib\MOD5234.a(etpu_gpio.o)
                              C:\nburn\lib\MOD5234.a(ETPU.o) (fs_etpu_gpio_output)
C:\nburn\lib\MOD5234.a(etpu_uart.o)
                              C:\nburn\lib\MOD5234.a(ETPU.o) (fs_etpu_uart_read_receive_data)
C:\nburn\lib\NetBurner.a(ucosmcfa.o)
                              C:\nburn\lib\MOD5234.a(bsp.o) (OSCtxSw)
C:\nburn\lib\NetBurner.a(ucos.o)
                              C:\nburn\lib\MOD5234.a(ETPU.o) (OSIntNesting)
C:\nburn\lib\NetBurner.a(ucosmain.o)
                              C:\nburn\lib\NetBurner.a(ucos.o) (OSTCBTbl)
C:\nburn\lib\NetBurner.a(fileio.o)
                              C:\nburn\lib\NetBurner.a(ucosmain.o) (ioctl)
C:\nburn\lib\NetBurner.a(main.o)
                              c:/nburn/gcc-m68k/bin/../lib/gcc/m68k-elf/4.2.1/../../../../m68k-elf/lib/m5208\nb-crt0.o (main)
C:\nburn\lib\NetBurner.a(ip.o)
                              lab5.o (InitializeStack(unsigned long, unsigned long, unsigned long, unsigned long))
C:\nburn\lib\NetBurner.a(buffers.o)
                              C:\nburn\lib\NetBurner.a(ip.o) (FreeBuffer)
C:\nburn\lib\NetBurner.a(arp.o)
                              C:\nburn\lib\NetBurner.a(ip.o) (wArpLifetime)
C:\nburn\lib\NetBurner.a(udp.o)
                              C:\nburn\lib\NetBurner.a(ip.o) (process_udp(pool_buffer*, IPPKT*, unsigned short))
C:\nburn\lib\NetBurner.a(tcp.o)
                              C:\nburn\lib\NetBurner.a(ip.o) (DumpTcpPacket(IPPKT*))
C:\nburn\lib\NetBurner.a(extraio.o)
                              C:\nburn\lib\MOD5234.a(ETPU.o) (GetExtraFD)
C:\nburn\lib\NetBurner.a(http.o)
                              lab5.o (StartHTTP)
C:\nburn\lib\NetBurner.a(httpinternal.o)
                              formcode.o (SetNewPostHandler)
C:\nburn\lib\NetBurner.a(htmldecomp.o)
                              C:\nburn\lib\NetBurner.a(httpinternal.o) (SendHeaderResponse(char*, int))
C:\nburn\lib\NetBurner.a(iosys.o)
                              C:\nburn\lib\NetBurner.a(tcp.o) (FD_ZERO)
C:\nburn\lib\NetBurner.a(netinterface.o)
                              C:\nburn\lib\NetBurner.a(arp.o) (GetFirstInterface())
C:\nburn\lib\NetBurner.a(taskmon.o)
                              lab5.o (EnableTaskMonitor())
C:\nburn\lib\NetBurner.a(autoupdate.o)
                              lab5.o (EnableAutoUpdate)
C:\nburn\lib\NetBurner.a(device.o)
                              C:\nburn\lib\NetBurner.a(main.o) (DeviceInitializeSem)
C:\nburn\lib\NetBurner.a(ucosmcfc.o)
                              C:\nburn\lib\NetBurner.a(ucos.o) (OSTaskCreatewName)
C:\nburn\lib\NetBurner.a(system.o)
                              C:\nburn\lib\NetBurner.a(udp.o) (isvalidcr)
C:\nburn\lib\NetBurner.a(utils.o)
                              C:\nburn\lib\NetBurner.a(system.o) (AsciiToIp)
C:\nburn\lib\MOD5234.a(serial.o)
                              C:\nburn\lib\NetBurner.a(fileio.o) (SerialClose)
C:\nburn\lib\MOD5234.a(ethernet.o)
                              C:\nburn\lib\NetBurner.a(netinterface.o) (AddEthernetInterface())
C:\nburn\lib\MOD5234.a(etherprint.o)
                              C:\nburn\lib\MOD5234.a(ethernet.o) (EtherLink())
C:\nburn\lib\MOD5234.a(emulticast.o)
                              C:\nburn\lib\MOD5234.a(ethernet.o) (EthEnableMulticast(MACADR))
c:/nburn/gcc-m68k/bin/../lib/gcc/m68k-elf/4.2.1/../../../../m68k-elf/lib/m5208\libstdc++.a(new_opv.o)
                              stepper.o (operator new[](unsigned long))
c:/nburn/gcc-m68k/bin/../lib/gcc/m68k-elf/4.2.1/../../../../m68k-elf/lib/m5208\libstdc++.a(del_op.o)
                              stepper.o (operator delete(void*))
c:/nburn/gcc-m68k/bin/../lib/gcc/m68k-elf/4.2.1/../../../../m68k-elf/lib/m5208\libstdc++.a(eh_personality.o)
                              c:/nburn/gcc-m68k/bin/../lib/gcc/m68k-elf/4.2.1/../../../../m68k-elf/lib/m5208\libstdc++.a(new_opv.o) (__cxa_call_unexpected)
c:/nburn/gcc-m68k/bin/../lib/gcc/m68k-elf/4.2.1/../../../../m68k-elf/lib/m5208\libstdc++.a(eh_alloc.o)
                              c:/nburn/gcc-m68k/bin/../lib/gcc/m68k-elf/4.2.1/../../../../m68k-elf/lib/m5208\libstdc++.a(eh_personality.o) (__cxa_allocate_exception)
[...]
Memory Configuration

Name             Origin             Length             Attributes
ram              0x02000000         0x00800000         xrw
SRAM             0x20000400         0x0000fc00         xrw
*default*        0x00000000         0xffffffff

Linker script and memory map

LOAD c:/nburn/gcc-m68k/bin/../lib/gcc/m68k-elf/4.2.1/../../../../m68k-elf/lib/m5208\nb-crt0.o
LOAD c:/nburn/gcc-m68k/bin/../lib/gcc/m68k-elf/4.2.1/m5208/crtbegin.o
LOAD stepper.o
LOAD lcd.o
LOAD lab5.o
LOAD keypad.o
LOAD formdata.o
LOAD formcode.o
LOAD error_wrapper.o
LOAD htmldata.o
LOAD C:\nburn\MOD5234\lib\sys.ld
                0x20000000                vector_base = 0x20000000
                0x20010000                SRAM_END_ADDR = 0x20010000
                0x40000000                sim = 0x40000000
                0xffc04000                gConfigRec = 0xffc04000
                0xffc06000                UserParamBase = 0xffc06000
                0xffc00008                _RESET_ADDR = 0xffc00008
                0xffc08000                FlashAppBase = 0xffc08000
START GROUP
LOAD C:\nburn\lib\MOD5234.a
LOAD C:\nburn\lib\NetBurner.a
LOAD C:\nburn\lib\FatFile.a
LOAD C:\nburn\lib\rtl8711Library.a
LOAD C:\nburn\lib\debugLibrary.a
END GROUP
LOAD c:/nburn/gcc-m68k/bin/../lib/gcc/m68k-elf/4.2.1/../../../../m68k-elf/lib/m5208\libstdc++.a
LOAD c:/nburn/gcc-m68k/bin/../lib/gcc/m68k-elf/4.2.1/../../../../m68k-elf/lib/m5208\libm.a
LOAD c:/nburn/gcc-m68k/bin/../lib/gcc/m68k-elf/4.2.1/m5208\libgcc.a
LOAD c:/nburn/gcc-m68k/bin/../lib/gcc/m68k-elf/4.2.1/../../../../m68k-elf/lib/m5208\libc.a
LOAD c:/nburn/gcc-m68k/bin/../lib/gcc/m68k-elf/4.2.1/m5208\libgcc.a
LOAD c:/nburn/gcc-m68k/bin/../lib/gcc/m68k-elf/4.2.1/m5208/crtend.o
START GROUP
LOAD c:/nburn/gcc-m68k/bin/../lib/gcc/m68k-elf/4.2.1/../../../../m68k-elf/lib/m5208\libc.a
LOAD c:/nburn/gcc-m68k/bin/../lib/gcc/m68k-elf/4.2.1/m5208\libgcc.a
LOAD c:/nburn/gcc-m68k/bin/../lib/gcc/m68k-elf/4.2.1/../../../../m68k-elf/lib/m5208\libm.a
END GROUP
                0x00000000                __DYNAMIC = 0x0
                0x02800000                PROVIDE (__stack, 0x2800000)
                0x00000000                PROVIDE (hardware_init_hook, 0x0)
                0x00000000                PROVIDE (_hardware_init_hook, 0x0)
                0x00000000                PROVIDE (software_init_hook, 0x0)
                0x00000000                PROVIDE (_software_init_hook, 0x0)

.SRAM_SECT      0x20000400     0x8620
                0x20000400                SRAM_START = .
 *(SYS_VAR_SECT)
 SYS_VAR_SECT   0x20000400      0x238 C:\nburn\lib\NetBurner.a(ucos.o)
                0x2000052c                TimeTick
                0x2000051c                OSLockNesting
                0x20000526                OSRunning
                0x20000508                OSTCBList
                0x20000530                OSMapTbl
                0x20000528                Secs
                0x20000514                OSTCBFreeList
                0x20000527                OSShowTasksOnLeds
                0x20000524                OSISRLevel
                0x20000510                OSTCBHighRdy
                0x20000520                OSRdyGrp
                0x20000538                OSUnMapTbl
                0x20000500                OSRdyTbl
                0x20000518                OSIntNesting
                0x2000050c                OSTCBCur
                0x20000400                OSTCBPrioTbl
 SYS_VAR_SECT   0x20000638      0x1a8 C:\nburn\lib\NetBurner.a(ucosmain.o)
                0x2000064c                critical_count
                0x20000650                OSTCBTbl
 SYS_VAR_SECT   0x200007e0       0x1c C:\nburn\lib\NetBurner.a(fileio.o)
                0x200007f8                pExtraFdFunc
 SYS_VAR_SECT   0x200007fc       0x20 C:\nburn\lib\NetBurner.a(iosys.o)
                0x200007fc                read_file_sets
                0x2000080c                error_file_sets
                0x20000804                write_file_sets
                0x2000081c                SYS_VAR_SECT_END = .
                0x20000820                . = ALIGN (0x10)
 *fill*         0x2000081c        0x4 00
 *(IDLE_STK_SECT)
                0x20000820                IDLE_STK_SECT_END = .
                0x20000820                . = ALIGN (0x10)
 *(MAIN_STK_SECT)
 MAIN_STK_SECT  0x20000820     0x2000 C:\nburn\lib\NetBurner.a(main.o)
                0x20000820                MainStk
                0x20002820                MAIN_STK_SECT_END = .
                0x20002820                . = ALIGN (0x4)
 *(ETHER_VAR_SECT)
 ETHER_VAR_SECT
                0x20002820      0x110 C:\nburn\lib\MOD5234.a(ethernet.o)
                0x200028f6                TxcPosts
                0x200028fa                TxcSems
                0x20002820                EthernetMac
                0x200028ee                LastIsrStatus
                0x20002850                RxBD
                0x200028e0                TxBDFlag
                0x200028fe                RxIsr
                0x2000290c                PHY_addr
                0x200028f2                RxPosts
                0x2000290e                PHY_ID
                0x20002906                bEthLink
                0x200028d4                RxBDFlag
                0x200028ea                last_rxbd
                0x200028a0                RxBDpp
                0x20002908                phy_data_pd
                0x20002826                nTx
                0x20002902                TxIsr
                0x200028c8                TxBDpp
                0x20002830                TxBD
                0x20002930                ETHER_VAR_SECT_END = .
                0x20002930                . = ALIGN (0x10)
 *(ETHER_STK_SECT)
 ETHER_STK_SECT
                0x20002930     0x2000 C:\nburn\lib\MOD5234.a(ethernet.o)
                0x20002930                EtherSendStk
                0x20004930                ETHER_STK_SECT_END = .
                0x20004930                . = ALIGN (0x4)
 *(IP_VAR_SECT)
 IP_VAR_SECT    0x20004930       0x36 C:\nburn\lib\NetBurner.a(ip.o)
                0x20004932                bTTL_Default
                0x2000495e                next_arp_time
                0x20004934                ipRxFifo
                0x20004946                IcmpFifo
                0x20004930                wGlobalPktId
                0x20004952                pPromisciousPacketFunc
                0x2000495a                pFragFunc
                0x20004956                pMultiCastFunc
                0x20004962                delay
                0x2000494e                pMultiTick
                0x2000494a                pDHCPTick
 IP_VAR_SECT    0x20004966       0x74 C:\nburn\lib\NetBurner.a(udp.o)
                0x200049d6                UdpNetbiosNameServicePtr
                0x20004966                udp_fifos
                0x200049ce                pDHCPProcessFunction
                0x200049d2                pTaskPacketFunc
                0x200049ca                UDP_fifos_used
                0x200049da                IP_VAR_SECT_END = .
                0x200049e0                . = ALIGN (0x10)
 *fill*         0x200049da        0x6 00
 *(IP_STK_SECT)
 IP_STK_SECT    0x200049e0     0x2000 C:\nburn\lib\NetBurner.a(ip.o)
                0x200049e0                IPStk
                0x200069e0                IP_STK_SECT_END = .
                0x200069e0                . = ALIGN (0x4)
 *(TCP_VAR_SECT)
 TCP_VAR_SECT   0x200069e0       0x1e C:\nburn\lib\NetBurner.a(tcp.o)
                0x200069f0                TCP_TimerSemaphore
                0x200069e0                TCP_critical_section
                0x200069fe                TCP_VAR_SECT_END = .
                0x20006a00                . = ALIGN (0x10)
 *fill*         0x200069fe        0x2 00
 *(TCP_STK_SECT)
 TCP_STK_SECT   0x20006a00     0x2000 C:\nburn\lib\NetBurner.a(tcp.o)
                0x20006a00                TCPStk
                0x20008a00                TCP_STK_SECT_END = .
                0x20008a00                . = ALIGN (0x10)
 *(HTTP_STK_SECT)
                0x20008a00                HTTP_STK_SECT_END = .
                0x20008a00                . = ALIGN (0x10)
 *(FTP_STK_SECT)
                0x20008a00                FTP_STK_SECT_END = .
                0x20008a00                . = ALIGN (0x10)
 *(WIFI_STK_SECT)
                0x20008a00                WIFI_STK_SECT_END = .
                0x20008a00                . = ALIGN (0x10)
 *(PPP_STK_SECT)
                0x20008a00                PPP_STK_SECT_END = .
                0x20008a00                . = ALIGN (0x10)
 *(COMMAND_STK_SECT)
                0x20008a00                COMMAND_STK_SECT_END = .
                0x20008a00                . = ALIGN (0x4)
 *(USER_VAR_SECT)
                0x20008a00                USER_VAR_SECT_END = .
                0x20008a00                . = ALIGN (0x10)
 *(USER_STK_SECT)
                0x20008a00                USER_STK_SECT_END = .
                0x20008a00                BUFFERS_SECT_START = .
                0x20008a00                . = ALIGN (0x10)
 *(BUFFERS_VAR_SECT)
 BUFFERS_VAR_SECT
                0x20008a00       0x1c C:\nburn\lib\NetBurner.a(buffers.o)
                0x20008a00                FAST_BUFFER_POOL_SIZE
                0x20008a0e                free_fast_list
                0x20008a18                free_list_is_initialized
                0x20008a04                free_list
                0x20008a20                . = ALIGN (0x10)
 *fill*         0x20008a1c        0x4 00
                0x20008a20                BUFFERS_VAR_SECT_END = .
                0x20008a20                . = ALIGN (0x10)
                0x20008a20                SRAM_END = .

.text           0x02000000    0x37c00
 *(.text)
 .text          0x02000000       0xaa c:/nburn/gcc-m68k/bin/../lib/gcc/m68k-elf/4.2.1/../../../../m68k-elf/lib/m5208\nb-crt0.o
                0x02000000                start
 *fill*         0x020000aa        0x2 00
 .text          0x020000ac       0x9c c:/nburn/gcc-m68k/bin/../lib/gcc/m68k-elf/4.2.1/m5208/crtbegin.o
 .text          0x02000148      0x77c stepper.o
                0x02000494                Stepper::SetStartPeriod(unsigned int)
                0x02000318                Stepper::GetStartPeriod()
                0x02000388                Stepper::Step(int)
                0x020005fc                Stepper::SetSlewPeriodUsingRPM(unsigned int)
                0x0200026c                Stepper::ConvertRPMToPeriodTicks(unsigned int)
                0x0200036c                Stepper::GetCurrentPosition()
                0x02000350                Stepper::GetDesiredPosition()
                0x02000334                Stepper::GetSlewPeriod()
                0x0200062c                Stepper::Init(int, unsigned long, unsigned long)
                0x02000188                Stepper::build_table(unsigned long, unsigned long)
                0x02000168                Stepper::Stepper(int, int)
                0x0200029c                Stepper::Stop()
                0x02000400                Stepper::NewAccelTable()
                0x02000148                Stepper::Stepper(int, int)
                0x02000560                Stepper::SetSlewPeriod(unsigned int)
                0x02000530                Stepper::SetStartPeriodUsingRPM(unsigned int)
 .text          0x020008c4      0xe4e lcd.o
                0x020008dc                Lcd::Lcd()
                0x02001294                Lcd::move(unsigned char, unsigned char)
                0x02000cd4                Lcd::Clear(unsigned char)
                0x0200092c                Lcd::enable_lower()
                0x02000904                Lcd::set_rs_line(unsigned char)
                0x020008c4                Lcd::Lcd()
                0x02001688                Lcd::PrintChar(unsigned char, char)
                0x020013f0                Lcd::print_char(unsigned char, char)
                0x02000b30                Lcd::send_cmd(unsigned char, unsigned char)
                0x020008f4                Lcd::ShiftDisplayRight(unsigned char)
                0x020015ec                Lcd::PrintString(unsigned char, char const*)
                0x02000bb4                Lcd::Home(unsigned char)
                0x02001364                Lcd::MoveCursor(unsigned char, unsigned char)
                0x02000970                Lcd::enable_upper()
                0x020009b4                Lcd::set_data_lines(unsigned char)
                0x02000aac                Lcd::send_data(unsigned char, unsigned char)
                0x02000e28                Lcd::Init(unsigned char)
                0x020008fc                Lcd::ShiftDisplayLeft(unsigned char)
 *fill*         0x02001712        0x2 00
 .text          0x02001714      0x472 lab5.o
                0x020018e0                ValidateMinRPMImage
                0x02001890                ValidateMaxRPMImage
                0x020017a0                DisplayMotorMode
                0x02001994                UserMain
                0x02001840                ValidateRotationImage
                0x02001930                DisplayLameCounter
                0x020017f0                ValidateDirectionImage
 *fill*         0x02001b86        0x2 00
 .text          0x02001b88      0x254 keypad.o
                0x02001bb8                Keypad::GetLastButtonString()
                0x02001c0c                Keypad::Init()
                0x02001b98                Keypad::Keypad()
                0x02001d90                Keypad::GetNewButtonString()
                0x02001b88                Keypad::Keypad()
                0x02001ba8                Keypad::GetLastButtonNumber()
                0x02001cf8                Keypad::read_data()
                0x02001dc0                Keypad::GetNewButtonNumber()
                0x02001bdc                Keypad::ButtonPressed()
 .text          0x02001ddc      0x91e formdata.o
                0x020026d4                FormData::~FormData()
                0x020025f4                FormData::SetMaxRPM(char*)
                0x02002140                FormData::GetDirection()
                0x02001fc0                FormData::IsRotationsValid()
                0x020020e0                FormData::GetMode()
                0x02002080                FormData::IsMinRPMValid()
                0x02002464                FormData::SetRotations(char*)
                0x0200235c                FormData::SetDirection(char*)
                0x020026e8                FormData::~FormData()
                0x02002310                FormData::Init(unsigned char)
                0x020026bc                FormData::~FormData()
                0x020021fc                FormData::GetSteps()
                0x02001ebc                FormData::ShouldMove()
                0x02001e24                FormData::SetSteps(char*)
                0x02001f60                FormData::IsDirectionValid()
                0x02001e00                FormData::FormData()
                0x0200252c                FormData::SetMinRPM(char*)
                0x02002258                FormData::GetMinRPM()
                0x020022b4                FormData::GetMaxRPM()
                0x02001e30                FormData::checkNumericString(char*)
                0x020021a0                FormData::GetRotations()
                0x02002020                FormData::IsMaxRPMValid()
                0x02001ddc                FormData::FormData()
 *fill*         0x020026fa        0x2 00
 .text          0x020026fc      0x1e8 formcode.o
                0x02002710                CheckExtractResult(char*, int, char*, char*, char*)
                0x020026fc                RegisterPost()
                0x0200277c                MyDoPost(int, char*, char*, char*)
 .text          0x020028e4      0x226 error_wrapper.o
                0x020028e4                display_error(char const*, unsigned char)
 *fill*         0x02002b0a        0x2 00
 .text          0x02002b0c       0x52 htmldata.o
                0x02002b54                DoHtmlVariable(int, unsigned short)
                0x02002b0c                DoHtmlFunction(int, char const*, unsigned short)
 *fill*         0x02002b5e        0x2 00
 .text          0x02002b60      0x60c C:\nburn\lib\MOD5234.a(bsp.o)
                0x02002f64                _sbrk_r
                0x020030cc                HardwareSetup
                0x02002ee8                DisableCache
                0x02003064                spaceleft
                0x02002fbc                LocalInByte
                0x020030b0                ForceReboot
                0x02002d8c                FlashProgram
                0x02002b64                Tick5234
                0x0200309c                BspGetTickFraction
                0x02002b60                xTick
                0x02002cfc                FlashErase
                0x02002ff0                LocalOutByte
                0x02002fb0                atexit
                0x02002c54                GetPreciseTime
                0x02002f0c                EnableCache
                0x02002b7c                SetIntc
                0x02003040                LocalCharAvail
 .text          0x0200316c      0x4ee C:\nburn\lib\MOD5234.a(etpu_sm.o)
                0x0200327c                fs_etpu_sm_disable
                0x02003220                fs_etpu_sm_set_sp
                0x0200316c                fs_etpu_sm_get_flags
                0x02003244                fs_etpu_sm_set_dp
                0x020031fc                fs_etpu_sm_set_st
                0x020031c4                fs_etpu_sm_get_st
                0x0200345c                fs_etpu_sm_init
                0x020032f4                fs_etpu_sm_enable
                0x020033e8                fs_etpu_sm_table
                0x020031a8                fs_etpu_sm_get_dp
                0x020031e0                fs_etpu_sm_get_sp
                0x0200318c                fs_etpu_sm_get_cp
 *fill*         0x0200365a        0x2 00
 .text          0x0200365c      0x75a C:\nburn\lib\MOD5234.a(etpu_util.o)
                0x02003bec                fs_etpu_get_global_24
                0x0200393c                fs_etpu_set_chan_local_32
                0x020037dc                fs_timer_start
                0x02003b4c                fs_etpu_set_global_32
                0x02003adc                fs_etpu_get_chan_local_16
                0x020037f8                fs_etpu_malloc
                0x020039f0                fs_etpu_set_chan_local_8
                0x0200365c                fs_etpu_data_ram
                0x02003b84                fs_etpu_set_global_16
                0x02003bbc                fs_etpu_get_global32
                0x02003a2c                fs_etpu_get_chan_local_32
                0x02003a9c                fs_etpu_get_chan_local_24
                0x02003b14                fs_etpu_get_chan_local_8
                0x02003a64                fs_etpu_get_chan_local_24s
                0x020038cc                fs_etpu_malloc2
                0x02003b68                fs_etpu_set_global_24
                0x0200382c                fs_etpu_chan_init
                0x02003ba0                fs_etpu_set_global_8
                0x0200378c                fs_etpu_dma_enable
                0x020036b4                fs_etpu_get_hsr
                0x02003bd4                fs_etpu_get_global_24s
                0x02003764                fs_etpu_interrupt_disable
                0x02003c20                fs_etpu_get_global_8
                0x02003c38                fs_memset32
                0x020039b4                fs_etpu_set_chan_local_16
                0x02003c5c                fs_memcpy32
                0x02003714                fs_etpu_disable
                0x0200373c                fs_etpu_interrupt_enable
                0x02003978                fs_etpu_set_chan_local_24
                0x0200368c                fs_etpu_set_hsr
                0x02003c90                fs_etpu_init
                0x02003c08                fs_etpu_get_global_16
                0x020036dc                fs_etpu_enable
                0x020037b4                fs_etpu_dma_disable
 *fill*         0x02003db6        0x2 00
 .text          0x02003db8     0x1cf2 C:\nburn\lib\MOD5234.a(pins.o)
                0x02004e28                PinIO::set(unsigned char)
                0x02003db8                PinIO::function(int)
                0x020049fc                PinIO::drive()
                0x02005a48                CReadPin
                0x02004394                PinIO::read()
                0x02005a6c                CGPInPin
 *fill*         0x02005aaa        0x2 00
 .text          0x02005aac      0x5ec C:\nburn\lib\MOD5234.a(ioboard.o)
                0x02005e94                putleds
                0x02005b00                putdisp
                0x02005b58                ModDev70Detect()
                0x02005c0c                getdipsw
                0x02005aac                InitChipBoardSelect()
 .text          0x02006098      0x126 C:\nburn\lib\MOD5234.a(ETPUinit.o)
                0x02006114                MOD5234_etpu_init
                0x02006184                eTPUInit
                0x02006098                MOD5234_etpu_start
 *fill*         0x020061be        0x2 00
 .text          0x020061c0     0x1a20 C:\nburn\lib\MOD5234.a(ETPU.o)
                0x0200651c                fake_ETPU_CH8()
                0x02006720                real_ETPU_CH12
                0x020065dc                real_ETPU_CH9
                0x020063dc                ETPU_CH5
                0x02006664                ETPU_CH11
                0x020063d8                fake_ETPU_CH5()
                0x02006304                ETPU_CH3
                0x02007788                eTPUFunctionUARTRX
                0x02007078                eTPUInitFIFO
                0x020067a8                ETPU_CH14
                0x0200678c                real_ETPU_CH13
                0x02006cb0                eTPUReadUART
                0x02006f40                eTPUDoISR(int)
                0x02006588                fake_ETPU_CH9()
                0x0200722c                ETPU_UART_FD_CLOSE(int)
                0x02006570                real_ETPU_CH8
                0x02006648                real_ETPU_CH10
                0x0200696c                eTPURecordInit()
                0x02006300                fake_ETPU_CH3()
                0x020072cc                eTPUInterruptEnable
                0x02006504                real_ETPU_CH7
                0x02006214                real_ETPU_CH0
                0x020070b8                eTPUDriveGPIO
                0x02006dd0                eTPUgetCharUART
                0x020067a4                fake_ETPU_CH14()
                0x02007a5c                eTPUFDUartOpen
                0x02006738                fake_ETPU_CH13()
                0x02006444                fake_ETPU_CH6()
                0x020064b0                fake_ETPU_CH7()
                0x020064b4                ETPU_CH7
                0x0200687c                fs_timer_stop
                0x02006eb0                ETPU_UART_FD_WRITE(int, char const*, int)
                0x02007284                eTPUFunctionGPIO
                0x020066b4                real_ETPU_CH11
                0x02006900                eTPUEventClear
                0x020062e8                real_ETPU_CH2
                0x02006810                fake_ETPU_CH15()
                0x0200636c                fake_ETPU_CH4()
                0x020063c0                real_ETPU_CH4
                0x02006370                ETPU_CH4
                0x020061c0                fake_ETPU_CH0()
                0x020066d0                ETPU_CH12
                0x02006864                real_ETPU_CH15
                0x020061c4                ETPU_CH0
                0x020067f8                real_ETPU_CH14
                0x020078fc                eTPUFunctionUARTTX
                0x020065f8                ETPU_CH10
                0x02006294                fake_ETPU_CH2()
                0x020071f4                eTPUCloseChannel
                0x0200642c                real_ETPU_CH5
                0x02006c7c                eTPUCharAvailUART
                0x0200658c                ETPU_CH9
                0x02006d40                ETPU_UART_FD_READ(int, char*, int)
                0x02006814                ETPU_CH15
                0x02006660                fake_ETPU_CH11()
                0x02007108                eTPUSetGPIO
                0x02006448                ETPU_CH6
                0x0200673c                ETPU_CH13
                0x02006298                ETPU_CH2
                0x02006228                fake_ETPU_CH1()
                0x0200627c                real_ETPU_CH1
                0x02006898                eTPUInterruptDisable
                0x0200622c                ETPU_CH1
                0x02006920                eTPUEventPoll
                0x02006354                real_ETPU_CH3
                0x02006bac                eTPUChanInit(int)
                0x02006498                real_ETPU_CH6
                0x02006520                ETPU_CH8
                0x020066cc                fake_ETPU_CH12()
                0x020065f4                fake_ETPU_CH10()
                0x02006df0                eTPUWriteUART
                0x0200715c                eTPUInputGPIO
 .text          0x02007be0      0x26e C:\nburn\lib\MOD5234.a(etpu_gpio.o)
                0x02007d20                fs_etpu_gpio_pin_history
                0x02007be0                fs_etpu_gpio_output_high
                0x02007de0                fs_etpu_gpio_init
                0x02007d44                fs_etpu_gpio_cfg_input_periodic
                0x02007cfc                fs_etpu_gpio_input_immed
                0x02007c80                fs_etpu_gpio_cfg_input_trans
                0x02007c28                fs_etpu_gpio_output
                0x02007c04                fs_etpu_gpio_output_low
 *fill*         0x02007e4e        0x2 00
 .text          0x02007e50      0x310 C:\nburn\lib\MOD5234.a(etpu_uart.o)
                0x02007e88                fs_etpu_uart_write_transmit_data
                0x02007e50                fs_etpu_uart_read_receive_data
                0x02007eb0                fs_etpu_uart_init
 .text          0x02008160      0x44a C:\nburn\lib\NetBurner.a(ucosmcfa.o)
                0x02008240                OSDebugTraceHalt
                0x02008160                OSStartHighRdy
                0x02008250                TrapOutByte
                0x02008280                memcpy
                0x02008280                fmemcpy
                0x02008180                OSCtxSw
                0x02008270                TrapCharAvail
                0x020081b0                OSIntCtxSw
                0x02008260                TrapInByte
                0x020081e0                OSTickISR
                0x02008350                memcpysum
                0x02008220                OSSetupVBR
                0x02008580                GetSR_IntLevel
                0x020084e0                memset
                0x020084e0                fmemset
                0x02008590                SetSR_IntLevel
 *fill*         0x020085aa        0x2 00
 .text          0x020085ac     0x1e5c C:\nburn\lib\NetBurner.a(ucos.o)
                0x02008a64                OSCritEnterNoWait
                0x02008c3e                UCOSWAITS_HERE
                0x02008f5c                OSFifoPostFirst
                0x02008ca4                OSCritLeave
                0x02008a10                getpid
                0x02008734                OSLock
                0x020093b0                OSQPostFirst
                0x02008ad8                OSTaskID
                0x020088f8                OSQPendNoWait
                0x02008af0                OSSetName
                0x02008b18                OSIntExit
                0x020087bc                OSSemPendNoWait
                0x02009ef8                OSTaskDelete
                0x0200a114                OSUnlock
                0x02008a28                OSCritInit
                0x02009550                OSQPost
                0x02008dbc                OSCritEnter
                0x0200921c                OSFifoPend
                0x02009d58                OSSemPend
                0x020087fc                OSMboxInit
                0x020098d0                OSMboxPost
                0x02008974                OSFifoInit
                0x020096e8                OSQPend
                0x02008bb4                OSSched
                0x0200a148                OSTimeDly
                0x02009bcc                OSSemPost
                0x0200a010                OSChangePrio
                0x02008704                OSTCBGetFree
                0x020085ac                OSIntEnterWAS
                0x02008844                OSMboxPendNoWait
                0x020090bc                OSFifoPost
                0x0200875c                OSSemInit
                0x0200a210                OSStart
                0x020085f4                OSTimeTick
                0x02008884                OSQInit
                0x02008b04                OSTaskName
                0x020089c0                OSFifoPendNoWait
                0x02009a38                OSMboxPend
                0x0200a28c                OSInit
                0x020085d4                OSChangeTaskDly
 .text          0x0200a408      0x16c C:\nburn\lib\NetBurner.a(ucosmain.o)
                0x0200a4e4                __malloc_unlock
                0x0200a408                UCosBegin
                0x0200a504                balloc_lock
                0x0200a544                UCosSetup
                0x0200a4c8                balloc_unlock
                0x0200a524                __malloc_lock
 .text          0x0200a574      0x5f8 C:\nburn\lib\NetBurner.a(fileio.o)
                0x0200a704                ioctl
                0x0200a574                isatty
                0x0200a65c                CurrentStdioFD
                0x0200a6d4                lseek
                0x0200a5ac                ReplaceStdio
                0x0200a770                write
                0x0200a590                fstat
                0x0200a8a0                rawwrite
                0x0200aaac                stdioinbyte
                0x0200a924                read
                0x0200a68c                outbyte
                0x0200a6ec                open
                0x0200a6a4                charavail
                0x0200a680                fcntl
                0x0200ab24                close
 .text          0x0200ab6c       0xb6 C:\nburn\lib\NetBurner.a(main.o)
                0x0200aba4                main
                0x0200ab6c                __do_global_ctors
 *fill*         0x0200ac22        0x2 00
 .text          0x0200ac24     0x186a C:\nburn\lib\NetBurner.a(ip.o)
                0x0200b074                FixUpICMP(IPPKT*, unsigned char, unsigned char, unsigned char*, unsigned short)
                0x0200ade4                IsMultiCast(unsigned long)
                0x0200b920                FixHeaderAndSend(pool_buffer*, IPPKT*)
                0x0200b31c                DoIPPacket(pool_buffer*, EFRAME*, unsigned short)
                0x0200ace0                GetSum20
                0x0200bc08                PingViaInterface
                0x0200b2bc                SaveError(pool_buffer*)
                0x0200b634                process_icmp(pool_buffer*, IPPKT*, unsigned short)
                0x0200af20                IpProcessEthernetPacket
                0x0200b4e8                FixHeaderAndSendViaInterface(pool_buffer*, IPPKT*, int)
                0x0200bd4c                ShowIPBuffer(pool_buffer*)
                0x0200ba74                SendICMPError(pool_buffer*, unsigned char, unsigned char)
                0x0200b18c                InitializeStack(unsigned long, unsigned long, unsigned long, unsigned long)
                0x0200ae34                GetData(IPPKT*)
                0x0200b2b0                InitializeCStack
                0x0200bd18                Ping
                0x0200ac24                GetSum
                0x0200b300                IsMyIp
                0x0200b130                IsBroadCast(unsigned long, int)
                0x0200b0dc                KillStack
                0x0200ae60                PrepareIPOutput(pool_buffer*, unsigned long, unsigned short)
                0x0200ae04                GetMultiAddress(unsigned long)
                0x0200bb44                SendPing
                0x0200ad18                GetSumHdr
                0x0200b0e8                IsLocal(unsigned long, int)
                0x0200b750                IPTask(void*)
 *fill*         0x0200c48e        0x2 00
 .text          0x0200c490      0xec8 C:\nburn\lib\NetBurner.a(buffers.o)
                0x0200c950                fifo_buffer_storage::Full()
                0x0200ca40                ShowBuffer
                0x0200cd24                fifo_buffer_storage::Reset(unsigned char)
                0x0200c574                InitBuffers
                0x0200c6a0                buffer_list::InsertBefore(pool_buffer*, pool_buffer*)
                0x0200c878                GetBuffer
                0x0200ca20                fifo_buffer_storage::fifo_buffer_storage(unsigned char, unsigned char)
                0x0200c938                fifo_buffer_storage::Empty()
                0x0200d19c                fifo_buffer_storage::ReadDatawSum(unsigned char*, int, unsigned long&)
                0x0200c924                fifo_buffer_storage::SpaceUsed()
                0x0200c490                ShowBuffers()
                0x0200c4bc                buffer_list::InsertHead(pool_buffer*)
                0x0200cb6c                GetFreeCount
                0x0200c4a0                IncUsageCount
                0x0200ca00                fifo_buffer_storage::fifo_buffer_storage(unsigned char, unsigned char)
                0x0200c63c                buffer_list::InsertTail(pool_buffer*)
                0x0200cde4                fifo_buffer_storage::~fifo_buffer_storage()
                0x0200ced4                fifo_buffer_storage::SetMaxBuffers(unsigned char)
                0x0200cbe4                fifo_buffer_storage::ReadData(unsigned char*, int)
                0x0200c998                fifo_buffer_storage::Init(unsigned char, unsigned char)
                0x0200c498                DumpBuffers()
                0x0200c810                buffer_list::RemoveHead()
                0x0200c788                buffer_list::Remove(pool_buffer*)
                0x0200c8c4                buffer_list::RemoveTail()
                0x0200cdf8                fifo_buffer_storage::LongSpaceAvail()
                0x0200cf64                fifo_buffer_storage::WriteData(unsigned char*, int)
                0x0200c52c                FreeBuffer
                0x0200c714                buffer_list::InsertAfter(pool_buffer*, pool_buffer*)
                0x0200ceb0                fifo_buffer_storage::SpaceAvail()
                0x0200cdd0                fifo_buffer_storage::~fifo_buffer_storage()
 .text          0x0200d358     0x17f0 C:\nburn\lib\NetBurner.a(arp.o)
                0x0200e074                FindAddArp(unsigned long)
                0x0200d4ac                sendGratuitousArp(int)
                0x0200d380                MacEqual(MACADR, MACADR)
                0x0200d6b4                InitializeArp()
                0x0200d75c                FindArp(unsigned long)
                0x0200d9b8                SendArp(ArpRecord*, int)
                0x0200d668                GetInterface(unsigned long)
                0x0200e964                AddCheckArp(MACADR*, unsigned long, int)
                0x0200d3e0                SetMac(ArpRecord*, MACADR, int)
                0x0200deb0                DeleteArpFromIp(unsigned long)
                0x0200d860                GetArpMacFromIp(unsigned long, MACADR&)
                0x0200e4b0                RouteOutVia(EFRAME*, unsigned long, pool_buffer*, int)
                0x0200d914                GetProperInterface(unsigned long)
                0x0200dfc4                FreeOneArp()
                0x0200e9f0                processArp(pool_buffer*, EFRAME*)
                0x0200d470                NeedsArp(int)
                0x0200dae8                GetNextArp(ArpRecord*)
                0x0200d57c                RawSendArp(ArpRecord*, unsigned long, int)
                0x0200ded0                AgeArp()
                0x0200e6bc                RouteOut(EFRAME*, unsigned long, pool_buffer*)
                0x0200dbb0                ShowArp()
                0x0200dcf0                DeleteArp(ArpRecord*)
                0x0200db58                GetFirstArp()
                0x0200da24                GetSrcIp
                0x0200e310                IsMyAddressUsedArpDetect(unsigned short, int)
                0x0200d378                Cleanup()
                0x0200d358                IsNull(ArpRecord*)
                0x0200dc44                fShowArp(__sFILE*)
                0x0200d8b8                AddPending(MACADR*, unsigned long, int)
 .text          0x0200eb48     0x12f8 C:\nburn\lib\NetBurner.a(udp.o)
                0x0200f380                UDPPacket::Send(unsigned long, unsigned char)
                0x0200ec90                UDPPacket::SetDestinationPort(unsigned short)
                0x0200ed54                UDPPacket::GetPacketId()
                0x0200eda0                UDPPacket::GetSourceAddress()
                0x0200fac0                UDPPacket::UDPPacket()
                0x0200f150                UDPPacket::AddDataByte(unsigned char)
                0x0200f498                UDPPacket::SendAndKeep(unsigned long, unsigned char)
                0x0200f0a4                UDPPacket::AddData(unsigned char*, unsigned short)
                0x0200edc4                RegisterUDPFifo(unsigned short, os_fifo*)
                0x0200f198                UDPPacket::AddData(char const*)
                0x0200ebbc                UDPPacket::UDPPacket(pool_buffer*)
                0x0200f258                UDPPacket::SendViaInterface(unsigned long, int, unsigned char)
                0x0200ed3c                UDPPacket::GetIpPacket()
                0x0200f508                UDPPacket::~UDPPacket()
                0x0200eb48                GetUdpFifoRec(unsigned short)
                0x0200eccc                UDPPacket::GetDataBuffer()
                0x0200ee8c                RegisterUDPFifoWithNotify(unsigned short, os_fifo*, void (*)(os_fifo*, unsigned short))
                0x0200ec08                UDPPacket::UDPPacket(pool_buffer*)
                0x0200ed00                UDPPacket::GetDataSize() const
                0x0200f574                ProcessIDPacket(UDPPacket&, int)
                0x0200f174                UDPPacket::AddDataWord(unsigned short)
                0x0200fb04                process_udp(pool_buffer*, IPPKT*, unsigned short)
                0x0200f1c8                UDPPacket::Validate()
                0x0200ecac                UDPPacket::GetDestinationPort() const
                0x0200ef54                UnregisterUDPFifo(unsigned short)
                0x0200fd80                UDPPacket::UDPPacket(os_fifo*, unsigned long)
                0x0200ece0                UDPPacket::SetDataSize(unsigned short)
                0x0200ed28                UDPPacket::ResetData()
                0x0200f4e0                UDPPacket::~UDPPacket()
                0x0200fde0                UDPPacket::UDPPacket(os_fifo*, unsigned long)
                0x0200ec54                UDPPacket::SetSourcePort(unsigned short)
                0x0200ec70                UDPPacket::GetSourcePort() const
                0x0200f01c                FixIDDataPacket(UDPPacket&, int)
                0x0200f530                UDPPacket::UDPPacket()
                0x0200ed7c                UDPPacket::GetDestinationAddress()
 .text          0x0200fe40     0x51ae C:\nburn\lib\NetBurner.a(tcp.o)
                0x02011590                SendTcpRst(IPPKT*)
                0x0201044c                GetTcpState(int)
                0x02010480                GetTcpDState
                0x020117d4                InitTCP()
                0x02014010                _Socket_Private_read
                0x02010400                ShortSocketList::ShortSocketList()
                0x020104b4                SetOutOfOrderbuffers(int, unsigned char)
                0x02010080                GetSocketRemotePort(int)
                0x02010cf0                socket_struct::MyAdvertisedWindow()
                0x02010b44                SetSocketTxBuffers(int, int)
                0x02010194                setsockoption(int, int)
                0x02011044                TcpSend(socket_struct*, unsigned long, pool_buffer*, unsigned short, unsigned char)
                0x02014ec0                TCPTimerTask(void*)
                0x02014cc0                process_tcp(pool_buffer*, IPPKT*, unsigned short)
                0x02012720                socket_struct::ProcessRST()
                0x020104f8                TcpGetLastRxTime(int)
                0x02013534                abortsocket
                0x0201444c                socket_struct::ProcessDataSegment(TCPPKT*, unsigned short, unsigned char*, pool_buffer*&)
                0x02011e54                HashSocketList::RemoveSocket(socket_struct*) const
                0x02013c18                _Socket_Private_write
                0x020101cc                getsockoption(int)
                0x02013114                socket_struct::ProcessAck(TCPPKT*)
                0x0201416c                socket_struct::SaveData(unsigned char*, unsigned short, unsigned char)
                0x02011b44                GetTcpRtxCount(int)
                0x0200ffa4                fixoverlap(unsigned long, unsigned long, unsigned long&, unsigned long&)
                0x02010ac4                socket_struct::SetTimer(unsigned long)
                0x02013bf0                connect(unsigned long, unsigned short, unsigned short, unsigned long)
                0x02010258                HashSocketList::HashSocketList()
                0x02012098                GetTcpSocket(TCPPKT*, unsigned long)
                0x02010744                TcpGetRxBufferSpaceUsed(int)
                0x02012950                socket_struct::DoRawSend()
                0x02010784                ShowFdTcpSocket(int)
                0x02010a48                socket_struct::ClearPending(int)
                0x02011bb8                ShortSocketList::findsocket(unsigned short, unsigned short, unsigned long) const
                0x0201385c                connect(unsigned long, unsigned short, unsigned short, unsigned long, unsigned long)
                0x02011ad0                TcpSendKeepAlive(int)
                0x02010020                getsocketerror(int)
                0x02010240                EnableTcpDebug(unsigned short)
                0x02014dcc                socket_struct::ProcessTimer()
                0x0201282c                socket_struct::SetUpNextRetransmit()
                0x02010250                HashSocketList::HashSocketList()
                0x02013e40                SockReadWithTimeout
                0x02011a64                GetFreeSocketCount()
                0x020133c0                socket_struct::ProcessFIN(TCPPKT*, unsigned short)
                0x02010d68                FixHeaderAndSendTcp(pool_buffer*, IPPKT*, socket_struct*)
                0x020101fc                setsocketackbuffers(int, unsigned char)
                0x02010174                socket_struct::CleanUpDeletedListener()
                0x0200ff60                FindListenSocket(unsigned short, unsigned long)
                0x02010e50                TcpSendwSum(socket_struct*, unsigned long, pool_buffer*, unsigned short, unsigned char, unsigned long)
                0x02012150                socket_struct::DoCleanup()
                0x0201425c                socket_struct::TestOutofOrder()
                0x02010568                TcpGetLastRxInterval(int)
                0x0200fe40                GetFirstSeq()
                0x020119d0                FREESOCKET(socket_struct*)
                0x02012328                ShortSocketList::AddSocket(socket_struct*)
                0x02012ffc                socket_struct::DoRetransmit(unsigned char)
                0x02010410                ShortSocketList::Init()
                0x02011c5c                ShortSocketList::processTick()
                0x0201402c                _Socket_Private_close
                0x020124ec                accept(int, unsigned long*, unsigned short*, unsigned short)
                0x02010408                ShortSocketList::ShortSocketList()
                0x02010b84                SetSocketRxBuffers(int, int)
                0x02013754                listen(unsigned long, unsigned short, unsigned char)
                0x02010260                HashSocketList::Init() const
                0x02010278                ShortSocketList::GetFreeShort()
                0x02010050                GetSocketRemoteAddr(int)
                0x02011fc0                HashSocketList::findsocket(unsigned short, unsigned short, unsigned long) const
                0x020106d8                WaitForSocketFlush(int, unsigned long)
                0x02010248                DumpTcpPacket(IPPKT*)
                0x02012430                RemoveFromUserCloseList(socket_struct*)
                0x0200fe84                ValidateTCP(IPPKT*, unsigned short)
                0x02011d0c                ShortSocketList::process(pool_buffer*, TCPPKT*, unsigned long) const
                0x0200fe70                socket_struct::SetState(int)
                0x02010c0c                socket_struct::processoptions(pool_buffer*, TCPPKT*, IPPKT*)
                0x02012d08                socket_struct::DoClose(int)
                0x02013668                GetFreeSocket()
                0x020100b0                GetSocketLocalPort(int)
                0x02011f0c                HashSocketList::AddSocket(socket_struct*) const
                0x020103c0                ShortSocketList::FreeShort(ShortSocket*) const
                0x020100e0                socket_struct::CalcRTO(unsigned long)
                0x02011538                socket_struct::OpenWindow()
                0x020116a4                SendTcpSynRst(IPPKT*)
                0x02010688                TcpAllDataAcked(int)
                0x02012c88                clrsockoption(int, int)
                0x0201052c                TcpGetSocketState(int)
                0x02010238                DumpTcpDebug()
                0x02010bc4                GetSocketLocalAddr(int)
                0x0201460c                socket_struct::process(pool_buffer*, TCPPKT*)
                0x02010488                RegisterTCPReadNotify
                0x020110d4                socket_struct::SendState(unsigned short, pool_buffer*)
 *fill*         0x02014fee        0x2 00
 .text          0x02014ff0      0x1b4 C:\nburn\lib\NetBurner.a(extraio.o)
                0x02015020                ExpandWrite(int, char const*, int)
                0x02015050                ExpandClose(int)
                0x02015080                InitExtras()
                0x020150bc                GetExtraFD
                0x02014ff0                ExpandRead(int, char*, int)
                0x02015138                FreeExtraFd
                0x02015170                GetExtraData
 .text          0x020151a4      0x30c C:\nburn\lib\NetBurner.a(http.o)
                0x020151a4                StartHTTP
                0x020152dc                HttpMain(void*)
                0x020151e8                processHttpRequest(char**, char*, char*, int, HTTP_Request&)
 .text          0x020154b0      0xbee C:\nburn\lib\NetBurner.a(httpinternal.o)
                0x020154e8                SetNewPostHandler
                0x02015b88                BaseDoGet
                0x02015530                SetNewMultiPartHandler
                0x020158f0                SendHTMLHeader
                0x020154b8                append(char*&, char*)
                0x02015548                SetNewMultiPartExtractHandler
                0x02015cbc                HTTP_Request::Respond(int)
                0x02015a24                writesafestring
                0x02015b34                ShowIPOnFd(int, unsigned long)
                0x02015830                SendGifHeader
                0x0201584c                SendTextHeader
                0x02015868                BaseDoHead
                0x02015794                NotFoundResponse
                0x020154dc                BaseDoPost
                0x02015560                SetNewErrorHandler
                0x020155ac                ExtractPostData
                0x020157e8                RedirectResponse
                0x02015df0                HTTP_Request::ProcessLine(char*)
                0x02015500                SetNewGetHandler
                0x020154b0                StopHTTP
                0x02015578                InitHttp()
                0x02015518                SetNewHeadHandler
                0x0201590c                writeallsafestring
                0x02015c70                SendHTMLHeaderWCookie
                0x02015740                httpstricmp
 *fill*         0x0201609e        0x2 00
 .text          0x020160a0      0x910 C:\nburn\lib\NetBurner.a(htmldecomp.o)
                0x02016108                SendHtml(int, char*, int, char const*)
                0x020163e0                SendData(HTML_FILE_RECORD*, int, char const*)
                0x02016478                GetRecordFromName(char*)
                0x020160a0                SendHeader(int, char const*, int)
                0x02016744                SendFullResponse(char*, int)
                0x020164f8                SendFileFragment(char*, int, char const*)
                0x020160fc                SendCompressed(int, char*, int)
                0x02016524                SendHeaderResponse(char*, int)
                0x020160e0                SendXMLHeader(int)
 .text          0x020169b0      0x69e C:\nburn\lib\NetBurner.a(iosys.o)
                0x02016dec                SetDataAvail
                0x02016c8c                writeall
                0x02016cec                RawCheckSelects()
                0x02016d98                SetHaveError
                0x02016e28                RemoveSelect(PendingSelect*)
                0x02016db0                SetWriteAvail
                0x02016b7c                ZeroWaitSelect
                0x02016ea8                AddSelect(PendingSelect*)
                0x02016ad0                FD_ISSET
                0x02016a78                ClrDataAvail
                0x02016f00                select
                0x02016a60                ClrWriteAvail
                0x02016d64                CheckSelects()
                0x02016c30                writestring
                0x02016b40                countbits(fd_set*)
                0x020169b0                FD_OVERLAP(fd_set*, fd_set*)
                0x02016c00                dataavail
                0x020169ec                FD_ZERO
                0x02016a90                FD_SET
                0x02016a48                ClrHaveError
                0x02016b1c                countdwbits(unsigned long)
                0x02016fa0                ReadWithTimeout
                0x02016a04                FD_CLR
 *fill*         0x0201704e        0x2 00
 .text          0x02017050      0x42a C:\nburn\lib\NetBurner.a(netinterface.o)
                0x020173bc                InitializeNetwork(void (*)(pool_buffer*, EFRAME*, unsigned short), void (*)(pool_buffer*, EFRAME*))
                0x020170e0                InterfaceIP(int)
                0x020171d4                GetEframe(pool_buffer*)
                0x0201735c                SaveIfConfig(ConfigRecord*, int)
                0x02017050                GetFirstInterface()
                0x0201738c                GetIfConfig(int)
                0x02017190                InterfaceMAC(int)
                0x020170b4                GetInterFaceBlock(int)
                0x0201710c                InterfaceDNS(int)
                0x02017138                InterfaceMASK(int)
                0x02017070                GetnextInterface(int)
                0x02017418                TransmitBuffer(pool_buffer*, int)
                0x02017240                DisableMulticast(MACADR, int)
                0x020172a0                RegisterInterface(_InterfaceBlock*)
                0x020171e8                EnableMulticast(MACADR, int)
                0x02017328                Removeinterface(int)
                0x02017298                StopNetworks()
                0x02017164                InterfaceGate(int)
 *fill*         0x0201747a        0x2 00
 .text          0x0201747c      0x5c8 C:\nburn\lib\NetBurner.a(taskmon.o)
                0x02017984                ProcessTaskPacket(UDPPacket&, int)
                0x0201747c                EnableTaskMonitor()
                0x02017490                BufferDumpTCBState(os_tcb*)
 .text          0x02017a44      0x538 C:\nburn\lib\NetBurner.a(autoupdate.o)
                0x02017ecc                ProcessAutoUpdatePacket(UDPPacket&)
                0x02017c00                DoData(UDPPacket&)
                0x02017a44                EnableAutoUpdate
                0x02017a58                DoReboot()
                0x02017a88                DoExecute(UDPPacket&, int)
                0x02017cf0                DoStart(UDPPacket&)
 .text          0x02017f7c       0x52 C:\nburn\lib\NetBurner.a(device.o)
                0x02017f9c                DeviceInitializeSem
                0x02017f7c                DeviceGetQspiSem()
                0x02017f8c                DeviceGetI2cSem()
 *fill*         0x02017fce        0x2 00
 .text          0x02017fd0      0x320 C:\nburn\lib\NetBurner.a(ucosmcfc.o)
                0x020182b8                OSTaskCreate
                0x020182e4                TopOfStackKillfunction
                0x0201808c                OSTaskCreatewName
                0x02017fd0                OSTCBInit
                0x020182e8                KillFunctionLink
 .text          0x020182f0      0x6d8 C:\nburn\lib\NetBurner.a(system.o)
                0x02018368                GetUserParameters
                0x020186c8                UpdateConfigRecord_Num
                0x0201833c                RawGetConfig
                0x020182f0                isvalidcr
                0x02018884                SetupDialog
                0x020183e0                ReadLine
                0x02018870                UpdateConfigRecord
                0x020185a0                IpQuestion
                0x02018654                SaveUserParameters
                0x02018378                ShowChange
 .text          0x020189c8      0xbe0 C:\nburn\lib\NetBurner.a(utils.o)
                0x020193b4                fShowMac
                0x02018bb8                FancyDump(unsigned char*, int)
                0x02019444                ShowCounters
                0x02018b00                convertHexAsciiToBinary
                0x02018d78                ShowData
                0x020189c8                kill
                0x020194ac                fShowCounters
                0x02019374                fShowIP
                0x020189d8                _fini
                0x02018ce4                ShowIP
                0x020189e4                AsciiToIp
                0x02019524                sShowCounters
                0x02019410                DiagMenuPicker(int, unsigned char)
                0x02018d20                ShowMac
                0x02018a68                convertBinaryToHexAscii
                0x02018ba0                __builtin_delete
                0x020189d0                _exit
 .text          0x020195a8     0x1aaa C:\nburn\lib\MOD5234.a(serial.o)
                0x0201afd8                real_SER0_ISR
                0x020195a8                WakeTx(int)
                0x0201a3fc                SerialClose
                0x0201a390                SendBreak
                0x0201a544                OpenSerial
                0x02019f9c                GetUartErrorReg
                0x0201a130                fShowSerialData(__sFILE*)
                0x02019870                fake_SER0_ISR()
                0x02019958                fake_SER2_ISR()
                0x020198c8                SER1_ISR
                0x020199ac                SerialEnableTxFlow
                0x020199f4                SerialEnableRxFlow
                0x02019640                DoSerIsr(int)
                0x02019e2c                Serial485HalfDupMode
                0x020198c4                fake_SER1_ISR()
                0x02019c88                SerialEnableHwRxFlow
                0x0201ab70                serread
                0x0201aeb8                BasePutChar(int, unsigned char)
                0x0201ab8c                BaseGetChar(int)
                0x0201b014                real_SER2_ISR
                0x0201a954                serreadwto
                0x0201ad98                serwriteaddress
                0x02019918                real_SER1_ISR
                0x0201ac34                serwrite
                0x0201a520                serexternalclose
                0x02019874                SER0_ISR
                0x0201995c                SER2_ISR
                0x02019a40                SerialEnableHwTxFlow
 *fill*         0x0201b052        0x2 00
 .text          0x0201b054     0x18ae C:\nburn\lib\MOD5234.a(ethernet.o)
                0x0201bbcc                AddEthernetInterface()
                0x0201b238                StopEnet()
                0x0201b694                ResetEnet()
                0x0201bda0                ProcessDuplexStatus()
                0x0201b054                read_eth_addr(MACADR*)
                0x0201bc74                WarmEnetReset()
                0x0201c754                real_rxenetisr
                0x0201b080                fake_rxenetisr()
                0x0201c3bc                DoRX(pool_buffer*, unsigned short)
                0x0201b084                rxenetisr
                0x0201b0d4                fake_txenetisr()
                0x0201bd70                EnablePHY()
                0x0201b28c                EthMultifunc(MACADR, unsigned char)
                0x0201b128                GetMII(unsigned char, unsigned char)
                0x0201b2a8                ResetEnetPart2()
                0x0201b0d8                txenetisr
                0x0201b1ac                SetMII(unsigned char, unsigned char, unsigned short)
                0x0201ba08                InitializeEthernet()
                0x0201c1c4                real_txenetisr
                0x0201b268                DisablePHY()
                0x0201bd10                ManualEthernetConfig(unsigned char, unsigned char, unsigned char)
                0x0201c070                EthTransmitBuffer(pool_buffer*)
                0x0201c5b4                Ether_ProcessTask(void*)
 *fill*         0x0201c902        0x2 00
 .text          0x0201c904     0x16e8 C:\nburn\lib\MOD5234.a(etherprint.o)
                0x0201df14                EtherLink()
                0x0201c904                EtherSpeed100()
                0x0201df08                denet()
                0x0201dba8                ShowFECRegisters()
                0x0201c9dc                ShowMII(unsigned char, unsigned char, char const*, unsigned short)
                0x0201df48                elink()
                0x0201defc                dEnet()
                0x0201c924                SwitchMIIPage(unsigned long)
                0x0201c914                EtherDuplex()
                0x0201c950                showbinary(unsigned short, unsigned short)
                0x0201ca44                ShowPhyterMII()
 .text          0x0201dfec      0x196 C:\nburn\lib\MOD5234.a(emulticast.o)
                0x0201e0d0                EthDisableMulticast(MACADR)
                0x0201e02c                EthEnableMulticast(MACADR)
                0x0201dfec                GetMultiCastCRC(MACADR)
 *fill*         0x0201e182        0x2 00
 .text          0x0201e184        0x0 c:/nburn/gcc-m68k/bin/../lib/gcc/m68k-elf/4.2.1/../../../../m68k-elf/lib/m5208\libstdc++.a(new_opv.o)
 .text          0x0201e184        0x0 c:/nburn/gcc-m68k/bin/../lib/gcc/m68k-elf/4.2.1/../../../../m68k-elf/lib/m5208\libstdc++.a(del_op.o)
 .text          0x0201e184        0x0 c:/nburn/gcc-m68k/bin/../lib/gcc/m68k-elf/4.2.1/../../../../m68k-elf/lib/m5208\libstdc++.a(eh_personality.o)
 .text          0x0201e184        0x0 c:/nburn/gcc-m68k/bin/../lib/gcc/m68k-elf/4.2.1/../../../../m68k-elf/lib/m5208\libstdc++.a(eh_alloc.o)
 .text          0x0201e184        0x0 c:/nburn/gcc-m68k/bin/../lib/gcc/m68k-elf/4.2.1/../../../../m68k-elf/lib/m5208\libstdc++.a(new_op.o)
 .text          0x0201e184        0x0 c:/nburn/gcc-m68k/bin/../lib/gcc/m68k-elf/4.2.1/../../../../m68k-elf/lib/m5208\libstdc++.a(eh_throw.o)
 .text          0x0201e184        0x0 c:/nburn/gcc-m68k/bin/../lib/gcc/m68k-elf/4.2.1/../../../../m68k-elf/lib/m5208\libstdc++.a(new_handler.o)
 .text          0x0201e184        0x0 c:/nburn/gcc-m68k/bin/../lib/gcc/m68k-elf/4.2.1/../../../../m68k-elf/lib/m5208\libstdc++.a(eh_globals.o)
 .text          0x0201e184        0x0 c:/nburn/gcc-m68k/bin/../lib/gcc/m68k-elf/4.2.1/../../../../m68k-elf/lib/m5208\libstdc++.a(eh_exception.o)
 .text          0x0201e184        0x0 c:/nburn/gcc-m68k/bin/../lib/gcc/m68k-elf/4.2.1/../../../../m68k-elf/lib/m5208\libstdc++.a(eh_catch.o)
 .text          0x0201e184        0x0 c:/nburn/gcc-m68k/bin/../lib/gcc/m68k-elf/4.2.1/../../../../m68k-elf/lib/m5208\libstdc++.a(eh_terminate.o)
 .text          0x0201e184        0x0 c:/nburn/gcc-m68k/bin/../lib/gcc/m68k-elf/4.2.1/../../../../m68k-elf/lib/m5208\libstdc++.a(eh_call.o)
 .text          0x0201e184        0x0 c:/nburn/gcc-m68k/bin/../lib/gcc/m68k-elf/4.2.1/../../../../m68k-elf/lib/m5208\libstdc++.a(class_type_info.o)
 .text          0x0201e184        0x0 c:/nburn/gcc-m68k/bin/../lib/gcc/m68k-elf/4.2.1/../../../../m68k-elf/lib/m5208\libstdc++.a(eh_term_handler.o)
 .text          0x0201e184        0x0 c:/nburn/gcc-m68k/bin/../lib/gcc/m68k-elf/4.2.1/../../../../m68k-elf/lib/m5208\libstdc++.a(eh_unex_handler.o)
 .text          0x0201e184        0x0 c:/nburn/gcc-m68k/bin/../lib/gcc/m68k-elf/4.2.1/../../../../m68k-elf/lib/m5208\libstdc++.a(si_class_type_info.o)
 .text          0x0201e184        0x0 c:/nburn/gcc-m68k/bin/../lib/gcc/m68k-elf/4.2.1/../../../../m68k-elf/lib/m5208\libstdc++.a(vterminate.o)
 .text          0x0201e184     0x4ae6 c:/nburn/gcc-m68k/bin/../lib/gcc/m68k-elf/4.2.1/../../../../m68k-elf/lib/m5208\libstdc++.a(cp-demangle.o)
                0x02022b92                __cxa_demangle
 *fill*         0x02022c6a        0x2 00
 .text          0x02022c6c        0x0 c:/nburn/gcc-m68k/bin/../lib/gcc/m68k-elf/4.2.1/../../../../m68k-elf/lib/m5208\libstdc++.a(tinfo.o)
 .text          0x02022c6c        0x0 c:/nburn/gcc-m68k/bin/../lib/gcc/m68k-elf/4.2.1/../../../../m68k-elf/lib/m5208\libstdc++.a(eh_type.o)
 .text          0x02022c6c      0xba0 c:/nburn/gcc-m68k/bin/../lib/gcc/m68k-elf/4.2.1/m5208\libgcc.a(_double.o)
                0x0202376a                __cmpdf2
                0x02022ccc                __adddf3
                0x02023634                __negdf2
                0x02023344                __divdf3
                0x02023692                __cmpdf2_internal
                0x02023168                __muldf3
                0x02022cc6                __subdf3
 .text          0x0202380c       0x74 c:/nburn/gcc-m68k/bin/../lib/gcc/m68k-elf/4.2.1/m5208\libgcc.a(_floatex.o)
                0x02023818                $_exception_handler
                0x0202380c                __clear_sticky_bit
 .text          0x02023880       0x22 c:/nburn/gcc-m68k/bin/../lib/gcc/m68k-elf/4.2.1/m5208\libgcc.a(_ltdf2.o)
                0x02023880                __ltdf2
 *fill*         0x020238a2        0x2 00
 .text          0x020238a4       0x7a c:/nburn/gcc-m68k/bin/../lib/gcc/m68k-elf/4.2.1/m5208\libgcc.a(_fixunsdfsi.o)
                0x020238a4                __fixunsdfsi
 *fill*         0x0202391e        0x2 00
 .text          0x02023920      0x49a c:/nburn/gcc-m68k/bin/../lib/gcc/m68k-elf/4.2.1/m5208\libgcc.a(fpgnulib.o)
                0x02023da0                __fixsfsi
                0x02023a88                __floatsidf
                0x02023b5e                __extendsfdf2
                0x02023a16                __floatunsidf
                0x02023d20                __fixdfsi
                0x02023b44                __floatsisf
                0x02023bf8                __truncdfsf2
                0x02023920                __unordsf2
                0x02023b2a                __floatunsisf
                0x02023982                __unorddf2
 *fill*         0x02023dba        0x2 00
 .text          0x02023dbc     0x1f0e c:/nburn/gcc-m68k/bin/../lib/gcc/m68k-elf/4.2.1/m5208\libgcc.a(unwind-dw2.o)
                0x0202415e                _Unwind_GetIPInfo
                0x02023e42                _Unwind_GetIP
                0x02025b2e                _Unwind_Resume_or_Rethrow
                0x02023e74                _Unwind_GetRegionStart
                0x02025836                _Unwind_Backtrace
                0x02023e32                _Unwind_GetCFA
                0x02024a2c                __frame_state_for
                0x02025bbc                _Unwind_Resume
                0x02023ea4                _Unwind_DeleteException
                0x02025952                _Unwind_RaiseException
                0x02023e52                _Unwind_SetIP
                0x02023e94                _Unwind_GetTextRelBase
                0x0202413a                _Unwind_FindEnclosingFunction
                0x02023e64                _Unwind_GetLanguageSpecificData
                0x02025c42                _Unwind_ForcedUnwind
                0x02023ec2                _Unwind_SetGR
                0x02023f28                _Unwind_GetGR
                0x02023e84                _Unwind_GetDataRelBase
 *fill*         0x02025cca        0x2 00
 .text          0x02025ccc     0x126c c:/nburn/gcc-m68k/bin/../lib/gcc/m68k-elf/4.2.1/m5208\libgcc.a(unwind-dw2-fde.o)
                0x02026dea                _Unwind_Find_FDE
                0x020265e0                __register_frame
                0x020265be                __register_frame_table
                0x02025d42                __register_frame_info_bases
                0x02026d22                __deregister_frame_info
                0x02026c64                __deregister_frame_info_bases
                0x02025dae                __register_frame_info_table_bases
                0x02026d2c                __deregister_frame
                0x02025e00                __register_frame_info_table
                0x02025d92                __register_frame_info
 .text          0x02026f38       0x22 c:/nburn/gcc-m68k/bin/../lib/gcc/m68k-elf/4.2.1/m5208\libgcc.a(_gedf2.o)
                0x02026f38                __gedf2
 *fill*         0x02026f5a        0x2 00
 .text          0x02026f5c       0x18 c:/nburn/gcc-m68k/bin/../lib/gcc/m68k-elf/4.2.1/../../../../m68k-elf/lib/m5208\libc.a(lib_a-abort.o)
                0x02026f5c                abort
 .text          0x02026f74       0x34 c:/nburn/gcc-m68k/bin/../lib/gcc/m68k-elf/4.2.1/../../../../m68k-elf/lib/m5208\libc.a(lib_a-atoi.o)
                0x02026f74                _atoi_r
                0x02026f90                atoi
 .text          0x02026fa8       0x64 c:/nburn/gcc-m68k/bin/../lib/gcc/m68k-elf/4.2.1/../../../../m68k-elf/lib/m5208\libc.a(lib_a-bsearch.o)
                0x02026fa8                bsearch
 .text          0x0202700c       0x1e c:/nburn/gcc-m68k/bin/../lib/gcc/m68k-elf/4.2.1/../../../../m68k-elf/lib/m5208\libc.a(lib_a-cxa_atexit.o)
                0x0202700c                __cxa_atexit
 *fill*         0x0202702a        0x2 00
 .text          0x0202702c        0xe c:/nburn/gcc-m68k/bin/../lib/gcc/m68k-elf/4.2.1/../../../../m68k-elf/lib/m5208\libc.a(lib_a-errno.o)
                0x0202702c                __errno
 *fill*         0x0202703a        0x2 00
 .text          0x0202703c       0x24 c:/nburn/gcc-m68k/bin/../lib/gcc/m68k-elf/4.2.1/../../../../m68k-elf/lib/m5208\libc.a(lib_a-fiprintf.o)
                0x0202703c                fiprintf
 .text          0x02027060       0xaa c:/nburn/gcc-m68k/bin/../lib/gcc/m68k-elf/4.2.1/../../../../m68k-elf/lib/m5208\libc.a(lib_a-fputc.o)
                0x020270ae                _fputc_r
                0x02027060                fputc
 *fill*         0x0202710a        0x2 00
 .text          0x0202710c       0x90 c:/nburn/gcc-m68k/bin/../lib/gcc/m68k-elf/4.2.1/../../../../m68k-elf/lib/m5208\libc.a(lib_a-fputs.o)
                0x0202710c                _fputs_r
                0x02027182                fputs
 .text          0x0202719c      0x37e c:/nburn/gcc-m68k/bin/../lib/gcc/m68k-elf/4.2.1/../../../../m68k-elf/lib/m5208\libc.a(lib_a-fvwrite.o)
                0x0202719c                __sfvwrite_r
 *fill*         0x0202751a        0x2 00
 .text          0x0202751c       0x9e c:/nburn/gcc-m68k/bin/../lib/gcc/m68k-elf/4.2.1/../../../../m68k-elf/lib/m5208\libc.a(lib_a-fwrite.o)
                0x0202751c                _fwrite_r
                0x02027598                fwrite
 *fill*         0x020275ba        0x2 00
 .text          0x020275bc        0x0 c:/nburn/gcc-m68k/bin/../lib/gcc/m68k-elf/4.2.1/../../../../m68k-elf/lib/m5208\libc.a(lib_a-impure.o)
 .text          0x020275bc       0x54 c:/nburn/gcc-m68k/bin/../lib/gcc/m68k-elf/4.2.1/../../../../m68k-elf/lib/m5208\libc.a(lib_a-iprintf.o)
                0x020275bc                _iprintf_r
                0x020275e6                iprintf
 .text          0x02027610       0x1c c:/nburn/gcc-m68k/bin/../lib/gcc/m68k-elf/4.2.1/../../../../m68k-elf/lib/m5208\libc.a(lib_a-isalpha.o)
                0x02027610                isalpha
 .text          0x0202762c       0x1c c:/nburn/gcc-m68k/bin/../lib/gcc/m68k-elf/4.2.1/../../../../m68k-elf/lib/m5208\libc.a(lib_a-isspace.o)
                0x0202762c                isspace
 .text          0x02027648       0x32 c:/nburn/gcc-m68k/bin/../lib/gcc/m68k-elf/4.2.1/../../../../m68k-elf/lib/m5208\libc.a(lib_a-malloc.o)
                0x02027662                malloc
                0x02027648                free
 *fill*         0x0202767a        0x2 00
 .text          0x0202767c      0x78c c:/nburn/gcc-m68k/bin/../lib/gcc/m68k-elf/4.2.1/../../../../m68k-elf/lib/m5208\libc.a(lib_a-mallocr.o)
                0x0202767c                _malloc_r
 .text          0x02027e08       0xd2 c:/nburn/gcc-m68k/bin/../lib/gcc/m68k-elf/4.2.1/../../../../m68k-elf/lib/m5208\libc.a(lib_a-memchr.o)
                0x02027e08                memchr
 *fill*         0x02027eda        0x2 00
 .text          0x02027edc       0x72 c:/nburn/gcc-m68k/bin/../lib/gcc/m68k-elf/4.2.1/../../../../m68k-elf/lib/m5208\libc.a(lib_a-memcmp.o)
                0x02027edc                memcmp
 *fill*         0x02027f4e        0x2 00
 .text          0x02027f50       0xb6 c:/nburn/gcc-m68k/bin/../lib/gcc/m68k-elf/4.2.1/../../../../m68k-elf/lib/m5208\libc.a(lib_a-memmove.o)
                0x02027f50                memmove
 *fill*         0x02028006        0x2 00
 .text          0x02028008      0x16a c:/nburn/gcc-m68k/bin/../lib/gcc/m68k-elf/4.2.1/../../../../m68k-elf/lib/m5208\libc.a(lib_a-putc.o)
                0x020280c2                _putc_r
                0x02028008                putc
 *fill*         0x02028172        0x2 00
 .text          0x02028174       0x8a c:/nburn/gcc-m68k/bin/../lib/gcc/m68k-elf/4.2.1/../../../../m68k-elf/lib/m5208\libc.a(lib_a-puts.o)
                0x02028174                _puts_r
                0x020281e8                puts
 *fill*         0x020281fe        0x2 00
 .text          0x02028200       0x1c c:/nburn/gcc-m68k/bin/../lib/gcc/m68k-elf/4.2.1/../../../../m68k-elf/lib/m5208\libc.a(lib_a-realloc.o)
                0x02028200                realloc
 .text          0x0202821c      0x502 c:/nburn/gcc-m68k/bin/../lib/gcc/m68k-elf/4.2.1/../../../../m68k-elf/lib/m5208\libc.a(lib_a-reallocr.o)
                0x0202821c                _realloc_r
 *fill*         0x0202871e        0x2 00
 .text          0x02028720       0x4e c:/nburn/gcc-m68k/bin/../lib/gcc/m68k-elf/4.2.1/../../../../m68k-elf/lib/m5208\libc.a(lib_a-rget.o)
                0x0202875a                __srget
                0x02028720                __srget_r
 *fill*         0x0202876e        0x2 00
 .text          0x02028770      0x1ee c:/nburn/gcc-m68k/bin/../lib/gcc/m68k-elf/4.2.1/../../../../m68k-elf/lib/m5208\libc.a(lib_a-setvbuf.o)
                0x02028770                setvbuf
 *fill*         0x0202895e        0x2 00
 .text          0x02028960      0x270 c:/nburn/gcc-m68k/bin/../lib/gcc/m68k-elf/4.2.1/../../../../m68k-elf/lib/m5208\libc.a(lib_a-signal.o)
                0x02028b54                _signal_r
                0x02028a74                _raise_r
                0x020289da                __sigtramp_r
                0x02028bb8                signal
                0x020289ca                _init_signal
                0x02028960                _init_signal_r
                0x02028a5e                __sigtramp
                0x02028b3e                raise
 .text          0x02028bd0       0x42 c:/nburn/gcc-m68k/bin/../lib/gcc/m68k-elf/4.2.1/../../../../m68k-elf/lib/m5208\libc.a(lib_a-signalr.o)
                0x02028bdc                _kill_r
                0x02028bd0                _getpid_r
 *fill*         0x02028c12        0x2 00
 .text          0x02028c14       0xba c:/nburn/gcc-m68k/bin/../lib/gcc/m68k-elf/4.2.1/../../../../m68k-elf/lib/m5208\libc.a(lib_a-siprintf.o)
                0x02028c72                _siprintf_r
                0x02028c14                siprintf
 *fill*         0x02028cce        0x2 00
 .text          0x02028cd0      0x14c c:/nburn/gcc-m68k/bin/../lib/gcc/m68k-elf/4.2.1/../../../../m68k-elf/lib/m5208\libc.a(lib_a-snprintf.o)
                0x02028cd0                snprintf
                0x02028d78                _snprintf_r
 .text          0x02028e1c       0x92 c:/nburn/gcc-m68k/bin/../lib/gcc/m68k-elf/4.2.1/../../../../m68k-elf/lib/m5208\libc.a(lib_a-strcasecmp.o)
                0x02028e1c                strcasecmp
 *fill*         0x02028eae        0x2 00
 .text          0x02028eb0       0x7c c:/nburn/gcc-m68k/bin/../lib/gcc/m68k-elf/4.2.1/../../../../m68k-elf/lib/m5208\libc.a(lib_a-strcat.o)
                0x02028eb0                strcat
 .text          0x02028f2c       0x70 c:/nburn/gcc-m68k/bin/../lib/gcc/m68k-elf/4.2.1/../../../../m68k-elf/lib/m5208\libc.a(lib_a-strcmp.o)
                0x02028f2c                strcmp
 .text          0x02028f9c       0x22 c:/nburn/gcc-m68k/bin/../lib/gcc/m68k-elf/4.2.1/../../../../m68k-elf/lib/m5208\libc.a(lib_a-strcpy.o)
                0x02028f9c                strcpy
 *fill*         0x02028fbe        0x2 00
 .text          0x02028fc0       0x1a c:/nburn/gcc-m68k/bin/../lib/gcc/m68k-elf/4.2.1/../../../../m68k-elf/lib/m5208\libc.a(lib_a-strlen.o)
                0x02028fc0                strlen
 *fill*         0x02028fda        0x2 00
 .text          0x02028fdc       0xda c:/nburn/gcc-m68k/bin/../lib/gcc/m68k-elf/4.2.1/../../../../m68k-elf/lib/m5208\libc.a(lib_a-strncmp.o)
                0x02028fdc                strncmp
 *fill*         0x020290b6        0x2 00
 .text          0x020290b8       0x46 c:/nburn/gcc-m68k/bin/../lib/gcc/m68k-elf/4.2.1/../../../../m68k-elf/lib/m5208\libc.a(lib_a-strstr.o)
                0x020290b8                strstr
 *fill*         0x020290fe        0x2 00
 .text          0x02029100       0x28 c:/nburn/gcc-m68k/bin/../lib/gcc/m68k-elf/4.2.1/../../../../m68k-elf/lib/m5208\libc.a(lib_a-strtok.o)
                0x02029100                strtok
 .text          0x02029128       0xc6 c:/nburn/gcc-m68k/bin/../lib/gcc/m68k-elf/4.2.1/../../../../m68k-elf/lib/m5208\libc.a(lib_a-strtok_r.o)
                0x020291d2                strtok_r
                0x02029128                __strtok_r
 *fill*         0x020291ee        0x2 00
 .text          0x020291f0      0x18a c:/nburn/gcc-m68k/bin/../lib/gcc/m68k-elf/4.2.1/../../../../m68k-elf/lib/m5208\libc.a(lib_a-strtol.o)
                0x0202935c                strtol
                0x020291f0                _strtol_r
 *fill*         0x0202937a        0x2 00
 .text          0x0202937c       0x26 c:/nburn/gcc-m68k/bin/../lib/gcc/m68k-elf/4.2.1/../../../../m68k-elf/lib/m5208\libc.a(lib_a-toupper.o)
                0x0202937c                toupper
 *fill*         0x020293a2        0x2 00
 .text          0x020293a4     0x1280 c:/nburn/gcc-m68k/bin/../lib/gcc/m68k-elf/4.2.1/../../../../m68k-elf/lib/m5208\libc.a(lib_a-vfiprintf.o)
                0x0202a606                vfiprintf
                0x020293e8                _vfiprintf_r
 .text          0x0202a624     0x1fac c:/nburn/gcc-m68k/bin/../lib/gcc/m68k-elf/4.2.1/../../../../m68k-elf/lib/m5208\libc.a(lib_a-vfprintf.o)
                0x0202a668                _vfprintf_r
                0x0202c5b2                vfprintf
 .text          0x0202c5d0      0x124 c:/nburn/gcc-m68k/bin/../lib/gcc/m68k-elf/4.2.1/../../../../m68k-elf/lib/m5208\libc.a(lib_a-wbuf.o)
                0x0202c5d0                __swbuf_r
                0x0202c6da                __swbuf
 .text          0x0202c6f4       0x7c c:/nburn/gcc-m68k/bin/../lib/gcc/m68k-elf/4.2.1/../../../../m68k-elf/lib/m5208\libc.a(lib_a-wcrtomb.o)
                0x0202c6f4                _wcrtomb_r
                0x0202c754                wcrtomb
 .text          0x0202c770      0x130 c:/nburn/gcc-m68k/bin/../lib/gcc/m68k-elf/4.2.1/../../../../m68k-elf/lib/m5208\libc.a(lib_a-wcsrtombs.o)
                0x0202c770                _wcsrtombs_r
                0x0202c87e                wcsrtombs
 .text          0x0202c8a0      0x452 c:/nburn/gcc-m68k/bin/../lib/gcc/m68k-elf/4.2.1/../../../../m68k-elf/lib/m5208\libc.a(lib_a-wctomb_r.o)
                0x0202c8a0                _wctomb_r
 *fill*         0x0202ccf2        0x2 00
 .text          0x0202ccf4      0x130 c:/nburn/gcc-m68k/bin/../lib/gcc/m68k-elf/4.2.1/../../../../m68k-elf/lib/m5208\libc.a(lib_a-wsetup.o)
                0x0202ccf4                __swsetup
 .text          0x0202ce24       0xe8 c:/nburn/gcc-m68k/bin/../lib/gcc/m68k-elf/4.2.1/../../../../m68k-elf/lib/m5208\libc.a(lib_a-__atexit.o)
                0x0202ce24                __register_exitproc
 .text          0x0202cf0c        0x0 c:/nburn/gcc-m68k/bin/../lib/gcc/m68k-elf/4.2.1/../../../../m68k-elf/lib/m5208\libc.a(lib_a-ctype_.o)
 .text          0x0202cf0c     0x160a c:/nburn/gcc-m68k/bin/../lib/gcc/m68k-elf/4.2.1/../../../../m68k-elf/lib/m5208\libc.a(lib_a-dtoa.o)
                0x0202d0be                _dtoa_r
 *fill*         0x0202e516        0x2 00
 .text          0x0202e518      0x198 c:/nburn/gcc-m68k/bin/../lib/gcc/m68k-elf/4.2.1/../../../../m68k-elf/lib/m5208\libc.a(lib_a-fflush.o)
                0x0202e518                fflush
 .text          0x0202e6b0      0x25e c:/nburn/gcc-m68k/bin/../lib/gcc/m68k-elf/4.2.1/../../../../m68k-elf/lib/m5208\libc.a(lib_a-findfp.o)
                0x0202e70a                __sinit
                0x0202e7c2                __sfmoreglue
                0x0202e7b0                _cleanup
                0x0202e796                _cleanup_r
                0x0202e830                __sfp
 *fill*         0x0202e90e        0x2 00
 .text          0x0202e910      0x422 c:/nburn/gcc-m68k/bin/../lib/gcc/m68k-elf/4.2.1/../../../../m68k-elf/lib/m5208\libc.a(lib_a-freer.o)
                0x0202ea00                _free_r
                0x0202e910                _malloc_trim_r
 *fill*         0x0202ed32        0x2 00
 .text          0x0202ed34       0xe4 c:/nburn/gcc-m68k/bin/../lib/gcc/m68k-elf/4.2.1/../../../../m68k-elf/lib/m5208\libc.a(lib_a-fwalk.o)
                0x0202ed34                _fwalk
                0x0202eda4                _fwalk_reent
 .text          0x0202ee18       0xa6 c:/nburn/gcc-m68k/bin/../lib/gcc/m68k-elf/4.2.1/../../../../m68k-elf/lib/m5208\libc.a(lib_a-locale.o)
                0x0202ee46                _setlocale_r
                0x0202ee18                __locale_charset
                0x0202ee26                _localeconv_r
                0x0202eea6                setlocale
                0x0202ee34                localeconv
 *fill*         0x0202eebe        0x2 00
 .text          0x0202eec0      0x178 c:/nburn/gcc-m68k/bin/../lib/gcc/m68k-elf/4.2.1/../../../../m68k-elf/lib/m5208\libc.a(lib_a-makebuf.o)
                0x0202eec0                __smakebuf
 .text          0x0202f038      0xc78 c:/nburn/gcc-m68k/bin/../lib/gcc/m68k-elf/4.2.1/../../../../m68k-elf/lib/m5208\libc.a(lib_a-mprec.o)
                0x0202f38c                _mprec_log10
                0x0202f442                __any_on
                0x0202f4e8                _Balloc
                0x0202f2fa                __ratio
                0x0202fa10                __i2b
                0x0202f20a                __b2d
                0x0202fbd8                __s2b
                0x0202f128                __mcmp
                0x0202f038                __hi0bits
                0x0202faf6                __pow5mult
                0x0202f7f4                __lshift
                0x0202f8a2                __multiply
                0x0202f59e                __d2b
                0x0202f3fe                __copybits
                0x0202f188                __ulp
                0x0202f6b4                __mdiff
                0x0202f09c                __lo0bits
                0x0202fa32                __multadd
                0x0202f4ae                _Bfree
 .text          0x0202fcb0      0x21c c:/nburn/gcc-m68k/bin/../lib/gcc/m68k-elf/4.2.1/../../../../m68k-elf/lib/m5208\libc.a(lib_a-refill.o)
                0x0202fcd4                __srefill_r
 .text          0x0202fecc       0x42 c:/nburn/gcc-m68k/bin/../lib/gcc/m68k-elf/4.2.1/../../../../m68k-elf/lib/m5208\libc.a(lib_a-s_isinfd.o)
                0x0202fecc                __isinfd
 *fill*         0x0202ff0e        0x2 00
 .text          0x0202ff10       0x34 c:/nburn/gcc-m68k/bin/../lib/gcc/m68k-elf/4.2.1/../../../../m68k-elf/lib/m5208\libc.a(lib_a-s_isnand.o)
                0x0202ff10                __isnand
 .text          0x0202ff44      0x162 c:/nburn/gcc-m68k/bin/../lib/gcc/m68k-elf/4.2.1/../../../../m68k-elf/lib/m5208\libc.a(lib_a-stdio.o)
                0x0202ff62                __sseek
                0x02030054                __sread
                0x0202ff44                __sclose
                0x0202ffc4                __swrite
 *fill*         0x020300a6        0x2 00
 .text          0x020300a8       0x3e c:/nburn/gcc-m68k/bin/../lib/gcc/m68k-elf/4.2.1/../../../../m68k-elf/lib/m5208\libc.a(lib_a-writer.o)
                0x020300a8                _write_r
 *fill*         0x020300e6        0x2 00
 .text          0x020300e8       0x92 c:/nburn/gcc-m68k/bin/../lib/gcc/m68k-elf/4.2.1/../../../../m68k-elf/lib/m5208\libc.a(lib_a-callocr.o)
                0x020300e8                _calloc_r
 *fill*         0x0203017a        0x2 00
 .text          0x0203017c       0x32 c:/nburn/gcc-m68k/bin/../lib/gcc/m68k-elf/4.2.1/../../../../m68k-elf/lib/m5208\libc.a(lib_a-closer.o)
                0x0203017c                _close_r
 *fill*         0x020301ae        0x2 00
 .text          0x020301b0       0xfe c:/nburn/gcc-m68k/bin/../lib/gcc/m68k-elf/4.2.1/../../../../m68k-elf/lib/m5208\libc.a(lib_a-fclose.o)
                0x020301b0                _fclose_r
                0x02030298                fclose
 *fill*         0x020302ae        0x2 00
 .text          0x020302b0       0x36 c:/nburn/gcc-m68k/bin/../lib/gcc/m68k-elf/4.2.1/../../../../m68k-elf/lib/m5208\libc.a(lib_a-fstatr.o)
                0x020302b0                _fstat_r
 *fill*         0x020302e6        0x2 00
 .text          0x020302e8       0x3e c:/nburn/gcc-m68k/bin/../lib/gcc/m68k-elf/4.2.1/../../../../m68k-elf/lib/m5208\libc.a(lib_a-lseekr.o)
                0x020302e8                _lseek_r
 *fill*         0x02030326        0x2 00
 .text          0x02030328       0x3e c:/nburn/gcc-m68k/bin/../lib/gcc/m68k-elf/4.2.1/../../../../m68k-elf/lib/m5208\libc.a(lib_a-readr.o)
                0x02030328                _read_r
 *fill*         0x02030366        0x2 00
 .text          0x02030368       0x22 c:/nburn/gcc-m68k/bin/../lib/gcc/m68k-elf/4.2.1/m5208\libgcc.a(_eqdf2.o)
                0x02030368                __eqdf2
 *fill*         0x0203038a        0x2 00
 .text          0x0203038c       0x22 c:/nburn/gcc-m68k/bin/../lib/gcc/m68k-elf/4.2.1/m5208\libgcc.a(_nedf2.o)
                0x0203038c                __nedf2
 *fill*         0x020303ae        0x2 00
 .text          0x020303b0       0x22 c:/nburn/gcc-m68k/bin/../lib/gcc/m68k-elf/4.2.1/m5208\libgcc.a(_gtdf2.o)
                0x020303b0                __gtdf2
 *fill*         0x020303d2        0x2 00
 .text          0x020303d4      0x3d4 c:/nburn/gcc-m68k/bin/../lib/gcc/m68k-elf/4.2.1/m5208\libgcc.a(_udivdi3.o)
                0x020303d4                __udivdi3
 .text          0x020307a8      0x3ee c:/nburn/gcc-m68k/bin/../lib/gcc/m68k-elf/4.2.1/m5208\libgcc.a(_umoddi3.o)
                0x020307a8                __umoddi3
 *fill*         0x02030b96        0x2 00
 .text          0x02030b98       0x32 c:/nburn/gcc-m68k/bin/../lib/gcc/m68k-elf/4.2.1/m5208/crtend.o
                0x02030bd0                . = ALIGN (0x10)
 *fill*         0x02030bca        0x6 00
 *(.text.*)
 .text._Znam    0x02030bd0       0x30 c:/nburn/gcc-m68k/bin/../lib/gcc/m68k-elf/4.2.1/../../../../m68k-elf/lib/m5208\libstdc++.a(new_opv.o)
                0x02030bd0                operator new[](unsigned long)
 .text._ZdlPv   0x02030c00       0x16 c:/nburn/gcc-m68k/bin/../lib/gcc/m68k-elf/4.2.1/../../../../m68k-elf/lib/m5208\libstdc++.a(del_op.o)
                0x02030c00                operator delete(void*)
 .text._Z12read_uleb128PKhPj
                0x02030c16       0x30 c:/nburn/gcc-m68k/bin/../lib/gcc/m68k-elf/4.2.1/../../../../m68k-elf/lib/m5208\libstdc++.a(eh_personality.o)
 .text._Z12read_sleb128PKhPi
                0x02030c46       0x46 c:/nburn/gcc-m68k/bin/../lib/gcc/m68k-elf/4.2.1/../../../../m68k-elf/lib/m5208\libstdc++.a(eh_personality.o)
 .text._Z16get_adjusted_ptrPKSt9type_infoS1_PPv
                0x02030c8c       0x6a c:/nburn/gcc-m68k/bin/../lib/gcc/m68k-elf/4.2.1/../../../../m68k-elf/lib/m5208\libstdc++.a(eh_personality.o)
 .text._Z28read_encoded_value_with_basehjPKhPj
                0x02030cf6      0x12a c:/nburn/gcc-m68k/bin/../lib/gcc/m68k-elf/4.2.1/../../../../m68k-elf/lib/m5208\libstdc++.a(eh_personality.o)
 .text._Z21base_of_encoded_valuehP15_Unwind_Context
                0x02030e20       0x8c c:/nburn/gcc-m68k/bin/../lib/gcc/m68k-elf/4.2.1/../../../../m68k-elf/lib/m5208\libstdc++.a(eh_personality.o)
 .text._Z17parse_lsda_headerP15_Unwind_ContextPKhP16lsda_header_info
                0x02030eac       0xec c:/nburn/gcc-m68k/bin/../lib/gcc/m68k-elf/4.2.1/../../../../m68k-elf/lib/m5208\libstdc++.a(eh_personality.o)
 .text._Z15get_ttype_entryP16lsda_header_infoj
                0x02030f98       0xe2 c:/nburn/gcc-m68k/bin/../lib/gcc/m68k-elf/4.2.1/../../../../m68k-elf/lib/m5208\libstdc++.a(eh_personality.o)
 .text._Z20check_exception_specP16lsda_header_infoPKSt9type_infoPvi
                0x0203107a       0x70 c:/nburn/gcc-m68k/bin/../lib/gcc/m68k-elf/4.2.1/../../../../m68k-elf/lib/m5208\libstdc++.a(eh_personality.o)
 .text.__cxa_call_unexpected
                0x020310ea       0xde c:/nburn/gcc-m68k/bin/../lib/gcc/m68k-elf/4.2.1/../../../../m68k-elf/lib/m5208\libstdc++.a(eh_personality.o)
                0x020310ea                __cxa_call_unexpected
 .text.__gxx_personality_v0
                0x020311c8      0x440 c:/nburn/gcc-m68k/bin/../lib/gcc/m68k-elf/4.2.1/../../../../m68k-elf/lib/m5208\libstdc++.a(eh_personality.o)
                0x020311c8                __gxx_personality_v0
 .text._Z41__static_initialization_and_destruction_0ii
                0x02031608        0x8 c:/nburn/gcc-m68k/bin/../lib/gcc/m68k-elf/4.2.1/../../../../m68k-elf/lib/m5208\libstdc++.a(eh_alloc.o)
 .text._GLOBAL__I___cxa_allocate_exception
                0x02031610       0x1a c:/nburn/gcc-m68k/bin/../lib/gcc/m68k-elf/4.2.1/../../../../m68k-elf/lib/m5208\libstdc++.a(eh_alloc.o)
 .text.__cxa_allocate_exception
                0x0203162a       0xa4 c:/nburn/gcc-m68k/bin/../lib/gcc/m68k-elf/4.2.1/../../../../m68k-elf/lib/m5208\libstdc++.a(eh_alloc.o)
                0x0203162a                __cxa_allocate_exception
 .text.__cxa_free_exception
                0x020316ce       0x4a c:/nburn/gcc-m68k/bin/../lib/gcc/m68k-elf/4.2.1/../../../../m68k-elf/lib/m5208\libstdc++.a(eh_alloc.o)
                0x020316ce                __cxa_free_exception
 .text._Znwm    0x02031718       0x80 c:/nburn/gcc-m68k/bin/../lib/gcc/m68k-elf/4.2.1/../../../../m68k-elf/lib/m5208\libstdc++.a(new_op.o)
                0x02031718                operator new(unsigned long)
 .text.__cxa_rethrow
                0x02031798       0x7c c:/nburn/gcc-m68k/bin/../lib/gcc/m68k-elf/4.2.1/../../../../m68k-elf/lib/m5208\libstdc++.a(eh_throw.o)
                0x02031798                __cxa_rethrow
 .text.__cxa_throw
                0x02031814       0x6c c:/nburn/gcc-m68k/bin/../lib/gcc/m68k-elf/4.2.1/../../../../m68k-elf/lib/m5208\libstdc++.a(eh_throw.o)
                0x02031814                __cxa_throw
 .text._Z23__gxx_exception_cleanup19_Unwind_Reason_CodeP17_Unwind_Exception
                0x02031880       0x62 c:/nburn/gcc-m68k/bin/../lib/gcc/m68k-elf/4.2.1/../../../../m68k-elf/lib/m5208\libstdc++.a(eh_throw.o)
 .text._ZSt15set_new_handlerPFvvE
                0x020318e2       0x18 c:/nburn/gcc-m68k/bin/../lib/gcc/m68k-elf/4.2.1/../../../../m68k-elf/lib/m5208\libstdc++.a(new_handler.o)
                0x020318e2                std::set_new_handler(void (*)())
 .text._ZNKSt9bad_alloc4whatEv
                0x020318fa        0xe c:/nburn/gcc-m68k/bin/../lib/gcc/m68k-elf/4.2.1/../../../../m68k-elf/lib/m5208\libstdc++.a(new_handler.o)
                0x020318fa                std::bad_alloc::what() const
 .text._ZNSt9bad_allocD0Ev
                0x02031908       0x2a c:/nburn/gcc-m68k/bin/../lib/gcc/m68k-elf/4.2.1/../../../../m68k-elf/lib/m5208\libstdc++.a(new_handler.o)
                0x02031908                std::bad_alloc::~bad_alloc()
 .text._ZNSt9bad_allocD1Ev
                0x02031932       0x16 c:/nburn/gcc-m68k/bin/../lib/gcc/m68k-elf/4.2.1/../../../../m68k-elf/lib/m5208\libstdc++.a(new_handler.o)
                0x02031932                std::bad_alloc::~bad_alloc()
 .text._ZNSt9bad_allocD2Ev
                0x02031948       0x16 c:/nburn/gcc-m68k/bin/../lib/gcc/m68k-elf/4.2.1/../../../../m68k-elf/lib/m5208\libstdc++.a(new_handler.o)
                0x02031948                std::bad_alloc::~bad_alloc()
 .text.__cxa_get_globals_fast
                0x0203195e        0xe c:/nburn/gcc-m68k/bin/../lib/gcc/m68k-elf/4.2.1/../../../../m68k-elf/lib/m5208\libstdc++.a(eh_globals.o)
                0x0203195e                __cxa_get_globals_fast
 .text.__cxa_get_globals
                0x0203196c        0xe c:/nburn/gcc-m68k/bin/../lib/gcc/m68k-elf/4.2.1/../../../../m68k-elf/lib/m5208\libstdc++.a(eh_globals.o)
                0x0203196c                __cxa_get_globals
 .text._ZNKSt9exception4whatEv
                0x0203197a        0xe c:/nburn/gcc-m68k/bin/../lib/gcc/m68k-elf/4.2.1/../../../../m68k-elf/lib/m5208\libstdc++.a(eh_exception.o)
                0x0203197a                std::exception::what() const
 .text._ZNKSt13bad_exception4whatEv
                0x02031988        0xe c:/nburn/gcc-m68k/bin/../lib/gcc/m68k-elf/4.2.1/../../../../m68k-elf/lib/m5208\libstdc++.a(eh_exception.o)
                0x02031988                std::bad_exception::what() const
 .text._ZNSt9exceptionD0Ev
                0x02031996       0x16 c:/nburn/gcc-m68k/bin/../lib/gcc/m68k-elf/4.2.1/../../../../m68k-elf/lib/m5208\libstdc++.a(eh_exception.o)
                0x02031996                std::exception::~exception()
 .text._ZNSt9exceptionD1Ev
                0x020319ac       0x12 c:/nburn/gcc-m68k/bin/../lib/gcc/m68k-elf/4.2.1/../../../../m68k-elf/lib/m5208\libstdc++.a(eh_exception.o)
                0x020319ac                std::exception::~exception()
 .text._ZNSt9exceptionD2Ev
                0x020319be       0x12 c:/nburn/gcc-m68k/bin/../lib/gcc/m68k-elf/4.2.1/../../../../m68k-elf/lib/m5208\libstdc++.a(eh_exception.o)
                0x020319be                std::exception::~exception()
 .text._ZNSt13bad_exceptionD0Ev
                0x020319d0       0x2a c:/nburn/gcc-m68k/bin/../lib/gcc/m68k-elf/4.2.1/../../../../m68k-elf/lib/m5208\libstdc++.a(eh_exception.o)
                0x020319d0                std::bad_exception::~bad_exception()
 .text._ZNSt13bad_exceptionD1Ev
                0x020319fa       0x16 c:/nburn/gcc-m68k/bin/../lib/gcc/m68k-elf/4.2.1/../../../../m68k-elf/lib/m5208\libstdc++.a(eh_exception.o)
                0x020319fa                std::bad_exception::~bad_exception()
 .text._ZNSt13bad_exceptionD2Ev
                0x02031a10       0x16 c:/nburn/gcc-m68k/bin/../lib/gcc/m68k-elf/4.2.1/../../../../m68k-elf/lib/m5208\libstdc++.a(eh_exception.o)
                0x02031a10                std::bad_exception::~bad_exception()
 .text.__cxa_get_exception_ptr
                0x02031a26       0x10 c:/nburn/gcc-m68k/bin/../lib/gcc/m68k-elf/4.2.1/../../../../m68k-elf/lib/m5208\libstdc++.a(eh_catch.o)
                0x02031a26                __cxa_get_exception_ptr
 .text._ZSt18uncaught_exceptionv