Archive member included because of file (symbol)

C:\nburn\lib\MOD5234.a(bsp.o)
                              c:/nburn/gcc-m68k/bin/../lib/gcc/m68k-elf/4.2.1/../../../../m68k-elf/lib/m5208\nb-crt0.o (atexit)
C:\nburn\lib\MOD5234.a(etpu_sm.o)
                              stepper.o (fs_etpu_sm_get_cp)
C:\nburn\lib\MOD5234.a(etpu_util.o)
                              C:\nburn\lib\MOD5234.a(etpu_sm.o) (fs_etpu_set_hsr)
C:\nburn\lib\MOD5234.a(pins.o)
                              lcd.o (PinIO::function(int))
C:\nburn\lib\MOD5234.a(ioboard.o)
                              lab5.o (getdipsw)
C:\nburn\lib\MOD5234.a(ETPUinit.o)
                              C:\nburn\lib\MOD5234.a(etpu_sm.o) (eTPU)
C:\nburn\lib\MOD5234.a(ETPU.o)
                              C:\nburn\lib\MOD5234.a(ETPUinit.o) (eTPURecordInit())
C:\nburn\lib\MOD5234.a(etpu_gpio.o)
                              C:\nburn\lib\MOD5234.a(ETPU.o) (fs_etpu_gpio_output)
C:\nburn\lib\MOD5234.a(etpu_uart.o)
                              C:\nburn\lib\MOD5234.a(ETPU.o) (fs_etpu_uart_read_receive_data)
C:\nburn\lib\NetBurner.a(ucosmcfa.o)
                              C:\nburn\lib\MOD5234.a(bsp.o) (OSCtxSw)
C:\nburn\lib\NetBurner.a(ucos.o)
                              C:\nburn\lib\MOD5234.a(ETPU.o) (OSIntNesting)
C:\nburn\lib\NetBurner.a(ucosmain.o)
                              C:\nburn\lib\NetBurner.a(ucos.o) (OSTCBTbl)
C:\nburn\lib\NetBurner.a(fileio.o)
                              C:\nburn\lib\NetBurner.a(ucosmain.o) (ioctl)
C:\nburn\lib\NetBurner.a(main.o)
                              c:/nburn/gcc-m68k/bin/../lib/gcc/m68k-elf/4.2.1/../../../../m68k-elf/lib/m5208\nb-crt0.o (main)
C:\nburn\lib\NetBurner.a(ip.o)
                              lab5.o (InitializeStack(unsigned long, unsigned long, unsigned long, unsigned long))
C:\nburn\lib\NetBurner.a(buffers.o)
                              C:\nburn\lib\NetBurner.a(ip.o) (FreeBuffer)
C:\nburn\lib\NetBurner.a(arp.o)
                              C:\nburn\lib\NetBurner.a(ip.o) (wArpLifetime)
C:\nburn\lib\NetBurner.a(udp.o)
                              C:\nburn\lib\NetBurner.a(ip.o) (process_udp(pool_buffer*, IPPKT*, unsigned short))
C:\nburn\lib\NetBurner.a(tcp.o)
                              C:\nburn\lib\NetBurner.a(ip.o) (DumpTcpPacket(IPPKT*))
C:\nburn\lib\NetBurner.a(extraio.o)
                              C:\nburn\lib\MOD5234.a(ETPU.o) (GetExtraFD)
C:\nburn\lib\NetBurner.a(http.o)
                              lab5.o (StartHTTP)
C:\nburn\lib\NetBurner.a(httpinternal.o)
                              formcode.o (SetNewPostHandler)
C:\nburn\lib\NetBurner.a(htmldecomp.o)
                              C:\nburn\lib\NetBurner.a(httpinternal.o) (SendHeaderResponse(char*, int))
C:\nburn\lib\NetBurner.a(iosys.o)
                              C:\nburn\lib\NetBurner.a(tcp.o) (FD_ZERO)
C:\nburn\lib\NetBurner.a(netinterface.o)
                              C:\nburn\lib\NetBurner.a(arp.o) (GetFirstInterface())
C:\nburn\lib\NetBurner.a(taskmon.o)
                              lab5.o (EnableTaskMonitor())
C:\nburn\lib\NetBurner.a(autoupdate.o)
                              lab5.o (EnableAutoUpdate)
C:\nburn\lib\NetBurner.a(device.o)
                              C:\nburn\lib\NetBurner.a(main.o) (DeviceInitializeSem)
C:\nburn\lib\NetBurner.a(ucosmcfc.o)
                              C:\nburn\lib\NetBurner.a(ucos.o) (OSTaskCreatewName)
C:\nburn\lib\NetBurner.a(system.o)
                              C:\nburn\lib\NetBurner.a(udp.o) (isvalidcr)
C:\nburn\lib\NetBurner.a(utils.o)
                              C:\nburn\lib\NetBurner.a(system.o) (AsciiToIp)
C:\nburn\lib\MOD5234.a(serial.o)
                              C:\nburn\lib\NetBurner.a(fileio.o) (SerialClose)
C:\nburn\lib\MOD5234.a(ethernet.o)
                              C:\nburn\lib\NetBurner.a(netinterface.o) (AddEthernetInterface())
C:\nburn\lib\MOD5234.a(etherprint.o)
                              C:\nburn\lib\MOD5234.a(ethernet.o) (EtherLink())
C:\nburn\lib\MOD5234.a(emulticast.o)
                              C:\nburn\lib\MOD5234.a(ethernet.o) (EthEnableMulticast(MACADR))
c:/nburn/gcc-m68k/bin/../lib/gcc/m68k-elf/4.2.1/../../../../m68k-elf/lib/m5208\libstdc++.a(new_opv.o)
                              stepper.o (operator new[](unsigned long))
c:/nburn/gcc-m68k/bin/../lib/gcc/m68k-elf/4.2.1/../../../../m68k-elf/lib/m5208\libstdc++.a(del_op.o)
                              stepper.o (operator delete(void*))
c:/nburn/gcc-m68k/bin/../lib/gcc/m68k-elf/4.2.1/../../../../m68k-elf/lib/m5208\libstdc++.a(eh_personality.o)
                              c:/nburn/gcc-m68k/bin/../lib/gcc/m68k-elf/4.2.1/../../../../m68k-elf/lib/m5208\libstdc++.a(new_opv.o) (__cxa_call_unexpected)
c:/nburn/gcc-m68k/bin/../lib/gcc/m68k-elf/4.2.1/../../../../m68k-elf/lib/m5208\libstdc++.a(eh_alloc.o)
                              c:/nburn/gcc-m68k/bin/../lib/gcc/m68k-elf/4.2.1/../../../../m68k-elf/lib/m5208\libstdc++.a(eh_personality.o) (__cxa_allocate_exception)
[...]
Memory Configuration

Name             Origin             Length             Attributes
ram              0x02000000         0x00800000         xrw
SRAM             0x20000400         0x0000fc00         xrw
*default*        0x00000000         0xffffffff

Linker script and memory map

LOAD c:/nburn/gcc-m68k/bin/../lib/gcc/m68k-elf/4.2.1/../../../../m68k-elf/lib/m5208\nb-crt0.o
LOAD c:/nburn/gcc-m68k/bin/../lib/gcc/m68k-elf/4.2.1/m5208/crtbegin.o
LOAD stepper.o
LOAD lcd.o
LOAD lab5.o
LOAD keypad.o
LOAD formdata.o
LOAD formcode.o
LOAD error_wrapper.o
LOAD htmldata.o
LOAD C:\nburn\MOD5234\lib\sys.ld
                0x20000000                vector_base = 0x20000000
                0x20010000                SRAM_END_ADDR = 0x20010000
                0x40000000                sim = 0x40000000
                0xffc04000                gConfigRec = 0xffc04000
                0xffc06000                UserParamBase = 0xffc06000
                0xffc00008                _RESET_ADDR = 0xffc00008
                0xffc08000                FlashAppBase = 0xffc08000
START GROUP
LOAD C:\nburn\lib\MOD5234.a
LOAD C:\nburn\lib\NetBurner.a
LOAD C:\nburn\lib\FatFile.a
LOAD C:\nburn\lib\rtl8711Library.a
LOAD C:\nburn\lib\debugLibrary.a
END GROUP
LOAD c:/nburn/gcc-m68k/bin/../lib/gcc/m68k-elf/4.2.1/../../../../m68k-elf/lib/m5208\libstdc++.a
LOAD c:/nburn/gcc-m68k/bin/../lib/gcc/m68k-elf/4.2.1/../../../../m68k-elf/lib/m5208\libm.a
LOAD c:/nburn/gcc-m68k/bin/../lib/gcc/m68k-elf/4.2.1/m5208\libgcc.a
LOAD c:/nburn/gcc-m68k/bin/../lib/gcc/m68k-elf/4.2.1/../../../../m68k-elf/lib/m5208\libc.a
LOAD c:/nburn/gcc-m68k/bin/../lib/gcc/m68k-elf/4.2.1/m5208\libgcc.a
LOAD c:/nburn/gcc-m68k/bin/../lib/gcc/m68k-elf/4.2.1/m5208/crtend.o
START GROUP
LOAD c:/nburn/gcc-m68k/bin/../lib/gcc/m68k-elf/4.2.1/../../../../m68k-elf/lib/m5208\libc.a
LOAD c:/nburn/gcc-m68k/bin/../lib/gcc/m68k-elf/4.2.1/m5208\libgcc.a
LOAD c:/nburn/gcc-m68k/bin/../lib/gcc/m68k-elf/4.2.1/../../../../m68k-elf/lib/m5208\libm.a
END GROUP
                0x00000000                __DYNAMIC = 0x0
                0x02800000                PROVIDE (__stack, 0x2800000)
                0x00000000                PROVIDE (hardware_init_hook, 0x0)
                0x00000000                PROVIDE (_hardware_init_hook, 0x0)
                0x00000000                PROVIDE (software_init_hook, 0x0)
                0x00000000                PROVIDE (_software_init_hook, 0x0)

.SRAM_SECT      0x20000400     0x8620
                0x20000400                SRAM_START = .
 *(SYS_VAR_SECT)
 SYS_VAR_SECT   0x20000400      0x238 C:\nburn\lib\NetBurner.a(ucos.o)
                0x2000052c                TimeTick
                0x2000051c                OSLockNesting
                0x20000526                OSRunning
                0x20000508                OSTCBList
                0x20000530                OSMapTbl
                0x20000528                Secs
                0x20000514                OSTCBFreeList
                0x20000527                OSShowTasksOnLeds
                0x20000524                OSISRLevel
                0x20000510                OSTCBHighRdy
                0x20000520                OSRdyGrp
                0x20000538                OSUnMapTbl
                0x20000500                OSRdyTbl
                0x20000518                OSIntNesting
                0x2000050c                OSTCBCur
                0x20000400                OSTCBPrioTbl
 SYS_VAR_SECT   0x20000638      0x1a8 C:\nburn\lib\NetBurner.a(ucosmain.o)
                0x2000064c                critical_count
                0x20000650                OSTCBTbl
 SYS_VAR_SECT   0x200007e0       0x1c C:\nburn\lib\NetBurner.a(fileio.o)
                0x200007f8                pExtraFdFunc
 SYS_VAR_SECT   0x200007fc       0x20 C:\nburn\lib\NetBurner.a(iosys.o)
                0x200007fc                read_file_sets
                0x2000080c                error_file_sets
                0x20000804                write_file_sets
                0x2000081c                SYS_VAR_SECT_END = .
                0x20000820                . = ALIGN (0x10)
 *fill*         0x2000081c        0x4 00
 *(IDLE_STK_SECT)
                0x20000820                IDLE_STK_SECT_END = .
                0x20000820                . = ALIGN (0x10)
 *(MAIN_STK_SECT)
 MAIN_STK_SECT  0x20000820     0x2000 C:\nburn\lib\NetBurner.a(main.o)
                0x20000820                MainStk
                0x20002820                MAIN_STK_SECT_END = .
                0x20002820                . = ALIGN (0x4)
 *(ETHER_VAR_SECT)
 ETHER_VAR_SECT
                0x20002820      0x110 C:\nburn\lib\MOD5234.a(ethernet.o)
                0x200028f6                TxcPosts
                0x200028fa                TxcSems
                0x20002820                EthernetMac
                0x200028ee                LastIsrStatus
                0x20002850                RxBD
                0x200028e0                TxBDFlag
                0x200028fe                RxIsr
                0x2000290c                PHY_addr
                0x200028f2                RxPosts
                0x2000290e                PHY_ID
                0x20002906                bEthLink
                0x200028d4                RxBDFlag
                0x200028ea                last_rxbd
                0x200028a0                RxBDpp
                0x20002908                phy_data_pd
                0x20002826                nTx
                0x20002902                TxIsr
                0x200028c8                TxBDpp
                0x20002830                TxBD
                0x20002930                ETHER_VAR_SECT_END = .
                0x20002930                . = ALIGN (0x10)
 *(ETHER_STK_SECT)
 ETHER_STK_SECT
                0x20002930     0x2000 C:\nburn\lib\MOD5234.a(ethernet.o)
                0x20002930                EtherSendStk
                0x20004930                ETHER_STK_SECT_END = .
                0x20004930                . = ALIGN (0x4)
 *(IP_VAR_SECT)
 IP_VAR_SECT    0x20004930       0x36 C:\nburn\lib\NetBurner.a(ip.o)
                0x20004932                bTTL_Default
                0x2000495e                next_arp_time
                0x20004934                ipRxFifo
                0x20004946                IcmpFifo
                0x20004930                wGlobalPktId
                0x20004952                pPromisciousPacketFunc
                0x2000495a                pFragFunc
                0x20004956                pMultiCastFunc
                0x20004962                delay
                0x2000494e                pMultiTick
                0x2000494a                pDHCPTick
 IP_VAR_SECT    0x20004966       0x74 C:\nburn\lib\NetBurner.a(udp.o)
                0x200049d6                UdpNetbiosNameServicePtr
                0x20004966                udp_fifos
                0x200049ce                pDHCPProcessFunction
                0x200049d2                pTaskPacketFunc
                0x200049ca                UDP_fifos_used
                0x200049da                IP_VAR_SECT_END = .
                0x200049e0                . = ALIGN (0x10)
 *fill*         0x200049da        0x6 00
 *(IP_STK_SECT)
 IP_STK_SECT    0x200049e0     0x2000 C:\nburn\lib\NetBurner.a(ip.o)
                0x200049e0                IPStk
                0x200069e0                IP_STK_SECT_END = .
                0x200069e0                . = ALIGN (0x4)
 *(TCP_VAR_SECT)
 TCP_VAR_SECT   0x200069e0       0x1e C:\nburn\lib\NetBurner.a(tcp.o)
                0x200069f0                TCP_TimerSemaphore
                0x200069e0                TCP_critical_section
                0x200069fe                TCP_VAR_SECT_END = .
                0x20006a00                . = ALIGN (0x10)
 *fill*         0x200069fe        0x2 00
 *(TCP_STK_SECT)
 TCP_STK_SECT   0x20006a00     0x2000 C:\nburn\lib\NetBurner.a(tcp.o)
                0x20006a00                TCPStk
                0x20008a00                TCP_STK_SECT_END = .
                0x20008a00                . = ALIGN (0x10)
 *(HTTP_STK_SECT)
                0x20008a00                HTTP_STK_SECT_END = .
                0x20008a00                . = ALIGN (0x10)
 *(FTP_STK_SECT)
                0x20008a00                FTP_STK_SECT_END = .
                0x20008a00                . = ALIGN (0x10)
 *(WIFI_STK_SECT)
                0x20008a00                WIFI_STK_SECT_END = .
                0x20008a00                . = ALIGN (0x10)
 *(PPP_STK_SECT)
                0x20008a00                PPP_STK_SECT_END = .
                0x20008a00                . = ALIGN (0x10)
 *(COMMAND_STK_SECT)
                0x20008a00                COMMAND_STK_SECT_END = .
                0x20008a00                . = ALIGN (0x4)
 *(USER_VAR_SECT)
                0x20008a00                USER_VAR_SECT_END = .
                0x20008a00                . = ALIGN (0x10)
 *(USER_STK_SECT)
                0x20008a00                USER_STK_SECT_END = .
                0x20008a00                BUFFERS_SECT_START = .
                0x20008a00                . = ALIGN (0x10)
 *(BUFFERS_VAR_SECT)
 BUFFERS_VAR_SECT
                0x20008a00       0x1c C:\nburn\lib\NetBurner.a(buffers.o)
                0x20008a00                FAST_BUFFER_POOL_SIZE
                0x20008a0e                free_fast_list
                0x20008a18                free_list_is_initialized
                0x20008a04                free_list
                0x20008a20                . = ALIGN (0x10)
 *fill*         0x20008a1c        0x4 00
                0x20008a20                BUFFERS_VAR_SECT_END = .
                0x20008a20                . = ALIGN (0x10)
                0x20008a20                SRAM_END = .

.text           0x02000000    0x37dc0
 *(.text)
 .text          0x02000000       0xaa c:/nburn/gcc-m68k/bin/../lib/gcc/m68k-elf/4.2.1/../../../../m68k-elf/lib/m5208\nb-crt0.o
                0x02000000                start
 *fill*         0x020000aa        0x2 00
 .text          0x020000ac       0x9c c:/nburn/gcc-m68k/bin/../lib/gcc/m68k-elf/4.2.1/m5208/crtbegin.o
 .text          0x02000148      0x77c stepper.o
                0x02000494                Stepper::SetStartPeriod(unsigned int)
                0x02000318                Stepper::GetStartPeriod()
                0x02000388                Stepper::Step(int)
                0x020005fc                Stepper::SetSlewPeriodUsingRPM(unsigned int)
                0x0200026c                Stepper::ConvertRPMToPeriodTicks(unsigned int)
                0x0200036c                Stepper::GetCurrentPosition()
                0x02000350                Stepper::GetDesiredPosition()
                0x02000334                Stepper::GetSlewPeriod()
                0x0200062c                Stepper::Init(int, unsigned long, unsigned long)
                0x02000188                Stepper::build_table(unsigned long, unsigned long)
                0x02000168                Stepper::Stepper(int, int)
                0x0200029c                Stepper::Stop()
                0x02000400                Stepper::NewAccelTable()
                0x02000148                Stepper::Stepper(int, int)
                0x02000560                Stepper::SetSlewPeriod(unsigned int)
                0x02000530                Stepper::SetStartPeriodUsingRPM(unsigned int)
 .text          0x020008c4      0xe4e lcd.o
                0x020008dc                Lcd::Lcd()
                0x02001294                Lcd::move(unsigned char, unsigned char)
                0x02000cd4                Lcd::Clear(unsigned char)
                0x0200092c                Lcd::enable_lower()
                0x02000904                Lcd::set_rs_line(unsigned char)
                0x020008c4                Lcd::Lcd()
                0x02001688                Lcd::PrintChar(unsigned char, char)
                0x020013f0                Lcd::print_char(unsigned char, char)
                0x02000b30                Lcd::send_cmd(unsigned char, unsigned char)
                0x020008f4                Lcd::ShiftDisplayRight(unsigned char)
                0x020015ec                Lcd::PrintString(unsigned char, char const*)
                0x02000bb4                Lcd::Home(unsigned char)
                0x02001364                Lcd::MoveCursor(unsigned char, unsigned char)
                0x02000970                Lcd::enable_upper()
                0x020009b4                Lcd::set_data_lines(unsigned char)
                0x02000aac                Lcd::send_data(unsigned char, unsigned char)
                0x02000e28                Lcd::Init(unsigned char)
                0x020008fc                Lcd::ShiftDisplayLeft(unsigned char)
 *fill*         0x02001712        0x2 00
 .text          0x02001714      0x472 lab5.o
                0x020018e0                ValidateMinRPMImage
                0x02001890                ValidateMaxRPMImage
                0x020017a0                DisplayMotorMode
                0x02001994                UserMain
                0x02001840                ValidateRotationImage
                0x02001930                DisplayLameCounter
                0x020017f0                ValidateDirectionImage
 *fill*         0x02001b86        0x2 00
 .text          0x02001b88      0x254 keypad.o
                0x02001bb8                Keypad::GetLastButtonString()
                0x02001c0c                Keypad::Init()
                0x02001b98                Keypad::Keypad()
                0x02001d90                Keypad::GetNewButtonString()
                0x02001b88                Keypad::Keypad()
                0x02001ba8                Keypad::GetLastButtonNumber()
                0x02001cf8                Keypad::read_data()
                0x02001dc0                Keypad::GetNewButtonNumber()
                0x02001bdc                Keypad::ButtonPressed()
 .text          0x02001ddc      0x976 formdata.o
                0x0200272c                FormData::~FormData()
                0x0200264c                FormData::SetMaxRPM(char*)
                0x02002140                FormData::GetDirection()
                0x02001fc0                FormData::IsRotationsValid()
                0x020020e0                FormData::GetMode()
                0x02002080                FormData::IsMinRPMValid()
                0x020024bc                FormData::SetRotations(char*)
                0x0200235c                FormData::SetDirection(char*)
                0x02002740                FormData::~FormData()
                0x02002310                FormData::Init(unsigned char)
                0x02002714                FormData::~FormData()
                0x020021fc                FormData::GetSteps()
                0x02001ebc                FormData::ShouldMove()
                0x02001e24                FormData::SetSteps(char*)
                0x02001f60                FormData::IsDirectionValid()
                0x02001e00                FormData::FormData()
                0x02002584                FormData::SetMinRPM(char*)
                0x02002258                FormData::GetMinRPM()
                0x020022b4                FormData::GetMaxRPM()
                0x02001e30                FormData::checkNumericString(char*)
                0x020021a0                FormData::GetRotations()
                0x02002020                FormData::IsMaxRPMValid()
                0x02001ddc                FormData::FormData()
 *fill*         0x02002752        0x2 00
 .text          0x02002754      0x2d0 formcode.o
                0x02002768                CheckExtractResult(char*, int, char*, char*, char*)
                0x02002754                RegisterPost()
                0x020027d4                MyDoPost(int, char*, char*, char*)
 .text          0x02002a24      0x226 error_wrapper.o
                0x02002a24                display_error(char const*, unsigned char)
 *fill*         0x02002c4a        0x2 00
 .text          0x02002c4c       0x52 htmldata.o
                0x02002c94                DoHtmlVariable(int, unsigned short)
                0x02002c4c                DoHtmlFunction(int, char const*, unsigned short)
 *fill*         0x02002c9e        0x2 00
 .text          0x02002ca0      0x60c C:\nburn\lib\MOD5234.a(bsp.o)
                0x020030a4                _sbrk_r
                0x0200320c                HardwareSetup
                0x02003028                DisableCache
                0x020031a4                spaceleft
                0x020030fc                LocalInByte
                0x020031f0                ForceReboot
                0x02002ecc                FlashProgram
                0x02002ca4                Tick5234
                0x020031dc                BspGetTickFraction
                0x02002ca0                xTick
                0x02002e3c                FlashErase
                0x02003130                LocalOutByte
                0x020030f0                atexit
                0x02002d94                GetPreciseTime
                0x0200304c                EnableCache
                0x02002cbc                SetIntc
                0x02003180                LocalCharAvail
 .text          0x020032ac      0x4ee C:\nburn\lib\MOD5234.a(etpu_sm.o)
                0x020033bc                fs_etpu_sm_disable
                0x02003360                fs_etpu_sm_set_sp
                0x020032ac                fs_etpu_sm_get_flags
                0x02003384                fs_etpu_sm_set_dp
                0x0200333c                fs_etpu_sm_set_st
                0x02003304                fs_etpu_sm_get_st
                0x0200359c                fs_etpu_sm_init
                0x02003434                fs_etpu_sm_enable
                0x02003528                fs_etpu_sm_table
                0x020032e8                fs_etpu_sm_get_dp
                0x02003320                fs_etpu_sm_get_sp
                0x020032cc                fs_etpu_sm_get_cp
 *fill*         0x0200379a        0x2 00
 .text          0x0200379c      0x75a C:\nburn\lib\MOD5234.a(etpu_util.o)
                0x02003d2c                fs_etpu_get_global_24
                0x02003a7c                fs_etpu_set_chan_local_32
                0x0200391c                fs_timer_start
                0x02003c8c                fs_etpu_set_global_32
                0x02003c1c                fs_etpu_get_chan_local_16
                0x02003938                fs_etpu_malloc
                0x02003b30                fs_etpu_set_chan_local_8
                0x0200379c                fs_etpu_data_ram
                0x02003cc4                fs_etpu_set_global_16
                0x02003cfc                fs_etpu_get_global32
                0x02003b6c                fs_etpu_get_chan_local_32
                0x02003bdc                fs_etpu_get_chan_local_24
                0x02003c54                fs_etpu_get_chan_local_8
                0x02003ba4                fs_etpu_get_chan_local_24s
                0x02003a0c                fs_etpu_malloc2
                0x02003ca8                fs_etpu_set_global_24
                0x0200396c                fs_etpu_chan_init
                0x02003ce0                fs_etpu_set_global_8
                0x020038cc                fs_etpu_dma_enable
                0x020037f4                fs_etpu_get_hsr
                0x02003d14                fs_etpu_get_global_24s
                0x020038a4                fs_etpu_interrupt_disable
                0x02003d60                fs_etpu_get_global_8
                0x02003d78                fs_memset32
                0x02003af4                fs_etpu_set_chan_local_16
                0x02003d9c                fs_memcpy32
                0x02003854                fs_etpu_disable
                0x0200387c                fs_etpu_interrupt_enable
                0x02003ab8                fs_etpu_set_chan_local_24
                0x020037cc                fs_etpu_set_hsr
                0x02003dd0                fs_etpu_init
                0x02003d48                fs_etpu_get_global_16
                0x0200381c                fs_etpu_enable
                0x020038f4                fs_etpu_dma_disable
 *fill*         0x02003ef6        0x2 00
 .text          0x02003ef8     0x1cf2 C:\nburn\lib\MOD5234.a(pins.o)
                0x02004f68                PinIO::set(unsigned char)
                0x02003ef8                PinIO::function(int)
                0x02004b3c                PinIO::drive()
                0x02005b88                CReadPin
                0x020044d4                PinIO::read()
                0x02005bac                CGPInPin
 *fill*         0x02005bea        0x2 00
 .text          0x02005bec      0x5ec C:\nburn\lib\MOD5234.a(ioboard.o)
                0x02005fd4                putleds
                0x02005c40                putdisp
                0x02005c98                ModDev70Detect()
                0x02005d4c                getdipsw
                0x02005bec                InitChipBoardSelect()
 .text          0x020061d8      0x126 C:\nburn\lib\MOD5234.a(ETPUinit.o)
                0x02006254                MOD5234_etpu_init
                0x020062c4                eTPUInit
                0x020061d8                MOD5234_etpu_start
 *fill*         0x020062fe        0x2 00
 .text          0x02006300     0x1a20 C:\nburn\lib\MOD5234.a(ETPU.o)
                0x0200665c                fake_ETPU_CH8()
                0x02006860                real_ETPU_CH12
                0x0200671c                real_ETPU_CH9
                0x0200651c                ETPU_CH5
                0x020067a4                ETPU_CH11
                0x02006518                fake_ETPU_CH5()
                0x02006444                ETPU_CH3
                0x020078c8                eTPUFunctionUARTRX
                0x020071b8                eTPUInitFIFO
                0x020068e8                ETPU_CH14
                0x020068cc                real_ETPU_CH13
                0x02006df0                eTPUReadUART
                0x02007080                eTPUDoISR(int)
                0x020066c8                fake_ETPU_CH9()
                0x0200736c                ETPU_UART_FD_CLOSE(int)
                0x020066b0                real_ETPU_CH8
                0x02006788                real_ETPU_CH10
                0x02006aac                eTPURecordInit()
                0x02006440                fake_ETPU_CH3()
                0x0200740c                eTPUInterruptEnable
                0x02006644                real_ETPU_CH7
                0x02006354                real_ETPU_CH0
                0x020071f8                eTPUDriveGPIO
                0x02006f10                eTPUgetCharUART
                0x020068e4                fake_ETPU_CH14()
                0x02007b9c                eTPUFDUartOpen
                0x02006878                fake_ETPU_CH13()
                0x02006584                fake_ETPU_CH6()
                0x020065f0                fake_ETPU_CH7()
                0x020065f4                ETPU_CH7
                0x020069bc                fs_timer_stop
                0x02006ff0                ETPU_UART_FD_WRITE(int, char const*, int)
                0x020073c4                eTPUFunctionGPIO
                0x020067f4                real_ETPU_CH11
                0x02006a40                eTPUEventClear
                0x02006428                real_ETPU_CH2
                0x02006950                fake_ETPU_CH15()
                0x020064ac                fake_ETPU_CH4()
                0x02006500                real_ETPU_CH4
                0x020064b0                ETPU_CH4
                0x02006300                fake_ETPU_CH0()
                0x02006810                ETPU_CH12
                0x020069a4                real_ETPU_CH15
                0x02006304                ETPU_CH0
                0x02006938                real_ETPU_CH14
                0x02007a3c                eTPUFunctionUARTTX
                0x02006738                ETPU_CH10
                0x020063d4                fake_ETPU_CH2()
                0x02007334                eTPUCloseChannel
                0x0200656c                real_ETPU_CH5
                0x02006dbc                eTPUCharAvailUART
                0x020066cc                ETPU_CH9
                0x02006e80                ETPU_UART_FD_READ(int, char*, int)
                0x02006954                ETPU_CH15
                0x020067a0                fake_ETPU_CH11()
                0x02007248                eTPUSetGPIO
                0x02006588                ETPU_CH6
                0x0200687c                ETPU_CH13
                0x020063d8                ETPU_CH2
                0x02006368                fake_ETPU_CH1()
                0x020063bc                real_ETPU_CH1
                0x020069d8                eTPUInterruptDisable
                0x0200636c                ETPU_CH1
                0x02006a60                eTPUEventPoll
                0x02006494                real_ETPU_CH3
                0x02006cec                eTPUChanInit(int)
                0x020065d8                real_ETPU_CH6
                0x02006660                ETPU_CH8
                0x0200680c                fake_ETPU_CH12()
                0x02006734                fake_ETPU_CH10()
                0x02006f30                eTPUWriteUART
                0x0200729c                eTPUInputGPIO
 .text          0x02007d20      0x26e C:\nburn\lib\MOD5234.a(etpu_gpio.o)
                0x02007e60                fs_etpu_gpio_pin_history
                0x02007d20                fs_etpu_gpio_output_high
                0x02007f20                fs_etpu_gpio_init
                0x02007e84                fs_etpu_gpio_cfg_input_periodic
                0x02007e3c                fs_etpu_gpio_input_immed
                0x02007dc0                fs_etpu_gpio_cfg_input_trans
                0x02007d68                fs_etpu_gpio_output
                0x02007d44                fs_etpu_gpio_output_low
 *fill*         0x02007f8e        0x2 00
 .text          0x02007f90      0x310 C:\nburn\lib\MOD5234.a(etpu_uart.o)
                0x02007fc8                fs_etpu_uart_write_transmit_data
                0x02007f90                fs_etpu_uart_read_receive_data
                0x02007ff0                fs_etpu_uart_init
 .text          0x020082a0      0x44a C:\nburn\lib\NetBurner.a(ucosmcfa.o)
                0x02008380                OSDebugTraceHalt
                0x020082a0                OSStartHighRdy
                0x02008390                TrapOutByte
                0x020083c0                memcpy
                0x020083c0                fmemcpy
                0x020082c0                OSCtxSw
                0x020083b0                TrapCharAvail
                0x020082f0                OSIntCtxSw
                0x020083a0                TrapInByte
                0x02008320                OSTickISR
                0x02008490                memcpysum
                0x02008360                OSSetupVBR
                0x020086c0                GetSR_IntLevel
                0x02008620                memset
                0x02008620                fmemset
                0x020086d0                SetSR_IntLevel
 *fill*         0x020086ea        0x2 00
 .text          0x020086ec     0x1e5c C:\nburn\lib\NetBurner.a(ucos.o)
                0x02008ba4                OSCritEnterNoWait
                0x02008d7e                UCOSWAITS_HERE
                0x0200909c                OSFifoPostFirst
                0x02008de4                OSCritLeave
                0x02008b50                getpid
                0x02008874                OSLock
                0x020094f0                OSQPostFirst
                0x02008c18                OSTaskID
                0x02008a38                OSQPendNoWait
                0x02008c30                OSSetName
                0x02008c58                OSIntExit
                0x020088fc                OSSemPendNoWait
                0x0200a038                OSTaskDelete
                0x0200a254                OSUnlock
                0x02008b68                OSCritInit
                0x02009690                OSQPost
                0x02008efc                OSCritEnter
                0x0200935c                OSFifoPend
                0x02009e98                OSSemPend
                0x0200893c                OSMboxInit
                0x02009a10                OSMboxPost
                0x02008ab4                OSFifoInit
                0x02009828                OSQPend
                0x02008cf4                OSSched
                0x0200a288                OSTimeDly
                0x02009d0c                OSSemPost
                0x0200a150                OSChangePrio
                0x02008844                OSTCBGetFree
                0x020086ec                OSIntEnterWAS
                0x02008984                OSMboxPendNoWait
                0x020091fc                OSFifoPost
                0x0200889c                OSSemInit
                0x0200a350                OSStart
                0x02008734                OSTimeTick
                0x020089c4                OSQInit
                0x02008c44                OSTaskName
                0x02008b00                OSFifoPendNoWait
                0x02009b78                OSMboxPend
                0x0200a3cc                OSInit
                0x02008714                OSChangeTaskDly
 .text          0x0200a548      0x16c C:\nburn\lib\NetBurner.a(ucosmain.o)
                0x0200a624                __malloc_unlock
                0x0200a548                UCosBegin
                0x0200a644                balloc_lock
                0x0200a684                UCosSetup
                0x0200a608                balloc_unlock
                0x0200a664                __malloc_lock
 .text          0x0200a6b4      0x5f8 C:\nburn\lib\NetBurner.a(fileio.o)
                0x0200a844                ioctl
                0x0200a6b4                isatty
                0x0200a79c                CurrentStdioFD
                0x0200a814                lseek
                0x0200a6ec                ReplaceStdio
                0x0200a8b0                write
                0x0200a6d0                fstat
                0x0200a9e0                rawwrite
                0x0200abec                stdioinbyte
                0x0200aa64                read
                0x0200a7cc                outbyte
                0x0200a82c                open
                0x0200a7e4                charavail
                0x0200a7c0                fcntl
                0x0200ac64                close
 .text          0x0200acac       0xb6 C:\nburn\lib\NetBurner.a(main.o)
                0x0200ace4                main
                0x0200acac                __do_global_ctors
 *fill*         0x0200ad62        0x2 00
 .text          0x0200ad64     0x186a C:\nburn\lib\NetBurner.a(ip.o)
                0x0200b1b4                FixUpICMP(IPPKT*, unsigned char, unsigned char, unsigned char*, unsigned short)
                0x0200af24                IsMultiCast(unsigned long)
                0x0200ba60                FixHeaderAndSend(pool_buffer*, IPPKT*)
                0x0200b45c                DoIPPacket(pool_buffer*, EFRAME*, unsigned short)
                0x0200ae20                GetSum20
                0x0200bd48                PingViaInterface
                0x0200b3fc                SaveError(pool_buffer*)
                0x0200b774                process_icmp(pool_buffer*, IPPKT*, unsigned short)
                0x0200b060                IpProcessEthernetPacket
                0x0200b628                FixHeaderAndSendViaInterface(pool_buffer*, IPPKT*, int)
                0x0200be8c                ShowIPBuffer(pool_buffer*)
                0x0200bbb4                SendICMPError(pool_buffer*, unsigned char, unsigned char)
                0x0200b2cc                InitializeStack(unsigned long, unsigned long, unsigned long, unsigned long)
                0x0200af74                GetData(IPPKT*)
                0x0200b3f0                InitializeCStack
                0x0200be58                Ping
                0x0200ad64                GetSum
                0x0200b440                IsMyIp
                0x0200b270                IsBroadCast(unsigned long, int)
                0x0200b21c                KillStack
                0x0200afa0                PrepareIPOutput(pool_buffer*, unsigned long, unsigned short)
                0x0200af44                GetMultiAddress(unsigned long)
                0x0200bc84                SendPing
                0x0200ae58                GetSumHdr
                0x0200b228                IsLocal(unsigned long, int)
                0x0200b890                IPTask(void*)
 *fill*         0x0200c5ce        0x2 00
 .text          0x0200c5d0      0xec8 C:\nburn\lib\NetBurner.a(buffers.o)
                0x0200ca90                fifo_buffer_storage::Full()
                0x0200cb80                ShowBuffer
                0x0200ce64                fifo_buffer_storage::Reset(unsigned char)
                0x0200c6b4                InitBuffers
                0x0200c7e0                buffer_list::InsertBefore(pool_buffer*, pool_buffer*)
                0x0200c9b8                GetBuffer
                0x0200cb60                fifo_buffer_storage::fifo_buffer_storage(unsigned char, unsigned char)
                0x0200ca78                fifo_buffer_storage::Empty()
                0x0200d2dc                fifo_buffer_storage::ReadDatawSum(unsigned char*, int, unsigned long&)
                0x0200ca64                fifo_buffer_storage::SpaceUsed()
                0x0200c5d0                ShowBuffers()
                0x0200c5fc                buffer_list::InsertHead(pool_buffer*)
                0x0200ccac                GetFreeCount
                0x0200c5e0                IncUsageCount
                0x0200cb40                fifo_buffer_storage::fifo_buffer_storage(unsigned char, unsigned char)
                0x0200c77c                buffer_list::InsertTail(pool_buffer*)
                0x0200cf24                fifo_buffer_storage::~fifo_buffer_storage()
                0x0200d014                fifo_buffer_storage::SetMaxBuffers(unsigned char)
                0x0200cd24                fifo_buffer_storage::ReadData(unsigned char*, int)
                0x0200cad8                fifo_buffer_storage::Init(unsigned char, unsigned char)
                0x0200c5d8                DumpBuffers()
                0x0200c950                buffer_list::RemoveHead()
                0x0200c8c8                buffer_list::Remove(pool_buffer*)
                0x0200ca04                buffer_list::RemoveTail()
                0x0200cf38                fifo_buffer_storage::LongSpaceAvail()
                0x0200d0a4                fifo_buffer_storage::WriteData(unsigned char*, int)
                0x0200c66c                FreeBuffer
                0x0200c854                buffer_list::InsertAfter(pool_buffer*, pool_buffer*)
                0x0200cff0                fifo_buffer_storage::SpaceAvail()
                0x0200cf10                fifo_buffer_storage::~fifo_buffer_storage()
 .text          0x0200d498     0x17f0 C:\nburn\lib\NetBurner.a(arp.o)
                0x0200e1b4                FindAddArp(unsigned long)
                0x0200d5ec                sendGratuitousArp(int)
                0x0200d4c0                MacEqual(MACADR, MACADR)
                0x0200d7f4                InitializeArp()
                0x0200d89c                FindArp(unsigned long)
                0x0200daf8                SendArp(ArpRecord*, int)
                0x0200d7a8                GetInterface(unsigned long)
                0x0200eaa4                AddCheckArp(MACADR*, unsigned long, int)
                0x0200d520                SetMac(ArpRecord*, MACADR, int)
                0x0200dff0                DeleteArpFromIp(unsigned long)
                0x0200d9a0                GetArpMacFromIp(unsigned long, MACADR&)
                0x0200e5f0                RouteOutVia(EFRAME*, unsigned long, pool_buffer*, int)
                0x0200da54                GetProperInterface(unsigned long)
                0x0200e104                FreeOneArp()
                0x0200eb30                processArp(pool_buffer*, EFRAME*)
                0x0200d5b0                NeedsArp(int)
                0x0200dc28                GetNextArp(ArpRecord*)
                0x0200d6bc                RawSendArp(ArpRecord*, unsigned long, int)
                0x0200e010                AgeArp()
                0x0200e7fc                RouteOut(EFRAME*, unsigned long, pool_buffer*)
                0x0200dcf0                ShowArp()
                0x0200de30                DeleteArp(ArpRecord*)
                0x0200dc98                GetFirstArp()
                0x0200db64                GetSrcIp
                0x0200e450                IsMyAddressUsedArpDetect(unsigned short, int)
                0x0200d4b8                Cleanup()
                0x0200d498                IsNull(ArpRecord*)
                0x0200dd84                fShowArp(__sFILE*)
                0x0200d9f8                AddPending(MACADR*, unsigned long, int)
 .text          0x0200ec88     0x12f8 C:\nburn\lib\NetBurner.a(udp.o)
                0x0200f4c0                UDPPacket::Send(unsigned long, unsigned char)
                0x0200edd0                UDPPacket::SetDestinationPort(unsigned short)
                0x0200ee94                UDPPacket::GetPacketId()
                0x0200eee0                UDPPacket::GetSourceAddress()
                0x0200fc00                UDPPacket::UDPPacket()
                0x0200f290                UDPPacket::AddDataByte(unsigned char)
                0x0200f5d8                UDPPacket::SendAndKeep(unsigned long, unsigned char)
                0x0200f1e4                UDPPacket::AddData(unsigned char*, unsigned short)
                0x0200ef04                RegisterUDPFifo(unsigned short, os_fifo*)
                0x0200f2d8                UDPPacket::AddData(char const*)
                0x0200ecfc                UDPPacket::UDPPacket(pool_buffer*)
                0x0200f398                UDPPacket::SendViaInterface(unsigned long, int, unsigned char)
                0x0200ee7c                UDPPacket::GetIpPacket()
                0x0200f648                UDPPacket::~UDPPacket()
                0x0200ec88                GetUdpFifoRec(unsigned short)
                0x0200ee0c                UDPPacket::GetDataBuffer()
                0x0200efcc                RegisterUDPFifoWithNotify(unsigned short, os_fifo*, void (*)(os_fifo*, unsigned short))
                0x0200ed48                UDPPacket::UDPPacket(pool_buffer*)
                0x0200ee40                UDPPacket::GetDataSize() const
                0x0200f6b4                ProcessIDPacket(UDPPacket&, int)
                0x0200f2b4                UDPPacket::AddDataWord(unsigned short)
                0x0200fc44                process_udp(pool_buffer*, IPPKT*, unsigned short)
                0x0200f308                UDPPacket::Validate()
                0x0200edec                UDPPacket::GetDestinationPort() const
                0x0200f094                UnregisterUDPFifo(unsigned short)
                0x0200fec0                UDPPacket::UDPPacket(os_fifo*, unsigned long)
                0x0200ee20                UDPPacket::SetDataSize(unsigned short)
                0x0200ee68                UDPPacket::ResetData()
                0x0200f620                UDPPacket::~UDPPacket()
                0x0200ff20                UDPPacket::UDPPacket(os_fifo*, unsigned long)
                0x0200ed94                UDPPacket::SetSourcePort(unsigned short)
                0x0200edb0                UDPPacket::GetSourcePort() const
                0x0200f15c                FixIDDataPacket(UDPPacket&, int)
                0x0200f670                UDPPacket::UDPPacket()
                0x0200eebc                UDPPacket::GetDestinationAddress()
 .text          0x0200ff80     0x51ae C:\nburn\lib\NetBurner.a(tcp.o)
                0x020116d0                SendTcpRst(IPPKT*)
                0x0201058c                GetTcpState(int)
                0x020105c0                GetTcpDState
                0x02011914                InitTCP()
                0x02014150                _Socket_Private_read
                0x02010540                ShortSocketList::ShortSocketList()
                0x020105f4                SetOutOfOrderbuffers(int, unsigned char)
                0x020101c0                GetSocketRemotePort(int)
                0x02010e30                socket_struct::MyAdvertisedWindow()
                0x02010c84                SetSocketTxBuffers(int, int)
                0x020102d4                setsockoption(int, int)
                0x02011184                TcpSend(socket_struct*, unsigned long, pool_buffer*, unsigned short, unsigned char)
                0x02015000                TCPTimerTask(void*)
                0x02014e00                process_tcp(pool_buffer*, IPPKT*, unsigned short)
                0x02012860                socket_struct::ProcessRST()
                0x02010638                TcpGetLastRxTime(int)
                0x02013674                abortsocket
                0x0201458c                socket_struct::ProcessDataSegment(TCPPKT*, unsigned short, unsigned char*, pool_buffer*&)
                0x02011f94                HashSocketList::RemoveSocket(socket_struct*) const
                0x02013d58                _Socket_Private_write
                0x0201030c                getsockoption(int)
                0x02013254                socket_struct::ProcessAck(TCPPKT*)
                0x020142ac                socket_struct::SaveData(unsigned char*, unsigned short, unsigned char)
                0x02011c84                GetTcpRtxCount(int)
                0x020100e4                fixoverlap(unsigned long, unsigned long, unsigned long&, unsigned long&)
                0x02010c04                socket_struct::SetTimer(unsigned long)
                0x02013d30                connect(unsigned long, unsigned short, unsigned short, unsigned long)
                0x02010398                HashSocketList::HashSocketList()
                0x020121d8                GetTcpSocket(TCPPKT*, unsigned long)
                0x02010884                TcpGetRxBufferSpaceUsed(int)
                0x02012a90                socket_struct::DoRawSend()
                0x020108c4                ShowFdTcpSocket(int)
                0x02010b88                socket_struct::ClearPending(int)
                0x02011cf8                ShortSocketList::findsocket(unsigned short, unsigned short, unsigned long) const
                0x0201399c                connect(unsigned long, unsigned short, unsigned short, unsigned long, unsigned long)
                0x02011c10                TcpSendKeepAlive(int)
                0x02010160                getsocketerror(int)
                0x02010380                EnableTcpDebug(unsigned short)
                0x02014f0c                socket_struct::ProcessTimer()
                0x0201296c                socket_struct::SetUpNextRetransmit()
                0x02010390                HashSocketList::HashSocketList()
                0x02013f80                SockReadWithTimeout
                0x02011ba4                GetFreeSocketCount()
                0x02013500                socket_struct::ProcessFIN(TCPPKT*, unsigned short)
                0x02010ea8                FixHeaderAndSendTcp(pool_buffer*, IPPKT*, socket_struct*)
                0x0201033c                setsocketackbuffers(int, unsigned char)
                0x020102b4                socket_struct::CleanUpDeletedListener()
                0x020100a0                FindListenSocket(unsigned short, unsigned long)
                0x02010f90                TcpSendwSum(socket_struct*, unsigned long, pool_buffer*, unsigned short, unsigned char, unsigned long)
                0x02012290                socket_struct::DoCleanup()
                0x0201439c                socket_struct::TestOutofOrder()
                0x020106a8                TcpGetLastRxInterval(int)
                0x0200ff80                GetFirstSeq()
                0x02011b10                FREESOCKET(socket_struct*)
                0x02012468                ShortSocketList::AddSocket(socket_struct*)
                0x0201313c                socket_struct::DoRetransmit(unsigned char)
                0x02010550                ShortSocketList::Init()
                0x02011d9c                ShortSocketList::processTick()
                0x0201416c                _Socket_Private_close
                0x0201262c                accept(int, unsigned long*, unsigned short*, unsigned short)
                0x02010548                ShortSocketList::ShortSocketList()
                0x02010cc4                SetSocketRxBuffers(int, int)
                0x02013894                listen(unsigned long, unsigned short, unsigned char)
                0x020103a0                HashSocketList::Init() const
                0x020103b8                ShortSocketList::GetFreeShort()
                0x02010190                GetSocketRemoteAddr(int)
                0x02012100                HashSocketList::findsocket(unsigned short, unsigned short, unsigned long) const
                0x02010818                WaitForSocketFlush(int, unsigned long)
                0x02010388                DumpTcpPacket(IPPKT*)
                0x02012570                RemoveFromUserCloseList(socket_struct*)
                0x0200ffc4                ValidateTCP(IPPKT*, unsigned short)
                0x02011e4c                ShortSocketList::process(pool_buffer*, TCPPKT*, unsigned long) const
                0x0200ffb0                socket_struct::SetState(int)
                0x02010d4c                socket_struct::processoptions(pool_buffer*, TCPPKT*, IPPKT*)
                0x02012e48                socket_struct::DoClose(int)
                0x020137a8                GetFreeSocket()
                0x020101f0                GetSocketLocalPort(int)
                0x0201204c                HashSocketList::AddSocket(socket_struct*) const
                0x02010500                ShortSocketList::FreeShort(ShortSocket*) const
                0x02010220                socket_struct::CalcRTO(unsigned long)
                0x02011678                socket_struct::OpenWindow()
                0x020117e4                SendTcpSynRst(IPPKT*)
                0x020107c8                TcpAllDataAcked(int)
                0x02012dc8                clrsockoption(int, int)
                0x0201066c                TcpGetSocketState(int)
                0x02010378                DumpTcpDebug()
                0x02010d04                GetSocketLocalAddr(int)
                0x0201474c                socket_struct::process(pool_buffer*, TCPPKT*)
                0x020105c8                RegisterTCPReadNotify
                0x02011214                socket_struct::SendState(unsigned short, pool_buffer*)
 *fill*         0x0201512e        0x2 00
 .text          0x02015130      0x1b4 C:\nburn\lib\NetBurner.a(extraio.o)
                0x02015160                ExpandWrite(int, char const*, int)
                0x02015190                ExpandClose(int)
                0x020151c0                InitExtras()
                0x020151fc                GetExtraFD
                0x02015130                ExpandRead(int, char*, int)
                0x02015278                FreeExtraFd
                0x020152b0                GetExtraData
 .text          0x020152e4      0x30c C:\nburn\lib\NetBurner.a(http.o)
                0x020152e4                StartHTTP
                0x0201541c                HttpMain(void*)
                0x02015328                processHttpRequest(char**, char*, char*, int, HTTP_Request&)
 .text          0x020155f0      0xbee C:\nburn\lib\NetBurner.a(httpinternal.o)
                0x02015628                SetNewPostHandler
                0x02015cc8                BaseDoGet
                0x02015670                SetNewMultiPartHandler
                0x02015a30                SendHTMLHeader
                0x020155f8                append(char*&, char*)
                0x02015688                SetNewMultiPartExtractHandler
                0x02015dfc                HTTP_Request::Respond(int)
                0x02015b64                writesafestring
                0x02015c74                ShowIPOnFd(int, unsigned long)
                0x02015970                SendGifHeader
                0x0201598c                SendTextHeader
                0x020159a8                BaseDoHead
                0x020158d4                NotFoundResponse
                0x0201561c                BaseDoPost
                0x020156a0                SetNewErrorHandler
                0x020156ec                ExtractPostData
                0x02015928                RedirectResponse
                0x02015f30                HTTP_Request::ProcessLine(char*)
                0x02015640                SetNewGetHandler
                0x020155f0                StopHTTP
                0x020156b8                InitHttp()
                0x02015658                SetNewHeadHandler
                0x02015a4c                writeallsafestring
                0x02015db0                SendHTMLHeaderWCookie
                0x02015880                httpstricmp
 *fill*         0x020161de        0x2 00
 .text          0x020161e0      0x910 C:\nburn\lib\NetBurner.a(htmldecomp.o)
                0x02016248                SendHtml(int, char*, int, char const*)
                0x02016520                SendData(HTML_FILE_RECORD*, int, char const*)
                0x020165b8                GetRecordFromName(char*)
                0x020161e0                SendHeader(int, char const*, int)
                0x02016884                SendFullResponse(char*, int)
                0x02016638                SendFileFragment(char*, int, char const*)
                0x0201623c                SendCompressed(int, char*, int)
                0x02016664                SendHeaderResponse(char*, int)
                0x02016220                SendXMLHeader(int)
 .text          0x02016af0      0x69e C:\nburn\lib\NetBurner.a(iosys.o)
                0x02016f2c                SetDataAvail
                0x02016dcc                writeall
                0x02016e2c                RawCheckSelects()
                0x02016ed8                SetHaveError
                0x02016f68                RemoveSelect(PendingSelect*)
                0x02016ef0                SetWriteAvail
                0x02016cbc                ZeroWaitSelect
                0x02016fe8                AddSelect(PendingSelect*)
                0x02016c10                FD_ISSET
                0x02016bb8                ClrDataAvail
                0x02017040                select
                0x02016ba0                ClrWriteAvail
                0x02016ea4                CheckSelects()
                0x02016d70                writestring
                0x02016c80                countbits(fd_set*)
                0x02016af0                FD_OVERLAP(fd_set*, fd_set*)
                0x02016d40                dataavail
                0x02016b2c                FD_ZERO
                0x02016bd0                FD_SET
                0x02016b88                ClrHaveError
                0x02016c5c                countdwbits(unsigned long)
                0x020170e0                ReadWithTimeout
                0x02016b44                FD_CLR
 *fill*         0x0201718e        0x2 00
 .text          0x02017190      0x42a C:\nburn\lib\NetBurner.a(netinterface.o)
                0x020174fc                InitializeNetwork(void (*)(pool_buffer*, EFRAME*, unsigned short), void (*)(pool_buffer*, EFRAME*))
                0x02017220                InterfaceIP(int)
                0x02017314                GetEframe(pool_buffer*)
                0x0201749c                SaveIfConfig(ConfigRecord*, int)
                0x02017190                GetFirstInterface()
                0x020174cc                GetIfConfig(int)
                0x020172d0                InterfaceMAC(int)
                0x020171f4                GetInterFaceBlock(int)
                0x0201724c                InterfaceDNS(int)
                0x02017278                InterfaceMASK(int)
                0x020171b0                GetnextInterface(int)
                0x02017558                TransmitBuffer(pool_buffer*, int)
                0x02017380                DisableMulticast(MACADR, int)
                0x020173e0                RegisterInterface(_InterfaceBlock*)
                0x02017328                EnableMulticast(MACADR, int)
                0x02017468                Removeinterface(int)
                0x020173d8                StopNetworks()
                0x020172a4                InterfaceGate(int)
 *fill*         0x020175ba        0x2 00
 .text          0x020175bc      0x5c8 C:\nburn\lib\NetBurner.a(taskmon.o)
                0x02017ac4                ProcessTaskPacket(UDPPacket&, int)
                0x020175bc                EnableTaskMonitor()
                0x020175d0                BufferDumpTCBState(os_tcb*)
 .text          0x02017b84      0x538 C:\nburn\lib\NetBurner.a(autoupdate.o)
                0x0201800c                ProcessAutoUpdatePacket(UDPPacket&)
                0x02017d40                DoData(UDPPacket&)
                0x02017b84                EnableAutoUpdate
                0x02017b98                DoReboot()
                0x02017bc8                DoExecute(UDPPacket&, int)
                0x02017e30                DoStart(UDPPacket&)
 .text          0x020180bc       0x52 C:\nburn\lib\NetBurner.a(device.o)
                0x020180dc                DeviceInitializeSem
                0x020180bc                DeviceGetQspiSem()
                0x020180cc                DeviceGetI2cSem()
 *fill*         0x0201810e        0x2 00
 .text          0x02018110      0x320 C:\nburn\lib\NetBurner.a(ucosmcfc.o)
                0x020183f8                OSTaskCreate
                0x02018424                TopOfStackKillfunction
                0x020181cc                OSTaskCreatewName
                0x02018110                OSTCBInit
                0x02018428                KillFunctionLink
 .text          0x02018430      0x6d8 C:\nburn\lib\NetBurner.a(system.o)
                0x020184a8                GetUserParameters
                0x02018808                UpdateConfigRecord_Num
                0x0201847c                RawGetConfig
                0x02018430                isvalidcr
                0x020189c4                SetupDialog
                0x02018520                ReadLine
                0x020189b0                UpdateConfigRecord
                0x020186e0                IpQuestion
                0x02018794                SaveUserParameters
                0x020184b8                ShowChange
 .text          0x02018b08      0xbe0 C:\nburn\lib\NetBurner.a(utils.o)
                0x020194f4                fShowMac
                0x02018cf8                FancyDump(unsigned char*, int)
                0x02019584                ShowCounters
                0x02018c40                convertHexAsciiToBinary
                0x02018eb8                ShowData
                0x02018b08                kill
                0x020195ec                fShowCounters
                0x020194b4                fShowIP
                0x02018b18                _fini
                0x02018e24                ShowIP
                0x02018b24                AsciiToIp
                0x02019664                sShowCounters
                0x02019550                DiagMenuPicker(int, unsigned char)
                0x02018e60                ShowMac
                0x02018ba8                convertBinaryToHexAscii
                0x02018ce0                __builtin_delete
                0x02018b10                _exit
 .text          0x020196e8     0x1aaa C:\nburn\lib\MOD5234.a(serial.o)
                0x0201b118                real_SER0_ISR
                0x020196e8                WakeTx(int)
                0x0201a53c                SerialClose
                0x0201a4d0                SendBreak
                0x0201a684                OpenSerial
                0x0201a0dc                GetUartErrorReg
                0x0201a270                fShowSerialData(__sFILE*)
                0x020199b0                fake_SER0_ISR()
                0x02019a98                fake_SER2_ISR()
                0x02019a08                SER1_ISR
                0x02019aec                SerialEnableTxFlow
                0x02019b34                SerialEnableRxFlow
                0x02019780                DoSerIsr(int)
                0x02019f6c                Serial485HalfDupMode
                0x02019a04                fake_SER1_ISR()
                0x02019dc8                SerialEnableHwRxFlow
                0x0201acb0                serread
                0x0201aff8                BasePutChar(int, unsigned char)
                0x0201accc                BaseGetChar(int)
                0x0201b154                real_SER2_ISR
                0x0201aa94                serreadwto
                0x0201aed8                serwriteaddress
                0x02019a58                real_SER1_ISR
                0x0201ad74                serwrite
                0x0201a660                serexternalclose
                0x020199b4                SER0_ISR
                0x02019a9c                SER2_ISR
                0x02019b80                SerialEnableHwTxFlow
 *fill*         0x0201b192        0x2 00
 .text          0x0201b194     0x18ae C:\nburn\lib\MOD5234.a(ethernet.o)
                0x0201bd0c                AddEthernetInterface()
                0x0201b378                StopEnet()
                0x0201b7d4                ResetEnet()
                0x0201bee0                ProcessDuplexStatus()
                0x0201b194                read_eth_addr(MACADR*)
                0x0201bdb4                WarmEnetReset()
                0x0201c894                real_rxenetisr
                0x0201b1c0                fake_rxenetisr()
                0x0201c4fc                DoRX(pool_buffer*, unsigned short)
                0x0201b1c4                rxenetisr
                0x0201b214                fake_txenetisr()
                0x0201beb0                EnablePHY()
                0x0201b3cc                EthMultifunc(MACADR, unsigned char)
                0x0201b268                GetMII(unsigned char, unsigned char)
                0x0201b3e8                ResetEnetPart2()
                0x0201b218                txenetisr
                0x0201b2ec                SetMII(unsigned char, unsigned char, unsigned short)
                0x0201bb48                InitializeEthernet()
                0x0201c304                real_txenetisr
                0x0201b3a8                DisablePHY()
                0x0201be50                ManualEthernetConfig(unsigned char, unsigned char, unsigned char)
                0x0201c1b0                EthTransmitBuffer(pool_buffer*)
                0x0201c6f4                Ether_ProcessTask(void*)
 *fill*         0x0201ca42        0x2 00
 .text          0x0201ca44     0x16e8 C:\nburn\lib\MOD5234.a(etherprint.o)
                0x0201e054                EtherLink()
                0x0201ca44                EtherSpeed100()
                0x0201e048                denet()
                0x0201dce8                ShowFECRegisters()
                0x0201cb1c                ShowMII(unsigned char, unsigned char, char const*, unsigned short)
                0x0201e088                elink()
                0x0201e03c                dEnet()
                0x0201ca64                SwitchMIIPage(unsigned long)
                0x0201ca54                EtherDuplex()
                0x0201ca90                showbinary(unsigned short, unsigned short)
                0x0201cb84                ShowPhyterMII()
 .text          0x0201e12c      0x196 C:\nburn\lib\MOD5234.a(emulticast.o)
                0x0201e210                EthDisableMulticast(MACADR)
                0x0201e16c                EthEnableMulticast(MACADR)
                0x0201e12c                GetMultiCastCRC(MACADR)
 *fill*         0x0201e2c2        0x2 00
 .text          0x0201e2c4        0x0 c:/nburn/gcc-m68k/bin/../lib/gcc/m68k-elf/4.2.1/../../../../m68k-elf/lib/m5208\libstdc++.a(new_opv.o)
 .text          0x0201e2c4        0x0 c:/nburn/gcc-m68k/bin/../lib/gcc/m68k-elf/4.2.1/../../../../m68k-elf/lib/m5208\libstdc++.a(del_op.o)
 .text          0x0201e2c4        0x0 c:/nburn/gcc-m68k/bin/../lib/gcc/m68k-elf/4.2.1/../../../../m68k-elf/lib/m5208\libstdc++.a(eh_personality.o)
 .text          0x0201e2c4        0x0 c:/nburn/gcc-m68k/bin/../lib/gcc/m68k-elf/4.2.1/../../../../m68k-elf/lib/m5208\libstdc++.a(eh_alloc.o)
 .text          0x0201e2c4        0x0 c:/nburn/gcc-m68k/bin/../lib/gcc/m68k-elf/4.2.1/../../../../m68k-elf/lib/m5208\libstdc++.a(new_op.o)
 .text          0x0201e2c4        0x0 c:/nburn/gcc-m68k/bin/../lib/gcc/m68k-elf/4.2.1/../../../../m68k-elf/lib/m5208\libstdc++.a(eh_throw.o)
 .text          0x0201e2c4        0x0 c:/nburn/gcc-m68k/bin/../lib/gcc/m68k-elf/4.2.1/../../../../m68k-elf/lib/m5208\libstdc++.a(new_handler.o)
 .text          0x0201e2c4        0x0 c:/nburn/gcc-m68k/bin/../lib/gcc/m68k-elf/4.2.1/../../../../m68k-elf/lib/m5208\libstdc++.a(eh_globals.o)
 .text          0x0201e2c4        0x0 c:/nburn/gcc-m68k/bin/../lib/gcc/m68k-elf/4.2.1/../../../../m68k-elf/lib/m5208\libstdc++.a(eh_exception.o)
 .text          0x0201e2c4        0x0 c:/nburn/gcc-m68k/bin/../lib/gcc/m68k-elf/4.2.1/../../../../m68k-elf/lib/m5208\libstdc++.a(eh_catch.o)
 .text          0x0201e2c4        0x0 c:/nburn/gcc-m68k/bin/../lib/gcc/m68k-elf/4.2.1/../../../../m68k-elf/lib/m5208\libstdc++.a(eh_terminate.o)
 .text          0x0201e2c4        0x0 c:/nburn/gcc-m68k/bin/../lib/gcc/m68k-elf/4.2.1/../../../../m68k-elf/lib/m5208\libstdc++.a(eh_call.o)
 .text          0x0201e2c4        0x0 c:/nburn/gcc-m68k/bin/../lib/gcc/m68k-elf/4.2.1/../../../../m68k-elf/lib/m5208\libstdc++.a(class_type_info.o)
 .text          0x0201e2c4        0x0 c:/nburn/gcc-m68k/bin/../lib/gcc/m68k-elf/4.2.1/../../../../m68k-elf/lib/m5208\libstdc++.a(eh_term_handler.o)
 .text          0x0201e2c4        0x0 c:/nburn/gcc-m68k/bin/../lib/gcc/m68k-elf/4.2.1/../../../../m68k-elf/lib/m5208\libstdc++.a(eh_unex_handler.o)
 .text          0x0201e2c4        0x0 c:/nburn/gcc-m68k/bin/../lib/gcc/m68k-elf/4.2.1/../../../../m68k-elf/lib/m5208\libstdc++.a(si_class_type_info.o)
 .text          0x0201e2c4        0x0 c:/nburn/gcc-m68k/bin/../lib/gcc/m68k-elf/4.2.1/../../../../m68k-elf/lib/m5208\libstdc++.a(vterminate.o)
 .text          0x0201e2c4     0x4ae6 c:/nburn/gcc-m68k/bin/../lib/gcc/m68k-elf/4.2.1/../../../../m68k-elf/lib/m5208\libstdc++.a(cp-demangle.o)
                0x02022cd2                __cxa_demangle
 *fill*         0x02022daa        0x2 00
 .text          0x02022dac        0x0 c:/nburn/gcc-m68k/bin/../lib/gcc/m68k-elf/4.2.1/../../../../m68k-elf/lib/m5208\libstdc++.a(tinfo.o)
 .text          0x02022dac        0x0 c:/nburn/gcc-m68k/bin/../lib/gcc/m68k-elf/4.2.1/../../../../m68k-elf/lib/m5208\libstdc++.a(eh_type.o)
 .text          0x02022dac      0xba0 c:/nburn/gcc-m68k/bin/../lib/gcc/m68k-elf/4.2.1/m5208\libgcc.a(_double.o)
                0x020238aa                __cmpdf2
                0x02022e0c                __adddf3
                0x02023774                __negdf2
                0x02023484                __divdf3
                0x020237d2                __cmpdf2_internal
                0x020232a8                __muldf3
                0x02022e06                __subdf3
 .text          0x0202394c       0x74 c:/nburn/gcc-m68k/bin/../lib/gcc/m68k-elf/4.2.1/m5208\libgcc.a(_floatex.o)
                0x02023958                $_exception_handler
                0x0202394c                __clear_sticky_bit
 .text          0x020239c0       0x22 c:/nburn/gcc-m68k/bin/../lib/gcc/m68k-elf/4.2.1/m5208\libgcc.a(_ltdf2.o)
                0x020239c0                __ltdf2
 *fill*         0x020239e2        0x2 00
 .text          0x020239e4       0x7a c:/nburn/gcc-m68k/bin/../lib/gcc/m68k-elf/4.2.1/m5208\libgcc.a(_fixunsdfsi.o)
                0x020239e4                __fixunsdfsi
 *fill*         0x02023a5e        0x2 00
 .text          0x02023a60      0x49a c:/nburn/gcc-m68k/bin/../lib/gcc/m68k-elf/4.2.1/m5208\libgcc.a(fpgnulib.o)
                0x02023ee0                __fixsfsi
                0x02023bc8                __floatsidf
                0x02023c9e                __extendsfdf2
                0x02023b56                __floatunsidf
                0x02023e60                __fixdfsi
                0x02023c84                __floatsisf
                0x02023d38                __truncdfsf2
                0x02023a60                __unordsf2
                0x02023c6a                __floatunsisf
                0x02023ac2                __unorddf2
 *fill*         0x02023efa        0x2 00
 .text          0x02023efc     0x1f0e c:/nburn/gcc-m68k/bin/../lib/gcc/m68k-elf/4.2.1/m5208\libgcc.a(unwind-dw2.o)
                0x0202429e                _Unwind_GetIPInfo
                0x02023f82                _Unwind_GetIP
                0x02025c6e                _Unwind_Resume_or_Rethrow
                0x02023fb4                _Unwind_GetRegionStart
                0x02025976                _Unwind_Backtrace
                0x02023f72                _Unwind_GetCFA
                0x02024b6c                __frame_state_for
                0x02025cfc                _Unwind_Resume
                0x02023fe4                _Unwind_DeleteException
                0x02025a92                _Unwind_RaiseException
                0x02023f92                _Unwind_SetIP
                0x02023fd4                _Unwind_GetTextRelBase
                0x0202427a                _Unwind_FindEnclosingFunction
                0x02023fa4                _Unwind_GetLanguageSpecificData
                0x02025d82                _Unwind_ForcedUnwind
                0x02024002                _Unwind_SetGR
                0x02024068                _Unwind_GetGR
                0x02023fc4                _Unwind_GetDataRelBase
 *fill*         0x02025e0a        0x2 00
 .text          0x02025e0c     0x126c c:/nburn/gcc-m68k/bin/../lib/gcc/m68k-elf/4.2.1/m5208\libgcc.a(unwind-dw2-fde.o)
                0x02026f2a                _Unwind_Find_FDE
                0x02026720                __register_frame
                0x020266fe                __register_frame_table
                0x02025e82                __register_frame_info_bases
                0x02026e62                __deregister_frame_info
                0x02026da4                __deregister_frame_info_bases
                0x02025eee                __register_frame_info_table_bases
                0x02026e6c                __deregister_frame
                0x02025f40                __register_frame_info_table
                0x02025ed2                __register_frame_info
 .text          0x02027078       0x22 c:/nburn/gcc-m68k/bin/../lib/gcc/m68k-elf/4.2.1/m5208\libgcc.a(_gedf2.o)
                0x02027078                __gedf2
 *fill*         0x0202709a        0x2 00
 .text          0x0202709c       0x18 c:/nburn/gcc-m68k/bin/../lib/gcc/m68k-elf/4.2.1/../../../../m68k-elf/lib/m5208\libc.a(lib_a-abort.o)
                0x0202709c                abort
 .text          0x020270b4       0x34 c:/nburn/gcc-m68k/bin/../lib/gcc/m68k-elf/4.2.1/../../../../m68k-elf/lib/m5208\libc.a(lib_a-atoi.o)
                0x020270b4                _atoi_r
                0x020270d0                atoi
 .text          0x020270e8       0x64 c:/nburn/gcc-m68k/bin/../lib/gcc/m68k-elf/4.2.1/../../../../m68k-elf/lib/m5208\libc.a(lib_a-bsearch.o)
                0x020270e8                bsearch
 .text          0x0202714c       0x1e c:/nburn/gcc-m68k/bin/../lib/gcc/m68k-elf/4.2.1/../../../../m68k-elf/lib/m5208\libc.a(lib_a-cxa_atexit.o)
                0x0202714c                __cxa_atexit
 *fill*         0x0202716a        0x2 00
 .text          0x0202716c        0xe c:/nburn/gcc-m68k/bin/../lib/gcc/m68k-elf/4.2.1/../../../../m68k-elf/lib/m5208\libc.a(lib_a-errno.o)
                0x0202716c                __errno
 *fill*         0x0202717a        0x2 00
 .text          0x0202717c       0x24 c:/nburn/gcc-m68k/bin/../lib/gcc/m68k-elf/4.2.1/../../../../m68k-elf/lib/m5208\libc.a(lib_a-fiprintf.o)
                0x0202717c                fiprintf
 .text          0x020271a0       0xaa c:/nburn/gcc-m68k/bin/../lib/gcc/m68k-elf/4.2.1/../../../../m68k-elf/lib/m5208\libc.a(lib_a-fputc.o)
                0x020271ee                _fputc_r
                0x020271a0                fputc
 *fill*         0x0202724a        0x2 00
 .text          0x0202724c       0x90 c:/nburn/gcc-m68k/bin/../lib/gcc/m68k-elf/4.2.1/../../../../m68k-elf/lib/m5208\libc.a(lib_a-fputs.o)
                0x0202724c                _fputs_r
                0x020272c2                fputs
 .text          0x020272dc      0x37e c:/nburn/gcc-m68k/bin/../lib/gcc/m68k-elf/4.2.1/../../../../m68k-elf/lib/m5208\libc.a(lib_a-fvwrite.o)
                0x020272dc                __sfvwrite_r
 *fill*         0x0202765a        0x2 00
 .text          0x0202765c       0x9e c:/nburn/gcc-m68k/bin/../lib/gcc/m68k-elf/4.2.1/../../../../m68k-elf/lib/m5208\libc.a(lib_a-fwrite.o)
                0x0202765c                _fwrite_r
                0x020276d8                fwrite
 *fill*         0x020276fa        0x2 00
 .text          0x020276fc        0x0 c:/nburn/gcc-m68k/bin/../lib/gcc/m68k-elf/4.2.1/../../../../m68k-elf/lib/m5208\libc.a(lib_a-impure.o)
 .text          0x020276fc       0x54 c:/nburn/gcc-m68k/bin/../lib/gcc/m68k-elf/4.2.1/../../../../m68k-elf/lib/m5208\libc.a(lib_a-iprintf.o)
                0x020276fc                _iprintf_r
                0x02027726                iprintf
 .text          0x02027750       0x1c c:/nburn/gcc-m68k/bin/../lib/gcc/m68k-elf/4.2.1/../../../../m68k-elf/lib/m5208\libc.a(lib_a-isalpha.o)
                0x02027750                isalpha
 .text          0x0202776c       0x1c c:/nburn/gcc-m68k/bin/../lib/gcc/m68k-elf/4.2.1/../../../../m68k-elf/lib/m5208\libc.a(lib_a-isspace.o)
                0x0202776c                isspace
 .text          0x02027788       0x32 c:/nburn/gcc-m68k/bin/../lib/gcc/m68k-elf/4.2.1/../../../../m68k-elf/lib/m5208\libc.a(lib_a-malloc.o)
                0x020277a2                malloc
                0x02027788                free
 *fill*         0x020277ba        0x2 00
 .text          0x020277bc      0x78c c:/nburn/gcc-m68k/bin/../lib/gcc/m68k-elf/4.2.1/../../../../m68k-elf/lib/m5208\libc.a(lib_a-mallocr.o)
                0x020277bc                _malloc_r
 .text          0x02027f48       0xd2 c:/nburn/gcc-m68k/bin/../lib/gcc/m68k-elf/4.2.1/../../../../m68k-elf/lib/m5208\libc.a(lib_a-memchr.o)
                0x02027f48                memchr
 *fill*         0x0202801a        0x2 00
 .text          0x0202801c       0x72 c:/nburn/gcc-m68k/bin/../lib/gcc/m68k-elf/4.2.1/../../../../m68k-elf/lib/m5208\libc.a(lib_a-memcmp.o)
                0x0202801c                memcmp
 *fill*         0x0202808e        0x2 00
 .text          0x02028090       0xb6 c:/nburn/gcc-m68k/bin/../lib/gcc/m68k-elf/4.2.1/../../../../m68k-elf/lib/m5208\libc.a(lib_a-memmove.o)
                0x02028090                memmove
 *fill*         0x02028146        0x2 00
 .text          0x02028148      0x16a c:/nburn/gcc-m68k/bin/../lib/gcc/m68k-elf/4.2.1/../../../../m68k-elf/lib/m5208\libc.a(lib_a-putc.o)
                0x02028202                _putc_r
                0x02028148                putc
 *fill*         0x020282b2        0x2 00
 .text          0x020282b4       0x8a c:/nburn/gcc-m68k/bin/../lib/gcc/m68k-elf/4.2.1/../../../../m68k-elf/lib/m5208\libc.a(lib_a-puts.o)
                0x020282b4                _puts_r
                0x02028328                puts
 *fill*         0x0202833e        0x2 00
 .text          0x02028340       0x1c c:/nburn/gcc-m68k/bin/../lib/gcc/m68k-elf/4.2.1/../../../../m68k-elf/lib/m5208\libc.a(lib_a-realloc.o)
                0x02028340                realloc
 .text          0x0202835c      0x502 c:/nburn/gcc-m68k/bin/../lib/gcc/m68k-elf/4.2.1/../../../../m68k-elf/lib/m5208\libc.a(lib_a-reallocr.o)
                0x0202835c                _realloc_r
 *fill*         0x0202885e        0x2 00
 .text          0x02028860       0x4e c:/nburn/gcc-m68k/bin/../lib/gcc/m68k-elf/4.2.1/../../../../m68k-elf/lib/m5208\libc.a(lib_a-rget.o)
                0x0202889a                __srget
                0x02028860                __srget_r
 *fill*         0x020288ae        0x2 00
 .text          0x020288b0      0x1ee c:/nburn/gcc-m68k/bin/../lib/gcc/m68k-elf/4.2.1/../../../../m68k-elf/lib/m5208\libc.a(lib_a-setvbuf.o)
                0x020288b0                setvbuf
 *fill*         0x02028a9e        0x2 00
 .text          0x02028aa0      0x270 c:/nburn/gcc-m68k/bin/../lib/gcc/m68k-elf/4.2.1/../../../../m68k-elf/lib/m5208\libc.a(lib_a-signal.o)
                0x02028c94                _signal_r
                0x02028bb4                _raise_r
                0x02028b1a                __sigtramp_r
                0x02028cf8                signal
                0x02028b0a                _init_signal
                0x02028aa0                _init_signal_r
                0x02028b9e                __sigtramp
                0x02028c7e                raise
 .text          0x02028d10       0x42 c:/nburn/gcc-m68k/bin/../lib/gcc/m68k-elf/4.2.1/../../../../m68k-elf/lib/m5208\libc.a(lib_a-signalr.o)
                0x02028d1c                _kill_r
                0x02028d10                _getpid_r
 *fill*         0x02028d52        0x2 00
 .text          0x02028d54       0xba c:/nburn/gcc-m68k/bin/../lib/gcc/m68k-elf/4.2.1/../../../../m68k-elf/lib/m5208\libc.a(lib_a-siprintf.o)
                0x02028db2                _siprintf_r
                0x02028d54                siprintf
 *fill*         0x02028e0e        0x2 00
 .text          0x02028e10      0x14c c:/nburn/gcc-m68k/bin/../lib/gcc/m68k-elf/4.2.1/../../../../m68k-elf/lib/m5208\libc.a(lib_a-snprintf.o)
                0x02028e10                snprintf
                0x02028eb8                _snprintf_r
 .text          0x02028f5c       0x92 c:/nburn/gcc-m68k/bin/../lib/gcc/m68k-elf/4.2.1/../../../../m68k-elf/lib/m5208\libc.a(lib_a-strcasecmp.o)
                0x02028f5c                strcasecmp
 *fill*         0x02028fee        0x2 00
 .text          0x02028ff0       0x7c c:/nburn/gcc-m68k/bin/../lib/gcc/m68k-elf/4.2.1/../../../../m68k-elf/lib/m5208\libc.a(lib_a-strcat.o)
                0x02028ff0                strcat
 .text          0x0202906c       0x70 c:/nburn/gcc-m68k/bin/../lib/gcc/m68k-elf/4.2.1/../../../../m68k-elf/lib/m5208\libc.a(lib_a-strcmp.o)
                0x0202906c                strcmp
 .text          0x020290dc       0x22 c:/nburn/gcc-m68k/bin/../lib/gcc/m68k-elf/4.2.1/../../../../m68k-elf/lib/m5208\libc.a(lib_a-strcpy.o)
                0x020290dc                strcpy
 *fill*         0x020290fe        0x2 00
 .text          0x02029100       0x1a c:/nburn/gcc-m68k/bin/../lib/gcc/m68k-elf/4.2.1/../../../../m68k-elf/lib/m5208\libc.a(lib_a-strlen.o)
                0x02029100                strlen
 *fill*         0x0202911a        0x2 00
 .text          0x0202911c       0xda c:/nburn/gcc-m68k/bin/../lib/gcc/m68k-elf/4.2.1/../../../../m68k-elf/lib/m5208\libc.a(lib_a-strncmp.o)
                0x0202911c                strncmp
 *fill*         0x020291f6        0x2 00
 .text          0x020291f8       0x46 c:/nburn/gcc-m68k/bin/../lib/gcc/m68k-elf/4.2.1/../../../../m68k-elf/lib/m5208\libc.a(lib_a-strstr.o)
                0x020291f8                strstr
 *fill*         0x0202923e        0x2 00
 .text          0x02029240       0x28 c:/nburn/gcc-m68k/bin/../lib/gcc/m68k-elf/4.2.1/../../../../m68k-elf/lib/m5208\libc.a(lib_a-strtok.o)
                0x02029240                strtok
 .text          0x02029268       0xc6 c:/nburn/gcc-m68k/bin/../lib/gcc/m68k-elf/4.2.1/../../../../m68k-elf/lib/m5208\libc.a(lib_a-strtok_r.o)
                0x02029312                strtok_r
                0x02029268                __strtok_r
 *fill*         0x0202932e        0x2 00
 .text          0x02029330      0x18a c:/nburn/gcc-m68k/bin/../lib/gcc/m68k-elf/4.2.1/../../../../m68k-elf/lib/m5208\libc.a(lib_a-strtol.o)
                0x0202949c                strtol
                0x02029330                _strtol_r
 *fill*         0x020294ba        0x2 00
 .text          0x020294bc       0x26 c:/nburn/gcc-m68k/bin/../lib/gcc/m68k-elf/4.2.1/../../../../m68k-elf/lib/m5208\libc.a(lib_a-toupper.o)
                0x020294bc                toupper
 *fill*         0x020294e2        0x2 00
 .text          0x020294e4     0x1280 c:/nburn/gcc-m68k/bin/../lib/gcc/m68k-elf/4.2.1/../../../../m68k-elf/lib/m5208\libc.a(lib_a-vfiprintf.o)
                0x0202a746                vfiprintf
                0x02029528                _vfiprintf_r
 .text          0x0202a764     0x1fac c:/nburn/gcc-m68k/bin/../lib/gcc/m68k-elf/4.2.1/../../../../m68k-elf/lib/m5208\libc.a(lib_a-vfprintf.o)
                0x0202a7a8                _vfprintf_r
                0x0202c6f2                vfprintf
 .text          0x0202c710      0x124 c:/nburn/gcc-m68k/bin/../lib/gcc/m68k-elf/4.2.1/../../../../m68k-elf/lib/m5208\libc.a(lib_a-wbuf.o)
                0x0202c710                __swbuf_r
                0x0202c81a                __swbuf
 .text          0x0202c834       0x7c c:/nburn/gcc-m68k/bin/../lib/gcc/m68k-elf/4.2.1/../../../../m68k-elf/lib/m5208\libc.a(lib_a-wcrtomb.o)
                0x0202c834                _wcrtomb_r
                0x0202c894                wcrtomb
 .text          0x0202c8b0      0x130 c:/nburn/gcc-m68k/bin/../lib/gcc/m68k-elf/4.2.1/../../../../m68k-elf/lib/m5208\libc.a(lib_a-wcsrtombs.o)
                0x0202c8b0                _wcsrtombs_r
                0x0202c9be                wcsrtombs
 .text          0x0202c9e0      0x452 c:/nburn/gcc-m68k/bin/../lib/gcc/m68k-elf/4.2.1/../../../../m68k-elf/lib/m5208\libc.a(lib_a-wctomb_r.o)
                0x0202c9e0                _wctomb_r
 *fill*         0x0202ce32        0x2 00
 .text          0x0202ce34      0x130 c:/nburn/gcc-m68k/bin/../lib/gcc/m68k-elf/4.2.1/../../../../m68k-elf/lib/m5208\libc.a(lib_a-wsetup.o)
                0x0202ce34                __swsetup
 .text          0x0202cf64       0xe8 c:/nburn/gcc-m68k/bin/../lib/gcc/m68k-elf/4.2.1/../../../../m68k-elf/lib/m5208\libc.a(lib_a-__atexit.o)
                0x0202cf64                __register_exitproc
 .text          0x0202d04c        0x0 c:/nburn/gcc-m68k/bin/../lib/gcc/m68k-elf/4.2.1/../../../../m68k-elf/lib/m5208\libc.a(lib_a-ctype_.o)
 .text          0x0202d04c     0x160a c:/nburn/gcc-m68k/bin/../lib/gcc/m68k-elf/4.2.1/../../../../m68k-elf/lib/m5208\libc.a(lib_a-dtoa.o)
                0x0202d1fe                _dtoa_r
 *fill*         0x0202e656        0x2 00
 .text          0x0202e658      0x198 c:/nburn/gcc-m68k/bin/../lib/gcc/m68k-elf/4.2.1/../../../../m68k-elf/lib/m5208\libc.a(lib_a-fflush.o)
                0x0202e658                fflush
 .text          0x0202e7f0      0x25e c:/nburn/gcc-m68k/bin/../lib/gcc/m68k-elf/4.2.1/../../../../m68k-elf/lib/m5208\libc.a(lib_a-findfp.o)
                0x0202e84a                __sinit
                0x0202e902                __sfmoreglue
                0x0202e8f0                _cleanup
                0x0202e8d6                _cleanup_r
                0x0202e970                __sfp
 *fill*         0x0202ea4e        0x2 00
 .text          0x0202ea50      0x422 c:/nburn/gcc-m68k/bin/../lib/gcc/m68k-elf/4.2.1/../../../../m68k-elf/lib/m5208\libc.a(lib_a-freer.o)
                0x0202eb40                _free_r
                0x0202ea50                _malloc_trim_r
 *fill*         0x0202ee72        0x2 00
 .text          0x0202ee74       0xe4 c:/nburn/gcc-m68k/bin/../lib/gcc/m68k-elf/4.2.1/../../../../m68k-elf/lib/m5208\libc.a(lib_a-fwalk.o)
                0x0202ee74                _fwalk
                0x0202eee4                _fwalk_reent
 .text          0x0202ef58       0xa6 c:/nburn/gcc-m68k/bin/../lib/gcc/m68k-elf/4.2.1/../../../../m68k-elf/lib/m5208\libc.a(lib_a-locale.o)
                0x0202ef86                _setlocale_r
                0x0202ef58                __locale_charset
                0x0202ef66                _localeconv_r
                0x0202efe6                setlocale
                0x0202ef74                localeconv
 *fill*         0x0202effe        0x2 00
 .text          0x0202f000      0x178 c:/nburn/gcc-m68k/bin/../lib/gcc/m68k-elf/4.2.1/../../../../m68k-elf/lib/m5208\libc.a(lib_a-makebuf.o)
                0x0202f000                __smakebuf
 .text          0x0202f178      0xc78 c:/nburn/gcc-m68k/bin/../lib/gcc/m68k-elf/4.2.1/../../../../m68k-elf/lib/m5208\libc.a(lib_a-mprec.o)
                0x0202f4cc                _mprec_log10
                0x0202f582                __any_on
                0x0202f628                _Balloc
                0x0202f43a                __ratio
                0x0202fb50                __i2b
                0x0202f34a                __b2d
                0x0202fd18                __s2b
                0x0202f268                __mcmp
                0x0202f178                __hi0bits
                0x0202fc36                __pow5mult
                0x0202f934                __lshift
                0x0202f9e2                __multiply
                0x0202f6de                __d2b
                0x0202f53e                __copybits
                0x0202f2c8                __ulp
                0x0202f7f4                __mdiff
                0x0202f1dc                __lo0bits
                0x0202fb72                __multadd
                0x0202f5ee                _Bfree
 .text          0x0202fdf0      0x21c c:/nburn/gcc-m68k/bin/../lib/gcc/m68k-elf/4.2.1/../../../../m68k-elf/lib/m5208\libc.a(lib_a-refill.o)
                0x0202fe14                __srefill_r
 .text          0x0203000c       0x42 c:/nburn/gcc-m68k/bin/../lib/gcc/m68k-elf/4.2.1/../../../../m68k-elf/lib/m5208\libc.a(lib_a-s_isinfd.o)
                0x0203000c                __isinfd
 *fill*         0x0203004e        0x2 00
 .text          0x02030050       0x34 c:/nburn/gcc-m68k/bin/../lib/gcc/m68k-elf/4.2.1/../../../../m68k-elf/lib/m5208\libc.a(lib_a-s_isnand.o)
                0x02030050                __isnand
 .text          0x02030084      0x162 c:/nburn/gcc-m68k/bin/../lib/gcc/m68k-elf/4.2.1/../../../../m68k-elf/lib/m5208\libc.a(lib_a-stdio.o)
                0x020300a2                __sseek
                0x02030194                __sread
                0x02030084                __sclose
                0x02030104                __swrite
 *fill*         0x020301e6        0x2 00
 .text          0x020301e8       0x3e c:/nburn/gcc-m68k/bin/../lib/gcc/m68k-elf/4.2.1/../../../../m68k-elf/lib/m5208\libc.a(lib_a-writer.o)
                0x020301e8                _write_r
 *fill*         0x02030226        0x2 00
 .text          0x02030228       0x92 c:/nburn/gcc-m68k/bin/../lib/gcc/m68k-elf/4.2.1/../../../../m68k-elf/lib/m5208\libc.a(lib_a-callocr.o)
                0x02030228                _calloc_r
 *fill*         0x020302ba        0x2 00
 .text          0x020302bc       0x32 c:/nburn/gcc-m68k/bin/../lib/gcc/m68k-elf/4.2.1/../../../../m68k-elf/lib/m5208\libc.a(lib_a-closer.o)
                0x020302bc                _close_r
 *fill*         0x020302ee        0x2 00
 .text          0x020302f0       0xfe c:/nburn/gcc-m68k/bin/../lib/gcc/m68k-elf/4.2.1/../../../../m68k-elf/lib/m5208\libc.a(lib_a-fclose.o)
                0x020302f0                _fclose_r
                0x020303d8                fclose
 *fill*         0x020303ee        0x2 00
 .text          0x020303f0       0x36 c:/nburn/gcc-m68k/bin/../lib/gcc/m68k-elf/4.2.1/../../../../m68k-elf/lib/m5208\libc.a(lib_a-fstatr.o)
                0x020303f0                _fstat_r
 *fill*         0x02030426        0x2 00
 .text          0x02030428       0x3e c:/nburn/gcc-m68k/bin/../lib/gcc/m68k-elf/4.2.1/../../../../m68k-elf/lib/m5208\libc.a(lib_a-lseekr.o)
                0x02030428                _lseek_r
 *fill*         0x02030466        0x2 00
 .text          0x02030468       0x3e c:/nburn/gcc-m68k/bin/../lib/gcc/m68k-elf/4.2.1/../../../../m68k-elf/lib/m5208\libc.a(lib_a-readr.o)
                0x02030468                _read_r
 *fill*         0x020304a6        0x2 00
 .text          0x020304a8       0x22 c:/nburn/gcc-m68k/bin/../lib/gcc/m68k-elf/4.2.1/m5208\libgcc.a(_eqdf2.o)
                0x020304a8                __eqdf2
 *fill*         0x020304ca        0x2 00
 .text          0x020304cc       0x22 c:/nburn/gcc-m68k/bin/../lib/gcc/m68k-elf/4.2.1/m5208\libgcc.a(_nedf2.o)
                0x020304cc                __nedf2
 *fill*         0x020304ee        0x2 00
 .text          0x020304f0       0x22 c:/nburn/gcc-m68k/bin/../lib/gcc/m68k-elf/4.2.1/m5208\libgcc.a(_gtdf2.o)
                0x020304f0                __gtdf2
 *fill*         0x02030512        0x2 00
 .text          0x02030514      0x3d4 c:/nburn/gcc-m68k/bin/../lib/gcc/m68k-elf/4.2.1/m5208\libgcc.a(_udivdi3.o)
                0x02030514                __udivdi3
 .text          0x020308e8      0x3ee c:/nburn/gcc-m68k/bin/../lib/gcc/m68k-elf/4.2.1/m5208\libgcc.a(_umoddi3.o)
                0x020308e8                __umoddi3
 *fill*         0x02030cd6        0x2 00
 .text          0x02030cd8       0x32 c:/nburn/gcc-m68k/bin/../lib/gcc/m68k-elf/4.2.1/m5208/crtend.o
                0x02030d10                . = ALIGN (0x10)
 *fill*         0x02030d0a        0x6 00
 *(.text.*)
 .text._Znam    0x02030d10       0x30 c:/nburn/gcc-m68k/bin/../lib/gcc/m68k-elf/4.2.1/../../../../m68k-elf/lib/m5208\libstdc++.a(new_opv.o)
                0x02030d10                operator new[](unsigned long)
 .text._ZdlPv   0x02030d40       0x16 c:/nburn/gcc-m68k/bin/../lib/gcc/m68k-elf/4.2.1/../../../../m68k-elf/lib/m5208\libstdc++.a(del_op.o)
                0x02030d40                operator delete(void*)
 .text._Z12read_uleb128PKhPj
                0x02030d56       0x30 c:/nburn/gcc-m68k/bin/../lib/gcc/m68k-elf/4.2.1/../../../../m68k-elf/lib/m5208\libstdc++.a(eh_personality.o)
 .text._Z12read_sleb128PKhPi
                0x02030d86       0x46 c:/nburn/gcc-m68k/bin/../lib/gcc/m68k-elf/4.2.1/../../../../m68k-elf/lib/m5208\libstdc++.a(eh_personality.o)
 .text._Z16get_adjusted_ptrPKSt9type_infoS1_PPv
                0x02030dcc       0x6a c:/nburn/gcc-m68k/bin/../lib/gcc/m68k-elf/4.2.1/../../../../m68k-elf/lib/m5208\libstdc++.a(eh_personality.o)
 .text._Z28read_encoded_value_with_basehjPKhPj
                0x02030e36      0x12a c:/nburn/gcc-m68k/bin/../lib/gcc/m68k-elf/4.2.1/../../../../m68k-elf/lib/m5208\libstdc++.a(eh_personality.o)
 .text._Z21base_of_encoded_valuehP15_Unwind_Context
                0x02030f60       0x8c c:/nburn/gcc-m68k/bin/../lib/gcc/m68k-elf/4.2.1/../../../../m68k-elf/lib/m5208\libstdc++.a(eh_personality.o)
 .text._Z17parse_lsda_headerP15_Unwind_ContextPKhP16lsda_header_info
                0x02030fec       0xec c:/nburn/gcc-m68k/bin/../lib/gcc/m68k-elf/4.2.1/../../../../m68k-elf/lib/m5208\libstdc++.a(eh_personality.o)
 .text._Z15get_ttype_entryP16lsda_header_infoj
                0x020310d8       0xe2 c:/nburn/gcc-m68k/bin/../lib/gcc/m68k-elf/4.2.1/../../../../m68k-elf/lib/m5208\libstdc++.a(eh_personality.o)
 .text._Z20check_exception_specP16lsda_header_infoPKSt9type_infoPvi
                0x020311ba       0x70 c:/nburn/gcc-m68k/bin/../lib/gcc/m68k-elf/4.2.1/../../../../m68k-elf/lib/m5208\libstdc++.a(eh_personality.o)
 .text.__cxa_call_unexpected
                0x0203122a       0xde c:/nburn/gcc-m68k/bin/../lib/gcc/m68k-elf/4.2.1/../../../../m68k-elf/lib/m5208\libstdc++.a(eh_personality.o)
                0x0203122a                __cxa_call_unexpected
 .text.__gxx_personality_v0
                0x02031308      0x440 c:/nburn/gcc-m68k/bin/../lib/gcc/m68k-elf/4.2.1/../../../../m68k-elf/lib/m5208\libstdc++.a(eh_personality.o)
                0x02031308                __gxx_personality_v0
 .text._Z41__static_initialization_and_destruction_0ii
                0x02031748        0x8 c:/nburn/gcc-m68k/bin/../lib/gcc/m68k-elf/4.2.1/../../../../m68k-elf/lib/m5208\libstdc++.a(eh_alloc.o)
 .text._GLOBAL__I___cxa_allocate_exception
                0x02031750       0x1a c:/nburn/gcc-m68k/bin/../lib/gcc/m68k-elf/4.2.1/../../../../m68k-elf/lib/m5208\libstdc++.a(eh_alloc.o)
 .text.__cxa_allocate_exception
                0x0203176a       0xa4 c:/nburn/gcc-m68k/bin/../lib/gcc/m68k-elf/4.2.1/../../../../m68k-elf/lib/m5208\libstdc++.a(eh_alloc.o)
                0x0203176a                __cxa_allocate_exception
 .text.__cxa_free_exception
                0x0203180e       0x4a c:/nburn/gcc-m68k/bin/../lib/gcc/m68k-elf/4.2.1/../../../../m68k-elf/lib/m5208\libstdc++.a(eh_alloc.o)
                0x0203180e                __cxa_free_exception
 .text._Znwm    0x02031858       0x80 c:/nburn/gcc-m68k/bin/../lib/gcc/m68k-elf/4.2.1/../../../../m68k-elf/lib/m5208\libstdc++.a(new_op.o)
                0x02031858                operator new(unsigned long)
 .text.__cxa_rethrow
                0x020318d8       0x7c c:/nburn/gcc-m68k/bin/../lib/gcc/m68k-elf/4.2.1/../../../../m68k-elf/lib/m5208\libstdc++.a(eh_throw.o)
                0x020318d8                __cxa_rethrow
 .text.__cxa_throw
                0x02031954       0x6c c:/nburn/gcc-m68k/bin/../lib/gcc/m68k-elf/4.2.1/../../../../m68k-elf/lib/m5208\libstdc++.a(eh_throw.o)
                0x02031954                __cxa_throw
 .text._Z23__gxx_exception_cleanup19_Unwind_Reason_CodeP17_Unwind_Exception
                0x020319c0       0x62 c:/nburn/gcc-m68k/bin/../lib/gcc/m68k-elf/4.2.1/../../../../m68k-elf/lib/m5208\libstdc++.a(eh_throw.o)
 .text._ZSt15set_new_handlerPFvvE
                0x02031a22       0x18 c:/nburn/gcc-m68k/bin/../lib/gcc/m68k-elf/4.2.1/../../../../m68k-elf/lib/m5208\libstdc++.a(new_handler.o)
                0x02031a22                std::set_new_handler(void (*)())
 .text._ZNKSt9bad_alloc4whatEv
                0x02031a3a        0xe c:/nburn/gcc-m68k/bin/../lib/gcc/m68k-elf/4.2.1/../../../../m68k-elf/lib/m5208\libstdc++.a(new_handler.o)
                0x02031a3a                std::bad_alloc::what() const
 .text._ZNSt9bad_allocD0Ev
                0x02031a48       0x2a c:/nburn/gcc-m68k/bin/../lib/gcc/m68k-elf/4.2.1/../../../../m68k-elf/lib/m5208\libstdc++.a(new_handler.o)
                0x02031a48                std::bad_alloc::~bad_alloc()
 .text._ZNSt9bad_allocD1Ev
                0x02031a72       0x16 c:/nburn/gcc-m68k/bin/../lib/gcc/m68k-elf/4.2.1/../../../../m68k-elf/lib/m5208\libstdc++.a(new_handler.o)
                0x02031a72                std::bad_alloc::~bad_alloc()
 .text._ZNSt9bad_allocD2Ev
                0x02031a88       0x16 c:/nburn/gcc-m68k/bin/../lib/gcc/m68k-elf/4.2.1/../../../../m68k-elf/lib/m5208\libstdc++.a(new_handler.o)
                0x02031a88                std::bad_alloc::~bad_alloc()
 .text.__cxa_get_globals_fast
                0x02031a9e        0xe c:/nburn/gcc-m68k/bin/../lib/gcc/m68k-elf/4.2.1/../../../../m68k-elf/lib/m5208\libstdc++.a(eh_globals.o)
                0x02031a9e                __cxa_get_globals_fast
 .text.__cxa_get_globals
                0x02031aac        0xe c:/nburn/gcc-m68k/bin/../lib/gcc/m68k-elf/4.2.1/../../../../m68k-elf/lib/m5208\libstdc++.a(eh_globals.o)
                0x02031aac                __cxa_get_globals
 .text._ZNKSt9exception4whatEv
                0x02031aba        0xe c:/nburn/gcc-m68k/bin/../lib/gcc/m68k-elf/4.2.1/../../../../m68k-elf/lib/m5208\libstdc++.a(eh_exception.o)
                0x02031aba                std::exception::what() const
 .text._ZNKSt13bad_exception4whatEv
                0x02031ac8        0xe c:/nburn/gcc-m68k/bin/../lib/gcc/m68k-elf/4.2.1/../../../../m68k-elf/lib/m5208\libstdc++.a(eh_exception.o)
                0x02031ac8                std::bad_exception::what() const
 .text._ZNSt9exceptionD0Ev
                0x02031ad6       0x16 c:/nburn/gcc-m68k/bin/../lib/gcc/m68k-elf/4.2.1/../../../../m68k-elf/lib/m5208\libstdc++.a(eh_exception.o)
                0x02031ad6                std::exception::~exception()
 .text._ZNSt9exceptionD1Ev
                0x02031aec       0x12 c:/nburn/gcc-m68k/bin/../lib/gcc/m68k-elf/4.2.1/../../../../m68k-elf/lib/m5208\libstdc++.a(eh_exception.o)
                0x02031aec                std::exception::~exception()
 .text._ZNSt9exceptionD2Ev
                0x02031afe       0x12 c:/nburn/gcc-m68k/bin/../lib/gcc/m68k-elf/4.2.1/../../../../m68k-elf/lib/m5208\libstdc++.a(eh_exception.o)
                0x02031afe                std::exception::~exception()
 .text._ZNSt13bad_exceptionD0Ev
                0x02031b10       0x2a c:/nburn/gcc-m68k/bin/../lib/gcc/m68k-elf/4.2.1/../../../../m68k-elf/lib/m5208\libstdc++.a(eh_exception.o)
                0x02031b10                std::bad_exception::~bad_exception()
 .text._ZNSt13bad_exceptionD1Ev
                0x02031b3a       0x16 c:/nburn/gcc-m68k/bin/../lib/gcc/m68k-elf/4.2.1/../../../../m68k-elf/lib/m5208\libstdc++.a(eh_exception.o)
                0x02031b3a                std::bad_exception::~bad_exception()
 .text._ZNSt13bad_exceptionD2Ev
                0x02031b50       0x16 c:/nburn/gcc-m68k/bin/../lib/gcc/m68k-elf/4.2.1/../../../../m68k-elf/lib/m5208\libstdc++.a(eh_exception.o)
                0x02031b50                std::bad_exception::~bad_exception()
 .text.__cxa_get_exception_ptr
                0x02031b66       0x10 c:/nburn/gcc-m68k/bin/../lib/gcc/m68k-elf/4.2.1/../../../../m68k-elf/lib/m5208\libstdc++.a(eh_catch.o)
                0x02031b66                __cxa_get_exception_ptr
 .text._ZSt18uncaught_exceptionv