Archive member included because of file (symbol)

C:\nburn\lib\MOD5234.a(bsp.o)
                              lab5.o (SetIntc)
C:\nburn\lib\MOD5234.a(etpu_sm.o)
                              stepper.o (fs_etpu_sm_get_cp)
C:\nburn\lib\MOD5234.a(etpu_util.o)
                              C:\nburn\lib\MOD5234.a(etpu_sm.o) (fs_etpu_set_hsr)
C:\nburn\lib\MOD5234.a(pins.o)
                              lcd.o (PinIO::function(int))
C:\nburn\lib\MOD5234.a(ioboard.o)
                              lab5.o (getdipsw)
C:\nburn\lib\MOD5234.a(ETPUinit.o)
                              C:\nburn\lib\MOD5234.a(etpu_sm.o) (eTPU)
C:\nburn\lib\MOD5234.a(ETPU.o)
                              C:\nburn\lib\MOD5234.a(ETPUinit.o) (eTPURecordInit())
C:\nburn\lib\MOD5234.a(etpu_gpio.o)
                              C:\nburn\lib\MOD5234.a(ETPU.o) (fs_etpu_gpio_output)
C:\nburn\lib\MOD5234.a(etpu_uart.o)
                              C:\nburn\lib\MOD5234.a(ETPU.o) (fs_etpu_uart_read_receive_data)
C:\nburn\lib\NetBurner.a(ucosmcfa.o)
                              C:\nburn\lib\MOD5234.a(bsp.o) (OSCtxSw)
C:\nburn\lib\NetBurner.a(ucos.o)
                              lab5.o (OSIntNesting)
C:\nburn\lib\NetBurner.a(ucosmain.o)
                              C:\nburn\lib\NetBurner.a(ucos.o) (OSTCBTbl)
C:\nburn\lib\NetBurner.a(fileio.o)
                              C:\nburn\lib\NetBurner.a(ucosmain.o) (ioctl)
C:\nburn\lib\NetBurner.a(main.o)
                              c:/nburn/gcc-m68k/bin/../lib/gcc/m68k-elf/4.2.1/../../../../m68k-elf/lib/m5208\nb-crt0.o (main)
C:\nburn\lib\NetBurner.a(ip.o)
                              lab5.o (InitializeStack(unsigned long, unsigned long, unsigned long, unsigned long))
C:\nburn\lib\NetBurner.a(buffers.o)
                              C:\nburn\lib\NetBurner.a(ip.o) (FreeBuffer)
C:\nburn\lib\NetBurner.a(arp.o)
                              C:\nburn\lib\NetBurner.a(ip.o) (wArpLifetime)
C:\nburn\lib\NetBurner.a(udp.o)
                              C:\nburn\lib\NetBurner.a(ip.o) (process_udp(pool_buffer*, IPPKT*, unsigned short))
C:\nburn\lib\NetBurner.a(tcp.o)
                              C:\nburn\lib\NetBurner.a(ip.o) (DumpTcpPacket(IPPKT*))
C:\nburn\lib\NetBurner.a(extraio.o)
                              C:\nburn\lib\MOD5234.a(ETPU.o) (GetExtraFD)
C:\nburn\lib\NetBurner.a(http.o)
                              lab5.o (StartHTTP)
C:\nburn\lib\NetBurner.a(httpinternal.o)
                              formcode.o (SetNewPostHandler)
C:\nburn\lib\NetBurner.a(htmldecomp.o)
                              C:\nburn\lib\NetBurner.a(httpinternal.o) (SendHeaderResponse(char*, int))
C:\nburn\lib\NetBurner.a(iosys.o)
                              C:\nburn\lib\NetBurner.a(tcp.o) (FD_ZERO)
C:\nburn\lib\NetBurner.a(netinterface.o)
                              C:\nburn\lib\NetBurner.a(arp.o) (GetFirstInterface())
C:\nburn\lib\NetBurner.a(taskmon.o)
                              lab5.o (EnableTaskMonitor())
C:\nburn\lib\NetBurner.a(autoupdate.o)
                              lab5.o (EnableAutoUpdate)
C:\nburn\lib\NetBurner.a(device.o)
                              C:\nburn\lib\NetBurner.a(main.o) (DeviceInitializeSem)
C:\nburn\lib\NetBurner.a(ucosmcfc.o)
                              C:\nburn\lib\NetBurner.a(ucos.o) (OSTaskCreatewName)
C:\nburn\lib\NetBurner.a(system.o)
                              C:\nburn\lib\NetBurner.a(udp.o) (isvalidcr)
C:\nburn\lib\NetBurner.a(utils.o)
                              C:\nburn\lib\NetBurner.a(system.o) (AsciiToIp)
C:\nburn\lib\MOD5234.a(serial.o)
                              C:\nburn\lib\NetBurner.a(fileio.o) (SerialClose)
C:\nburn\lib\MOD5234.a(ethernet.o)
                              C:\nburn\lib\NetBurner.a(netinterface.o) (AddEthernetInterface())
C:\nburn\lib\MOD5234.a(etherprint.o)
                              C:\nburn\lib\MOD5234.a(ethernet.o) (EtherLink())
C:\nburn\lib\MOD5234.a(emulticast.o)
                              C:\nburn\lib\MOD5234.a(ethernet.o) (EthEnableMulticast(MACADR))
c:/nburn/gcc-m68k/bin/../lib/gcc/m68k-elf/4.2.1/../../../../m68k-elf/lib/m5208\libstdc++.a(new_opv.o)
                              stepper.o (operator new[](unsigned long))
c:/nburn/gcc-m68k/bin/../lib/gcc/m68k-elf/4.2.1/../../../../m68k-elf/lib/m5208\libstdc++.a(del_op.o)
                              stepper.o (operator delete(void*))
c:/nburn/gcc-m68k/bin/../lib/gcc/m68k-elf/4.2.1/../../../../m68k-elf/lib/m5208\libstdc++.a(eh_personality.o)
                              c:/nburn/gcc-m68k/bin/../lib/gcc/m68k-elf/4.2.1/../../../../m68k-elf/lib/m5208\libstdc++.a(new_opv.o) (__cxa_call_unexpected)
c:/nburn/gcc-m68k/bin/../lib/gcc/m68k-elf/4.2.1/../../../../m68k-elf/lib/m5208\libstdc++.a(eh_alloc.o)
                              c:/nburn/gcc-m68k/bin/../lib/gcc/m68k-elf/4.2.1/../../../../m68k-elf/lib/m5208\libstdc++.a(eh_personality.o) (__cxa_allocate_exception)
c:/nburn/gcc-m68k/bin/../lib/gcc/m68k-elf/4.2.1/../../../../m68k-elf/lib/m5208\libstdc++.a(new_op.o)
[...]
Memory Configuration

Name             Origin             Length             Attributes
ram              0x02000000         0x00800000         xrw
SRAM             0x20000400         0x0000fc00         xrw
*default*        0x00000000         0xffffffff

Linker script and memory map

LOAD c:/nburn/gcc-m68k/bin/../lib/gcc/m68k-elf/4.2.1/../../../../m68k-elf/lib/m5208\nb-crt0.o
LOAD c:/nburn/gcc-m68k/bin/../lib/gcc/m68k-elf/4.2.1/m5208/crtbegin.o
LOAD stepper.o
LOAD lcd.o
LOAD lab5.o
LOAD keypad.o
LOAD formdata.o
LOAD formcode.o
LOAD error_wrapper.o
LOAD htmldata.o
LOAD C:\nburn\MOD5234\lib\sys.ld
                0x20000000                vector_base = 0x20000000
                0x20010000                SRAM_END_ADDR = 0x20010000
                0x40000000                sim = 0x40000000
                0xffc04000                gConfigRec = 0xffc04000
                0xffc06000                UserParamBase = 0xffc06000
                0xffc00008                _RESET_ADDR = 0xffc00008
                0xffc08000                FlashAppBase = 0xffc08000
START GROUP
LOAD C:\nburn\lib\MOD5234.a
LOAD C:\nburn\lib\NetBurner.a
LOAD C:\nburn\lib\FatFile.a
LOAD C:\nburn\lib\rtl8711Library.a
LOAD C:\nburn\lib\debugLibrary.a
END GROUP
LOAD c:/nburn/gcc-m68k/bin/../lib/gcc/m68k-elf/4.2.1/../../../../m68k-elf/lib/m5208\libstdc++.a
LOAD c:/nburn/gcc-m68k/bin/../lib/gcc/m68k-elf/4.2.1/../../../../m68k-elf/lib/m5208\libm.a
LOAD c:/nburn/gcc-m68k/bin/../lib/gcc/m68k-elf/4.2.1/m5208\libgcc.a
LOAD c:/nburn/gcc-m68k/bin/../lib/gcc/m68k-elf/4.2.1/../../../../m68k-elf/lib/m5208\libc.a
LOAD c:/nburn/gcc-m68k/bin/../lib/gcc/m68k-elf/4.2.1/m5208\libgcc.a
LOAD c:/nburn/gcc-m68k/bin/../lib/gcc/m68k-elf/4.2.1/m5208/crtend.o
START GROUP
LOAD c:/nburn/gcc-m68k/bin/../lib/gcc/m68k-elf/4.2.1/../../../../m68k-elf/lib/m5208\libc.a
LOAD c:/nburn/gcc-m68k/bin/../lib/gcc/m68k-elf/4.2.1/m5208\libgcc.a
LOAD c:/nburn/gcc-m68k/bin/../lib/gcc/m68k-elf/4.2.1/../../../../m68k-elf/lib/m5208\libm.a
END GROUP
                0x00000000                __DYNAMIC = 0x0
                0x02800000                PROVIDE (__stack, 0x2800000)
                0x00000000                PROVIDE (hardware_init_hook, 0x0)
                0x00000000                PROVIDE (_hardware_init_hook, 0x0)
                0x00000000                PROVIDE (software_init_hook, 0x0)
                0x00000000                PROVIDE (_software_init_hook, 0x0)

.SRAM_SECT      0x20000400     0x8620
                0x20000400                SRAM_START = .
 *(SYS_VAR_SECT)
 SYS_VAR_SECT   0x20000400      0x238 C:\nburn\lib\NetBurner.a(ucos.o)
                0x2000052c                TimeTick
                0x2000051c                OSLockNesting
                0x20000526                OSRunning
                0x20000508                OSTCBList
                0x20000530                OSMapTbl
                0x20000528                Secs
                0x20000514                OSTCBFreeList
                0x20000527                OSShowTasksOnLeds
                0x20000524                OSISRLevel
                0x20000510                OSTCBHighRdy
                0x20000520                OSRdyGrp
                0x20000538                OSUnMapTbl
                0x20000500                OSRdyTbl
                0x20000518                OSIntNesting
                0x2000050c                OSTCBCur
                0x20000400                OSTCBPrioTbl
 SYS_VAR_SECT   0x20000638      0x1a8 C:\nburn\lib\NetBurner.a(ucosmain.o)
                0x2000064c                critical_count
                0x20000650                OSTCBTbl
 SYS_VAR_SECT   0x200007e0       0x1c C:\nburn\lib\NetBurner.a(fileio.o)
                0x200007f8                pExtraFdFunc
 SYS_VAR_SECT   0x200007fc       0x20 C:\nburn\lib\NetBurner.a(iosys.o)
                0x200007fc                read_file_sets
                0x2000080c                error_file_sets
                0x20000804                write_file_sets
                0x2000081c                SYS_VAR_SECT_END = .
                0x20000820                . = ALIGN (0x10)
 *fill*         0x2000081c        0x4 00
 *(IDLE_STK_SECT)
                0x20000820                IDLE_STK_SECT_END = .
                0x20000820                . = ALIGN (0x10)
 *(MAIN_STK_SECT)
 MAIN_STK_SECT  0x20000820     0x2000 C:\nburn\lib\NetBurner.a(main.o)
                0x20000820                MainStk
                0x20002820                MAIN_STK_SECT_END = .
                0x20002820                . = ALIGN (0x4)
 *(ETHER_VAR_SECT)
 ETHER_VAR_SECT
                0x20002820      0x110 C:\nburn\lib\MOD5234.a(ethernet.o)
                0x200028f6                TxcPosts
                0x200028fa                TxcSems
                0x20002820                EthernetMac
                0x200028ee                LastIsrStatus
                0x20002850                RxBD
                0x200028e0                TxBDFlag
                0x200028fe                RxIsr
                0x2000290c                PHY_addr
                0x200028f2                RxPosts
                0x2000290e                PHY_ID
                0x20002906                bEthLink
                0x200028d4                RxBDFlag
                0x200028ea                last_rxbd
                0x200028a0                RxBDpp
                0x20002908                phy_data_pd
                0x20002826                nTx
                0x20002902                TxIsr
                0x200028c8                TxBDpp
                0x20002830                TxBD
                0x20002930                ETHER_VAR_SECT_END = .
                0x20002930                . = ALIGN (0x10)
 *(ETHER_STK_SECT)
 ETHER_STK_SECT
                0x20002930     0x2000 C:\nburn\lib\MOD5234.a(ethernet.o)
                0x20002930                EtherSendStk
                0x20004930                ETHER_STK_SECT_END = .
                0x20004930                . = ALIGN (0x4)
 *(IP_VAR_SECT)
 IP_VAR_SECT    0x20004930       0x36 C:\nburn\lib\NetBurner.a(ip.o)
                0x20004932                bTTL_Default
                0x2000495e                next_arp_time
                0x20004934                ipRxFifo
                0x20004946                IcmpFifo
                0x20004930                wGlobalPktId
                0x20004952                pPromisciousPacketFunc
                0x2000495a                pFragFunc
                0x20004956                pMultiCastFunc
                0x20004962                delay
                0x2000494e                pMultiTick
                0x2000494a                pDHCPTick
 IP_VAR_SECT    0x20004966       0x74 C:\nburn\lib\NetBurner.a(udp.o)
                0x200049d6                UdpNetbiosNameServicePtr
                0x20004966                udp_fifos
                0x200049ce                pDHCPProcessFunction
                0x200049d2                pTaskPacketFunc
                0x200049ca                UDP_fifos_used
                0x200049da                IP_VAR_SECT_END = .
                0x200049e0                . = ALIGN (0x10)
 *fill*         0x200049da        0x6 00
 *(IP_STK_SECT)
 IP_STK_SECT    0x200049e0     0x2000 C:\nburn\lib\NetBurner.a(ip.o)
                0x200049e0                IPStk
                0x200069e0                IP_STK_SECT_END = .
                0x200069e0                . = ALIGN (0x4)
 *(TCP_VAR_SECT)
 TCP_VAR_SECT   0x200069e0       0x1e C:\nburn\lib\NetBurner.a(tcp.o)
                0x200069f0                TCP_TimerSemaphore
                0x200069e0                TCP_critical_section
                0x200069fe                TCP_VAR_SECT_END = .
                0x20006a00                . = ALIGN (0x10)
 *fill*         0x200069fe        0x2 00
 *(TCP_STK_SECT)
 TCP_STK_SECT   0x20006a00     0x2000 C:\nburn\lib\NetBurner.a(tcp.o)
                0x20006a00                TCPStk
                0x20008a00                TCP_STK_SECT_END = .
                0x20008a00                . = ALIGN (0x10)
 *(HTTP_STK_SECT)
                0x20008a00                HTTP_STK_SECT_END = .
                0x20008a00                . = ALIGN (0x10)
 *(FTP_STK_SECT)
                0x20008a00                FTP_STK_SECT_END = .
                0x20008a00                . = ALIGN (0x10)
 *(WIFI_STK_SECT)
                0x20008a00                WIFI_STK_SECT_END = .
                0x20008a00                . = ALIGN (0x10)
 *(PPP_STK_SECT)
                0x20008a00                PPP_STK_SECT_END = .
                0x20008a00                . = ALIGN (0x10)
 *(COMMAND_STK_SECT)
                0x20008a00                COMMAND_STK_SECT_END = .
                0x20008a00                . = ALIGN (0x4)
 *(USER_VAR_SECT)
                0x20008a00                USER_VAR_SECT_END = .
                0x20008a00                . = ALIGN (0x10)
 *(USER_STK_SECT)
                0x20008a00                USER_STK_SECT_END = .
                0x20008a00                BUFFERS_SECT_START = .
                0x20008a00                . = ALIGN (0x10)
 *(BUFFERS_VAR_SECT)
 BUFFERS_VAR_SECT
                0x20008a00       0x1c C:\nburn\lib\NetBurner.a(buffers.o)
                0x20008a00                FAST_BUFFER_POOL_SIZE
                0x20008a0e                free_fast_list
                0x20008a18                free_list_is_initialized
                0x20008a04                free_list
                0x20008a20                . = ALIGN (0x10)
 *fill*         0x20008a1c        0x4 00
                0x20008a20                BUFFERS_VAR_SECT_END = .
                0x20008a20                . = ALIGN (0x10)
                0x20008a20                SRAM_END = .

.text           0x02000000    0x38470
 *(.text)
 .text          0x02000000       0xaa c:/nburn/gcc-m68k/bin/../lib/gcc/m68k-elf/4.2.1/../../../../m68k-elf/lib/m5208\nb-crt0.o
                0x02000000                start
 *fill*         0x020000aa        0x2 00
 .text          0x020000ac       0x9c c:/nburn/gcc-m68k/bin/../lib/gcc/m68k-elf/4.2.1/m5208/crtbegin.o
 .text          0x02000148      0x77c stepper.o
                0x02000494                Stepper::SetStartPeriod(unsigned int)
                0x02000318                Stepper::GetStartPeriod()
                0x02000388                Stepper::Step(int)
                0x020005fc                Stepper::SetSlewPeriodUsingRPM(unsigned int)
                0x0200026c                Stepper::ConvertRPMToPeriodTicks(unsigned int)
                0x0200036c                Stepper::GetCurrentPosition()
                0x02000350                Stepper::GetDesiredPosition()
                0x02000334                Stepper::GetSlewPeriod()
                0x0200062c                Stepper::Init(int, unsigned long, unsigned long)
                0x02000188                Stepper::build_table(unsigned long, unsigned long)
                0x02000168                Stepper::Stepper(int, int)
                0x0200029c                Stepper::Stop()
                0x02000400                Stepper::NewAccelTable()
                0x02000148                Stepper::Stepper(int, int)
                0x02000560                Stepper::SetSlewPeriod(unsigned int)
                0x02000530                Stepper::SetStartPeriodUsingRPM(unsigned int)
 .text          0x020008c4      0xe4e lcd.o
                0x020008dc                Lcd::Lcd()
                0x02001294                Lcd::move(unsigned char, unsigned char)
                0x02000cd4                Lcd::Clear(unsigned char)
                0x0200092c                Lcd::enable_lower()
                0x02000904                Lcd::set_rs_line(unsigned char)
                0x020008c4                Lcd::Lcd()
                0x02001688                Lcd::PrintChar(unsigned char, char)
                0x020013f0                Lcd::print_char(unsigned char, char)
                0x02000b30                Lcd::send_cmd(unsigned char, unsigned char)
                0x020008f4                Lcd::ShiftDisplayRight(unsigned char)
                0x020015ec                Lcd::PrintString(unsigned char, char const*)
                0x02000bb4                Lcd::Home(unsigned char)
                0x02001364                Lcd::MoveCursor(unsigned char, unsigned char)
                0x02000970                Lcd::enable_upper()
                0x020009b4                Lcd::set_data_lines(unsigned char)
                0x02000aac                Lcd::send_data(unsigned char, unsigned char)
                0x02000e28                Lcd::Init(unsigned char)
                0x020008fc                Lcd::ShiftDisplayLeft(unsigned char)
 *fill*         0x02001712        0x2 00
 .text          0x02001714      0x65e lab5.o
                0x020019c4                ValidateMinRPMImage
                0x02001974                ValidateMaxRPMImage
                0x02001884                DisplayMotorMode
                0x02001a78                UserMain
                0x02001714                fake_out_irq_pin_isr()
                0x02001924                ValidateRotationImage
                0x02001a14                DisplayLameCounter
                0x02001718                out_irq_pin_isr
                0x020018d4                ValidateDirectionImage
                0x0200184c                real_out_irq_pin_isr
                0x020017f4                IRQIntInit
 *fill*         0x02001d72        0x2 00
 .text          0x02001d74      0x254 keypad.o
                0x02001da4                Keypad::GetLastButtonString()
                0x02001df8                Keypad::Init()
                0x02001d84                Keypad::Keypad()
                0x02001f7c                Keypad::GetNewButtonString()
                0x02001d74                Keypad::Keypad()
                0x02001d94                Keypad::GetLastButtonNumber()
                0x02001ee4                Keypad::read_data()
                0x02001fac                Keypad::GetNewButtonNumber()
                0x02001dc8                Keypad::ButtonPressed()
 .text          0x02001fc8      0xa9a formdata.o
                0x02002a3c                FormData::~FormData()
                0x0200295c                FormData::SetMaxRPM(char*)
                0x020023f0                FormData::GetDirection()
                0x02002270                FormData::IsRotationsValid()
                0x02002390                FormData::GetMode()
                0x02002330                FormData::IsMinRPMValid()
                0x020027cc                FormData::SetRotations(char*)
                0x0200209c                FormData::setStop(bool)
                0x0200266c                FormData::SetDirection(char*)
                0x02002a50                FormData::~FormData()
                0x02002620                FormData::Init(unsigned char)
                0x02002a24                FormData::~FormData()
                0x020024ac                FormData::GetSteps()
                0x02002168                FormData::ShouldMove()
                0x02002210                FormData::IsDirectionValid()
                0x02001fec                FormData::FormData()
                0x02002894                FormData::SetMinRPM(char*)
                0x02002568                FormData::GetMinRPM()
                0x02002108                FormData::getStop()
                0x02002508                FormData::SetSteps(int)
                0x020025c4                FormData::GetMaxRPM()
                0x02002010                FormData::checkNumericString(char*)
                0x02002450                FormData::GetRotations()
                0x020022d0                FormData::IsMaxRPMValid()
                0x02001fc8                FormData::FormData()
 *fill*         0x02002a62        0x2 00
 .text          0x02002a64      0x518 formcode.o
                0x02002a78                CheckExtractResult(char*, int, char*, char*, char*)
                0x02002a64                RegisterPost()
                0x02002ae4                MyDoPost(int, char*, char*, char*)
 .text          0x02002f7c      0x226 error_wrapper.o
                0x02002f7c                display_error(char const*, unsigned char)
 *fill*         0x020031a2        0x2 00
 .text          0x020031a4       0x52 htmldata.o
                0x020031ec                DoHtmlVariable(int, unsigned short)
                0x020031a4                DoHtmlFunction(int, char const*, unsigned short)
 *fill*         0x020031f6        0x2 00
 .text          0x020031f8      0x60c C:\nburn\lib\MOD5234.a(bsp.o)
                0x020035fc                _sbrk_r
                0x02003764                HardwareSetup
                0x02003580                DisableCache
                0x020036fc                spaceleft
                0x02003654                LocalInByte
                0x02003748                ForceReboot
                0x02003424                FlashProgram
                0x020031fc                Tick5234
                0x02003734                BspGetTickFraction
                0x020031f8                xTick
                0x02003394                FlashErase
                0x02003688                LocalOutByte
                0x02003648                atexit
                0x020032ec                GetPreciseTime
                0x020035a4                EnableCache
                0x02003214                SetIntc
                0x020036d8                LocalCharAvail
 .text          0x02003804      0x4ee C:\nburn\lib\MOD5234.a(etpu_sm.o)
                0x02003914                fs_etpu_sm_disable
                0x020038b8                fs_etpu_sm_set_sp
                0x02003804                fs_etpu_sm_get_flags
                0x020038dc                fs_etpu_sm_set_dp
                0x02003894                fs_etpu_sm_set_st
                0x0200385c                fs_etpu_sm_get_st
                0x02003af4                fs_etpu_sm_init
                0x0200398c                fs_etpu_sm_enable
                0x02003a80                fs_etpu_sm_table
                0x02003840                fs_etpu_sm_get_dp
                0x02003878                fs_etpu_sm_get_sp
                0x02003824                fs_etpu_sm_get_cp
 *fill*         0x02003cf2        0x2 00
 .text          0x02003cf4      0x75a C:\nburn\lib\MOD5234.a(etpu_util.o)
                0x02004284                fs_etpu_get_global_24
                0x02003fd4                fs_etpu_set_chan_local_32
                0x02003e74                fs_timer_start
                0x020041e4                fs_etpu_set_global_32
                0x02004174                fs_etpu_get_chan_local_16
                0x02003e90                fs_etpu_malloc
                0x02004088                fs_etpu_set_chan_local_8
                0x02003cf4                fs_etpu_data_ram
                0x0200421c                fs_etpu_set_global_16
                0x02004254                fs_etpu_get_global32
                0x020040c4                fs_etpu_get_chan_local_32
                0x02004134                fs_etpu_get_chan_local_24
                0x020041ac                fs_etpu_get_chan_local_8
                0x020040fc                fs_etpu_get_chan_local_24s
                0x02003f64                fs_etpu_malloc2
                0x02004200                fs_etpu_set_global_24
                0x02003ec4                fs_etpu_chan_init
                0x02004238                fs_etpu_set_global_8
                0x02003e24                fs_etpu_dma_enable
                0x02003d4c                fs_etpu_get_hsr
                0x0200426c                fs_etpu_get_global_24s
                0x02003dfc                fs_etpu_interrupt_disable
                0x020042b8                fs_etpu_get_global_8
                0x020042d0                fs_memset32
                0x0200404c                fs_etpu_set_chan_local_16
                0x020042f4                fs_memcpy32
                0x02003dac                fs_etpu_disable
                0x02003dd4                fs_etpu_interrupt_enable
                0x02004010                fs_etpu_set_chan_local_24
                0x02003d24                fs_etpu_set_hsr
                0x02004328                fs_etpu_init
                0x020042a0                fs_etpu_get_global_16
                0x02003d74                fs_etpu_enable
                0x02003e4c                fs_etpu_dma_disable
 *fill*         0x0200444e        0x2 00
 .text          0x02004450     0x1cf2 C:\nburn\lib\MOD5234.a(pins.o)
                0x020054c0                PinIO::set(unsigned char)
                0x02004450                PinIO::function(int)
                0x02005094                PinIO::drive()
                0x020060e0                CReadPin
                0x02004a2c                PinIO::read()
                0x02006104                CGPInPin
 *fill*         0x02006142        0x2 00
 .text          0x02006144      0x5ec C:\nburn\lib\MOD5234.a(ioboard.o)
                0x0200652c                putleds
                0x02006198                putdisp
                0x020061f0                ModDev70Detect()
                0x020062a4                getdipsw
                0x02006144                InitChipBoardSelect()
 .text          0x02006730      0x126 C:\nburn\lib\MOD5234.a(ETPUinit.o)
                0x020067ac                MOD5234_etpu_init
                0x0200681c                eTPUInit
                0x02006730                MOD5234_etpu_start
 *fill*         0x02006856        0x2 00
 .text          0x02006858     0x1a20 C:\nburn\lib\MOD5234.a(ETPU.o)
                0x02006bb4                fake_ETPU_CH8()
                0x02006db8                real_ETPU_CH12
                0x02006c74                real_ETPU_CH9
                0x02006a74                ETPU_CH5
                0x02006cfc                ETPU_CH11
                0x02006a70                fake_ETPU_CH5()
                0x0200699c                ETPU_CH3
                0x02007e20                eTPUFunctionUARTRX
                0x02007710                eTPUInitFIFO
                0x02006e40                ETPU_CH14
                0x02006e24                real_ETPU_CH13
                0x02007348                eTPUReadUART
                0x020075d8                eTPUDoISR(int)
                0x02006c20                fake_ETPU_CH9()
                0x020078c4                ETPU_UART_FD_CLOSE(int)
                0x02006c08                real_ETPU_CH8
                0x02006ce0                real_ETPU_CH10
                0x02007004                eTPURecordInit()
                0x02006998                fake_ETPU_CH3()
                0x02007964                eTPUInterruptEnable
                0x02006b9c                real_ETPU_CH7
                0x020068ac                real_ETPU_CH0
                0x02007750                eTPUDriveGPIO
                0x02007468                eTPUgetCharUART
                0x02006e3c                fake_ETPU_CH14()
                0x020080f4                eTPUFDUartOpen
                0x02006dd0                fake_ETPU_CH13()
                0x02006adc                fake_ETPU_CH6()
                0x02006b48                fake_ETPU_CH7()
                0x02006b4c                ETPU_CH7
                0x02006f14                fs_timer_stop
                0x02007548                ETPU_UART_FD_WRITE(int, char const*, int)
                0x0200791c                eTPUFunctionGPIO
                0x02006d4c                real_ETPU_CH11
                0x02006f98                eTPUEventClear
                0x02006980                real_ETPU_CH2
                0x02006ea8                fake_ETPU_CH15()
                0x02006a04                fake_ETPU_CH4()
                0x02006a58                real_ETPU_CH4
                0x02006a08                ETPU_CH4
                0x02006858                fake_ETPU_CH0()
                0x02006d68                ETPU_CH12
                0x02006efc                real_ETPU_CH15
                0x0200685c                ETPU_CH0
                0x02006e90                real_ETPU_CH14
                0x02007f94                eTPUFunctionUARTTX
                0x02006c90                ETPU_CH10
                0x0200692c                fake_ETPU_CH2()
                0x0200788c                eTPUCloseChannel
                0x02006ac4                real_ETPU_CH5
                0x02007314                eTPUCharAvailUART
                0x02006c24                ETPU_CH9
                0x020073d8                ETPU_UART_FD_READ(int, char*, int)
                0x02006eac                ETPU_CH15
                0x02006cf8                fake_ETPU_CH11()
                0x020077a0                eTPUSetGPIO
                0x02006ae0                ETPU_CH6
                0x02006dd4                ETPU_CH13
                0x02006930                ETPU_CH2
                0x020068c0                fake_ETPU_CH1()
                0x02006914                real_ETPU_CH1
                0x02006f30                eTPUInterruptDisable
                0x020068c4                ETPU_CH1
                0x02006fb8                eTPUEventPoll
                0x020069ec                real_ETPU_CH3
                0x02007244                eTPUChanInit(int)
                0x02006b30                real_ETPU_CH6
                0x02006bb8                ETPU_CH8
                0x02006d64                fake_ETPU_CH12()
                0x02006c8c                fake_ETPU_CH10()
                0x02007488                eTPUWriteUART
                0x020077f4                eTPUInputGPIO
 .text          0x02008278      0x26e C:\nburn\lib\MOD5234.a(etpu_gpio.o)
                0x020083b8                fs_etpu_gpio_pin_history
                0x02008278                fs_etpu_gpio_output_high
                0x02008478                fs_etpu_gpio_init
                0x020083dc                fs_etpu_gpio_cfg_input_periodic
                0x02008394                fs_etpu_gpio_input_immed
                0x02008318                fs_etpu_gpio_cfg_input_trans
                0x020082c0                fs_etpu_gpio_output
                0x0200829c                fs_etpu_gpio_output_low
 *fill*         0x020084e6        0x2 00
 .text          0x020084e8      0x310 C:\nburn\lib\MOD5234.a(etpu_uart.o)
                0x02008520                fs_etpu_uart_write_transmit_data
                0x020084e8                fs_etpu_uart_read_receive_data
                0x02008548                fs_etpu_uart_init
 *fill*         0x020087f8        0x8 00
 .text          0x02008800      0x44a C:\nburn\lib\NetBurner.a(ucosmcfa.o)
                0x020088e0                OSDebugTraceHalt
                0x02008800                OSStartHighRdy
                0x020088f0                TrapOutByte
                0x02008920                memcpy
                0x02008920                fmemcpy
                0x02008820                OSCtxSw
                0x02008910                TrapCharAvail
                0x02008850                OSIntCtxSw
                0x02008900                TrapInByte
                0x02008880                OSTickISR
                0x020089f0                memcpysum
                0x020088c0                OSSetupVBR
                0x02008c20                GetSR_IntLevel
                0x02008b80                memset
                0x02008b80                fmemset
                0x02008c30                SetSR_IntLevel
 *fill*         0x02008c4a        0x2 00
 .text          0x02008c4c     0x1e5c C:\nburn\lib\NetBurner.a(ucos.o)
                0x02009104                OSCritEnterNoWait
                0x020092de                UCOSWAITS_HERE
                0x020095fc                OSFifoPostFirst
                0x02009344                OSCritLeave
                0x020090b0                getpid
                0x02008dd4                OSLock
                0x02009a50                OSQPostFirst
                0x02009178                OSTaskID
                0x02008f98                OSQPendNoWait
                0x02009190                OSSetName
                0x020091b8                OSIntExit
                0x02008e5c                OSSemPendNoWait
                0x0200a598                OSTaskDelete
                0x0200a7b4                OSUnlock
                0x020090c8                OSCritInit
                0x02009bf0                OSQPost
                0x0200945c                OSCritEnter
                0x020098bc                OSFifoPend
                0x0200a3f8                OSSemPend
                0x02008e9c                OSMboxInit
                0x02009f70                OSMboxPost
                0x02009014                OSFifoInit
                0x02009d88                OSQPend
                0x02009254                OSSched
                0x0200a7e8                OSTimeDly
                0x0200a26c                OSSemPost
                0x0200a6b0                OSChangePrio
                0x02008da4                OSTCBGetFree
                0x02008c4c                OSIntEnterWAS
                0x02008ee4                OSMboxPendNoWait
                0x0200975c                OSFifoPost
                0x02008dfc                OSSemInit
                0x0200a8b0                OSStart
                0x02008c94                OSTimeTick
                0x02008f24                OSQInit
                0x020091a4                OSTaskName
                0x02009060                OSFifoPendNoWait
                0x0200a0d8                OSMboxPend
                0x0200a92c                OSInit
                0x02008c74                OSChangeTaskDly
 .text          0x0200aaa8      0x16c C:\nburn\lib\NetBurner.a(ucosmain.o)
                0x0200ab84                __malloc_unlock
                0x0200aaa8                UCosBegin
                0x0200aba4                balloc_lock
                0x0200abe4                UCosSetup
                0x0200ab68                balloc_unlock
                0x0200abc4                __malloc_lock
 .text          0x0200ac14      0x5f8 C:\nburn\lib\NetBurner.a(fileio.o)
                0x0200ada4                ioctl
                0x0200ac14                isatty
                0x0200acfc                CurrentStdioFD
                0x0200ad74                lseek
                0x0200ac4c                ReplaceStdio
                0x0200ae10                write
                0x0200ac30                fstat
                0x0200af40                rawwrite
                0x0200b14c                stdioinbyte
                0x0200afc4                read
                0x0200ad2c                outbyte
                0x0200ad8c                open
                0x0200ad44                charavail
                0x0200ad20                fcntl
                0x0200b1c4                close
 .text          0x0200b20c       0xb6 C:\nburn\lib\NetBurner.a(main.o)
                0x0200b244                main
                0x0200b20c                __do_global_ctors
 *fill*         0x0200b2c2        0x2 00
 .text          0x0200b2c4     0x186a C:\nburn\lib\NetBurner.a(ip.o)
                0x0200b714                FixUpICMP(IPPKT*, unsigned char, unsigned char, unsigned char*, unsigned short)
                0x0200b484                IsMultiCast(unsigned long)
                0x0200bfc0                FixHeaderAndSend(pool_buffer*, IPPKT*)
                0x0200b9bc                DoIPPacket(pool_buffer*, EFRAME*, unsigned short)
                0x0200b380                GetSum20
                0x0200c2a8                PingViaInterface
                0x0200b95c                SaveError(pool_buffer*)
                0x0200bcd4                process_icmp(pool_buffer*, IPPKT*, unsigned short)
                0x0200b5c0                IpProcessEthernetPacket
                0x0200bb88                FixHeaderAndSendViaInterface(pool_buffer*, IPPKT*, int)
                0x0200c3ec                ShowIPBuffer(pool_buffer*)
                0x0200c114                SendICMPError(pool_buffer*, unsigned char, unsigned char)
                0x0200b82c                InitializeStack(unsigned long, unsigned long, unsigned long, unsigned long)
                0x0200b4d4                GetData(IPPKT*)
                0x0200b950                InitializeCStack
                0x0200c3b8                Ping
                0x0200b2c4                GetSum
                0x0200b9a0                IsMyIp
                0x0200b7d0                IsBroadCast(unsigned long, int)
                0x0200b77c                KillStack
                0x0200b500                PrepareIPOutput(pool_buffer*, unsigned long, unsigned short)
                0x0200b4a4                GetMultiAddress(unsigned long)
                0x0200c1e4                SendPing
                0x0200b3b8                GetSumHdr
                0x0200b788                IsLocal(unsigned long, int)
                0x0200bdf0                IPTask(void*)
 *fill*         0x0200cb2e        0x2 00
 .text          0x0200cb30      0xec8 C:\nburn\lib\NetBurner.a(buffers.o)
                0x0200cff0                fifo_buffer_storage::Full()
                0x0200d0e0                ShowBuffer
                0x0200d3c4                fifo_buffer_storage::Reset(unsigned char)
                0x0200cc14                InitBuffers
                0x0200cd40                buffer_list::InsertBefore(pool_buffer*, pool_buffer*)
                0x0200cf18                GetBuffer
                0x0200d0c0                fifo_buffer_storage::fifo_buffer_storage(unsigned char, unsigned char)
                0x0200cfd8                fifo_buffer_storage::Empty()
                0x0200d83c                fifo_buffer_storage::ReadDatawSum(unsigned char*, int, unsigned long&)
                0x0200cfc4                fifo_buffer_storage::SpaceUsed()
                0x0200cb30                ShowBuffers()
                0x0200cb5c                buffer_list::InsertHead(pool_buffer*)
                0x0200d20c                GetFreeCount
                0x0200cb40                IncUsageCount
                0x0200d0a0                fifo_buffer_storage::fifo_buffer_storage(unsigned char, unsigned char)
                0x0200ccdc                buffer_list::InsertTail(pool_buffer*)
                0x0200d484                fifo_buffer_storage::~fifo_buffer_storage()
                0x0200d574                fifo_buffer_storage::SetMaxBuffers(unsigned char)
                0x0200d284                fifo_buffer_storage::ReadData(unsigned char*, int)
                0x0200d038                fifo_buffer_storage::Init(unsigned char, unsigned char)
                0x0200cb38                DumpBuffers()
                0x0200ceb0                buffer_list::RemoveHead()
                0x0200ce28                buffer_list::Remove(pool_buffer*)
                0x0200cf64                buffer_list::RemoveTail()
                0x0200d498                fifo_buffer_storage::LongSpaceAvail()
                0x0200d604                fifo_buffer_storage::WriteData(unsigned char*, int)
                0x0200cbcc                FreeBuffer
                0x0200cdb4                buffer_list::InsertAfter(pool_buffer*, pool_buffer*)
                0x0200d550                fifo_buffer_storage::SpaceAvail()
                0x0200d470                fifo_buffer_storage::~fifo_buffer_storage()
 .text          0x0200d9f8     0x17f0 C:\nburn\lib\NetBurner.a(arp.o)
                0x0200e714                FindAddArp(unsigned long)
                0x0200db4c                sendGratuitousArp(int)
                0x0200da20                MacEqual(MACADR, MACADR)
                0x0200dd54                InitializeArp()
                0x0200ddfc                FindArp(unsigned long)
                0x0200e058                SendArp(ArpRecord*, int)
                0x0200dd08                GetInterface(unsigned long)
                0x0200f004                AddCheckArp(MACADR*, unsigned long, int)
                0x0200da80                SetMac(ArpRecord*, MACADR, int)
                0x0200e550                DeleteArpFromIp(unsigned long)
                0x0200df00                GetArpMacFromIp(unsigned long, MACADR&)
                0x0200eb50                RouteOutVia(EFRAME*, unsigned long, pool_buffer*, int)
                0x0200dfb4                GetProperInterface(unsigned long)
                0x0200e664                FreeOneArp()
                0x0200f090                processArp(pool_buffer*, EFRAME*)
                0x0200db10                NeedsArp(int)
                0x0200e188                GetNextArp(ArpRecord*)
                0x0200dc1c                RawSendArp(ArpRecord*, unsigned long, int)
                0x0200e570                AgeArp()
                0x0200ed5c                RouteOut(EFRAME*, unsigned long, pool_buffer*)
                0x0200e250                ShowArp()
                0x0200e390                DeleteArp(ArpRecord*)
                0x0200e1f8                GetFirstArp()
                0x0200e0c4                GetSrcIp
                0x0200e9b0                IsMyAddressUsedArpDetect(unsigned short, int)
                0x0200da18                Cleanup()
                0x0200d9f8                IsNull(ArpRecord*)
                0x0200e2e4                fShowArp(__sFILE*)
                0x0200df58                AddPending(MACADR*, unsigned long, int)
 .text          0x0200f1e8     0x12f8 C:\nburn\lib\NetBurner.a(udp.o)
                0x0200fa20                UDPPacket::Send(unsigned long, unsigned char)
                0x0200f330                UDPPacket::SetDestinationPort(unsigned short)
                0x0200f3f4                UDPPacket::GetPacketId()
                0x0200f440                UDPPacket::GetSourceAddress()
                0x02010160                UDPPacket::UDPPacket()
                0x0200f7f0                UDPPacket::AddDataByte(unsigned char)
                0x0200fb38                UDPPacket::SendAndKeep(unsigned long, unsigned char)
                0x0200f744                UDPPacket::AddData(unsigned char*, unsigned short)
                0x0200f464                RegisterUDPFifo(unsigned short, os_fifo*)
                0x0200f838                UDPPacket::AddData(char const*)
                0x0200f25c                UDPPacket::UDPPacket(pool_buffer*)
                0x0200f8f8                UDPPacket::SendViaInterface(unsigned long, int, unsigned char)
                0x0200f3dc                UDPPacket::GetIpPacket()
                0x0200fba8                UDPPacket::~UDPPacket()
                0x0200f1e8                GetUdpFifoRec(unsigned short)
                0x0200f36c                UDPPacket::GetDataBuffer()
                0x0200f52c                RegisterUDPFifoWithNotify(unsigned short, os_fifo*, void (*)(os_fifo*, unsigned short))
                0x0200f2a8                UDPPacket::UDPPacket(pool_buffer*)
                0x0200f3a0                UDPPacket::GetDataSize() const
                0x0200fc14                ProcessIDPacket(UDPPacket&, int)
                0x0200f814                UDPPacket::AddDataWord(unsigned short)
                0x020101a4                process_udp(pool_buffer*, IPPKT*, unsigned short)
                0x0200f868                UDPPacket::Validate()
                0x0200f34c                UDPPacket::GetDestinationPort() const
                0x0200f5f4                UnregisterUDPFifo(unsigned short)
                0x02010420                UDPPacket::UDPPacket(os_fifo*, unsigned long)
                0x0200f380                UDPPacket::SetDataSize(unsigned short)
                0x0200f3c8                UDPPacket::ResetData()
                0x0200fb80                UDPPacket::~UDPPacket()
                0x02010480                UDPPacket::UDPPacket(os_fifo*, unsigned long)
                0x0200f2f4                UDPPacket::SetSourcePort(unsigned short)
                0x0200f310                UDPPacket::GetSourcePort() const
                0x0200f6bc                FixIDDataPacket(UDPPacket&, int)
                0x0200fbd0                UDPPacket::UDPPacket()
                0x0200f41c                UDPPacket::GetDestinationAddress()
 .text          0x020104e0     0x51ae C:\nburn\lib\NetBurner.a(tcp.o)
                0x02011c30                SendTcpRst(IPPKT*)
                0x02010aec                GetTcpState(int)
                0x02010b20                GetTcpDState
                0x02011e74                InitTCP()
                0x020146b0                _Socket_Private_read
                0x02010aa0                ShortSocketList::ShortSocketList()
                0x02010b54                SetOutOfOrderbuffers(int, unsigned char)
                0x02010720                GetSocketRemotePort(int)
                0x02011390                socket_struct::MyAdvertisedWindow()
                0x020111e4                SetSocketTxBuffers(int, int)
                0x02010834                setsockoption(int, int)
                0x020116e4                TcpSend(socket_struct*, unsigned long, pool_buffer*, unsigned short, unsigned char)
                0x02015560                TCPTimerTask(void*)
                0x02015360                process_tcp(pool_buffer*, IPPKT*, unsigned short)
                0x02012dc0                socket_struct::ProcessRST()
                0x02010b98                TcpGetLastRxTime(int)
                0x02013bd4                abortsocket
                0x02014aec                socket_struct::ProcessDataSegment(TCPPKT*, unsigned short, unsigned char*, pool_buffer*&)
                0x020124f4                HashSocketList::RemoveSocket(socket_struct*) const
                0x020142b8                _Socket_Private_write
                0x0201086c                getsockoption(int)
                0x020137b4                socket_struct::ProcessAck(TCPPKT*)
                0x0201480c                socket_struct::SaveData(unsigned char*, unsigned short, unsigned char)
                0x020121e4                GetTcpRtxCount(int)
                0x02010644                fixoverlap(unsigned long, unsigned long, unsigned long&, unsigned long&)
                0x02011164                socket_struct::SetTimer(unsigned long)
                0x02014290                connect(unsigned long, unsigned short, unsigned short, unsigned long)
                0x020108f8                HashSocketList::HashSocketList()
                0x02012738                GetTcpSocket(TCPPKT*, unsigned long)
                0x02010de4                TcpGetRxBufferSpaceUsed(int)
                0x02012ff0                socket_struct::DoRawSend()
                0x02010e24                ShowFdTcpSocket(int)
                0x020110e8                socket_struct::ClearPending(int)
                0x02012258                ShortSocketList::findsocket(unsigned short, unsigned short, unsigned long) const
                0x02013efc                connect(unsigned long, unsigned short, unsigned short, unsigned long, unsigned long)
                0x02012170                TcpSendKeepAlive(int)
                0x020106c0                getsocketerror(int)
                0x020108e0                EnableTcpDebug(unsigned short)
                0x0201546c                socket_struct::ProcessTimer()
                0x02012ecc                socket_struct::SetUpNextRetransmit()
                0x020108f0                HashSocketList::HashSocketList()
                0x020144e0                SockReadWithTimeout
                0x02012104                GetFreeSocketCount()
                0x02013a60                socket_struct::ProcessFIN(TCPPKT*, unsigned short)
                0x02011408                FixHeaderAndSendTcp(pool_buffer*, IPPKT*, socket_struct*)
                0x0201089c                setsocketackbuffers(int, unsigned char)
                0x02010814                socket_struct::CleanUpDeletedListener()
                0x02010600                FindListenSocket(unsigned short, unsigned long)
                0x020114f0                TcpSendwSum(socket_struct*, unsigned long, pool_buffer*, unsigned short, unsigned char, unsigned long)
                0x020127f0                socket_struct::DoCleanup()
                0x020148fc                socket_struct::TestOutofOrder()
                0x02010c08                TcpGetLastRxInterval(int)
                0x020104e0                GetFirstSeq()
                0x02012070                FREESOCKET(socket_struct*)
                0x020129c8                ShortSocketList::AddSocket(socket_struct*)
                0x0201369c                socket_struct::DoRetransmit(unsigned char)
                0x02010ab0                ShortSocketList::Init()
                0x020122fc                ShortSocketList::processTick()
                0x020146cc                _Socket_Private_close
                0x02012b8c                accept(int, unsigned long*, unsigned short*, unsigned short)
                0x02010aa8                ShortSocketList::ShortSocketList()
                0x02011224                SetSocketRxBuffers(int, int)
                0x02013df4                listen(unsigned long, unsigned short, unsigned char)
                0x02010900                HashSocketList::Init() const
                0x02010918                ShortSocketList::GetFreeShort()
                0x020106f0                GetSocketRemoteAddr(int)
                0x02012660                HashSocketList::findsocket(unsigned short, unsigned short, unsigned long) const
                0x02010d78                WaitForSocketFlush(int, unsigned long)
                0x020108e8                DumpTcpPacket(IPPKT*)
                0x02012ad0                RemoveFromUserCloseList(socket_struct*)
                0x02010524                ValidateTCP(IPPKT*, unsigned short)
                0x020123ac                ShortSocketList::process(pool_buffer*, TCPPKT*, unsigned long) const
                0x02010510                socket_struct::SetState(int)
                0x020112ac                socket_struct::processoptions(pool_buffer*, TCPPKT*, IPPKT*)
                0x020133a8                socket_struct::DoClose(int)
                0x02013d08                GetFreeSocket()
                0x02010750                GetSocketLocalPort(int)
                0x020125ac                HashSocketList::AddSocket(socket_struct*) const
                0x02010a60                ShortSocketList::FreeShort(ShortSocket*) const
                0x02010780                socket_struct::CalcRTO(unsigned long)
                0x02011bd8                socket_struct::OpenWindow()
                0x02011d44                SendTcpSynRst(IPPKT*)
                0x02010d28                TcpAllDataAcked(int)
                0x02013328                clrsockoption(int, int)
                0x02010bcc                TcpGetSocketState(int)
                0x020108d8                DumpTcpDebug()
                0x02011264                GetSocketLocalAddr(int)
                0x02014cac                socket_struct::process(pool_buffer*, TCPPKT*)
                0x02010b28                RegisterTCPReadNotify
                0x02011774                socket_struct::SendState(unsigned short, pool_buffer*)
 *fill*         0x0201568e        0x2 00
 .text          0x02015690      0x1b4 C:\nburn\lib\NetBurner.a(extraio.o)
                0x020156c0                ExpandWrite(int, char const*, int)
                0x020156f0                ExpandClose(int)
                0x02015720                InitExtras()
                0x0201575c                GetExtraFD
                0x02015690                ExpandRead(int, char*, int)
                0x020157d8                FreeExtraFd
                0x02015810                GetExtraData
 .text          0x02015844      0x30c C:\nburn\lib\NetBurner.a(http.o)
                0x02015844                StartHTTP
                0x0201597c                HttpMain(void*)
                0x02015888                processHttpRequest(char**, char*, char*, int, HTTP_Request&)
 .text          0x02015b50      0xbee C:\nburn\lib\NetBurner.a(httpinternal.o)
                0x02015b88                SetNewPostHandler
                0x02016228                BaseDoGet
                0x02015bd0                SetNewMultiPartHandler
                0x02015f90                SendHTMLHeader
                0x02015b58                append(char*&, char*)
                0x02015be8                SetNewMultiPartExtractHandler
                0x0201635c                HTTP_Request::Respond(int)
                0x020160c4                writesafestring
                0x020161d4                ShowIPOnFd(int, unsigned long)
                0x02015ed0                SendGifHeader
                0x02015eec                SendTextHeader
                0x02015f08                BaseDoHead
                0x02015e34                NotFoundResponse
                0x02015b7c                BaseDoPost
                0x02015c00                SetNewErrorHandler
                0x02015c4c                ExtractPostData
                0x02015e88                RedirectResponse
                0x02016490                HTTP_Request::ProcessLine(char*)
                0x02015ba0                SetNewGetHandler
                0x02015b50                StopHTTP
                0x02015c18                InitHttp()
                0x02015bb8                SetNewHeadHandler
                0x02015fac                writeallsafestring
                0x02016310                SendHTMLHeaderWCookie
                0x02015de0                httpstricmp
 *fill*         0x0201673e        0x2 00
 .text          0x02016740      0x910 C:\nburn\lib\NetBurner.a(htmldecomp.o)
                0x020167a8                SendHtml(int, char*, int, char const*)
                0x02016a80                SendData(HTML_FILE_RECORD*, int, char const*)
                0x02016b18                GetRecordFromName(char*)
                0x02016740                SendHeader(int, char const*, int)
                0x02016de4                SendFullResponse(char*, int)
                0x02016b98                SendFileFragment(char*, int, char const*)
                0x0201679c                SendCompressed(int, char*, int)
                0x02016bc4                SendHeaderResponse(char*, int)
                0x02016780                SendXMLHeader(int)
 .text          0x02017050      0x69e C:\nburn\lib\NetBurner.a(iosys.o)
                0x0201748c                SetDataAvail
                0x0201732c                writeall
                0x0201738c                RawCheckSelects()
                0x02017438                SetHaveError
                0x020174c8                RemoveSelect(PendingSelect*)
                0x02017450                SetWriteAvail
                0x0201721c                ZeroWaitSelect
                0x02017548                AddSelect(PendingSelect*)
                0x02017170                FD_ISSET
                0x02017118                ClrDataAvail
                0x020175a0                select
                0x02017100                ClrWriteAvail
                0x02017404                CheckSelects()
                0x020172d0                writestring
                0x020171e0                countbits(fd_set*)
                0x02017050                FD_OVERLAP(fd_set*, fd_set*)
                0x020172a0                dataavail
                0x0201708c                FD_ZERO
                0x02017130                FD_SET
                0x020170e8                ClrHaveError
                0x020171bc                countdwbits(unsigned long)
                0x02017640                ReadWithTimeout
                0x020170a4                FD_CLR
 *fill*         0x020176ee        0x2 00
 .text          0x020176f0      0x42a C:\nburn\lib\NetBurner.a(netinterface.o)
                0x02017a5c                InitializeNetwork(void (*)(pool_buffer*, EFRAME*, unsigned short), void (*)(pool_buffer*, EFRAME*))
                0x02017780                InterfaceIP(int)
                0x02017874                GetEframe(pool_buffer*)
                0x020179fc                SaveIfConfig(ConfigRecord*, int)
                0x020176f0                GetFirstInterface()
                0x02017a2c                GetIfConfig(int)
                0x02017830                InterfaceMAC(int)
                0x02017754                GetInterFaceBlock(int)
                0x020177ac                InterfaceDNS(int)
                0x020177d8                InterfaceMASK(int)
                0x02017710                GetnextInterface(int)
                0x02017ab8                TransmitBuffer(pool_buffer*, int)
                0x020178e0                DisableMulticast(MACADR, int)
                0x02017940                RegisterInterface(_InterfaceBlock*)
                0x02017888                EnableMulticast(MACADR, int)
                0x020179c8                Removeinterface(int)
                0x02017938                StopNetworks()
                0x02017804                InterfaceGate(int)
 *fill*         0x02017b1a        0x2 00
 .text          0x02017b1c      0x5c8 C:\nburn\lib\NetBurner.a(taskmon.o)
                0x02018024                ProcessTaskPacket(UDPPacket&, int)
                0x02017b1c                EnableTaskMonitor()
                0x02017b30                BufferDumpTCBState(os_tcb*)
 .text          0x020180e4      0x538 C:\nburn\lib\NetBurner.a(autoupdate.o)
                0x0201856c                ProcessAutoUpdatePacket(UDPPacket&)
                0x020182a0                DoData(UDPPacket&)
                0x020180e4                EnableAutoUpdate
                0x020180f8                DoReboot()
                0x02018128                DoExecute(UDPPacket&, int)
                0x02018390                DoStart(UDPPacket&)
 .text          0x0201861c       0x52 C:\nburn\lib\NetBurner.a(device.o)
                0x0201863c                DeviceInitializeSem
                0x0201861c                DeviceGetQspiSem()
                0x0201862c                DeviceGetI2cSem()
 *fill*         0x0201866e        0x2 00
 .text          0x02018670      0x320 C:\nburn\lib\NetBurner.a(ucosmcfc.o)
                0x02018958                OSTaskCreate
                0x02018984                TopOfStackKillfunction
                0x0201872c                OSTaskCreatewName
                0x02018670                OSTCBInit
                0x02018988                KillFunctionLink
 .text          0x02018990      0x6d8 C:\nburn\lib\NetBurner.a(system.o)
                0x02018a08                GetUserParameters
                0x02018d68                UpdateConfigRecord_Num
                0x020189dc                RawGetConfig
                0x02018990                isvalidcr
                0x02018f24                SetupDialog
                0x02018a80                ReadLine
                0x02018f10                UpdateConfigRecord
                0x02018c40                IpQuestion
                0x02018cf4                SaveUserParameters
                0x02018a18                ShowChange
 .text          0x02019068      0xbe0 C:\nburn\lib\NetBurner.a(utils.o)
                0x02019a54                fShowMac
                0x02019258                FancyDump(unsigned char*, int)
                0x02019ae4                ShowCounters
                0x020191a0                convertHexAsciiToBinary
                0x02019418                ShowData
                0x02019068                kill
                0x02019b4c                fShowCounters
                0x02019a14                fShowIP
                0x02019078                _fini
                0x02019384                ShowIP
                0x02019084                AsciiToIp
                0x02019bc4                sShowCounters
                0x02019ab0                DiagMenuPicker(int, unsigned char)
                0x020193c0                ShowMac
                0x02019108                convertBinaryToHexAscii
                0x02019240                __builtin_delete
                0x02019070                _exit
 .text          0x02019c48     0x1aaa C:\nburn\lib\MOD5234.a(serial.o)
                0x0201b678                real_SER0_ISR
                0x02019c48                WakeTx(int)
                0x0201aa9c                SerialClose
                0x0201aa30                SendBreak
                0x0201abe4                OpenSerial
                0x0201a63c                GetUartErrorReg
                0x0201a7d0                fShowSerialData(__sFILE*)
                0x02019f10                fake_SER0_ISR()
                0x02019ff8                fake_SER2_ISR()
                0x02019f68                SER1_ISR
                0x0201a04c                SerialEnableTxFlow
                0x0201a094                SerialEnableRxFlow
                0x02019ce0                DoSerIsr(int)
                0x0201a4cc                Serial485HalfDupMode
                0x02019f64                fake_SER1_ISR()
                0x0201a328                SerialEnableHwRxFlow
                0x0201b210                serread
                0x0201b558                BasePutChar(int, unsigned char)
                0x0201b22c                BaseGetChar(int)
                0x0201b6b4                real_SER2_ISR
                0x0201aff4                serreadwto
                0x0201b438                serwriteaddress
                0x02019fb8                real_SER1_ISR
                0x0201b2d4                serwrite
                0x0201abc0                serexternalclose
                0x02019f14                SER0_ISR
                0x02019ffc                SER2_ISR
                0x0201a0e0                SerialEnableHwTxFlow
 *fill*         0x0201b6f2        0x2 00
 .text          0x0201b6f4     0x18ae C:\nburn\lib\MOD5234.a(ethernet.o)
                0x0201c26c                AddEthernetInterface()
                0x0201b8d8                StopEnet()
                0x0201bd34                ResetEnet()
                0x0201c440                ProcessDuplexStatus()
                0x0201b6f4                read_eth_addr(MACADR*)
                0x0201c314                WarmEnetReset()
                0x0201cdf4                real_rxenetisr
                0x0201b720                fake_rxenetisr()
                0x0201ca5c                DoRX(pool_buffer*, unsigned short)
                0x0201b724                rxenetisr
                0x0201b774                fake_txenetisr()
                0x0201c410                EnablePHY()
                0x0201b92c                EthMultifunc(MACADR, unsigned char)
                0x0201b7c8                GetMII(unsigned char, unsigned char)
                0x0201b948                ResetEnetPart2()
                0x0201b778                txenetisr
                0x0201b84c                SetMII(unsigned char, unsigned char, unsigned short)
                0x0201c0a8                InitializeEthernet()
                0x0201c864                real_txenetisr
                0x0201b908                DisablePHY()
                0x0201c3b0                ManualEthernetConfig(unsigned char, unsigned char, unsigned char)
                0x0201c710                EthTransmitBuffer(pool_buffer*)
                0x0201cc54                Ether_ProcessTask(void*)
 *fill*         0x0201cfa2        0x2 00
 .text          0x0201cfa4     0x16e8 C:\nburn\lib\MOD5234.a(etherprint.o)
                0x0201e5b4                EtherLink()
                0x0201cfa4                EtherSpeed100()
                0x0201e5a8                denet()
                0x0201e248                ShowFECRegisters()
                0x0201d07c                ShowMII(unsigned char, unsigned char, char const*, unsigned short)
                0x0201e5e8                elink()
                0x0201e59c                dEnet()
                0x0201cfc4                SwitchMIIPage(unsigned long)
                0x0201cfb4                EtherDuplex()
                0x0201cff0                showbinary(unsigned short, unsigned short)
                0x0201d0e4                ShowPhyterMII()
 .text          0x0201e68c      0x196 C:\nburn\lib\MOD5234.a(emulticast.o)
                0x0201e770                EthDisableMulticast(MACADR)
                0x0201e6cc                EthEnableMulticast(MACADR)
                0x0201e68c                GetMultiCastCRC(MACADR)
 *fill*         0x0201e822        0x2 00
 .text          0x0201e824        0x0 c:/nburn/gcc-m68k/bin/../lib/gcc/m68k-elf/4.2.1/../../../../m68k-elf/lib/m5208\libstdc++.a(new_opv.o)
 .text          0x0201e824        0x0 c:/nburn/gcc-m68k/bin/../lib/gcc/m68k-elf/4.2.1/../../../../m68k-elf/lib/m5208\libstdc++.a(del_op.o)
 .text          0x0201e824        0x0 c:/nburn/gcc-m68k/bin/../lib/gcc/m68k-elf/4.2.1/../../../../m68k-elf/lib/m5208\libstdc++.a(eh_personality.o)
 .text          0x0201e824        0x0 c:/nburn/gcc-m68k/bin/../lib/gcc/m68k-elf/4.2.1/../../../../m68k-elf/lib/m5208\libstdc++.a(eh_alloc.o)
 .text          0x0201e824        0x0 c:/nburn/gcc-m68k/bin/../lib/gcc/m68k-elf/4.2.1/../../../../m68k-elf/lib/m5208\libstdc++.a(new_op.o)
 .text          0x0201e824        0x0 c:/nburn/gcc-m68k/bin/../lib/gcc/m68k-elf/4.2.1/../../../../m68k-elf/lib/m5208\libstdc++.a(eh_throw.o)
 .text          0x0201e824        0x0 c:/nburn/gcc-m68k/bin/../lib/gcc/m68k-elf/4.2.1/../../../../m68k-elf/lib/m5208\libstdc++.a(new_handler.o)
 .text          0x0201e824        0x0 c:/nburn/gcc-m68k/bin/../lib/gcc/m68k-elf/4.2.1/../../../../m68k-elf/lib/m5208\libstdc++.a(eh_globals.o)
 .text          0x0201e824        0x0 c:/nburn/gcc-m68k/bin/../lib/gcc/m68k-elf/4.2.1/../../../../m68k-elf/lib/m5208\libstdc++.a(eh_exception.o)
 .text          0x0201e824        0x0 c:/nburn/gcc-m68k/bin/../lib/gcc/m68k-elf/4.2.1/../../../../m68k-elf/lib/m5208\libstdc++.a(eh_catch.o)
 .text          0x0201e824        0x0 c:/nburn/gcc-m68k/bin/../lib/gcc/m68k-elf/4.2.1/../../../../m68k-elf/lib/m5208\libstdc++.a(eh_terminate.o)
 .text          0x0201e824        0x0 c:/nburn/gcc-m68k/bin/../lib/gcc/m68k-elf/4.2.1/../../../../m68k-elf/lib/m5208\libstdc++.a(eh_call.o)
 .text          0x0201e824        0x0 c:/nburn/gcc-m68k/bin/../lib/gcc/m68k-elf/4.2.1/../../../../m68k-elf/lib/m5208\libstdc++.a(class_type_info.o)
 .text          0x0201e824        0x0 c:/nburn/gcc-m68k/bin/../lib/gcc/m68k-elf/4.2.1/../../../../m68k-elf/lib/m5208\libstdc++.a(eh_term_handler.o)
 .text          0x0201e824        0x0 c:/nburn/gcc-m68k/bin/../lib/gcc/m68k-elf/4.2.1/../../../../m68k-elf/lib/m5208\libstdc++.a(eh_unex_handler.o)
 .text          0x0201e824        0x0 c:/nburn/gcc-m68k/bin/../lib/gcc/m68k-elf/4.2.1/../../../../m68k-elf/lib/m5208\libstdc++.a(si_class_type_info.o)
 .text          0x0201e824        0x0 c:/nburn/gcc-m68k/bin/../lib/gcc/m68k-elf/4.2.1/../../../../m68k-elf/lib/m5208\libstdc++.a(vterminate.o)
 .text          0x0201e824     0x4ae6 c:/nburn/gcc-m68k/bin/../lib/gcc/m68k-elf/4.2.1/../../../../m68k-elf/lib/m5208\libstdc++.a(cp-demangle.o)
                0x02023232                __cxa_demangle
 *fill*         0x0202330a        0x2 00
 .text          0x0202330c        0x0 c:/nburn/gcc-m68k/bin/../lib/gcc/m68k-elf/4.2.1/../../../../m68k-elf/lib/m5208\libstdc++.a(tinfo.o)
 .text          0x0202330c        0x0 c:/nburn/gcc-m68k/bin/../lib/gcc/m68k-elf/4.2.1/../../../../m68k-elf/lib/m5208\libstdc++.a(eh_type.o)
 .text          0x0202330c      0xba0 c:/nburn/gcc-m68k/bin/../lib/gcc/m68k-elf/4.2.1/m5208\libgcc.a(_double.o)
                0x02023e0a                __cmpdf2
                0x0202336c                __adddf3
                0x02023cd4                __negdf2
                0x020239e4                __divdf3
                0x02023d32                __cmpdf2_internal
                0x02023808                __muldf3
                0x02023366                __subdf3
 .text          0x02023eac       0x74 c:/nburn/gcc-m68k/bin/../lib/gcc/m68k-elf/4.2.1/m5208\libgcc.a(_floatex.o)
                0x02023eb8                $_exception_handler
                0x02023eac                __clear_sticky_bit
 .text          0x02023f20       0x22 c:/nburn/gcc-m68k/bin/../lib/gcc/m68k-elf/4.2.1/m5208\libgcc.a(_ltdf2.o)
                0x02023f20                __ltdf2
 *fill*         0x02023f42        0x2 00
 .text          0x02023f44       0x7a c:/nburn/gcc-m68k/bin/../lib/gcc/m68k-elf/4.2.1/m5208\libgcc.a(_fixunsdfsi.o)
                0x02023f44                __fixunsdfsi
 *fill*         0x02023fbe        0x2 00
 .text          0x02023fc0      0x49a c:/nburn/gcc-m68k/bin/../lib/gcc/m68k-elf/4.2.1/m5208\libgcc.a(fpgnulib.o)
                0x02024440                __fixsfsi
                0x02024128                __floatsidf
                0x020241fe                __extendsfdf2
                0x020240b6                __floatunsidf
                0x020243c0                __fixdfsi
                0x020241e4                __floatsisf
                0x02024298                __truncdfsf2
                0x02023fc0                __unordsf2
                0x020241ca                __floatunsisf
                0x02024022                __unorddf2
 *fill*         0x0202445a        0x2 00
 .text          0x0202445c     0x1f0e c:/nburn/gcc-m68k/bin/../lib/gcc/m68k-elf/4.2.1/m5208\libgcc.a(unwind-dw2.o)
                0x020247fe                _Unwind_GetIPInfo
                0x020244e2                _Unwind_GetIP
                0x020261ce                _Unwind_Resume_or_Rethrow
                0x02024514                _Unwind_GetRegionStart
                0x02025ed6                _Unwind_Backtrace
                0x020244d2                _Unwind_GetCFA
                0x020250cc                __frame_state_for
                0x0202625c                _Unwind_Resume
                0x02024544                _Unwind_DeleteException
                0x02025ff2                _Unwind_RaiseException
                0x020244f2                _Unwind_SetIP
                0x02024534                _Unwind_GetTextRelBase
                0x020247da                _Unwind_FindEnclosingFunction
                0x02024504                _Unwind_GetLanguageSpecificData
                0x020262e2                _Unwind_ForcedUnwind
                0x02024562                _Unwind_SetGR
                0x020245c8                _Unwind_GetGR
                0x02024524                _Unwind_GetDataRelBase
 *fill*         0x0202636a        0x2 00
 .text          0x0202636c     0x126c c:/nburn/gcc-m68k/bin/../lib/gcc/m68k-elf/4.2.1/m5208\libgcc.a(unwind-dw2-fde.o)
                0x0202748a                _Unwind_Find_FDE
                0x02026c80                __register_frame
                0x02026c5e                __register_frame_table
                0x020263e2                __register_frame_info_bases
                0x020273c2                __deregister_frame_info
                0x02027304                __deregister_frame_info_bases
                0x0202644e                __register_frame_info_table_bases
                0x020273cc                __deregister_frame
                0x020264a0                __register_frame_info_table
                0x02026432                __register_frame_info
 .text          0x020275d8       0x22 c:/nburn/gcc-m68k/bin/../lib/gcc/m68k-elf/4.2.1/m5208\libgcc.a(_gedf2.o)
                0x020275d8                __gedf2
 *fill*         0x020275fa        0x2 00
 .text          0x020275fc       0x18 c:/nburn/gcc-m68k/bin/../lib/gcc/m68k-elf/4.2.1/../../../../m68k-elf/lib/m5208\libc.a(lib_a-abort.o)
                0x020275fc                abort
 .text          0x02027614       0x34 c:/nburn/gcc-m68k/bin/../lib/gcc/m68k-elf/4.2.1/../../../../m68k-elf/lib/m5208\libc.a(lib_a-atoi.o)
                0x02027614                _atoi_r
                0x02027630                atoi
 .text          0x02027648       0x64 c:/nburn/gcc-m68k/bin/../lib/gcc/m68k-elf/4.2.1/../../../../m68k-elf/lib/m5208\libc.a(lib_a-bsearch.o)
                0x02027648                bsearch
 .text          0x020276ac       0x1e c:/nburn/gcc-m68k/bin/../lib/gcc/m68k-elf/4.2.1/../../../../m68k-elf/lib/m5208\libc.a(lib_a-cxa_atexit.o)
                0x020276ac                __cxa_atexit
 *fill*         0x020276ca        0x2 00
 .text          0x020276cc        0xe c:/nburn/gcc-m68k/bin/../lib/gcc/m68k-elf/4.2.1/../../../../m68k-elf/lib/m5208\libc.a(lib_a-errno.o)
                0x020276cc                __errno
 *fill*         0x020276da        0x2 00
 .text          0x020276dc       0x24 c:/nburn/gcc-m68k/bin/../lib/gcc/m68k-elf/4.2.1/../../../../m68k-elf/lib/m5208\libc.a(lib_a-fiprintf.o)
                0x020276dc                fiprintf
 .text          0x02027700       0xaa c:/nburn/gcc-m68k/bin/../lib/gcc/m68k-elf/4.2.1/../../../../m68k-elf/lib/m5208\libc.a(lib_a-fputc.o)
                0x0202774e                _fputc_r
                0x02027700                fputc
 *fill*         0x020277aa        0x2 00
 .text          0x020277ac       0x90 c:/nburn/gcc-m68k/bin/../lib/gcc/m68k-elf/4.2.1/../../../../m68k-elf/lib/m5208\libc.a(lib_a-fputs.o)
                0x020277ac                _fputs_r
                0x02027822                fputs
 .text          0x0202783c      0x37e c:/nburn/gcc-m68k/bin/../lib/gcc/m68k-elf/4.2.1/../../../../m68k-elf/lib/m5208\libc.a(lib_a-fvwrite.o)
                0x0202783c                __sfvwrite_r
 *fill*         0x02027bba        0x2 00
 .text          0x02027bbc       0x9e c:/nburn/gcc-m68k/bin/../lib/gcc/m68k-elf/4.2.1/../../../../m68k-elf/lib/m5208\libc.a(lib_a-fwrite.o)
                0x02027bbc                _fwrite_r
                0x02027c38                fwrite
 *fill*         0x02027c5a        0x2 00
 .text          0x02027c5c        0x0 c:/nburn/gcc-m68k/bin/../lib/gcc/m68k-elf/4.2.1/../../../../m68k-elf/lib/m5208\libc.a(lib_a-impure.o)
 .text          0x02027c5c       0x54 c:/nburn/gcc-m68k/bin/../lib/gcc/m68k-elf/4.2.1/../../../../m68k-elf/lib/m5208\libc.a(lib_a-iprintf.o)
                0x02027c5c                _iprintf_r
                0x02027c86                iprintf
 .text          0x02027cb0       0x1c c:/nburn/gcc-m68k/bin/../lib/gcc/m68k-elf/4.2.1/../../../../m68k-elf/lib/m5208\libc.a(lib_a-isalpha.o)
                0x02027cb0                isalpha
 .text          0x02027ccc       0x1c c:/nburn/gcc-m68k/bin/../lib/gcc/m68k-elf/4.2.1/../../../../m68k-elf/lib/m5208\libc.a(lib_a-isspace.o)
                0x02027ccc                isspace
 .text          0x02027ce8       0x32 c:/nburn/gcc-m68k/bin/../lib/gcc/m68k-elf/4.2.1/../../../../m68k-elf/lib/m5208\libc.a(lib_a-malloc.o)
                0x02027d02                malloc
                0x02027ce8                free
 *fill*         0x02027d1a        0x2 00
 .text          0x02027d1c      0x78c c:/nburn/gcc-m68k/bin/../lib/gcc/m68k-elf/4.2.1/../../../../m68k-elf/lib/m5208\libc.a(lib_a-mallocr.o)
                0x02027d1c                _malloc_r
 .text          0x020284a8       0xd2 c:/nburn/gcc-m68k/bin/../lib/gcc/m68k-elf/4.2.1/../../../../m68k-elf/lib/m5208\libc.a(lib_a-memchr.o)
                0x020284a8                memchr
 *fill*         0x0202857a        0x2 00
 .text          0x0202857c       0x72 c:/nburn/gcc-m68k/bin/../lib/gcc/m68k-elf/4.2.1/../../../../m68k-elf/lib/m5208\libc.a(lib_a-memcmp.o)
                0x0202857c                memcmp
 *fill*         0x020285ee        0x2 00
 .text          0x020285f0       0xb6 c:/nburn/gcc-m68k/bin/../lib/gcc/m68k-elf/4.2.1/../../../../m68k-elf/lib/m5208\libc.a(lib_a-memmove.o)
                0x020285f0                memmove
 *fill*         0x020286a6        0x2 00
 .text          0x020286a8      0x16a c:/nburn/gcc-m68k/bin/../lib/gcc/m68k-elf/4.2.1/../../../../m68k-elf/lib/m5208\libc.a(lib_a-putc.o)
                0x02028762                _putc_r
                0x020286a8                putc
 *fill*         0x02028812        0x2 00
 .text          0x02028814       0x8a c:/nburn/gcc-m68k/bin/../lib/gcc/m68k-elf/4.2.1/../../../../m68k-elf/lib/m5208\libc.a(lib_a-puts.o)
                0x02028814                _puts_r
                0x02028888                puts
 *fill*         0x0202889e        0x2 00
 .text          0x020288a0       0x1c c:/nburn/gcc-m68k/bin/../lib/gcc/m68k-elf/4.2.1/../../../../m68k-elf/lib/m5208\libc.a(lib_a-realloc.o)
                0x020288a0                realloc
 .text          0x020288bc      0x502 c:/nburn/gcc-m68k/bin/../lib/gcc/m68k-elf/4.2.1/../../../../m68k-elf/lib/m5208\libc.a(lib_a-reallocr.o)
                0x020288bc                _realloc_r
 *fill*         0x02028dbe        0x2 00
 .text          0x02028dc0       0x4e c:/nburn/gcc-m68k/bin/../lib/gcc/m68k-elf/4.2.1/../../../../m68k-elf/lib/m5208\libc.a(lib_a-rget.o)
                0x02028dfa                __srget
                0x02028dc0                __srget_r
 *fill*         0x02028e0e        0x2 00
 .text          0x02028e10      0x1ee c:/nburn/gcc-m68k/bin/../lib/gcc/m68k-elf/4.2.1/../../../../m68k-elf/lib/m5208\libc.a(lib_a-setvbuf.o)
                0x02028e10                setvbuf
 *fill*         0x02028ffe        0x2 00
 .text          0x02029000      0x270 c:/nburn/gcc-m68k/bin/../lib/gcc/m68k-elf/4.2.1/../../../../m68k-elf/lib/m5208\libc.a(lib_a-signal.o)
                0x020291f4                _signal_r
                0x02029114                _raise_r
                0x0202907a                __sigtramp_r
                0x02029258                signal
                0x0202906a                _init_signal
                0x02029000                _init_signal_r
                0x020290fe                __sigtramp
                0x020291de                raise
 .text          0x02029270       0x42 c:/nburn/gcc-m68k/bin/../lib/gcc/m68k-elf/4.2.1/../../../../m68k-elf/lib/m5208\libc.a(lib_a-signalr.o)
                0x0202927c                _kill_r
                0x02029270                _getpid_r
 *fill*         0x020292b2        0x2 00
 .text          0x020292b4       0xba c:/nburn/gcc-m68k/bin/../lib/gcc/m68k-elf/4.2.1/../../../../m68k-elf/lib/m5208\libc.a(lib_a-siprintf.o)
                0x02029312                _siprintf_r
                0x020292b4                siprintf
 *fill*         0x0202936e        0x2 00
 .text          0x02029370      0x14c c:/nburn/gcc-m68k/bin/../lib/gcc/m68k-elf/4.2.1/../../../../m68k-elf/lib/m5208\libc.a(lib_a-snprintf.o)
                0x02029370                snprintf
                0x02029418                _snprintf_r
 .text          0x020294bc       0x92 c:/nburn/gcc-m68k/bin/../lib/gcc/m68k-elf/4.2.1/../../../../m68k-elf/lib/m5208\libc.a(lib_a-strcasecmp.o)
                0x020294bc                strcasecmp
 *fill*         0x0202954e        0x2 00
 .text          0x02029550       0x7c c:/nburn/gcc-m68k/bin/../lib/gcc/m68k-elf/4.2.1/../../../../m68k-elf/lib/m5208\libc.a(lib_a-strcat.o)
                0x02029550                strcat
 .text          0x020295cc       0x70 c:/nburn/gcc-m68k/bin/../lib/gcc/m68k-elf/4.2.1/../../../../m68k-elf/lib/m5208\libc.a(lib_a-strcmp.o)
                0x020295cc                strcmp
 .text          0x0202963c       0x22 c:/nburn/gcc-m68k/bin/../lib/gcc/m68k-elf/4.2.1/../../../../m68k-elf/lib/m5208\libc.a(lib_a-strcpy.o)
                0x0202963c                strcpy
 *fill*         0x0202965e        0x2 00
 .text          0x02029660       0x1a c:/nburn/gcc-m68k/bin/../lib/gcc/m68k-elf/4.2.1/../../../../m68k-elf/lib/m5208\libc.a(lib_a-strlen.o)
                0x02029660                strlen
 *fill*         0x0202967a        0x2 00
 .text          0x0202967c       0xda c:/nburn/gcc-m68k/bin/../lib/gcc/m68k-elf/4.2.1/../../../../m68k-elf/lib/m5208\libc.a(lib_a-strncmp.o)
                0x0202967c                strncmp
 *fill*         0x02029756        0x2 00
 .text          0x02029758       0x46 c:/nburn/gcc-m68k/bin/../lib/gcc/m68k-elf/4.2.1/../../../../m68k-elf/lib/m5208\libc.a(lib_a-strstr.o)
                0x02029758                strstr
 *fill*         0x0202979e        0x2 00
 .text          0x020297a0       0x28 c:/nburn/gcc-m68k/bin/../lib/gcc/m68k-elf/4.2.1/../../../../m68k-elf/lib/m5208\libc.a(lib_a-strtok.o)
                0x020297a0                strtok
 .text          0x020297c8       0xc6 c:/nburn/gcc-m68k/bin/../lib/gcc/m68k-elf/4.2.1/../../../../m68k-elf/lib/m5208\libc.a(lib_a-strtok_r.o)
                0x02029872                strtok_r
                0x020297c8                __strtok_r
 *fill*         0x0202988e        0x2 00
 .text          0x02029890      0x18a c:/nburn/gcc-m68k/bin/../lib/gcc/m68k-elf/4.2.1/../../../../m68k-elf/lib/m5208\libc.a(lib_a-strtol.o)
                0x020299fc                strtol
                0x02029890                _strtol_r
 *fill*         0x02029a1a        0x2 00
 .text          0x02029a1c       0x26 c:/nburn/gcc-m68k/bin/../lib/gcc/m68k-elf/4.2.1/../../../../m68k-elf/lib/m5208\libc.a(lib_a-toupper.o)
                0x02029a1c                toupper
 *fill*         0x02029a42        0x2 00
 .text          0x02029a44     0x1280 c:/nburn/gcc-m68k/bin/../lib/gcc/m68k-elf/4.2.1/../../../../m68k-elf/lib/m5208\libc.a(lib_a-vfiprintf.o)
                0x0202aca6                vfiprintf
                0x02029a88                _vfiprintf_r
 .text          0x0202acc4     0x1fac c:/nburn/gcc-m68k/bin/../lib/gcc/m68k-elf/4.2.1/../../../../m68k-elf/lib/m5208\libc.a(lib_a-vfprintf.o)
                0x0202ad08                _vfprintf_r
                0x0202cc52                vfprintf
 .text          0x0202cc70      0x124 c:/nburn/gcc-m68k/bin/../lib/gcc/m68k-elf/4.2.1/../../../../m68k-elf/lib/m5208\libc.a(lib_a-wbuf.o)
                0x0202cc70                __swbuf_r
                0x0202cd7a                __swbuf
 .text          0x0202cd94       0x7c c:/nburn/gcc-m68k/bin/../lib/gcc/m68k-elf/4.2.1/../../../../m68k-elf/lib/m5208\libc.a(lib_a-wcrtomb.o)
                0x0202cd94                _wcrtomb_r
                0x0202cdf4                wcrtomb
 .text          0x0202ce10      0x130 c:/nburn/gcc-m68k/bin/../lib/gcc/m68k-elf/4.2.1/../../../../m68k-elf/lib/m5208\libc.a(lib_a-wcsrtombs.o)
                0x0202ce10                _wcsrtombs_r
                0x0202cf1e                wcsrtombs
 .text          0x0202cf40      0x452 c:/nburn/gcc-m68k/bin/../lib/gcc/m68k-elf/4.2.1/../../../../m68k-elf/lib/m5208\libc.a(lib_a-wctomb_r.o)
                0x0202cf40                _wctomb_r
 *fill*         0x0202d392        0x2 00
 .text          0x0202d394      0x130 c:/nburn/gcc-m68k/bin/../lib/gcc/m68k-elf/4.2.1/../../../../m68k-elf/lib/m5208\libc.a(lib_a-wsetup.o)
                0x0202d394                __swsetup
 .text          0x0202d4c4       0xe8 c:/nburn/gcc-m68k/bin/../lib/gcc/m68k-elf/4.2.1/../../../../m68k-elf/lib/m5208\libc.a(lib_a-__atexit.o)
                0x0202d4c4                __register_exitproc
 .text          0x0202d5ac        0x0 c:/nburn/gcc-m68k/bin/../lib/gcc/m68k-elf/4.2.1/../../../../m68k-elf/lib/m5208\libc.a(lib_a-ctype_.o)
 .text          0x0202d5ac     0x160a c:/nburn/gcc-m68k/bin/../lib/gcc/m68k-elf/4.2.1/../../../../m68k-elf/lib/m5208\libc.a(lib_a-dtoa.o)
                0x0202d75e                _dtoa_r
 *fill*         0x0202ebb6        0x2 00
 .text          0x0202ebb8      0x198 c:/nburn/gcc-m68k/bin/../lib/gcc/m68k-elf/4.2.1/../../../../m68k-elf/lib/m5208\libc.a(lib_a-fflush.o)
                0x0202ebb8                fflush
 .text          0x0202ed50      0x25e c:/nburn/gcc-m68k/bin/../lib/gcc/m68k-elf/4.2.1/../../../../m68k-elf/lib/m5208\libc.a(lib_a-findfp.o)
                0x0202edaa                __sinit
                0x0202ee62                __sfmoreglue
                0x0202ee50                _cleanup
                0x0202ee36                _cleanup_r
                0x0202eed0                __sfp
 *fill*         0x0202efae        0x2 00
 .text          0x0202efb0      0x422 c:/nburn/gcc-m68k/bin/../lib/gcc/m68k-elf/4.2.1/../../../../m68k-elf/lib/m5208\libc.a(lib_a-freer.o)
                0x0202f0a0                _free_r
                0x0202efb0                _malloc_trim_r
 *fill*         0x0202f3d2        0x2 00
 .text          0x0202f3d4       0xe4 c:/nburn/gcc-m68k/bin/../lib/gcc/m68k-elf/4.2.1/../../../../m68k-elf/lib/m5208\libc.a(lib_a-fwalk.o)
                0x0202f3d4                _fwalk
                0x0202f444                _fwalk_reent
 .text          0x0202f4b8       0xa6 c:/nburn/gcc-m68k/bin/../lib/gcc/m68k-elf/4.2.1/../../../../m68k-elf/lib/m5208\libc.a(lib_a-locale.o)
                0x0202f4e6                _setlocale_r
                0x0202f4b8                __locale_charset
                0x0202f4c6                _localeconv_r
                0x0202f546                setlocale
                0x0202f4d4                localeconv
 *fill*         0x0202f55e        0x2 00
 .text          0x0202f560      0x178 c:/nburn/gcc-m68k/bin/../lib/gcc/m68k-elf/4.2.1/../../../../m68k-elf/lib/m5208\libc.a(lib_a-makebuf.o)
                0x0202f560                __smakebuf
 .text          0x0202f6d8      0xc78 c:/nburn/gcc-m68k/bin/../lib/gcc/m68k-elf/4.2.1/../../../../m68k-elf/lib/m5208\libc.a(lib_a-mprec.o)
                0x0202fa2c                _mprec_log10
                0x0202fae2                __any_on
                0x0202fb88                _Balloc
                0x0202f99a                __ratio
                0x020300b0                __i2b
                0x0202f8aa                __b2d
                0x02030278                __s2b
                0x0202f7c8                __mcmp
                0x0202f6d8                __hi0bits
                0x02030196                __pow5mult
                0x0202fe94                __lshift
                0x0202ff42                __multiply
                0x0202fc3e                __d2b
                0x0202fa9e                __copybits
                0x0202f828                __ulp
                0x0202fd54                __mdiff
                0x0202f73c                __lo0bits
                0x020300d2                __multadd
                0x0202fb4e                _Bfree
 .text          0x02030350      0x21c c:/nburn/gcc-m68k/bin/../lib/gcc/m68k-elf/4.2.1/../../../../m68k-elf/lib/m5208\libc.a(lib_a-refill.o)
                0x02030374                __srefill_r
 .text          0x0203056c       0x42 c:/nburn/gcc-m68k/bin/../lib/gcc/m68k-elf/4.2.1/../../../../m68k-elf/lib/m5208\libc.a(lib_a-s_isinfd.o)
                0x0203056c                __isinfd
 *fill*         0x020305ae        0x2 00
 .text          0x020305b0       0x34 c:/nburn/gcc-m68k/bin/../lib/gcc/m68k-elf/4.2.1/../../../../m68k-elf/lib/m5208\libc.a(lib_a-s_isnand.o)
                0x020305b0                __isnand
 .text          0x020305e4      0x162 c:/nburn/gcc-m68k/bin/../lib/gcc/m68k-elf/4.2.1/../../../../m68k-elf/lib/m5208\libc.a(lib_a-stdio.o)
                0x02030602                __sseek
                0x020306f4                __sread
                0x020305e4                __sclose
                0x02030664                __swrite
 *fill*         0x02030746        0x2 00
 .text          0x02030748       0x3e c:/nburn/gcc-m68k/bin/../lib/gcc/m68k-elf/4.2.1/../../../../m68k-elf/lib/m5208\libc.a(lib_a-writer.o)
                0x02030748                _write_r
 *fill*         0x02030786        0x2 00
 .text          0x02030788       0x92 c:/nburn/gcc-m68k/bin/../lib/gcc/m68k-elf/4.2.1/../../../../m68k-elf/lib/m5208\libc.a(lib_a-callocr.o)
                0x02030788                _calloc_r
 *fill*         0x0203081a        0x2 00
 .text          0x0203081c       0x32 c:/nburn/gcc-m68k/bin/../lib/gcc/m68k-elf/4.2.1/../../../../m68k-elf/lib/m5208\libc.a(lib_a-closer.o)
                0x0203081c                _close_r
 *fill*         0x0203084e        0x2 00
 .text          0x02030850       0xfe c:/nburn/gcc-m68k/bin/../lib/gcc/m68k-elf/4.2.1/../../../../m68k-elf/lib/m5208\libc.a(lib_a-fclose.o)
                0x02030850                _fclose_r
                0x02030938                fclose
 *fill*         0x0203094e        0x2 00
 .text          0x02030950       0x36 c:/nburn/gcc-m68k/bin/../lib/gcc/m68k-elf/4.2.1/../../../../m68k-elf/lib/m5208\libc.a(lib_a-fstatr.o)
                0x02030950                _fstat_r
 *fill*         0x02030986        0x2 00
 .text          0x02030988       0x3e c:/nburn/gcc-m68k/bin/../lib/gcc/m68k-elf/4.2.1/../../../../m68k-elf/lib/m5208\libc.a(lib_a-lseekr.o)
                0x02030988                _lseek_r
 *fill*         0x020309c6        0x2 00
 .text          0x020309c8       0x3e c:/nburn/gcc-m68k/bin/../lib/gcc/m68k-elf/4.2.1/../../../../m68k-elf/lib/m5208\libc.a(lib_a-readr.o)
                0x020309c8                _read_r
 *fill*         0x02030a06        0x2 00
 .text          0x02030a08       0x22 c:/nburn/gcc-m68k/bin/../lib/gcc/m68k-elf/4.2.1/m5208\libgcc.a(_eqdf2.o)
                0x02030a08                __eqdf2
 *fill*         0x02030a2a        0x2 00
 .text          0x02030a2c       0x22 c:/nburn/gcc-m68k/bin/../lib/gcc/m68k-elf/4.2.1/m5208\libgcc.a(_nedf2.o)
                0x02030a2c                __nedf2
 *fill*         0x02030a4e        0x2 00
 .text          0x02030a50       0x22 c:/nburn/gcc-m68k/bin/../lib/gcc/m68k-elf/4.2.1/m5208\libgcc.a(_gtdf2.o)
                0x02030a50                __gtdf2
 *fill*         0x02030a72        0x2 00
 .text          0x02030a74      0x3d4 c:/nburn/gcc-m68k/bin/../lib/gcc/m68k-elf/4.2.1/m5208\libgcc.a(_udivdi3.o)
                0x02030a74                __udivdi3
 .text          0x02030e48      0x3ee c:/nburn/gcc-m68k/bin/../lib/gcc/m68k-elf/4.2.1/m5208\libgcc.a(_umoddi3.o)
                0x02030e48                __umoddi3
 *fill*         0x02031236        0x2 00
 .text          0x02031238       0x32 c:/nburn/gcc-m68k/bin/../lib/gcc/m68k-elf/4.2.1/m5208/crtend.o
                0x02031270                . = ALIGN (0x10)
 *fill*         0x0203126a        0x6 00
 *(.text.*)
 .text._Znam    0x02031270       0x30 c:/nburn/gcc-m68k/bin/../lib/gcc/m68k-elf/4.2.1/../../../../m68k-elf/lib/m5208\libstdc++.a(new_opv.o)
                0x02031270                operator new[](unsigned long)
 .text._ZdlPv   0x020312a0       0x16 c:/nburn/gcc-m68k/bin/../lib/gcc/m68k-elf/4.2.1/../../../../m68k-elf/lib/m5208\libstdc++.a(del_op.o)
                0x020312a0                operator delete(void*)
 .text._Z12read_uleb128PKhPj
                0x020312b6       0x30 c:/nburn/gcc-m68k/bin/../lib/gcc/m68k-elf/4.2.1/../../../../m68k-elf/lib/m5208\libstdc++.a(eh_personality.o)
 .text._Z12read_sleb128PKhPi
                0x020312e6       0x46 c:/nburn/gcc-m68k/bin/../lib/gcc/m68k-elf/4.2.1/../../../../m68k-elf/lib/m5208\libstdc++.a(eh_personality.o)
 .text._Z16get_adjusted_ptrPKSt9type_infoS1_PPv
                0x0203132c       0x6a c:/nburn/gcc-m68k/bin/../lib/gcc/m68k-elf/4.2.1/../../../../m68k-elf/lib/m5208\libstdc++.a(eh_personality.o)
 .text._Z28read_encoded_value_with_basehjPKhPj
                0x02031396      0x12a c:/nburn/gcc-m68k/bin/../lib/gcc/m68k-elf/4.2.1/../../../../m68k-elf/lib/m5208\libstdc++.a(eh_personality.o)
 .text._Z21base_of_encoded_valuehP15_Unwind_Context
                0x020314c0       0x8c c:/nburn/gcc-m68k/bin/../lib/gcc/m68k-elf/4.2.1/../../../../m68k-elf/lib/m5208\libstdc++.a(eh_personality.o)
 .text._Z17parse_lsda_headerP15_Unwind_ContextPKhP16lsda_header_info
                0x0203154c       0xec c:/nburn/gcc-m68k/bin/../lib/gcc/m68k-elf/4.2.1/../../../../m68k-elf/lib/m5208\libstdc++.a(eh_personality.o)
 .text._Z15get_ttype_entryP16lsda_header_infoj
                0x02031638       0xe2 c:/nburn/gcc-m68k/bin/../lib/gcc/m68k-elf/4.2.1/../../../../m68k-elf/lib/m5208\libstdc++.a(eh_personality.o)
 .text._Z20check_exception_specP16lsda_header_infoPKSt9type_infoPvi
                0x0203171a       0x70 c:/nburn/gcc-m68k/bin/../lib/gcc/m68k-elf/4.2.1/../../../../m68k-elf/lib/m5208\libstdc++.a(eh_personality.o)
 .text.__cxa_call_unexpected
                0x0203178a       0xde c:/nburn/gcc-m68k/bin/../lib/gcc/m68k-elf/4.2.1/../../../../m68k-elf/lib/m5208\libstdc++.a(eh_personality.o)
                0x0203178a                __cxa_call_unexpected
 .text.__gxx_personality_v0
                0x02031868      0x440 c:/nburn/gcc-m68k/bin/../lib/gcc/m68k-elf/4.2.1/../../../../m68k-elf/lib/m5208\libstdc++.a(eh_personality.o)
                0x02031868                __gxx_personality_v0
 .text._Z41__static_initialization_and_destruction_0ii
                0x02031ca8        0x8 c:/nburn/gcc-m68k/bin/../lib/gcc/m68k-elf/4.2.1/../../../../m68k-elf/lib/m5208\libstdc++.a(eh_alloc.o)
 .text._GLOBAL__I___cxa_allocate_exception
                0x02031cb0       0x1a c:/nburn/gcc-m68k/bin/../lib/gcc/m68k-elf/4.2.1/../../../../m68k-elf/lib/m5208\libstdc++.a(eh_alloc.o)
 .text.__cxa_allocate_exception
                0x02031cca       0xa4 c:/nburn/gcc-m68k/bin/../lib/gcc/m68k-elf/4.2.1/../../../../m68k-elf/lib/m5208\libstdc++.a(eh_alloc.o)
                0x02031cca                __cxa_allocate_exception
 .text.__cxa_free_exception
                0x02031d6e       0x4a c:/nburn/gcc-m68k/bin/../lib/gcc/m68k-elf/4.2.1/../../../../m68k-elf/lib/m5208\libstdc++.a(eh_alloc.o)
                0x02031d6e                __cxa_free_exception
 .text._Znwm    0x02031db8       0x80 c:/nburn/gcc-m68k/bin/../lib/gcc/m68k-elf/4.2.1/../../../../m68k-elf/lib/m5208\libstdc++.a(new_op.o)
                0x02031db8                operator new(unsigned long)
 .text.__cxa_rethrow
                0x02031e38       0x7c c:/nburn/gcc-m68k/bin/../lib/gcc/m68k-elf/4.2.1/../../../../m68k-elf/lib/m5208\libstdc++.a(eh_throw.o)
                0x02031e38                __cxa_rethrow
 .text.__cxa_throw
                0x02031eb4       0x6c c:/nburn/gcc-m68k/bin/../lib/gcc/m68k-elf/4.2.1/../../../../m68k-elf/lib/m5208\libstdc++.a(eh_throw.o)
                0x02031eb4                __cxa_throw
 .text._Z23__gxx_exception_cleanup19_Unwind_Reason_CodeP17_Unwind_Exception
                0x02031f20       0x62 c:/nburn/gcc-m68k/bin/../lib/gcc/m68k-elf/4.2.1/../../../../m68k-elf/lib/m5208\libstdc++.a(eh_throw.o)
 .text._ZSt15set_new_handlerPFvvE
                0x02031f82       0x18 c:/nburn/gcc-m68k/bin/../lib/gcc/m68k-elf/4.2.1/../../../../m68k-elf/lib/m5208\libstdc++.a(new_handler.o)
                0x02031f82                std::set_new_handler(void (*)())
 .text._ZNKSt9bad_alloc4whatEv
                0x02031f9a        0xe c:/nburn/gcc-m68k/bin/../lib/gcc/m68k-elf/4.2.1/../../../../m68k-elf/lib/m5208\libstdc++.a(new_handler.o)
                0x02031f9a                std::bad_alloc::what() const
 .text._ZNSt9bad_allocD0Ev
                0x02031fa8       0x2a c:/nburn/gcc-m68k/bin/../lib/gcc/m68k-elf/4.2.1/../../../../m68k-elf/lib/m5208\libstdc++.a(new_handler.o)
                0x02031fa8                std::bad_alloc::~bad_alloc()
 .text._ZNSt9bad_allocD1Ev
                0x02031fd2       0x16 c:/nburn/gcc-m68k/bin/../lib/gcc/m68k-elf/4.2.1/../../../../m68k-elf/lib/m5208\libstdc++.a(new_handler.o)
                0x02031fd2                std::bad_alloc::~bad_alloc()
 .text._ZNSt9bad_allocD2Ev
                0x02031fe8       0x16 c:/nburn/gcc-m68k/bin/../lib/gcc/m68k-elf/4.2.1/../../../../m68k-elf/lib/m5208\libstdc++.a(new_handler.o)
                0x02031fe8                std::bad_alloc::~bad_alloc()
 .text.__cxa_get_globals_fast
                0x02031ffe        0xe c:/nburn/gcc-m68k/bin/../lib/gcc/m68k-elf/4.2.1/../../../../m68k-elf/lib/m5208\libstdc++.a(eh_globals.o)
                0x02031ffe                __cxa_get_globals_fast
 .text.__cxa_get_globals
                0x0203200c        0xe c:/nburn/gcc-m68k/bin/../lib/gcc/m68k-elf/4.2.1/../../../../m68k-elf/lib/m5208\libstdc++.a(eh_globals.o)
                0x0203200c                __cxa_get_globals
 .text._ZNKSt9exception4whatEv
                0x0203201a        0xe c:/nburn/gcc-m68k/bin/../lib/gcc/m68k-elf/4.2.1/../../../../m68k-elf/lib/m5208\libstdc++.a(eh_exception.o)
                0x0203201a                std::exception::what() const
 .text._ZNKSt13bad_exception4whatEv
                0x02032028        0xe c:/nburn/gcc-m68k/bin/../lib/gcc/m68k-elf/4.2.1/../../../../m68k-elf/lib/m5208\libstdc++.a(eh_exception.o)
                0x02032028                std::bad_exception::what() const
 .text._ZNSt9exceptionD0Ev
                0x02032036       0x16 c:/nburn/gcc-m68k/bin/../lib/gcc/m68k-elf/4.2.1/../../../../m68k-elf/lib/m5208\libstdc++.a(eh_exception.o)
                0x02032036                std::exception::~exception()
 .text._ZNSt9exceptionD1Ev
                0x0203204c       0x12 c:/nburn/gcc-m68k/bin/../lib/gcc/m68k-elf/4.2.1/../../../../m68k-elf/lib/m5208\libstdc++.a(eh_exception.o)
                0x0203204c                std::exception::~exception()
 .text._ZNSt9exceptionD2Ev
                0x0203205e       0x12 c:/nburn/gcc-m68k/bin/../lib/gcc/m68k-elf/4.2.1/../../../../m68k-elf/lib/m5208\libstdc++.a(eh_exception.o)
                0x0203205e                std::exception::~exception()
 .text._ZNSt13bad_exceptionD0Ev
                0x02032070       0x2a c:/nburn/gcc-m68k/bin/../lib/gcc/m68k-elf/4.2.1/../../../../m68k-elf/lib/m5208\libstdc++.a(eh_exception.o)
                0x02032070                std::bad_exception::~bad_exception()
 .text._ZNSt13bad_exceptionD1Ev
                0x0203209a       0x16 c:/nburn/gcc-m68k/bin/../lib/gcc/m68k-elf/4.2.1/../../../../m68k-elf/lib/m5208\libstdc++.a(eh_exception.o)
                0x0203209a                std::bad_exception::~bad_exception()
 .text._ZNSt13bad_exceptionD2Ev