Archive member included because of file (symbol)

C:\nburn\lib\MOD5234.a(bsp.o)
                              c:/nburn/gcc-m68k/bin/../lib/gcc/m68k-elf/4.2.1/../../../../m68k-elf/lib/m5208\nb-crt0.o (atexit)
C:\nburn\lib\MOD5234.a(etpu_sm.o)
                              stepper.o (fs_etpu_sm_get_cp)
C:\nburn\lib\MOD5234.a(etpu_util.o)
                              C:\nburn\lib\MOD5234.a(etpu_sm.o) (fs_etpu_set_hsr)
C:\nburn\lib\MOD5234.a(pins.o)
                              lcd.o (PinIO::function(int))
C:\nburn\lib\MOD5234.a(ioboard.o)
                              lab5.o (getdipsw)
C:\nburn\lib\MOD5234.a(ETPUinit.o)
                              C:\nburn\lib\MOD5234.a(etpu_sm.o) (eTPU)
C:\nburn\lib\MOD5234.a(ETPU.o)
                              C:\nburn\lib\MOD5234.a(ETPUinit.o) (eTPURecordInit())
C:\nburn\lib\MOD5234.a(etpu_gpio.o)
                              C:\nburn\lib\MOD5234.a(ETPU.o) (fs_etpu_gpio_output)
C:\nburn\lib\MOD5234.a(etpu_uart.o)
                              C:\nburn\lib\MOD5234.a(ETPU.o) (fs_etpu_uart_read_receive_data)
C:\nburn\lib\NetBurner.a(ucosmcfa.o)
                              C:\nburn\lib\MOD5234.a(bsp.o) (OSCtxSw)
C:\nburn\lib\NetBurner.a(ucos.o)
                              C:\nburn\lib\MOD5234.a(ETPU.o) (OSIntNesting)
C:\nburn\lib\NetBurner.a(ucosmain.o)
                              C:\nburn\lib\NetBurner.a(ucos.o) (OSTCBTbl)
C:\nburn\lib\NetBurner.a(fileio.o)
                              C:\nburn\lib\NetBurner.a(ucosmain.o) (ioctl)
C:\nburn\lib\NetBurner.a(main.o)
                              c:/nburn/gcc-m68k/bin/../lib/gcc/m68k-elf/4.2.1/../../../../m68k-elf/lib/m5208\nb-crt0.o (main)
C:\nburn\lib\NetBurner.a(ip.o)
                              lab5.o (InitializeStack(unsigned long, unsigned long, unsigned long, unsigned long))
C:\nburn\lib\NetBurner.a(buffers.o)
                              C:\nburn\lib\NetBurner.a(ip.o) (FreeBuffer)
C:\nburn\lib\NetBurner.a(arp.o)
                              C:\nburn\lib\NetBurner.a(ip.o) (wArpLifetime)
C:\nburn\lib\NetBurner.a(udp.o)
                              C:\nburn\lib\NetBurner.a(ip.o) (process_udp(pool_buffer*, IPPKT*, unsigned short))
C:\nburn\lib\NetBurner.a(tcp.o)
                              C:\nburn\lib\NetBurner.a(ip.o) (DumpTcpPacket(IPPKT*))
C:\nburn\lib\NetBurner.a(extraio.o)
                              C:\nburn\lib\MOD5234.a(ETPU.o) (GetExtraFD)
C:\nburn\lib\NetBurner.a(http.o)
                              lab5.o (StartHTTP)
C:\nburn\lib\NetBurner.a(httpinternal.o)
                              formcode.o (SetNewPostHandler)
C:\nburn\lib\NetBurner.a(htmldecomp.o)
                              C:\nburn\lib\NetBurner.a(httpinternal.o) (SendHeaderResponse(char*, int))
C:\nburn\lib\NetBurner.a(iosys.o)
                              C:\nburn\lib\NetBurner.a(tcp.o) (FD_ZERO)
C:\nburn\lib\NetBurner.a(netinterface.o)
                              C:\nburn\lib\NetBurner.a(arp.o) (GetFirstInterface())
C:\nburn\lib\NetBurner.a(taskmon.o)
                              lab5.o (EnableTaskMonitor())
C:\nburn\lib\NetBurner.a(autoupdate.o)
                              lab5.o (EnableAutoUpdate)
C:\nburn\lib\NetBurner.a(device.o)
                              C:\nburn\lib\NetBurner.a(main.o) (DeviceInitializeSem)
C:\nburn\lib\NetBurner.a(ucosmcfc.o)
                              C:\nburn\lib\NetBurner.a(ucos.o) (OSTaskCreatewName)
C:\nburn\lib\NetBurner.a(system.o)
                              C:\nburn\lib\NetBurner.a(udp.o) (isvalidcr)
C:\nburn\lib\NetBurner.a(utils.o)
                              C:\nburn\lib\NetBurner.a(system.o) (AsciiToIp)
C:\nburn\lib\MOD5234.a(serial.o)
                              C:\nburn\lib\NetBurner.a(fileio.o) (SerialClose)
C:\nburn\lib\MOD5234.a(ethernet.o)
                              C:\nburn\lib\NetBurner.a(netinterface.o) (AddEthernetInterface())
C:\nburn\lib\MOD5234.a(etherprint.o)
                              C:\nburn\lib\MOD5234.a(ethernet.o) (EtherLink())
C:\nburn\lib\MOD5234.a(emulticast.o)
                              C:\nburn\lib\MOD5234.a(ethernet.o) (EthEnableMulticast(MACADR))
c:/nburn/gcc-m68k/bin/../lib/gcc/m68k-elf/4.2.1/../../../../m68k-elf/lib/m5208\libstdc++.a(new_opv.o)
                              stepper.o (operator new[](unsigned long))
c:/nburn/gcc-m68k/bin/../lib/gcc/m68k-elf/4.2.1/../../../../m68k-elf/lib/m5208\libstdc++.a(del_op.o)
                              stepper.o (operator delete(void*))
c:/nburn/gcc-m68k/bin/../lib/gcc/m68k-elf/4.2.1/../../../../m68k-elf/lib/m5208\libstdc++.a(eh_personality.o)
                              c:/nburn/gcc-m68k/bin/../lib/gcc/m68k-elf/4.2.1/../../../../m68k-elf/lib/m5208\libstdc++.a(new_opv.o) (__cxa_call_unexpected)
c:/nburn/gcc-m68k/bin/../lib/gcc/m68k-elf/4.2.1/../../../../m68k-elf/lib/m5208\libstdc++.a(eh_alloc.o)
                              c:/nburn/gcc-m68k/bin/../lib/gcc/m68k-elf/4.2.1/../../../../m68k-elf/lib/m5208\libstdc++.a(eh_personality.o) (__cxa_allocate_exception)
[...]
Memory Configuration

Name             Origin             Length             Attributes
ram              0x02000000         0x00800000         xrw
SRAM             0x20000400         0x0000fc00         xrw
*default*        0x00000000         0xffffffff

Linker script and memory map

LOAD c:/nburn/gcc-m68k/bin/../lib/gcc/m68k-elf/4.2.1/../../../../m68k-elf/lib/m5208\nb-crt0.o
LOAD c:/nburn/gcc-m68k/bin/../lib/gcc/m68k-elf/4.2.1/m5208/crtbegin.o
LOAD stepper.o
LOAD lcd.o
LOAD lab5.o
LOAD keypad.o
LOAD formdata.o
LOAD formcode.o
LOAD error_wrapper.o
LOAD htmldata.o
LOAD C:\nburn\MOD5234\lib\sys.ld
                0x20000000                vector_base = 0x20000000
                0x20010000                SRAM_END_ADDR = 0x20010000
                0x40000000                sim = 0x40000000
                0xffc04000                gConfigRec = 0xffc04000
                0xffc06000                UserParamBase = 0xffc06000
                0xffc00008                _RESET_ADDR = 0xffc00008
                0xffc08000                FlashAppBase = 0xffc08000
START GROUP
LOAD C:\nburn\lib\MOD5234.a
LOAD C:\nburn\lib\NetBurner.a
LOAD C:\nburn\lib\FatFile.a
LOAD C:\nburn\lib\rtl8711Library.a
LOAD C:\nburn\lib\debugLibrary.a
END GROUP
LOAD c:/nburn/gcc-m68k/bin/../lib/gcc/m68k-elf/4.2.1/../../../../m68k-elf/lib/m5208\libstdc++.a
LOAD c:/nburn/gcc-m68k/bin/../lib/gcc/m68k-elf/4.2.1/../../../../m68k-elf/lib/m5208\libm.a
LOAD c:/nburn/gcc-m68k/bin/../lib/gcc/m68k-elf/4.2.1/m5208\libgcc.a
LOAD c:/nburn/gcc-m68k/bin/../lib/gcc/m68k-elf/4.2.1/../../../../m68k-elf/lib/m5208\libc.a
LOAD c:/nburn/gcc-m68k/bin/../lib/gcc/m68k-elf/4.2.1/m5208\libgcc.a
LOAD c:/nburn/gcc-m68k/bin/../lib/gcc/m68k-elf/4.2.1/m5208/crtend.o
START GROUP
LOAD c:/nburn/gcc-m68k/bin/../lib/gcc/m68k-elf/4.2.1/../../../../m68k-elf/lib/m5208\libc.a
LOAD c:/nburn/gcc-m68k/bin/../lib/gcc/m68k-elf/4.2.1/m5208\libgcc.a
LOAD c:/nburn/gcc-m68k/bin/../lib/gcc/m68k-elf/4.2.1/../../../../m68k-elf/lib/m5208\libm.a
END GROUP
                0x00000000                __DYNAMIC = 0x0
                0x02800000                PROVIDE (__stack, 0x2800000)
                0x00000000                PROVIDE (hardware_init_hook, 0x0)
                0x00000000                PROVIDE (_hardware_init_hook, 0x0)
                0x00000000                PROVIDE (software_init_hook, 0x0)
                0x00000000                PROVIDE (_software_init_hook, 0x0)

.SRAM_SECT      0x20000400     0x8620
                0x20000400                SRAM_START = .
 *(SYS_VAR_SECT)
 SYS_VAR_SECT   0x20000400      0x238 C:\nburn\lib\NetBurner.a(ucos.o)
                0x2000052c                TimeTick
                0x2000051c                OSLockNesting
                0x20000526                OSRunning
                0x20000508                OSTCBList
                0x20000530                OSMapTbl
                0x20000528                Secs
                0x20000514                OSTCBFreeList
                0x20000527                OSShowTasksOnLeds
                0x20000524                OSISRLevel
                0x20000510                OSTCBHighRdy
                0x20000520                OSRdyGrp
                0x20000538                OSUnMapTbl
                0x20000500                OSRdyTbl
                0x20000518                OSIntNesting
                0x2000050c                OSTCBCur
                0x20000400                OSTCBPrioTbl
 SYS_VAR_SECT   0x20000638      0x1a8 C:\nburn\lib\NetBurner.a(ucosmain.o)
                0x2000064c                critical_count
                0x20000650                OSTCBTbl
 SYS_VAR_SECT   0x200007e0       0x1c C:\nburn\lib\NetBurner.a(fileio.o)
                0x200007f8                pExtraFdFunc
 SYS_VAR_SECT   0x200007fc       0x20 C:\nburn\lib\NetBurner.a(iosys.o)
                0x200007fc                read_file_sets
                0x2000080c                error_file_sets
                0x20000804                write_file_sets
                0x2000081c                SYS_VAR_SECT_END = .
                0x20000820                . = ALIGN (0x10)
 *fill*         0x2000081c        0x4 00
 *(IDLE_STK_SECT)
                0x20000820                IDLE_STK_SECT_END = .
                0x20000820                . = ALIGN (0x10)
 *(MAIN_STK_SECT)
 MAIN_STK_SECT  0x20000820     0x2000 C:\nburn\lib\NetBurner.a(main.o)
                0x20000820                MainStk
                0x20002820                MAIN_STK_SECT_END = .
                0x20002820                . = ALIGN (0x4)
 *(ETHER_VAR_SECT)
 ETHER_VAR_SECT
                0x20002820      0x110 C:\nburn\lib\MOD5234.a(ethernet.o)
                0x200028f6                TxcPosts
                0x200028fa                TxcSems
                0x20002820                EthernetMac
                0x200028ee                LastIsrStatus
                0x20002850                RxBD
                0x200028e0                TxBDFlag
                0x200028fe                RxIsr
                0x2000290c                PHY_addr
                0x200028f2                RxPosts
                0x2000290e                PHY_ID
                0x20002906                bEthLink
                0x200028d4                RxBDFlag
                0x200028ea                last_rxbd
                0x200028a0                RxBDpp
                0x20002908                phy_data_pd
                0x20002826                nTx
                0x20002902                TxIsr
                0x200028c8                TxBDpp
                0x20002830                TxBD
                0x20002930                ETHER_VAR_SECT_END = .
                0x20002930                . = ALIGN (0x10)
 *(ETHER_STK_SECT)
 ETHER_STK_SECT
                0x20002930     0x2000 C:\nburn\lib\MOD5234.a(ethernet.o)
                0x20002930                EtherSendStk
                0x20004930                ETHER_STK_SECT_END = .
                0x20004930                . = ALIGN (0x4)
 *(IP_VAR_SECT)
 IP_VAR_SECT    0x20004930       0x36 C:\nburn\lib\NetBurner.a(ip.o)
                0x20004932                bTTL_Default
                0x2000495e                next_arp_time
                0x20004934                ipRxFifo
                0x20004946                IcmpFifo
                0x20004930                wGlobalPktId
                0x20004952                pPromisciousPacketFunc
                0x2000495a                pFragFunc
                0x20004956                pMultiCastFunc
                0x20004962                delay
                0x2000494e                pMultiTick
                0x2000494a                pDHCPTick
 IP_VAR_SECT    0x20004966       0x74 C:\nburn\lib\NetBurner.a(udp.o)
                0x200049d6                UdpNetbiosNameServicePtr
                0x20004966                udp_fifos
                0x200049ce                pDHCPProcessFunction
                0x200049d2                pTaskPacketFunc
                0x200049ca                UDP_fifos_used
                0x200049da                IP_VAR_SECT_END = .
                0x200049e0                . = ALIGN (0x10)
 *fill*         0x200049da        0x6 00
 *(IP_STK_SECT)
 IP_STK_SECT    0x200049e0     0x2000 C:\nburn\lib\NetBurner.a(ip.o)
                0x200049e0                IPStk
                0x200069e0                IP_STK_SECT_END = .
                0x200069e0                . = ALIGN (0x4)
 *(TCP_VAR_SECT)
 TCP_VAR_SECT   0x200069e0       0x1e C:\nburn\lib\NetBurner.a(tcp.o)
                0x200069f0                TCP_TimerSemaphore
                0x200069e0                TCP_critical_section
                0x200069fe                TCP_VAR_SECT_END = .
                0x20006a00                . = ALIGN (0x10)
 *fill*         0x200069fe        0x2 00
 *(TCP_STK_SECT)
 TCP_STK_SECT   0x20006a00     0x2000 C:\nburn\lib\NetBurner.a(tcp.o)
                0x20006a00                TCPStk
                0x20008a00                TCP_STK_SECT_END = .
                0x20008a00                . = ALIGN (0x10)
 *(HTTP_STK_SECT)
                0x20008a00                HTTP_STK_SECT_END = .
                0x20008a00                . = ALIGN (0x10)
 *(FTP_STK_SECT)
                0x20008a00                FTP_STK_SECT_END = .
                0x20008a00                . = ALIGN (0x10)
 *(WIFI_STK_SECT)
                0x20008a00                WIFI_STK_SECT_END = .
                0x20008a00                . = ALIGN (0x10)
 *(PPP_STK_SECT)
                0x20008a00                PPP_STK_SECT_END = .
                0x20008a00                . = ALIGN (0x10)
 *(COMMAND_STK_SECT)
                0x20008a00                COMMAND_STK_SECT_END = .
                0x20008a00                . = ALIGN (0x4)
 *(USER_VAR_SECT)
                0x20008a00                USER_VAR_SECT_END = .
                0x20008a00                . = ALIGN (0x10)
 *(USER_STK_SECT)
                0x20008a00                USER_STK_SECT_END = .
                0x20008a00                BUFFERS_SECT_START = .
                0x20008a00                . = ALIGN (0x10)
 *(BUFFERS_VAR_SECT)
 BUFFERS_VAR_SECT
                0x20008a00       0x1c C:\nburn\lib\NetBurner.a(buffers.o)
                0x20008a00                FAST_BUFFER_POOL_SIZE
                0x20008a0e                free_fast_list
                0x20008a18                free_list_is_initialized
                0x20008a04                free_list
                0x20008a20                . = ALIGN (0x10)
 *fill*         0x20008a1c        0x4 00
                0x20008a20                BUFFERS_VAR_SECT_END = .
                0x20008a20                . = ALIGN (0x10)
                0x20008a20                SRAM_END = .

.text           0x02000000    0x37870
 *(.text)
 .text          0x02000000       0xaa c:/nburn/gcc-m68k/bin/../lib/gcc/m68k-elf/4.2.1/../../../../m68k-elf/lib/m5208\nb-crt0.o
                0x02000000                start
 *fill*         0x020000aa        0x2 00
 .text          0x020000ac       0x9c c:/nburn/gcc-m68k/bin/../lib/gcc/m68k-elf/4.2.1/m5208/crtbegin.o
 .text          0x02000148      0x5a8 stepper.o
                0x020003e8                Stepper::SetStartPeriod(unsigned int)
                0x020002cc                Stepper::GetStartPeriod()
                0x0200033c                Stepper::Step(int)
                0x02000510                Stepper::SetSlewPeriodUsingRPM(unsigned int)
                0x0200025c                Stepper::ConvertRPMToPeriodTicks(unsigned int)
                0x02000320                Stepper::GetCurrentPosition()
                0x02000304                Stepper::GetDesiredPosition()
                0x020002e8                Stepper::GetSlewPeriod()
                0x02000540                Stepper::Init(int, unsigned long, unsigned long)
                0x02000178                Stepper::build_table(unsigned long, unsigned long)
                0x02000160                Stepper::Stepper(int, int)
                0x0200028c                Stepper::Stop()
                0x02000380                Stepper::NewAccelTable()
                0x02000148                Stepper::Stepper(int, int)
                0x02000494                Stepper::SetSlewPeriod(unsigned int)
                0x02000464                Stepper::SetStartPeriodUsingRPM(unsigned int)
 .text          0x020006f0      0xe4e lcd.o
                0x02000708                Lcd::Lcd()
                0x020010c0                Lcd::move(unsigned char, unsigned char)
                0x02000b00                Lcd::Clear(unsigned char)
                0x02000758                Lcd::enable_lower()
                0x02000730                Lcd::set_rs_line(unsigned char)
                0x020006f0                Lcd::Lcd()
                0x020014b4                Lcd::PrintChar(unsigned char, char)
                0x0200121c                Lcd::print_char(unsigned char, char)
                0x0200095c                Lcd::send_cmd(unsigned char, unsigned char)
                0x02000720                Lcd::ShiftDisplayRight(unsigned char)
                0x02001418                Lcd::PrintString(unsigned char, char const*)
                0x020009e0                Lcd::Home(unsigned char)
                0x02001190                Lcd::MoveCursor(unsigned char, unsigned char)
                0x0200079c                Lcd::enable_upper()
                0x020007e0                Lcd::set_data_lines(unsigned char)
                0x020008d8                Lcd::send_data(unsigned char, unsigned char)
                0x02000c54                Lcd::Init(unsigned char)
                0x02000728                Lcd::ShiftDisplayLeft(unsigned char)
 *fill*         0x0200153e        0x2 00
 .text          0x02001540      0x39e lab5.o
                0x02001704                ValidateMinRPMImage
                0x020016b4                ValidateMaxRPMImage
                0x020015cc                DisplayMotorMode
                0x020017b8                UserMain
                0x02001664                ValidateRotationImage
                0x02001754                DisplayLameCounter
                0x02001614                ValidateDirectionImage
 *fill*         0x020018de        0x2 00
 .text          0x020018e0      0x254 keypad.o
                0x02001910                Keypad::GetLastButtonString()
                0x02001964                Keypad::Init()
                0x020018f0                Keypad::Keypad()
                0x02001ae8                Keypad::GetNewButtonString()
                0x020018e0                Keypad::Keypad()
                0x02001900                Keypad::GetLastButtonNumber()
                0x02001a50                Keypad::read_data()
                0x02001b18                Keypad::GetNewButtonNumber()
                0x02001934                Keypad::ButtonPressed()
 .text          0x02001b34      0x87a formdata.o
                0x02002388                FormData::~FormData()
                0x020022a8                FormData::SetMaxRPM(char*)
                0x02001df4                FormData::GetDirection()
                0x02001c74                FormData::IsRotationsValid()
                0x02001d94                FormData::GetMode()
                0x02001d34                FormData::IsMinRPMValid()
                0x02002118                FormData::SetRotations(char*)
                0x02002010                FormData::SetDirection(char*)
                0x0200239c                FormData::~FormData()
                0x02001fc4                FormData::Init(unsigned char)
                0x02002370                FormData::~FormData()
                0x02001eb0                FormData::GetSteps()
                0x02001b7c                FormData::SetSteps(char*)
                0x02001c14                FormData::IsDirectionValid()
                0x02001b58                FormData::FormData()
                0x020021e0                FormData::SetMinRPM(char*)
                0x02001f0c                FormData::GetMinRPM()
                0x02001f68                FormData::GetMaxRPM()
                0x02001b88                FormData::checkNumericString(char*)
                0x02001e54                FormData::GetRotations()
                0x02001cd4                FormData::IsMaxRPMValid()
                0x02001b34                FormData::FormData()
 *fill*         0x020023ae        0x2 00
 .text          0x020023b0      0x1e8 formcode.o
                0x020023c4                CheckExtractResult(char*, int, char*, char*, char*)
                0x020023b0                RegisterPost()
                0x02002430                MyDoPost(int, char*, char*, char*)
 .text          0x02002598      0x226 error_wrapper.o
                0x02002598                display_error(char const*, unsigned char)
 *fill*         0x020027be        0x2 00
 .text          0x020027c0       0x52 htmldata.o
                0x02002808                DoHtmlVariable(int, unsigned short)
                0x020027c0                DoHtmlFunction(int, char const*, unsigned short)
 *fill*         0x02002812        0x2 00
 .text          0x02002814      0x60c C:\nburn\lib\MOD5234.a(bsp.o)
                0x02002c18                _sbrk_r
                0x02002d80                HardwareSetup
                0x02002b9c                DisableCache
                0x02002d18                spaceleft
                0x02002c70                LocalInByte
                0x02002d64                ForceReboot
                0x02002a40                FlashProgram
                0x02002818                Tick5234
                0x02002d50                BspGetTickFraction
                0x02002814                xTick
                0x020029b0                FlashErase
                0x02002ca4                LocalOutByte
                0x02002c64                atexit
                0x02002908                GetPreciseTime
                0x02002bc0                EnableCache
                0x02002830                SetIntc
                0x02002cf4                LocalCharAvail
 .text          0x02002e20      0x4ee C:\nburn\lib\MOD5234.a(etpu_sm.o)
                0x02002f30                fs_etpu_sm_disable
                0x02002ed4                fs_etpu_sm_set_sp
                0x02002e20                fs_etpu_sm_get_flags
                0x02002ef8                fs_etpu_sm_set_dp
                0x02002eb0                fs_etpu_sm_set_st
                0x02002e78                fs_etpu_sm_get_st
                0x02003110                fs_etpu_sm_init
                0x02002fa8                fs_etpu_sm_enable
                0x0200309c                fs_etpu_sm_table
                0x02002e5c                fs_etpu_sm_get_dp
                0x02002e94                fs_etpu_sm_get_sp
                0x02002e40                fs_etpu_sm_get_cp
 *fill*         0x0200330e        0x2 00
 .text          0x02003310      0x75a C:\nburn\lib\MOD5234.a(etpu_util.o)
                0x020038a0                fs_etpu_get_global_24
                0x020035f0                fs_etpu_set_chan_local_32
                0x02003490                fs_timer_start
                0x02003800                fs_etpu_set_global_32
                0x02003790                fs_etpu_get_chan_local_16
                0x020034ac                fs_etpu_malloc
                0x020036a4                fs_etpu_set_chan_local_8
                0x02003310                fs_etpu_data_ram
                0x02003838                fs_etpu_set_global_16
                0x02003870                fs_etpu_get_global32
                0x020036e0                fs_etpu_get_chan_local_32
                0x02003750                fs_etpu_get_chan_local_24
                0x020037c8                fs_etpu_get_chan_local_8
                0x02003718                fs_etpu_get_chan_local_24s
                0x02003580                fs_etpu_malloc2
                0x0200381c                fs_etpu_set_global_24
                0x020034e0                fs_etpu_chan_init
                0x02003854                fs_etpu_set_global_8
                0x02003440                fs_etpu_dma_enable
                0x02003368                fs_etpu_get_hsr
                0x02003888                fs_etpu_get_global_24s
                0x02003418                fs_etpu_interrupt_disable
                0x020038d4                fs_etpu_get_global_8
                0x020038ec                fs_memset32
                0x02003668                fs_etpu_set_chan_local_16
                0x02003910                fs_memcpy32
                0x020033c8                fs_etpu_disable
                0x020033f0                fs_etpu_interrupt_enable
                0x0200362c                fs_etpu_set_chan_local_24
                0x02003340                fs_etpu_set_hsr
                0x02003944                fs_etpu_init
                0x020038bc                fs_etpu_get_global_16
                0x02003390                fs_etpu_enable
                0x02003468                fs_etpu_dma_disable
 *fill*         0x02003a6a        0x2 00
 .text          0x02003a6c     0x1cf2 C:\nburn\lib\MOD5234.a(pins.o)
                0x02004adc                PinIO::set(unsigned char)
                0x02003a6c                PinIO::function(int)
                0x020046b0                PinIO::drive()
                0x020056fc                CReadPin
                0x02004048                PinIO::read()
                0x02005720                CGPInPin
 *fill*         0x0200575e        0x2 00
 .text          0x02005760      0x5ec C:\nburn\lib\MOD5234.a(ioboard.o)
                0x02005b48                putleds
                0x020057b4                putdisp
                0x0200580c                ModDev70Detect()
                0x020058c0                getdipsw
                0x02005760                InitChipBoardSelect()
 .text          0x02005d4c      0x126 C:\nburn\lib\MOD5234.a(ETPUinit.o)
                0x02005dc8                MOD5234_etpu_init
                0x02005e38                eTPUInit
                0x02005d4c                MOD5234_etpu_start
 *fill*         0x02005e72        0x2 00
 .text          0x02005e74     0x1a20 C:\nburn\lib\MOD5234.a(ETPU.o)
                0x020061d0                fake_ETPU_CH8()
                0x020063d4                real_ETPU_CH12
                0x02006290                real_ETPU_CH9
                0x02006090                ETPU_CH5
                0x02006318                ETPU_CH11
                0x0200608c                fake_ETPU_CH5()
                0x02005fb8                ETPU_CH3
                0x0200743c                eTPUFunctionUARTRX
                0x02006d2c                eTPUInitFIFO
                0x0200645c                ETPU_CH14
                0x02006440                real_ETPU_CH13
                0x02006964                eTPUReadUART
                0x02006bf4                eTPUDoISR(int)
                0x0200623c                fake_ETPU_CH9()
                0x02006ee0                ETPU_UART_FD_CLOSE(int)
                0x02006224                real_ETPU_CH8
                0x020062fc                real_ETPU_CH10
                0x02006620                eTPURecordInit()
                0x02005fb4                fake_ETPU_CH3()
                0x02006f80                eTPUInterruptEnable
                0x020061b8                real_ETPU_CH7
                0x02005ec8                real_ETPU_CH0
                0x02006d6c                eTPUDriveGPIO
                0x02006a84                eTPUgetCharUART
                0x02006458                fake_ETPU_CH14()
                0x02007710                eTPUFDUartOpen
                0x020063ec                fake_ETPU_CH13()
                0x020060f8                fake_ETPU_CH6()
                0x02006164                fake_ETPU_CH7()
                0x02006168                ETPU_CH7
                0x02006530                fs_timer_stop
                0x02006b64                ETPU_UART_FD_WRITE(int, char const*, int)
                0x02006f38                eTPUFunctionGPIO
                0x02006368                real_ETPU_CH11
                0x020065b4                eTPUEventClear
                0x02005f9c                real_ETPU_CH2
                0x020064c4                fake_ETPU_CH15()
                0x02006020                fake_ETPU_CH4()
                0x02006074                real_ETPU_CH4
                0x02006024                ETPU_CH4
                0x02005e74                fake_ETPU_CH0()
                0x02006384                ETPU_CH12
                0x02006518                real_ETPU_CH15
                0x02005e78                ETPU_CH0
                0x020064ac                real_ETPU_CH14
                0x020075b0                eTPUFunctionUARTTX
                0x020062ac                ETPU_CH10
                0x02005f48                fake_ETPU_CH2()
                0x02006ea8                eTPUCloseChannel
                0x020060e0                real_ETPU_CH5
                0x02006930                eTPUCharAvailUART
                0x02006240                ETPU_CH9
                0x020069f4                ETPU_UART_FD_READ(int, char*, int)
                0x020064c8                ETPU_CH15
                0x02006314                fake_ETPU_CH11()
                0x02006dbc                eTPUSetGPIO
                0x020060fc                ETPU_CH6
                0x020063f0                ETPU_CH13
                0x02005f4c                ETPU_CH2
                0x02005edc                fake_ETPU_CH1()
                0x02005f30                real_ETPU_CH1
                0x0200654c                eTPUInterruptDisable
                0x02005ee0                ETPU_CH1
                0x020065d4                eTPUEventPoll
                0x02006008                real_ETPU_CH3
                0x02006860                eTPUChanInit(int)
                0x0200614c                real_ETPU_CH6
                0x020061d4                ETPU_CH8
                0x02006380                fake_ETPU_CH12()
                0x020062a8                fake_ETPU_CH10()
                0x02006aa4                eTPUWriteUART
                0x02006e10                eTPUInputGPIO
 .text          0x02007894      0x26e C:\nburn\lib\MOD5234.a(etpu_gpio.o)
                0x020079d4                fs_etpu_gpio_pin_history
                0x02007894                fs_etpu_gpio_output_high
                0x02007a94                fs_etpu_gpio_init
                0x020079f8                fs_etpu_gpio_cfg_input_periodic
                0x020079b0                fs_etpu_gpio_input_immed
                0x02007934                fs_etpu_gpio_cfg_input_trans
                0x020078dc                fs_etpu_gpio_output
                0x020078b8                fs_etpu_gpio_output_low
 *fill*         0x02007b02        0x2 00
 .text          0x02007b04      0x310 C:\nburn\lib\MOD5234.a(etpu_uart.o)
                0x02007b3c                fs_etpu_uart_write_transmit_data
                0x02007b04                fs_etpu_uart_read_receive_data
                0x02007b64                fs_etpu_uart_init
 *fill*         0x02007e14        0xc 00
 .text          0x02007e20      0x44a C:\nburn\lib\NetBurner.a(ucosmcfa.o)
                0x02007f00                OSDebugTraceHalt
                0x02007e20                OSStartHighRdy
                0x02007f10                TrapOutByte
                0x02007f40                memcpy
                0x02007f40                fmemcpy
                0x02007e40                OSCtxSw
                0x02007f30                TrapCharAvail
                0x02007e70                OSIntCtxSw
                0x02007f20                TrapInByte
                0x02007ea0                OSTickISR
                0x02008010                memcpysum
                0x02007ee0                OSSetupVBR
                0x02008240                GetSR_IntLevel
                0x020081a0                memset
                0x020081a0                fmemset
                0x02008250                SetSR_IntLevel
 *fill*         0x0200826a        0x2 00
 .text          0x0200826c     0x1e5c C:\nburn\lib\NetBurner.a(ucos.o)
                0x02008724                OSCritEnterNoWait
                0x020088fe                UCOSWAITS_HERE
                0x02008c1c                OSFifoPostFirst
                0x02008964                OSCritLeave
                0x020086d0                getpid
                0x020083f4                OSLock
                0x02009070                OSQPostFirst
                0x02008798                OSTaskID
                0x020085b8                OSQPendNoWait
                0x020087b0                OSSetName
                0x020087d8                OSIntExit
                0x0200847c                OSSemPendNoWait
                0x02009bb8                OSTaskDelete
                0x02009dd4                OSUnlock
                0x020086e8                OSCritInit
                0x02009210                OSQPost
                0x02008a7c                OSCritEnter
                0x02008edc                OSFifoPend
                0x02009a18                OSSemPend
                0x020084bc                OSMboxInit
                0x02009590                OSMboxPost
                0x02008634                OSFifoInit
                0x020093a8                OSQPend
                0x02008874                OSSched
                0x02009e08                OSTimeDly
                0x0200988c                OSSemPost
                0x02009cd0                OSChangePrio
                0x020083c4                OSTCBGetFree
                0x0200826c                OSIntEnterWAS
                0x02008504                OSMboxPendNoWait
                0x02008d7c                OSFifoPost
                0x0200841c                OSSemInit
                0x02009ed0                OSStart
                0x020082b4                OSTimeTick
                0x02008544                OSQInit
                0x020087c4                OSTaskName
                0x02008680                OSFifoPendNoWait
                0x020096f8                OSMboxPend
                0x02009f4c                OSInit
                0x02008294                OSChangeTaskDly
 .text          0x0200a0c8      0x16c C:\nburn\lib\NetBurner.a(ucosmain.o)
                0x0200a1a4                __malloc_unlock
                0x0200a0c8                UCosBegin
                0x0200a1c4                balloc_lock
                0x0200a204                UCosSetup
                0x0200a188                balloc_unlock
                0x0200a1e4                __malloc_lock
 .text          0x0200a234      0x5f8 C:\nburn\lib\NetBurner.a(fileio.o)
                0x0200a3c4                ioctl
                0x0200a234                isatty
                0x0200a31c                CurrentStdioFD
                0x0200a394                lseek
                0x0200a26c                ReplaceStdio
                0x0200a430                write
                0x0200a250                fstat
                0x0200a560                rawwrite
                0x0200a76c                stdioinbyte
                0x0200a5e4                read
                0x0200a34c                outbyte
                0x0200a3ac                open
                0x0200a364                charavail
                0x0200a340                fcntl
                0x0200a7e4                close
 .text          0x0200a82c       0xb6 C:\nburn\lib\NetBurner.a(main.o)
                0x0200a864                main
                0x0200a82c                __do_global_ctors
 *fill*         0x0200a8e2        0x2 00
 .text          0x0200a8e4     0x186a C:\nburn\lib\NetBurner.a(ip.o)
                0x0200ad34                FixUpICMP(IPPKT*, unsigned char, unsigned char, unsigned char*, unsigned short)
                0x0200aaa4                IsMultiCast(unsigned long)
                0x0200b5e0                FixHeaderAndSend(pool_buffer*, IPPKT*)
                0x0200afdc                DoIPPacket(pool_buffer*, EFRAME*, unsigned short)
                0x0200a9a0                GetSum20
                0x0200b8c8                PingViaInterface
                0x0200af7c                SaveError(pool_buffer*)
                0x0200b2f4                process_icmp(pool_buffer*, IPPKT*, unsigned short)
                0x0200abe0                IpProcessEthernetPacket
                0x0200b1a8                FixHeaderAndSendViaInterface(pool_buffer*, IPPKT*, int)
                0x0200ba0c                ShowIPBuffer(pool_buffer*)
                0x0200b734                SendICMPError(pool_buffer*, unsigned char, unsigned char)
                0x0200ae4c                InitializeStack(unsigned long, unsigned long, unsigned long, unsigned long)
                0x0200aaf4                GetData(IPPKT*)
                0x0200af70                InitializeCStack
                0x0200b9d8                Ping
                0x0200a8e4                GetSum
                0x0200afc0                IsMyIp
                0x0200adf0                IsBroadCast(unsigned long, int)
                0x0200ad9c                KillStack
                0x0200ab20                PrepareIPOutput(pool_buffer*, unsigned long, unsigned short)
                0x0200aac4                GetMultiAddress(unsigned long)
                0x0200b804                SendPing
                0x0200a9d8                GetSumHdr
                0x0200ada8                IsLocal(unsigned long, int)
                0x0200b410                IPTask(void*)
 *fill*         0x0200c14e        0x2 00
 .text          0x0200c150      0xec8 C:\nburn\lib\NetBurner.a(buffers.o)
                0x0200c610                fifo_buffer_storage::Full()
                0x0200c700                ShowBuffer
                0x0200c9e4                fifo_buffer_storage::Reset(unsigned char)
                0x0200c234                InitBuffers
                0x0200c360                buffer_list::InsertBefore(pool_buffer*, pool_buffer*)
                0x0200c538                GetBuffer
                0x0200c6e0                fifo_buffer_storage::fifo_buffer_storage(unsigned char, unsigned char)
                0x0200c5f8                fifo_buffer_storage::Empty()
                0x0200ce5c                fifo_buffer_storage::ReadDatawSum(unsigned char*, int, unsigned long&)
                0x0200c5e4                fifo_buffer_storage::SpaceUsed()
                0x0200c150                ShowBuffers()
                0x0200c17c                buffer_list::InsertHead(pool_buffer*)
                0x0200c82c                GetFreeCount
                0x0200c160                IncUsageCount
                0x0200c6c0                fifo_buffer_storage::fifo_buffer_storage(unsigned char, unsigned char)
                0x0200c2fc                buffer_list::InsertTail(pool_buffer*)
                0x0200caa4                fifo_buffer_storage::~fifo_buffer_storage()
                0x0200cb94                fifo_buffer_storage::SetMaxBuffers(unsigned char)
                0x0200c8a4                fifo_buffer_storage::ReadData(unsigned char*, int)
                0x0200c658                fifo_buffer_storage::Init(unsigned char, unsigned char)
                0x0200c158                DumpBuffers()
                0x0200c4d0                buffer_list::RemoveHead()
                0x0200c448                buffer_list::Remove(pool_buffer*)
                0x0200c584                buffer_list::RemoveTail()
                0x0200cab8                fifo_buffer_storage::LongSpaceAvail()
                0x0200cc24                fifo_buffer_storage::WriteData(unsigned char*, int)
                0x0200c1ec                FreeBuffer
                0x0200c3d4                buffer_list::InsertAfter(pool_buffer*, pool_buffer*)
                0x0200cb70                fifo_buffer_storage::SpaceAvail()
                0x0200ca90                fifo_buffer_storage::~fifo_buffer_storage()
 .text          0x0200d018     0x17f0 C:\nburn\lib\NetBurner.a(arp.o)
                0x0200dd34                FindAddArp(unsigned long)
                0x0200d16c                sendGratuitousArp(int)
                0x0200d040                MacEqual(MACADR, MACADR)
                0x0200d374                InitializeArp()
                0x0200d41c                FindArp(unsigned long)
                0x0200d678                SendArp(ArpRecord*, int)
                0x0200d328                GetInterface(unsigned long)
                0x0200e624                AddCheckArp(MACADR*, unsigned long, int)
                0x0200d0a0                SetMac(ArpRecord*, MACADR, int)
                0x0200db70                DeleteArpFromIp(unsigned long)
                0x0200d520                GetArpMacFromIp(unsigned long, MACADR&)
                0x0200e170                RouteOutVia(EFRAME*, unsigned long, pool_buffer*, int)
                0x0200d5d4                GetProperInterface(unsigned long)
                0x0200dc84                FreeOneArp()
                0x0200e6b0                processArp(pool_buffer*, EFRAME*)
                0x0200d130                NeedsArp(int)
                0x0200d7a8                GetNextArp(ArpRecord*)
                0x0200d23c                RawSendArp(ArpRecord*, unsigned long, int)
                0x0200db90                AgeArp()
                0x0200e37c                RouteOut(EFRAME*, unsigned long, pool_buffer*)
                0x0200d870                ShowArp()
                0x0200d9b0                DeleteArp(ArpRecord*)
                0x0200d818                GetFirstArp()
                0x0200d6e4                GetSrcIp
                0x0200dfd0                IsMyAddressUsedArpDetect(unsigned short, int)
                0x0200d038                Cleanup()
                0x0200d018                IsNull(ArpRecord*)
                0x0200d904                fShowArp(__sFILE*)
                0x0200d578                AddPending(MACADR*, unsigned long, int)
 .text          0x0200e808     0x12f8 C:\nburn\lib\NetBurner.a(udp.o)
                0x0200f040                UDPPacket::Send(unsigned long, unsigned char)
                0x0200e950                UDPPacket::SetDestinationPort(unsigned short)
                0x0200ea14                UDPPacket::GetPacketId()
                0x0200ea60                UDPPacket::GetSourceAddress()
                0x0200f780                UDPPacket::UDPPacket()
                0x0200ee10                UDPPacket::AddDataByte(unsigned char)
                0x0200f158                UDPPacket::SendAndKeep(unsigned long, unsigned char)
                0x0200ed64                UDPPacket::AddData(unsigned char*, unsigned short)
                0x0200ea84                RegisterUDPFifo(unsigned short, os_fifo*)
                0x0200ee58                UDPPacket::AddData(char const*)
                0x0200e87c                UDPPacket::UDPPacket(pool_buffer*)
                0x0200ef18                UDPPacket::SendViaInterface(unsigned long, int, unsigned char)
                0x0200e9fc                UDPPacket::GetIpPacket()
                0x0200f1c8                UDPPacket::~UDPPacket()
                0x0200e808                GetUdpFifoRec(unsigned short)
                0x0200e98c                UDPPacket::GetDataBuffer()
                0x0200eb4c                RegisterUDPFifoWithNotify(unsigned short, os_fifo*, void (*)(os_fifo*, unsigned short))
                0x0200e8c8                UDPPacket::UDPPacket(pool_buffer*)
                0x0200e9c0                UDPPacket::GetDataSize() const
                0x0200f234                ProcessIDPacket(UDPPacket&, int)
                0x0200ee34                UDPPacket::AddDataWord(unsigned short)
                0x0200f7c4                process_udp(pool_buffer*, IPPKT*, unsigned short)
                0x0200ee88                UDPPacket::Validate()
                0x0200e96c                UDPPacket::GetDestinationPort() const
                0x0200ec14                UnregisterUDPFifo(unsigned short)
                0x0200fa40                UDPPacket::UDPPacket(os_fifo*, unsigned long)
                0x0200e9a0                UDPPacket::SetDataSize(unsigned short)
                0x0200e9e8                UDPPacket::ResetData()
                0x0200f1a0                UDPPacket::~UDPPacket()
                0x0200faa0                UDPPacket::UDPPacket(os_fifo*, unsigned long)
                0x0200e914                UDPPacket::SetSourcePort(unsigned short)
                0x0200e930                UDPPacket::GetSourcePort() const
                0x0200ecdc                FixIDDataPacket(UDPPacket&, int)
                0x0200f1f0                UDPPacket::UDPPacket()
                0x0200ea3c                UDPPacket::GetDestinationAddress()
 .text          0x0200fb00     0x51ae C:\nburn\lib\NetBurner.a(tcp.o)
                0x02011250                SendTcpRst(IPPKT*)
                0x0201010c                GetTcpState(int)
                0x02010140                GetTcpDState
                0x02011494                InitTCP()
                0x02013cd0                _Socket_Private_read
                0x020100c0                ShortSocketList::ShortSocketList()
                0x02010174                SetOutOfOrderbuffers(int, unsigned char)
                0x0200fd40                GetSocketRemotePort(int)
                0x020109b0                socket_struct::MyAdvertisedWindow()
                0x02010804                SetSocketTxBuffers(int, int)
                0x0200fe54                setsockoption(int, int)
                0x02010d04                TcpSend(socket_struct*, unsigned long, pool_buffer*, unsigned short, unsigned char)
                0x02014b80                TCPTimerTask(void*)
                0x02014980                process_tcp(pool_buffer*, IPPKT*, unsigned short)
                0x020123e0                socket_struct::ProcessRST()
                0x020101b8                TcpGetLastRxTime(int)
                0x020131f4                abortsocket
                0x0201410c                socket_struct::ProcessDataSegment(TCPPKT*, unsigned short, unsigned char*, pool_buffer*&)
                0x02011b14                HashSocketList::RemoveSocket(socket_struct*) const
                0x020138d8                _Socket_Private_write
                0x0200fe8c                getsockoption(int)
                0x02012dd4                socket_struct::ProcessAck(TCPPKT*)
                0x02013e2c                socket_struct::SaveData(unsigned char*, unsigned short, unsigned char)
                0x02011804                GetTcpRtxCount(int)
                0x0200fc64                fixoverlap(unsigned long, unsigned long, unsigned long&, unsigned long&)
                0x02010784                socket_struct::SetTimer(unsigned long)
                0x020138b0                connect(unsigned long, unsigned short, unsigned short, unsigned long)
                0x0200ff18                HashSocketList::HashSocketList()
                0x02011d58                GetTcpSocket(TCPPKT*, unsigned long)
                0x02010404                TcpGetRxBufferSpaceUsed(int)
                0x02012610                socket_struct::DoRawSend()
                0x02010444                ShowFdTcpSocket(int)
                0x02010708                socket_struct::ClearPending(int)
                0x02011878                ShortSocketList::findsocket(unsigned short, unsigned short, unsigned long) const
                0x0201351c                connect(unsigned long, unsigned short, unsigned short, unsigned long, unsigned long)
                0x02011790                TcpSendKeepAlive(int)
                0x0200fce0                getsocketerror(int)
                0x0200ff00                EnableTcpDebug(unsigned short)
                0x02014a8c                socket_struct::ProcessTimer()
                0x020124ec                socket_struct::SetUpNextRetransmit()
                0x0200ff10                HashSocketList::HashSocketList()
                0x02013b00                SockReadWithTimeout
                0x02011724                GetFreeSocketCount()
                0x02013080                socket_struct::ProcessFIN(TCPPKT*, unsigned short)
                0x02010a28                FixHeaderAndSendTcp(pool_buffer*, IPPKT*, socket_struct*)
                0x0200febc                setsocketackbuffers(int, unsigned char)
                0x0200fe34                socket_struct::CleanUpDeletedListener()
                0x0200fc20                FindListenSocket(unsigned short, unsigned long)
                0x02010b10                TcpSendwSum(socket_struct*, unsigned long, pool_buffer*, unsigned short, unsigned char, unsigned long)
                0x02011e10                socket_struct::DoCleanup()
                0x02013f1c                socket_struct::TestOutofOrder()
                0x02010228                TcpGetLastRxInterval(int)
                0x0200fb00                GetFirstSeq()
                0x02011690                FREESOCKET(socket_struct*)
                0x02011fe8                ShortSocketList::AddSocket(socket_struct*)
                0x02012cbc                socket_struct::DoRetransmit(unsigned char)
                0x020100d0                ShortSocketList::Init()
                0x0201191c                ShortSocketList::processTick()
                0x02013cec                _Socket_Private_close
                0x020121ac                accept(int, unsigned long*, unsigned short*, unsigned short)
                0x020100c8                ShortSocketList::ShortSocketList()
                0x02010844                SetSocketRxBuffers(int, int)
                0x02013414                listen(unsigned long, unsigned short, unsigned char)
                0x0200ff20                HashSocketList::Init() const
                0x0200ff38                ShortSocketList::GetFreeShort()
                0x0200fd10                GetSocketRemoteAddr(int)
                0x02011c80                HashSocketList::findsocket(unsigned short, unsigned short, unsigned long) const
                0x02010398                WaitForSocketFlush(int, unsigned long)
                0x0200ff08                DumpTcpPacket(IPPKT*)
                0x020120f0                RemoveFromUserCloseList(socket_struct*)
                0x0200fb44                ValidateTCP(IPPKT*, unsigned short)
                0x020119cc                ShortSocketList::process(pool_buffer*, TCPPKT*, unsigned long) const
                0x0200fb30                socket_struct::SetState(int)
                0x020108cc                socket_struct::processoptions(pool_buffer*, TCPPKT*, IPPKT*)
                0x020129c8                socket_struct::DoClose(int)
                0x02013328                GetFreeSocket()
                0x0200fd70                GetSocketLocalPort(int)
                0x02011bcc                HashSocketList::AddSocket(socket_struct*) const
                0x02010080                ShortSocketList::FreeShort(ShortSocket*) const
                0x0200fda0                socket_struct::CalcRTO(unsigned long)
                0x020111f8                socket_struct::OpenWindow()
                0x02011364                SendTcpSynRst(IPPKT*)
                0x02010348                TcpAllDataAcked(int)
                0x02012948                clrsockoption(int, int)
                0x020101ec                TcpGetSocketState(int)
                0x0200fef8                DumpTcpDebug()
                0x02010884                GetSocketLocalAddr(int)
                0x020142cc                socket_struct::process(pool_buffer*, TCPPKT*)
                0x02010148                RegisterTCPReadNotify
                0x02010d94                socket_struct::SendState(unsigned short, pool_buffer*)
 *fill*         0x02014cae        0x2 00
 .text          0x02014cb0      0x1b4 C:\nburn\lib\NetBurner.a(extraio.o)
                0x02014ce0                ExpandWrite(int, char const*, int)
                0x02014d10                ExpandClose(int)
                0x02014d40                InitExtras()
                0x02014d7c                GetExtraFD
                0x02014cb0                ExpandRead(int, char*, int)
                0x02014df8                FreeExtraFd
                0x02014e30                GetExtraData
 .text          0x02014e64      0x30c C:\nburn\lib\NetBurner.a(http.o)
                0x02014e64                StartHTTP
                0x02014f9c                HttpMain(void*)
                0x02014ea8                processHttpRequest(char**, char*, char*, int, HTTP_Request&)
 .text          0x02015170      0xbee C:\nburn\lib\NetBurner.a(httpinternal.o)
                0x020151a8                SetNewPostHandler
                0x02015848                BaseDoGet
                0x020151f0                SetNewMultiPartHandler
                0x020155b0                SendHTMLHeader
                0x02015178                append(char*&, char*)
                0x02015208                SetNewMultiPartExtractHandler
                0x0201597c                HTTP_Request::Respond(int)
                0x020156e4                writesafestring
                0x020157f4                ShowIPOnFd(int, unsigned long)
                0x020154f0                SendGifHeader
                0x0201550c                SendTextHeader
                0x02015528                BaseDoHead
                0x02015454                NotFoundResponse
                0x0201519c                BaseDoPost
                0x02015220                SetNewErrorHandler
                0x0201526c                ExtractPostData
                0x020154a8                RedirectResponse
                0x02015ab0                HTTP_Request::ProcessLine(char*)
                0x020151c0                SetNewGetHandler
                0x02015170                StopHTTP
                0x02015238                InitHttp()
                0x020151d8                SetNewHeadHandler
                0x020155cc                writeallsafestring
                0x02015930                SendHTMLHeaderWCookie
                0x02015400                httpstricmp
 *fill*         0x02015d5e        0x2 00
 .text          0x02015d60      0x910 C:\nburn\lib\NetBurner.a(htmldecomp.o)
                0x02015dc8                SendHtml(int, char*, int, char const*)
                0x020160a0                SendData(HTML_FILE_RECORD*, int, char const*)
                0x02016138                GetRecordFromName(char*)
                0x02015d60                SendHeader(int, char const*, int)
                0x02016404                SendFullResponse(char*, int)
                0x020161b8                SendFileFragment(char*, int, char const*)
                0x02015dbc                SendCompressed(int, char*, int)
                0x020161e4                SendHeaderResponse(char*, int)
                0x02015da0                SendXMLHeader(int)
 .text          0x02016670      0x69e C:\nburn\lib\NetBurner.a(iosys.o)
                0x02016aac                SetDataAvail
                0x0201694c                writeall
                0x020169ac                RawCheckSelects()
                0x02016a58                SetHaveError
                0x02016ae8                RemoveSelect(PendingSelect*)
                0x02016a70                SetWriteAvail
                0x0201683c                ZeroWaitSelect
                0x02016b68                AddSelect(PendingSelect*)
                0x02016790                FD_ISSET
                0x02016738                ClrDataAvail
                0x02016bc0                select
                0x02016720                ClrWriteAvail
                0x02016a24                CheckSelects()
                0x020168f0                writestring
                0x02016800                countbits(fd_set*)
                0x02016670                FD_OVERLAP(fd_set*, fd_set*)
                0x020168c0                dataavail
                0x020166ac                FD_ZERO
                0x02016750                FD_SET
                0x02016708                ClrHaveError
                0x020167dc                countdwbits(unsigned long)
                0x02016c60                ReadWithTimeout
                0x020166c4                FD_CLR
 *fill*         0x02016d0e        0x2 00
 .text          0x02016d10      0x42a C:\nburn\lib\NetBurner.a(netinterface.o)
                0x0201707c                InitializeNetwork(void (*)(pool_buffer*, EFRAME*, unsigned short), void (*)(pool_buffer*, EFRAME*))
                0x02016da0                InterfaceIP(int)
                0x02016e94                GetEframe(pool_buffer*)
                0x0201701c                SaveIfConfig(ConfigRecord*, int)
                0x02016d10                GetFirstInterface()
                0x0201704c                GetIfConfig(int)
                0x02016e50                InterfaceMAC(int)
                0x02016d74                GetInterFaceBlock(int)
                0x02016dcc                InterfaceDNS(int)
                0x02016df8                InterfaceMASK(int)
                0x02016d30                GetnextInterface(int)
                0x020170d8                TransmitBuffer(pool_buffer*, int)
                0x02016f00                DisableMulticast(MACADR, int)
                0x02016f60                RegisterInterface(_InterfaceBlock*)
                0x02016ea8                EnableMulticast(MACADR, int)
                0x02016fe8                Removeinterface(int)
                0x02016f58                StopNetworks()
                0x02016e24                InterfaceGate(int)
 *fill*         0x0201713a        0x2 00
 .text          0x0201713c      0x5c8 C:\nburn\lib\NetBurner.a(taskmon.o)
                0x02017644                ProcessTaskPacket(UDPPacket&, int)
                0x0201713c                EnableTaskMonitor()
                0x02017150                BufferDumpTCBState(os_tcb*)
 .text          0x02017704      0x538 C:\nburn\lib\NetBurner.a(autoupdate.o)
                0x02017b8c                ProcessAutoUpdatePacket(UDPPacket&)
                0x020178c0                DoData(UDPPacket&)
                0x02017704                EnableAutoUpdate
                0x02017718                DoReboot()
                0x02017748                DoExecute(UDPPacket&, int)
                0x020179b0                DoStart(UDPPacket&)
 .text          0x02017c3c       0x52 C:\nburn\lib\NetBurner.a(device.o)
                0x02017c5c                DeviceInitializeSem
                0x02017c3c                DeviceGetQspiSem()
                0x02017c4c                DeviceGetI2cSem()
 *fill*         0x02017c8e        0x2 00
 .text          0x02017c90      0x320 C:\nburn\lib\NetBurner.a(ucosmcfc.o)
                0x02017f78                OSTaskCreate
                0x02017fa4                TopOfStackKillfunction
                0x02017d4c                OSTaskCreatewName
                0x02017c90                OSTCBInit
                0x02017fa8                KillFunctionLink
 .text          0x02017fb0      0x6d8 C:\nburn\lib\NetBurner.a(system.o)
                0x02018028                GetUserParameters
                0x02018388                UpdateConfigRecord_Num
                0x02017ffc                RawGetConfig
                0x02017fb0                isvalidcr
                0x02018544                SetupDialog
                0x020180a0                ReadLine
                0x02018530                UpdateConfigRecord
                0x02018260                IpQuestion
                0x02018314                SaveUserParameters
                0x02018038                ShowChange
 .text          0x02018688      0xbe0 C:\nburn\lib\NetBurner.a(utils.o)
                0x02019074                fShowMac
                0x02018878                FancyDump(unsigned char*, int)
                0x02019104                ShowCounters
                0x020187c0                convertHexAsciiToBinary
                0x02018a38                ShowData
                0x02018688                kill
                0x0201916c                fShowCounters
                0x02019034                fShowIP
                0x02018698                _fini
                0x020189a4                ShowIP
                0x020186a4                AsciiToIp
                0x020191e4                sShowCounters
                0x020190d0                DiagMenuPicker(int, unsigned char)
                0x020189e0                ShowMac
                0x02018728                convertBinaryToHexAscii
                0x02018860                __builtin_delete
                0x02018690                _exit
 .text          0x02019268     0x1aaa C:\nburn\lib\MOD5234.a(serial.o)
                0x0201ac98                real_SER0_ISR
                0x02019268                WakeTx(int)
                0x0201a0bc                SerialClose
                0x0201a050                SendBreak
                0x0201a204                OpenSerial
                0x02019c5c                GetUartErrorReg
                0x02019df0                fShowSerialData(__sFILE*)
                0x02019530                fake_SER0_ISR()
                0x02019618                fake_SER2_ISR()
                0x02019588                SER1_ISR
                0x0201966c                SerialEnableTxFlow
                0x020196b4                SerialEnableRxFlow
                0x02019300                DoSerIsr(int)
                0x02019aec                Serial485HalfDupMode
                0x02019584                fake_SER1_ISR()
                0x02019948                SerialEnableHwRxFlow
                0x0201a830                serread
                0x0201ab78                BasePutChar(int, unsigned char)
                0x0201a84c                BaseGetChar(int)
                0x0201acd4                real_SER2_ISR
                0x0201a614                serreadwto
                0x0201aa58                serwriteaddress
                0x020195d8                real_SER1_ISR
                0x0201a8f4                serwrite
                0x0201a1e0                serexternalclose
                0x02019534                SER0_ISR
                0x0201961c                SER2_ISR
                0x02019700                SerialEnableHwTxFlow
 *fill*         0x0201ad12        0x2 00
 .text          0x0201ad14     0x18ae C:\nburn\lib\MOD5234.a(ethernet.o)
                0x0201b88c                AddEthernetInterface()
                0x0201aef8                StopEnet()
                0x0201b354                ResetEnet()
                0x0201ba60                ProcessDuplexStatus()
                0x0201ad14                read_eth_addr(MACADR*)
                0x0201b934                WarmEnetReset()
                0x0201c414                real_rxenetisr
                0x0201ad40                fake_rxenetisr()
                0x0201c07c                DoRX(pool_buffer*, unsigned short)
                0x0201ad44                rxenetisr
                0x0201ad94                fake_txenetisr()
                0x0201ba30                EnablePHY()
                0x0201af4c                EthMultifunc(MACADR, unsigned char)
                0x0201ade8                GetMII(unsigned char, unsigned char)
                0x0201af68                ResetEnetPart2()
                0x0201ad98                txenetisr
                0x0201ae6c                SetMII(unsigned char, unsigned char, unsigned short)
                0x0201b6c8                InitializeEthernet()
                0x0201be84                real_txenetisr
                0x0201af28                DisablePHY()
                0x0201b9d0                ManualEthernetConfig(unsigned char, unsigned char, unsigned char)
                0x0201bd30                EthTransmitBuffer(pool_buffer*)
                0x0201c274                Ether_ProcessTask(void*)
 *fill*         0x0201c5c2        0x2 00
 .text          0x0201c5c4     0x16e8 C:\nburn\lib\MOD5234.a(etherprint.o)
                0x0201dbd4                EtherLink()
                0x0201c5c4                EtherSpeed100()
                0x0201dbc8                denet()
                0x0201d868                ShowFECRegisters()
                0x0201c69c                ShowMII(unsigned char, unsigned char, char const*, unsigned short)
                0x0201dc08                elink()
                0x0201dbbc                dEnet()
                0x0201c5e4                SwitchMIIPage(unsigned long)
                0x0201c5d4                EtherDuplex()
                0x0201c610                showbinary(unsigned short, unsigned short)
                0x0201c704                ShowPhyterMII()
 .text          0x0201dcac      0x196 C:\nburn\lib\MOD5234.a(emulticast.o)
                0x0201dd90                EthDisableMulticast(MACADR)
                0x0201dcec                EthEnableMulticast(MACADR)
                0x0201dcac                GetMultiCastCRC(MACADR)
 *fill*         0x0201de42        0x2 00
 .text          0x0201de44        0x0 c:/nburn/gcc-m68k/bin/../lib/gcc/m68k-elf/4.2.1/../../../../m68k-elf/lib/m5208\libstdc++.a(new_opv.o)
 .text          0x0201de44        0x0 c:/nburn/gcc-m68k/bin/../lib/gcc/m68k-elf/4.2.1/../../../../m68k-elf/lib/m5208\libstdc++.a(del_op.o)
 .text          0x0201de44        0x0 c:/nburn/gcc-m68k/bin/../lib/gcc/m68k-elf/4.2.1/../../../../m68k-elf/lib/m5208\libstdc++.a(eh_personality.o)
 .text          0x0201de44        0x0 c:/nburn/gcc-m68k/bin/../lib/gcc/m68k-elf/4.2.1/../../../../m68k-elf/lib/m5208\libstdc++.a(eh_alloc.o)
 .text          0x0201de44        0x0 c:/nburn/gcc-m68k/bin/../lib/gcc/m68k-elf/4.2.1/../../../../m68k-elf/lib/m5208\libstdc++.a(new_op.o)
 .text          0x0201de44        0x0 c:/nburn/gcc-m68k/bin/../lib/gcc/m68k-elf/4.2.1/../../../../m68k-elf/lib/m5208\libstdc++.a(eh_throw.o)
 .text          0x0201de44        0x0 c:/nburn/gcc-m68k/bin/../lib/gcc/m68k-elf/4.2.1/../../../../m68k-elf/lib/m5208\libstdc++.a(new_handler.o)
 .text          0x0201de44        0x0 c:/nburn/gcc-m68k/bin/../lib/gcc/m68k-elf/4.2.1/../../../../m68k-elf/lib/m5208\libstdc++.a(eh_globals.o)
 .text          0x0201de44        0x0 c:/nburn/gcc-m68k/bin/../lib/gcc/m68k-elf/4.2.1/../../../../m68k-elf/lib/m5208\libstdc++.a(eh_exception.o)
 .text          0x0201de44        0x0 c:/nburn/gcc-m68k/bin/../lib/gcc/m68k-elf/4.2.1/../../../../m68k-elf/lib/m5208\libstdc++.a(eh_catch.o)
 .text          0x0201de44        0x0 c:/nburn/gcc-m68k/bin/../lib/gcc/m68k-elf/4.2.1/../../../../m68k-elf/lib/m5208\libstdc++.a(eh_terminate.o)
 .text          0x0201de44        0x0 c:/nburn/gcc-m68k/bin/../lib/gcc/m68k-elf/4.2.1/../../../../m68k-elf/lib/m5208\libstdc++.a(eh_call.o)
 .text          0x0201de44        0x0 c:/nburn/gcc-m68k/bin/../lib/gcc/m68k-elf/4.2.1/../../../../m68k-elf/lib/m5208\libstdc++.a(class_type_info.o)
 .text          0x0201de44        0x0 c:/nburn/gcc-m68k/bin/../lib/gcc/m68k-elf/4.2.1/../../../../m68k-elf/lib/m5208\libstdc++.a(eh_term_handler.o)
 .text          0x0201de44        0x0 c:/nburn/gcc-m68k/bin/../lib/gcc/m68k-elf/4.2.1/../../../../m68k-elf/lib/m5208\libstdc++.a(eh_unex_handler.o)
 .text          0x0201de44        0x0 c:/nburn/gcc-m68k/bin/../lib/gcc/m68k-elf/4.2.1/../../../../m68k-elf/lib/m5208\libstdc++.a(si_class_type_info.o)
 .text          0x0201de44        0x0 c:/nburn/gcc-m68k/bin/../lib/gcc/m68k-elf/4.2.1/../../../../m68k-elf/lib/m5208\libstdc++.a(vterminate.o)
 .text          0x0201de44     0x4ae6 c:/nburn/gcc-m68k/bin/../lib/gcc/m68k-elf/4.2.1/../../../../m68k-elf/lib/m5208\libstdc++.a(cp-demangle.o)
                0x02022852                __cxa_demangle
 *fill*         0x0202292a        0x2 00
 .text          0x0202292c        0x0 c:/nburn/gcc-m68k/bin/../lib/gcc/m68k-elf/4.2.1/../../../../m68k-elf/lib/m5208\libstdc++.a(tinfo.o)
 .text          0x0202292c        0x0 c:/nburn/gcc-m68k/bin/../lib/gcc/m68k-elf/4.2.1/../../../../m68k-elf/lib/m5208\libstdc++.a(eh_type.o)
 .text          0x0202292c      0xba0 c:/nburn/gcc-m68k/bin/../lib/gcc/m68k-elf/4.2.1/m5208\libgcc.a(_double.o)
                0x0202342a                __cmpdf2
                0x0202298c                __adddf3
                0x020232f4                __negdf2
                0x02023004                __divdf3
                0x02023352                __cmpdf2_internal
                0x02022e28                __muldf3
                0x02022986                __subdf3
 .text          0x020234cc       0x74 c:/nburn/gcc-m68k/bin/../lib/gcc/m68k-elf/4.2.1/m5208\libgcc.a(_floatex.o)
                0x020234d8                $_exception_handler
                0x020234cc                __clear_sticky_bit
 .text          0x02023540       0x22 c:/nburn/gcc-m68k/bin/../lib/gcc/m68k-elf/4.2.1/m5208\libgcc.a(_ltdf2.o)
                0x02023540                __ltdf2
 *fill*         0x02023562        0x2 00
 .text          0x02023564       0x7a c:/nburn/gcc-m68k/bin/../lib/gcc/m68k-elf/4.2.1/m5208\libgcc.a(_fixunsdfsi.o)
                0x02023564                __fixunsdfsi
 *fill*         0x020235de        0x2 00
 .text          0x020235e0      0x49a c:/nburn/gcc-m68k/bin/../lib/gcc/m68k-elf/4.2.1/m5208\libgcc.a(fpgnulib.o)
                0x02023a60                __fixsfsi
                0x02023748                __floatsidf
                0x0202381e                __extendsfdf2
                0x020236d6                __floatunsidf
                0x020239e0                __fixdfsi
                0x02023804                __floatsisf
                0x020238b8                __truncdfsf2
                0x020235e0                __unordsf2
                0x020237ea                __floatunsisf
                0x02023642                __unorddf2
 *fill*         0x02023a7a        0x2 00
 .text          0x02023a7c     0x1f0e c:/nburn/gcc-m68k/bin/../lib/gcc/m68k-elf/4.2.1/m5208\libgcc.a(unwind-dw2.o)
                0x02023e1e                _Unwind_GetIPInfo
                0x02023b02                _Unwind_GetIP
                0x020257ee                _Unwind_Resume_or_Rethrow
                0x02023b34                _Unwind_GetRegionStart
                0x020254f6                _Unwind_Backtrace
                0x02023af2                _Unwind_GetCFA
                0x020246ec                __frame_state_for
                0x0202587c                _Unwind_Resume
                0x02023b64                _Unwind_DeleteException
                0x02025612                _Unwind_RaiseException
                0x02023b12                _Unwind_SetIP
                0x02023b54                _Unwind_GetTextRelBase
                0x02023dfa                _Unwind_FindEnclosingFunction
                0x02023b24                _Unwind_GetLanguageSpecificData
                0x02025902                _Unwind_ForcedUnwind
                0x02023b82                _Unwind_SetGR
                0x02023be8                _Unwind_GetGR
                0x02023b44                _Unwind_GetDataRelBase
 *fill*         0x0202598a        0x2 00
 .text          0x0202598c     0x126c c:/nburn/gcc-m68k/bin/../lib/gcc/m68k-elf/4.2.1/m5208\libgcc.a(unwind-dw2-fde.o)
                0x02026aaa                _Unwind_Find_FDE
                0x020262a0                __register_frame
                0x0202627e                __register_frame_table
                0x02025a02                __register_frame_info_bases
                0x020269e2                __deregister_frame_info
                0x02026924                __deregister_frame_info_bases
                0x02025a6e                __register_frame_info_table_bases
                0x020269ec                __deregister_frame
                0x02025ac0                __register_frame_info_table
                0x02025a52                __register_frame_info
 .text          0x02026bf8       0x22 c:/nburn/gcc-m68k/bin/../lib/gcc/m68k-elf/4.2.1/m5208\libgcc.a(_gedf2.o)
                0x02026bf8                __gedf2
 *fill*         0x02026c1a        0x2 00
 .text          0x02026c1c       0x18 c:/nburn/gcc-m68k/bin/../lib/gcc/m68k-elf/4.2.1/../../../../m68k-elf/lib/m5208\libc.a(lib_a-abort.o)
                0x02026c1c                abort
 .text          0x02026c34       0x34 c:/nburn/gcc-m68k/bin/../lib/gcc/m68k-elf/4.2.1/../../../../m68k-elf/lib/m5208\libc.a(lib_a-atoi.o)
                0x02026c34                _atoi_r
                0x02026c50                atoi
 .text          0x02026c68       0x64 c:/nburn/gcc-m68k/bin/../lib/gcc/m68k-elf/4.2.1/../../../../m68k-elf/lib/m5208\libc.a(lib_a-bsearch.o)
                0x02026c68                bsearch
 .text          0x02026ccc       0x1e c:/nburn/gcc-m68k/bin/../lib/gcc/m68k-elf/4.2.1/../../../../m68k-elf/lib/m5208\libc.a(lib_a-cxa_atexit.o)
                0x02026ccc                __cxa_atexit
 *fill*         0x02026cea        0x2 00
 .text          0x02026cec        0xe c:/nburn/gcc-m68k/bin/../lib/gcc/m68k-elf/4.2.1/../../../../m68k-elf/lib/m5208\libc.a(lib_a-errno.o)
                0x02026cec                __errno
 *fill*         0x02026cfa        0x2 00
 .text          0x02026cfc       0x24 c:/nburn/gcc-m68k/bin/../lib/gcc/m68k-elf/4.2.1/../../../../m68k-elf/lib/m5208\libc.a(lib_a-fiprintf.o)
                0x02026cfc                fiprintf
 .text          0x02026d20       0xaa c:/nburn/gcc-m68k/bin/../lib/gcc/m68k-elf/4.2.1/../../../../m68k-elf/lib/m5208\libc.a(lib_a-fputc.o)
                0x02026d6e                _fputc_r
                0x02026d20                fputc
 *fill*         0x02026dca        0x2 00
 .text          0x02026dcc       0x90 c:/nburn/gcc-m68k/bin/../lib/gcc/m68k-elf/4.2.1/../../../../m68k-elf/lib/m5208\libc.a(lib_a-fputs.o)
                0x02026dcc                _fputs_r
                0x02026e42                fputs
 .text          0x02026e5c      0x37e c:/nburn/gcc-m68k/bin/../lib/gcc/m68k-elf/4.2.1/../../../../m68k-elf/lib/m5208\libc.a(lib_a-fvwrite.o)
                0x02026e5c                __sfvwrite_r
 *fill*         0x020271da        0x2 00
 .text          0x020271dc       0x9e c:/nburn/gcc-m68k/bin/../lib/gcc/m68k-elf/4.2.1/../../../../m68k-elf/lib/m5208\libc.a(lib_a-fwrite.o)
                0x020271dc                _fwrite_r
                0x02027258                fwrite
 *fill*         0x0202727a        0x2 00
 .text          0x0202727c        0x0 c:/nburn/gcc-m68k/bin/../lib/gcc/m68k-elf/4.2.1/../../../../m68k-elf/lib/m5208\libc.a(lib_a-impure.o)
 .text          0x0202727c       0x54 c:/nburn/gcc-m68k/bin/../lib/gcc/m68k-elf/4.2.1/../../../../m68k-elf/lib/m5208\libc.a(lib_a-iprintf.o)
                0x0202727c                _iprintf_r
                0x020272a6                iprintf
 .text          0x020272d0       0x1c c:/nburn/gcc-m68k/bin/../lib/gcc/m68k-elf/4.2.1/../../../../m68k-elf/lib/m5208\libc.a(lib_a-isalpha.o)
                0x020272d0                isalpha
 .text          0x020272ec       0x1c c:/nburn/gcc-m68k/bin/../lib/gcc/m68k-elf/4.2.1/../../../../m68k-elf/lib/m5208\libc.a(lib_a-isspace.o)
                0x020272ec                isspace
 .text          0x02027308       0x32 c:/nburn/gcc-m68k/bin/../lib/gcc/m68k-elf/4.2.1/../../../../m68k-elf/lib/m5208\libc.a(lib_a-malloc.o)
                0x02027322                malloc
                0x02027308                free
 *fill*         0x0202733a        0x2 00
 .text          0x0202733c      0x78c c:/nburn/gcc-m68k/bin/../lib/gcc/m68k-elf/4.2.1/../../../../m68k-elf/lib/m5208\libc.a(lib_a-mallocr.o)
                0x0202733c                _malloc_r
 .text          0x02027ac8       0xd2 c:/nburn/gcc-m68k/bin/../lib/gcc/m68k-elf/4.2.1/../../../../m68k-elf/lib/m5208\libc.a(lib_a-memchr.o)
                0x02027ac8                memchr
 *fill*         0x02027b9a        0x2 00
 .text          0x02027b9c       0x72 c:/nburn/gcc-m68k/bin/../lib/gcc/m68k-elf/4.2.1/../../../../m68k-elf/lib/m5208\libc.a(lib_a-memcmp.o)
                0x02027b9c                memcmp
 *fill*         0x02027c0e        0x2 00
 .text          0x02027c10       0xb6 c:/nburn/gcc-m68k/bin/../lib/gcc/m68k-elf/4.2.1/../../../../m68k-elf/lib/m5208\libc.a(lib_a-memmove.o)
                0x02027c10                memmove
 *fill*         0x02027cc6        0x2 00
 .text          0x02027cc8      0x16a c:/nburn/gcc-m68k/bin/../lib/gcc/m68k-elf/4.2.1/../../../../m68k-elf/lib/m5208\libc.a(lib_a-putc.o)
                0x02027d82                _putc_r
                0x02027cc8                putc
 *fill*         0x02027e32        0x2 00
 .text          0x02027e34       0x8a c:/nburn/gcc-m68k/bin/../lib/gcc/m68k-elf/4.2.1/../../../../m68k-elf/lib/m5208\libc.a(lib_a-puts.o)
                0x02027e34                _puts_r
                0x02027ea8                puts
 *fill*         0x02027ebe        0x2 00
 .text          0x02027ec0       0x1c c:/nburn/gcc-m68k/bin/../lib/gcc/m68k-elf/4.2.1/../../../../m68k-elf/lib/m5208\libc.a(lib_a-realloc.o)
                0x02027ec0                realloc
 .text          0x02027edc      0x502 c:/nburn/gcc-m68k/bin/../lib/gcc/m68k-elf/4.2.1/../../../../m68k-elf/lib/m5208\libc.a(lib_a-reallocr.o)
                0x02027edc                _realloc_r
 *fill*         0x020283de        0x2 00
 .text          0x020283e0       0x4e c:/nburn/gcc-m68k/bin/../lib/gcc/m68k-elf/4.2.1/../../../../m68k-elf/lib/m5208\libc.a(lib_a-rget.o)
                0x0202841a                __srget
                0x020283e0                __srget_r
 *fill*         0x0202842e        0x2 00
 .text          0x02028430      0x1ee c:/nburn/gcc-m68k/bin/../lib/gcc/m68k-elf/4.2.1/../../../../m68k-elf/lib/m5208\libc.a(lib_a-setvbuf.o)
                0x02028430                setvbuf
 *fill*         0x0202861e        0x2 00
 .text          0x02028620      0x270 c:/nburn/gcc-m68k/bin/../lib/gcc/m68k-elf/4.2.1/../../../../m68k-elf/lib/m5208\libc.a(lib_a-signal.o)
                0x02028814                _signal_r
                0x02028734                _raise_r
                0x0202869a                __sigtramp_r
                0x02028878                signal
                0x0202868a                _init_signal
                0x02028620                _init_signal_r
                0x0202871e                __sigtramp
                0x020287fe                raise
 .text          0x02028890       0x42 c:/nburn/gcc-m68k/bin/../lib/gcc/m68k-elf/4.2.1/../../../../m68k-elf/lib/m5208\libc.a(lib_a-signalr.o)
                0x0202889c                _kill_r
                0x02028890                _getpid_r
 *fill*         0x020288d2        0x2 00
 .text          0x020288d4       0xba c:/nburn/gcc-m68k/bin/../lib/gcc/m68k-elf/4.2.1/../../../../m68k-elf/lib/m5208\libc.a(lib_a-siprintf.o)
                0x02028932                _siprintf_r
                0x020288d4                siprintf
 *fill*         0x0202898e        0x2 00
 .text          0x02028990      0x14c c:/nburn/gcc-m68k/bin/../lib/gcc/m68k-elf/4.2.1/../../../../m68k-elf/lib/m5208\libc.a(lib_a-snprintf.o)
                0x02028990                snprintf
                0x02028a38                _snprintf_r
 .text          0x02028adc       0x92 c:/nburn/gcc-m68k/bin/../lib/gcc/m68k-elf/4.2.1/../../../../m68k-elf/lib/m5208\libc.a(lib_a-strcasecmp.o)
                0x02028adc                strcasecmp
 *fill*         0x02028b6e        0x2 00
 .text          0x02028b70       0x7c c:/nburn/gcc-m68k/bin/../lib/gcc/m68k-elf/4.2.1/../../../../m68k-elf/lib/m5208\libc.a(lib_a-strcat.o)
                0x02028b70                strcat
 .text          0x02028bec       0x70 c:/nburn/gcc-m68k/bin/../lib/gcc/m68k-elf/4.2.1/../../../../m68k-elf/lib/m5208\libc.a(lib_a-strcmp.o)
                0x02028bec                strcmp
 .text          0x02028c5c       0x22 c:/nburn/gcc-m68k/bin/../lib/gcc/m68k-elf/4.2.1/../../../../m68k-elf/lib/m5208\libc.a(lib_a-strcpy.o)
                0x02028c5c                strcpy
 *fill*         0x02028c7e        0x2 00
 .text          0x02028c80       0x1a c:/nburn/gcc-m68k/bin/../lib/gcc/m68k-elf/4.2.1/../../../../m68k-elf/lib/m5208\libc.a(lib_a-strlen.o)
                0x02028c80                strlen
 *fill*         0x02028c9a        0x2 00
 .text          0x02028c9c       0xda c:/nburn/gcc-m68k/bin/../lib/gcc/m68k-elf/4.2.1/../../../../m68k-elf/lib/m5208\libc.a(lib_a-strncmp.o)
                0x02028c9c                strncmp
 *fill*         0x02028d76        0x2 00
 .text          0x02028d78       0x46 c:/nburn/gcc-m68k/bin/../lib/gcc/m68k-elf/4.2.1/../../../../m68k-elf/lib/m5208\libc.a(lib_a-strstr.o)
                0x02028d78                strstr
 *fill*         0x02028dbe        0x2 00
 .text          0x02028dc0       0x28 c:/nburn/gcc-m68k/bin/../lib/gcc/m68k-elf/4.2.1/../../../../m68k-elf/lib/m5208\libc.a(lib_a-strtok.o)
                0x02028dc0                strtok
 .text          0x02028de8       0xc6 c:/nburn/gcc-m68k/bin/../lib/gcc/m68k-elf/4.2.1/../../../../m68k-elf/lib/m5208\libc.a(lib_a-strtok_r.o)
                0x02028e92                strtok_r
                0x02028de8                __strtok_r
 *fill*         0x02028eae        0x2 00
 .text          0x02028eb0      0x18a c:/nburn/gcc-m68k/bin/../lib/gcc/m68k-elf/4.2.1/../../../../m68k-elf/lib/m5208\libc.a(lib_a-strtol.o)
                0x0202901c                strtol
                0x02028eb0                _strtol_r
 *fill*         0x0202903a        0x2 00
 .text          0x0202903c       0x26 c:/nburn/gcc-m68k/bin/../lib/gcc/m68k-elf/4.2.1/../../../../m68k-elf/lib/m5208\libc.a(lib_a-toupper.o)
                0x0202903c                toupper
 *fill*         0x02029062        0x2 00
 .text          0x02029064     0x1280 c:/nburn/gcc-m68k/bin/../lib/gcc/m68k-elf/4.2.1/../../../../m68k-elf/lib/m5208\libc.a(lib_a-vfiprintf.o)
                0x0202a2c6                vfiprintf
                0x020290a8                _vfiprintf_r
 .text          0x0202a2e4     0x1fac c:/nburn/gcc-m68k/bin/../lib/gcc/m68k-elf/4.2.1/../../../../m68k-elf/lib/m5208\libc.a(lib_a-vfprintf.o)
                0x0202a328                _vfprintf_r
                0x0202c272                vfprintf
 .text          0x0202c290      0x124 c:/nburn/gcc-m68k/bin/../lib/gcc/m68k-elf/4.2.1/../../../../m68k-elf/lib/m5208\libc.a(lib_a-wbuf.o)
                0x0202c290                __swbuf_r
                0x0202c39a                __swbuf
 .text          0x0202c3b4       0x7c c:/nburn/gcc-m68k/bin/../lib/gcc/m68k-elf/4.2.1/../../../../m68k-elf/lib/m5208\libc.a(lib_a-wcrtomb.o)
                0x0202c3b4                _wcrtomb_r
                0x0202c414                wcrtomb
 .text          0x0202c430      0x130 c:/nburn/gcc-m68k/bin/../lib/gcc/m68k-elf/4.2.1/../../../../m68k-elf/lib/m5208\libc.a(lib_a-wcsrtombs.o)
                0x0202c430                _wcsrtombs_r
                0x0202c53e                wcsrtombs
 .text          0x0202c560      0x452 c:/nburn/gcc-m68k/bin/../lib/gcc/m68k-elf/4.2.1/../../../../m68k-elf/lib/m5208\libc.a(lib_a-wctomb_r.o)
                0x0202c560                _wctomb_r
 *fill*         0x0202c9b2        0x2 00
 .text          0x0202c9b4      0x130 c:/nburn/gcc-m68k/bin/../lib/gcc/m68k-elf/4.2.1/../../../../m68k-elf/lib/m5208\libc.a(lib_a-wsetup.o)
                0x0202c9b4                __swsetup
 .text          0x0202cae4       0xe8 c:/nburn/gcc-m68k/bin/../lib/gcc/m68k-elf/4.2.1/../../../../m68k-elf/lib/m5208\libc.a(lib_a-__atexit.o)
                0x0202cae4                __register_exitproc
 .text          0x0202cbcc        0x0 c:/nburn/gcc-m68k/bin/../lib/gcc/m68k-elf/4.2.1/../../../../m68k-elf/lib/m5208\libc.a(lib_a-ctype_.o)
 .text          0x0202cbcc     0x160a c:/nburn/gcc-m68k/bin/../lib/gcc/m68k-elf/4.2.1/../../../../m68k-elf/lib/m5208\libc.a(lib_a-dtoa.o)
                0x0202cd7e                _dtoa_r
 *fill*         0x0202e1d6        0x2 00
 .text          0x0202e1d8      0x198 c:/nburn/gcc-m68k/bin/../lib/gcc/m68k-elf/4.2.1/../../../../m68k-elf/lib/m5208\libc.a(lib_a-fflush.o)
                0x0202e1d8                fflush
 .text          0x0202e370      0x25e c:/nburn/gcc-m68k/bin/../lib/gcc/m68k-elf/4.2.1/../../../../m68k-elf/lib/m5208\libc.a(lib_a-findfp.o)
                0x0202e3ca                __sinit
                0x0202e482                __sfmoreglue
                0x0202e470                _cleanup
                0x0202e456                _cleanup_r
                0x0202e4f0                __sfp
 *fill*         0x0202e5ce        0x2 00
 .text          0x0202e5d0      0x422 c:/nburn/gcc-m68k/bin/../lib/gcc/m68k-elf/4.2.1/../../../../m68k-elf/lib/m5208\libc.a(lib_a-freer.o)
                0x0202e6c0                _free_r
                0x0202e5d0                _malloc_trim_r
 *fill*         0x0202e9f2        0x2 00
 .text          0x0202e9f4       0xe4 c:/nburn/gcc-m68k/bin/../lib/gcc/m68k-elf/4.2.1/../../../../m68k-elf/lib/m5208\libc.a(lib_a-fwalk.o)
                0x0202e9f4                _fwalk
                0x0202ea64                _fwalk_reent
 .text          0x0202ead8       0xa6 c:/nburn/gcc-m68k/bin/../lib/gcc/m68k-elf/4.2.1/../../../../m68k-elf/lib/m5208\libc.a(lib_a-locale.o)
                0x0202eb06                _setlocale_r
                0x0202ead8                __locale_charset
                0x0202eae6                _localeconv_r
                0x0202eb66                setlocale
                0x0202eaf4                localeconv
 *fill*         0x0202eb7e        0x2 00
 .text          0x0202eb80      0x178 c:/nburn/gcc-m68k/bin/../lib/gcc/m68k-elf/4.2.1/../../../../m68k-elf/lib/m5208\libc.a(lib_a-makebuf.o)
                0x0202eb80                __smakebuf
 .text          0x0202ecf8      0xc78 c:/nburn/gcc-m68k/bin/../lib/gcc/m68k-elf/4.2.1/../../../../m68k-elf/lib/m5208\libc.a(lib_a-mprec.o)
                0x0202f04c                _mprec_log10
                0x0202f102                __any_on
                0x0202f1a8                _Balloc
                0x0202efba                __ratio
                0x0202f6d0                __i2b
                0x0202eeca                __b2d
                0x0202f898                __s2b
                0x0202ede8                __mcmp
                0x0202ecf8                __hi0bits
                0x0202f7b6                __pow5mult
                0x0202f4b4                __lshift
                0x0202f562                __multiply
                0x0202f25e                __d2b
                0x0202f0be                __copybits
                0x0202ee48                __ulp
                0x0202f374                __mdiff
                0x0202ed5c                __lo0bits
                0x0202f6f2                __multadd
                0x0202f16e                _Bfree
 .text          0x0202f970      0x21c c:/nburn/gcc-m68k/bin/../lib/gcc/m68k-elf/4.2.1/../../../../m68k-elf/lib/m5208\libc.a(lib_a-refill.o)
                0x0202f994                __srefill_r
 .text          0x0202fb8c       0x42 c:/nburn/gcc-m68k/bin/../lib/gcc/m68k-elf/4.2.1/../../../../m68k-elf/lib/m5208\libc.a(lib_a-s_isinfd.o)
                0x0202fb8c                __isinfd
 *fill*         0x0202fbce        0x2 00
 .text          0x0202fbd0       0x34 c:/nburn/gcc-m68k/bin/../lib/gcc/m68k-elf/4.2.1/../../../../m68k-elf/lib/m5208\libc.a(lib_a-s_isnand.o)
                0x0202fbd0                __isnand
 .text          0x0202fc04      0x162 c:/nburn/gcc-m68k/bin/../lib/gcc/m68k-elf/4.2.1/../../../../m68k-elf/lib/m5208\libc.a(lib_a-stdio.o)
                0x0202fc22                __sseek
                0x0202fd14                __sread
                0x0202fc04                __sclose
                0x0202fc84                __swrite
 *fill*         0x0202fd66        0x2 00
 .text          0x0202fd68       0x3e c:/nburn/gcc-m68k/bin/../lib/gcc/m68k-elf/4.2.1/../../../../m68k-elf/lib/m5208\libc.a(lib_a-writer.o)
                0x0202fd68                _write_r
 *fill*         0x0202fda6        0x2 00
 .text          0x0202fda8       0x92 c:/nburn/gcc-m68k/bin/../lib/gcc/m68k-elf/4.2.1/../../../../m68k-elf/lib/m5208\libc.a(lib_a-callocr.o)
                0x0202fda8                _calloc_r
 *fill*         0x0202fe3a        0x2 00
 .text          0x0202fe3c       0x32 c:/nburn/gcc-m68k/bin/../lib/gcc/m68k-elf/4.2.1/../../../../m68k-elf/lib/m5208\libc.a(lib_a-closer.o)
                0x0202fe3c                _close_r
 *fill*         0x0202fe6e        0x2 00
 .text          0x0202fe70       0xfe c:/nburn/gcc-m68k/bin/../lib/gcc/m68k-elf/4.2.1/../../../../m68k-elf/lib/m5208\libc.a(lib_a-fclose.o)
                0x0202fe70                _fclose_r
                0x0202ff58                fclose
 *fill*         0x0202ff6e        0x2 00
 .text          0x0202ff70       0x36 c:/nburn/gcc-m68k/bin/../lib/gcc/m68k-elf/4.2.1/../../../../m68k-elf/lib/m5208\libc.a(lib_a-fstatr.o)
                0x0202ff70                _fstat_r
 *fill*         0x0202ffa6        0x2 00
 .text          0x0202ffa8       0x3e c:/nburn/gcc-m68k/bin/../lib/gcc/m68k-elf/4.2.1/../../../../m68k-elf/lib/m5208\libc.a(lib_a-lseekr.o)
                0x0202ffa8                _lseek_r
 *fill*         0x0202ffe6        0x2 00
 .text          0x0202ffe8       0x3e c:/nburn/gcc-m68k/bin/../lib/gcc/m68k-elf/4.2.1/../../../../m68k-elf/lib/m5208\libc.a(lib_a-readr.o)
                0x0202ffe8                _read_r
 *fill*         0x02030026        0x2 00
 .text          0x02030028       0x22 c:/nburn/gcc-m68k/bin/../lib/gcc/m68k-elf/4.2.1/m5208\libgcc.a(_eqdf2.o)
                0x02030028                __eqdf2
 *fill*         0x0203004a        0x2 00
 .text          0x0203004c       0x22 c:/nburn/gcc-m68k/bin/../lib/gcc/m68k-elf/4.2.1/m5208\libgcc.a(_nedf2.o)
                0x0203004c                __nedf2
 *fill*         0x0203006e        0x2 00
 .text          0x02030070       0x22 c:/nburn/gcc-m68k/bin/../lib/gcc/m68k-elf/4.2.1/m5208\libgcc.a(_gtdf2.o)
                0x02030070                __gtdf2
 *fill*         0x02030092        0x2 00
 .text          0x02030094      0x3d4 c:/nburn/gcc-m68k/bin/../lib/gcc/m68k-elf/4.2.1/m5208\libgcc.a(_udivdi3.o)
                0x02030094                __udivdi3
 .text          0x02030468      0x3ee c:/nburn/gcc-m68k/bin/../lib/gcc/m68k-elf/4.2.1/m5208\libgcc.a(_umoddi3.o)
                0x02030468                __umoddi3
 *fill*         0x02030856        0x2 00
 .text          0x02030858       0x32 c:/nburn/gcc-m68k/bin/../lib/gcc/m68k-elf/4.2.1/m5208/crtend.o
                0x02030890                . = ALIGN (0x10)
 *fill*         0x0203088a        0x6 00
 *(.text.*)
 .text._Znam    0x02030890       0x30 c:/nburn/gcc-m68k/bin/../lib/gcc/m68k-elf/4.2.1/../../../../m68k-elf/lib/m5208\libstdc++.a(new_opv.o)
                0x02030890                operator new[](unsigned long)
 .text._ZdlPv   0x020308c0       0x16 c:/nburn/gcc-m68k/bin/../lib/gcc/m68k-elf/4.2.1/../../../../m68k-elf/lib/m5208\libstdc++.a(del_op.o)
                0x020308c0                operator delete(void*)
 .text._Z12read_uleb128PKhPj
                0x020308d6       0x30 c:/nburn/gcc-m68k/bin/../lib/gcc/m68k-elf/4.2.1/../../../../m68k-elf/lib/m5208\libstdc++.a(eh_personality.o)
 .text._Z12read_sleb128PKhPi
                0x02030906       0x46 c:/nburn/gcc-m68k/bin/../lib/gcc/m68k-elf/4.2.1/../../../../m68k-elf/lib/m5208\libstdc++.a(eh_personality.o)
 .text._Z16get_adjusted_ptrPKSt9type_infoS1_PPv
                0x0203094c       0x6a c:/nburn/gcc-m68k/bin/../lib/gcc/m68k-elf/4.2.1/../../../../m68k-elf/lib/m5208\libstdc++.a(eh_personality.o)
 .text._Z28read_encoded_value_with_basehjPKhPj
                0x020309b6      0x12a c:/nburn/gcc-m68k/bin/../lib/gcc/m68k-elf/4.2.1/../../../../m68k-elf/lib/m5208\libstdc++.a(eh_personality.o)
 .text._Z21base_of_encoded_valuehP15_Unwind_Context
                0x02030ae0       0x8c c:/nburn/gcc-m68k/bin/../lib/gcc/m68k-elf/4.2.1/../../../../m68k-elf/lib/m5208\libstdc++.a(eh_personality.o)
 .text._Z17parse_lsda_headerP15_Unwind_ContextPKhP16lsda_header_info
                0x02030b6c       0xec c:/nburn/gcc-m68k/bin/../lib/gcc/m68k-elf/4.2.1/../../../../m68k-elf/lib/m5208\libstdc++.a(eh_personality.o)
 .text._Z15get_ttype_entryP16lsda_header_infoj
                0x02030c58       0xe2 c:/nburn/gcc-m68k/bin/../lib/gcc/m68k-elf/4.2.1/../../../../m68k-elf/lib/m5208\libstdc++.a(eh_personality.o)
 .text._Z20check_exception_specP16lsda_header_infoPKSt9type_infoPvi
                0x02030d3a       0x70 c:/nburn/gcc-m68k/bin/../lib/gcc/m68k-elf/4.2.1/../../../../m68k-elf/lib/m5208\libstdc++.a(eh_personality.o)
 .text.__cxa_call_unexpected
                0x02030daa       0xde c:/nburn/gcc-m68k/bin/../lib/gcc/m68k-elf/4.2.1/../../../../m68k-elf/lib/m5208\libstdc++.a(eh_personality.o)
                0x02030daa                __cxa_call_unexpected
 .text.__gxx_personality_v0
                0x02030e88      0x440 c:/nburn/gcc-m68k/bin/../lib/gcc/m68k-elf/4.2.1/../../../../m68k-elf/lib/m5208\libstdc++.a(eh_personality.o)
                0x02030e88                __gxx_personality_v0
 .text._Z41__static_initialization_and_destruction_0ii
                0x020312c8        0x8 c:/nburn/gcc-m68k/bin/../lib/gcc/m68k-elf/4.2.1/../../../../m68k-elf/lib/m5208\libstdc++.a(eh_alloc.o)
 .text._GLOBAL__I___cxa_allocate_exception
                0x020312d0       0x1a c:/nburn/gcc-m68k/bin/../lib/gcc/m68k-elf/4.2.1/../../../../m68k-elf/lib/m5208\libstdc++.a(eh_alloc.o)
 .text.__cxa_allocate_exception
                0x020312ea       0xa4 c:/nburn/gcc-m68k/bin/../lib/gcc/m68k-elf/4.2.1/../../../../m68k-elf/lib/m5208\libstdc++.a(eh_alloc.o)
                0x020312ea                __cxa_allocate_exception
 .text.__cxa_free_exception
                0x0203138e       0x4a c:/nburn/gcc-m68k/bin/../lib/gcc/m68k-elf/4.2.1/../../../../m68k-elf/lib/m5208\libstdc++.a(eh_alloc.o)
                0x0203138e                __cxa_free_exception
 .text._Znwm    0x020313d8       0x80 c:/nburn/gcc-m68k/bin/../lib/gcc/m68k-elf/4.2.1/../../../../m68k-elf/lib/m5208\libstdc++.a(new_op.o)
                0x020313d8                operator new(unsigned long)
 .text.__cxa_rethrow
                0x02031458       0x7c c:/nburn/gcc-m68k/bin/../lib/gcc/m68k-elf/4.2.1/../../../../m68k-elf/lib/m5208\libstdc++.a(eh_throw.o)
                0x02031458                __cxa_rethrow
 .text.__cxa_throw
                0x020314d4       0x6c c:/nburn/gcc-m68k/bin/../lib/gcc/m68k-elf/4.2.1/../../../../m68k-elf/lib/m5208\libstdc++.a(eh_throw.o)
                0x020314d4                __cxa_throw
 .text._Z23__gxx_exception_cleanup19_Unwind_Reason_CodeP17_Unwind_Exception
                0x02031540       0x62 c:/nburn/gcc-m68k/bin/../lib/gcc/m68k-elf/4.2.1/../../../../m68k-elf/lib/m5208\libstdc++.a(eh_throw.o)
 .text._ZSt15set_new_handlerPFvvE
                0x020315a2       0x18 c:/nburn/gcc-m68k/bin/../lib/gcc/m68k-elf/4.2.1/../../../../m68k-elf/lib/m5208\libstdc++.a(new_handler.o)
                0x020315a2                std::set_new_handler(void (*)())
 .text._ZNKSt9bad_alloc4whatEv
                0x020315ba        0xe c:/nburn/gcc-m68k/bin/../lib/gcc/m68k-elf/4.2.1/../../../../m68k-elf/lib/m5208\libstdc++.a(new_handler.o)
                0x020315ba                std::bad_alloc::what() const
 .text._ZNSt9bad_allocD0Ev
                0x020315c8       0x2a c:/nburn/gcc-m68k/bin/../lib/gcc/m68k-elf/4.2.1/../../../../m68k-elf/lib/m5208\libstdc++.a(new_handler.o)
                0x020315c8                std::bad_alloc::~bad_alloc()
 .text._ZNSt9bad_allocD1Ev
                0x020315f2       0x16 c:/nburn/gcc-m68k/bin/../lib/gcc/m68k-elf/4.2.1/../../../../m68k-elf/lib/m5208\libstdc++.a(new_handler.o)
                0x020315f2                std::bad_alloc::~bad_alloc()
 .text._ZNSt9bad_allocD2Ev
                0x02031608       0x16 c:/nburn/gcc-m68k/bin/../lib/gcc/m68k-elf/4.2.1/../../../../m68k-elf/lib/m5208\libstdc++.a(new_handler.o)
                0x02031608                std::bad_alloc::~bad_alloc()
 .text.__cxa_get_globals_fast
                0x0203161e        0xe c:/nburn/gcc-m68k/bin/../lib/gcc/m68k-elf/4.2.1/../../../../m68k-elf/lib/m5208\libstdc++.a(eh_globals.o)
                0x0203161e                __cxa_get_globals_fast
 .text.__cxa_get_globals
                0x0203162c        0xe c:/nburn/gcc-m68k/bin/../lib/gcc/m68k-elf/4.2.1/../../../../m68k-elf/lib/m5208\libstdc++.a(eh_globals.o)
                0x0203162c                __cxa_get_globals
 .text._ZNKSt9exception4whatEv
                0x0203163a        0xe c:/nburn/gcc-m68k/bin/../lib/gcc/m68k-elf/4.2.1/../../../../m68k-elf/lib/m5208\libstdc++.a(eh_exception.o)
                0x0203163a                std::exception::what() const
 .text._ZNKSt13bad_exception4whatEv
                0x02031648        0xe c:/nburn/gcc-m68k/bin/../lib/gcc/m68k-elf/4.2.1/../../../../m68k-elf/lib/m5208\libstdc++.a(eh_exception.o)
                0x02031648                std::bad_exception::what() const
 .text._ZNSt9exceptionD0Ev
                0x02031656       0x16 c:/nburn/gcc-m68k/bin/../lib/gcc/m68k-elf/4.2.1/../../../../m68k-elf/lib/m5208\libstdc++.a(eh_exception.o)
                0x02031656                std::exception::~exception()
 .text._ZNSt9exceptionD1Ev
                0x0203166c       0x12 c:/nburn/gcc-m68k/bin/../lib/gcc/m68k-elf/4.2.1/../../../../m68k-elf/lib/m5208\libstdc++.a(eh_exception.o)
                0x0203166c                std::exception::~exception()
 .text._ZNSt9exceptionD2Ev
                0x0203167e       0x12 c:/nburn/gcc-m68k/bin/../lib/gcc/m68k-elf/4.2.1/../../../../m68k-elf/lib/m5208\libstdc++.a(eh_exception.o)
                0x0203167e                std::exception::~exception()
 .text._ZNSt13bad_exceptionD0Ev
                0x02031690       0x2a c:/nburn/gcc-m68k/bin/../lib/gcc/m68k-elf/4.2.1/../../../../m68k-elf/lib/m5208\libstdc++.a(eh_exception.o)
                0x02031690                std::bad_exception::~bad_exception()
 .text._ZNSt13bad_exceptionD1Ev
                0x020316ba       0x16 c:/nburn/gcc-m68k/bin/../lib/gcc/m68k-elf/4.2.1/../../../../m68k-elf/lib/m5208\libstdc++.a(eh_exception.o)
                0x020316ba                std::bad_exception::~bad_exception()
 .text._ZNSt13bad_exceptionD2Ev
                0x020316d0       0x16 c:/nburn/gcc-m68k/bin/../lib/gcc/m68k-elf/4.2.1/../../../../m68k-elf/lib/m5208\libstdc++.a(eh_exception.o)
                0x020316d0                std::bad_exception::~bad_exception()
 .text.__cxa_get_exception_ptr
                0x020316e6       0x10 c:/nburn/gcc-m68k/bin/../lib/gcc/m68k-elf/4.2.1/../../../../m68k-elf/lib/m5208\libstdc++.a(eh_catch.o)
                0x020316e6                __cxa_get_exception_ptr
 .text._ZSt18uncaught_exceptionv