Archive member included because of file (symbol)

C:\nburn\lib\MOD5234.a(bsp.o)
                              lab5.o (SetIntc)
C:\nburn\lib\MOD5234.a(etpu_sm.o)
                              stepper.o (fs_etpu_sm_get_cp)
C:\nburn\lib\MOD5234.a(etpu_util.o)
                              C:\nburn\lib\MOD5234.a(etpu_sm.o) (fs_etpu_set_hsr)
C:\nburn\lib\MOD5234.a(pins.o)
                              lcd.o (PinIO::function(int))
C:\nburn\lib\MOD5234.a(ioboard.o)
                              lab5.o (getdipsw)
C:\nburn\lib\MOD5234.a(ETPUinit.o)
                              C:\nburn\lib\MOD5234.a(etpu_sm.o) (eTPU)
C:\nburn\lib\MOD5234.a(ETPU.o)
                              C:\nburn\lib\MOD5234.a(ETPUinit.o) (eTPURecordInit())
C:\nburn\lib\MOD5234.a(etpu_gpio.o)
                              C:\nburn\lib\MOD5234.a(ETPU.o) (fs_etpu_gpio_output)
C:\nburn\lib\MOD5234.a(etpu_uart.o)
                              C:\nburn\lib\MOD5234.a(ETPU.o) (fs_etpu_uart_read_receive_data)
C:\nburn\lib\NetBurner.a(ucosmcfa.o)
                              C:\nburn\lib\MOD5234.a(bsp.o) (OSCtxSw)
C:\nburn\lib\NetBurner.a(ucos.o)
                              lab5.o (OSIntNesting)
C:\nburn\lib\NetBurner.a(ucosmain.o)
                              C:\nburn\lib\NetBurner.a(ucos.o) (OSTCBTbl)
C:\nburn\lib\NetBurner.a(fileio.o)
                              C:\nburn\lib\NetBurner.a(ucosmain.o) (ioctl)
C:\nburn\lib\NetBurner.a(main.o)
                              c:/nburn/gcc-m68k/bin/../lib/gcc/m68k-elf/4.2.1/../../../../m68k-elf/lib/m5208\nb-crt0.o (main)
C:\nburn\lib\NetBurner.a(ip.o)
                              lab5.o (InitializeStack(unsigned long, unsigned long, unsigned long, unsigned long))
C:\nburn\lib\NetBurner.a(buffers.o)
                              C:\nburn\lib\NetBurner.a(ip.o) (FreeBuffer)
C:\nburn\lib\NetBurner.a(arp.o)
                              C:\nburn\lib\NetBurner.a(ip.o) (wArpLifetime)
C:\nburn\lib\NetBurner.a(udp.o)
                              C:\nburn\lib\NetBurner.a(ip.o) (process_udp(pool_buffer*, IPPKT*, unsigned short))
C:\nburn\lib\NetBurner.a(tcp.o)
                              C:\nburn\lib\NetBurner.a(ip.o) (DumpTcpPacket(IPPKT*))
C:\nburn\lib\NetBurner.a(extraio.o)
                              C:\nburn\lib\MOD5234.a(ETPU.o) (GetExtraFD)
C:\nburn\lib\NetBurner.a(http.o)
                              lab5.o (StartHTTP)
C:\nburn\lib\NetBurner.a(httpinternal.o)
                              formcode.o (SetNewPostHandler)
C:\nburn\lib\NetBurner.a(htmldecomp.o)
                              C:\nburn\lib\NetBurner.a(httpinternal.o) (SendHeaderResponse(char*, int))
C:\nburn\lib\NetBurner.a(iosys.o)
                              C:\nburn\lib\NetBurner.a(tcp.o) (FD_ZERO)
C:\nburn\lib\NetBurner.a(netinterface.o)
                              C:\nburn\lib\NetBurner.a(arp.o) (GetFirstInterface())
C:\nburn\lib\NetBurner.a(taskmon.o)
                              lab5.o (EnableTaskMonitor())
C:\nburn\lib\NetBurner.a(autoupdate.o)
                              lab5.o (EnableAutoUpdate)
C:\nburn\lib\NetBurner.a(device.o)
                              C:\nburn\lib\NetBurner.a(main.o) (DeviceInitializeSem)
C:\nburn\lib\NetBurner.a(ucosmcfc.o)
                              C:\nburn\lib\NetBurner.a(ucos.o) (OSTaskCreatewName)
C:\nburn\lib\NetBurner.a(system.o)
                              C:\nburn\lib\NetBurner.a(udp.o) (isvalidcr)
C:\nburn\lib\NetBurner.a(utils.o)
                              C:\nburn\lib\NetBurner.a(system.o) (AsciiToIp)
C:\nburn\lib\MOD5234.a(serial.o)
                              C:\nburn\lib\NetBurner.a(fileio.o) (SerialClose)
C:\nburn\lib\MOD5234.a(ethernet.o)
                              C:\nburn\lib\NetBurner.a(netinterface.o) (AddEthernetInterface())
C:\nburn\lib\MOD5234.a(etherprint.o)
                              C:\nburn\lib\MOD5234.a(ethernet.o) (EtherLink())
C:\nburn\lib\MOD5234.a(emulticast.o)
                              C:\nburn\lib\MOD5234.a(ethernet.o) (EthEnableMulticast(MACADR))
c:/nburn/gcc-m68k/bin/../lib/gcc/m68k-elf/4.2.1/../../../../m68k-elf/lib/m5208\libstdc++.a(new_opv.o)
                              stepper.o (operator new[](unsigned long))
c:/nburn/gcc-m68k/bin/../lib/gcc/m68k-elf/4.2.1/../../../../m68k-elf/lib/m5208\libstdc++.a(del_op.o)
                              stepper.o (operator delete(void*))
c:/nburn/gcc-m68k/bin/../lib/gcc/m68k-elf/4.2.1/../../../../m68k-elf/lib/m5208\libstdc++.a(eh_personality.o)
                              c:/nburn/gcc-m68k/bin/../lib/gcc/m68k-elf/4.2.1/../../../../m68k-elf/lib/m5208\libstdc++.a(new_opv.o) (__cxa_call_unexpected)
c:/nburn/gcc-m68k/bin/../lib/gcc/m68k-elf/4.2.1/../../../../m68k-elf/lib/m5208\libstdc++.a(eh_alloc.o)
                              c:/nburn/gcc-m68k/bin/../lib/gcc/m68k-elf/4.2.1/../../../../m68k-elf/lib/m5208\libstdc++.a(eh_personality.o) (__cxa_allocate_exception)
c:/nburn/gcc-m68k/bin/../lib/gcc/m68k-elf/4.2.1/../../../../m68k-elf/lib/m5208\libstdc++.a(new_op.o)
[...]
Memory Configuration

Name             Origin             Length             Attributes
ram              0x02000000         0x00800000         xrw
SRAM             0x20000400         0x0000fc00         xrw
*default*        0x00000000         0xffffffff

Linker script and memory map

LOAD c:/nburn/gcc-m68k/bin/../lib/gcc/m68k-elf/4.2.1/../../../../m68k-elf/lib/m5208\nb-crt0.o
LOAD c:/nburn/gcc-m68k/bin/../lib/gcc/m68k-elf/4.2.1/m5208/crtbegin.o
LOAD stepper.o
LOAD lcd.o
LOAD lab5.o
LOAD keypad.o
LOAD formdata.o
LOAD formcode.o
LOAD error_wrapper.o
LOAD htmldata.o
LOAD C:\nburn\MOD5234\lib\sys.ld
                0x20000000                vector_base = 0x20000000
                0x20010000                SRAM_END_ADDR = 0x20010000
                0x40000000                sim = 0x40000000
                0xffc04000                gConfigRec = 0xffc04000
                0xffc06000                UserParamBase = 0xffc06000
                0xffc00008                _RESET_ADDR = 0xffc00008
                0xffc08000                FlashAppBase = 0xffc08000
START GROUP
LOAD C:\nburn\lib\MOD5234.a
LOAD C:\nburn\lib\NetBurner.a
LOAD C:\nburn\lib\FatFile.a
LOAD C:\nburn\lib\rtl8711Library.a
LOAD C:\nburn\lib\debugLibrary.a
END GROUP
LOAD c:/nburn/gcc-m68k/bin/../lib/gcc/m68k-elf/4.2.1/../../../../m68k-elf/lib/m5208\libstdc++.a
LOAD c:/nburn/gcc-m68k/bin/../lib/gcc/m68k-elf/4.2.1/../../../../m68k-elf/lib/m5208\libm.a
LOAD c:/nburn/gcc-m68k/bin/../lib/gcc/m68k-elf/4.2.1/m5208\libgcc.a
LOAD c:/nburn/gcc-m68k/bin/../lib/gcc/m68k-elf/4.2.1/../../../../m68k-elf/lib/m5208\libc.a
LOAD c:/nburn/gcc-m68k/bin/../lib/gcc/m68k-elf/4.2.1/m5208\libgcc.a
LOAD c:/nburn/gcc-m68k/bin/../lib/gcc/m68k-elf/4.2.1/m5208/crtend.o
START GROUP
LOAD c:/nburn/gcc-m68k/bin/../lib/gcc/m68k-elf/4.2.1/../../../../m68k-elf/lib/m5208\libc.a
LOAD c:/nburn/gcc-m68k/bin/../lib/gcc/m68k-elf/4.2.1/m5208\libgcc.a
LOAD c:/nburn/gcc-m68k/bin/../lib/gcc/m68k-elf/4.2.1/../../../../m68k-elf/lib/m5208\libm.a
END GROUP
                0x00000000                __DYNAMIC = 0x0
                0x02800000                PROVIDE (__stack, 0x2800000)
                0x00000000                PROVIDE (hardware_init_hook, 0x0)
                0x00000000                PROVIDE (_hardware_init_hook, 0x0)
                0x00000000                PROVIDE (software_init_hook, 0x0)
                0x00000000                PROVIDE (_software_init_hook, 0x0)

.SRAM_SECT      0x20000400     0x8620
                0x20000400                SRAM_START = .
 *(SYS_VAR_SECT)
 SYS_VAR_SECT   0x20000400      0x238 C:\nburn\lib\NetBurner.a(ucos.o)
                0x2000052c                TimeTick
                0x2000051c                OSLockNesting
                0x20000526                OSRunning
                0x20000508                OSTCBList
                0x20000530                OSMapTbl
                0x20000528                Secs
                0x20000514                OSTCBFreeList
                0x20000527                OSShowTasksOnLeds
                0x20000524                OSISRLevel
                0x20000510                OSTCBHighRdy
                0x20000520                OSRdyGrp
                0x20000538                OSUnMapTbl
                0x20000500                OSRdyTbl
                0x20000518                OSIntNesting
                0x2000050c                OSTCBCur
                0x20000400                OSTCBPrioTbl
 SYS_VAR_SECT   0x20000638      0x1a8 C:\nburn\lib\NetBurner.a(ucosmain.o)
                0x2000064c                critical_count
                0x20000650                OSTCBTbl
 SYS_VAR_SECT   0x200007e0       0x1c C:\nburn\lib\NetBurner.a(fileio.o)
                0x200007f8                pExtraFdFunc
 SYS_VAR_SECT   0x200007fc       0x20 C:\nburn\lib\NetBurner.a(iosys.o)
                0x200007fc                read_file_sets
                0x2000080c                error_file_sets
                0x20000804                write_file_sets
                0x2000081c                SYS_VAR_SECT_END = .
                0x20000820                . = ALIGN (0x10)
 *fill*         0x2000081c        0x4 00
 *(IDLE_STK_SECT)
                0x20000820                IDLE_STK_SECT_END = .
                0x20000820                . = ALIGN (0x10)
 *(MAIN_STK_SECT)
 MAIN_STK_SECT  0x20000820     0x2000 C:\nburn\lib\NetBurner.a(main.o)
                0x20000820                MainStk
                0x20002820                MAIN_STK_SECT_END = .
                0x20002820                . = ALIGN (0x4)
 *(ETHER_VAR_SECT)
 ETHER_VAR_SECT
                0x20002820      0x110 C:\nburn\lib\MOD5234.a(ethernet.o)
                0x200028f6                TxcPosts
                0x200028fa                TxcSems
                0x20002820                EthernetMac
                0x200028ee                LastIsrStatus
                0x20002850                RxBD
                0x200028e0                TxBDFlag
                0x200028fe                RxIsr
                0x2000290c                PHY_addr
                0x200028f2                RxPosts
                0x2000290e                PHY_ID
                0x20002906                bEthLink
                0x200028d4                RxBDFlag
                0x200028ea                last_rxbd
                0x200028a0                RxBDpp
                0x20002908                phy_data_pd
                0x20002826                nTx
                0x20002902                TxIsr
                0x200028c8                TxBDpp
                0x20002830                TxBD
                0x20002930                ETHER_VAR_SECT_END = .
                0x20002930                . = ALIGN (0x10)
 *(ETHER_STK_SECT)
 ETHER_STK_SECT
                0x20002930     0x2000 C:\nburn\lib\MOD5234.a(ethernet.o)
                0x20002930                EtherSendStk
                0x20004930                ETHER_STK_SECT_END = .
                0x20004930                . = ALIGN (0x4)
 *(IP_VAR_SECT)
 IP_VAR_SECT    0x20004930       0x36 C:\nburn\lib\NetBurner.a(ip.o)
                0x20004932                bTTL_Default
                0x2000495e                next_arp_time
                0x20004934                ipRxFifo
                0x20004946                IcmpFifo
                0x20004930                wGlobalPktId
                0x20004952                pPromisciousPacketFunc
                0x2000495a                pFragFunc
                0x20004956                pMultiCastFunc
                0x20004962                delay
                0x2000494e                pMultiTick
                0x2000494a                pDHCPTick
 IP_VAR_SECT    0x20004966       0x74 C:\nburn\lib\NetBurner.a(udp.o)
                0x200049d6                UdpNetbiosNameServicePtr
                0x20004966                udp_fifos
                0x200049ce                pDHCPProcessFunction
                0x200049d2                pTaskPacketFunc
                0x200049ca                UDP_fifos_used
                0x200049da                IP_VAR_SECT_END = .
                0x200049e0                . = ALIGN (0x10)
 *fill*         0x200049da        0x6 00
 *(IP_STK_SECT)
 IP_STK_SECT    0x200049e0     0x2000 C:\nburn\lib\NetBurner.a(ip.o)
                0x200049e0                IPStk
                0x200069e0                IP_STK_SECT_END = .
                0x200069e0                . = ALIGN (0x4)
 *(TCP_VAR_SECT)
 TCP_VAR_SECT   0x200069e0       0x1e C:\nburn\lib\NetBurner.a(tcp.o)
                0x200069f0                TCP_TimerSemaphore
                0x200069e0                TCP_critical_section
                0x200069fe                TCP_VAR_SECT_END = .
                0x20006a00                . = ALIGN (0x10)
 *fill*         0x200069fe        0x2 00
 *(TCP_STK_SECT)
 TCP_STK_SECT   0x20006a00     0x2000 C:\nburn\lib\NetBurner.a(tcp.o)
                0x20006a00                TCPStk
                0x20008a00                TCP_STK_SECT_END = .
                0x20008a00                . = ALIGN (0x10)
 *(HTTP_STK_SECT)
                0x20008a00                HTTP_STK_SECT_END = .
                0x20008a00                . = ALIGN (0x10)
 *(FTP_STK_SECT)
                0x20008a00                FTP_STK_SECT_END = .
                0x20008a00                . = ALIGN (0x10)
 *(WIFI_STK_SECT)
                0x20008a00                WIFI_STK_SECT_END = .
                0x20008a00                . = ALIGN (0x10)
 *(PPP_STK_SECT)
                0x20008a00                PPP_STK_SECT_END = .
                0x20008a00                . = ALIGN (0x10)
 *(COMMAND_STK_SECT)
                0x20008a00                COMMAND_STK_SECT_END = .
                0x20008a00                . = ALIGN (0x4)
 *(USER_VAR_SECT)
                0x20008a00                USER_VAR_SECT_END = .
                0x20008a00                . = ALIGN (0x10)
 *(USER_STK_SECT)
                0x20008a00                USER_STK_SECT_END = .
                0x20008a00                BUFFERS_SECT_START = .
                0x20008a00                . = ALIGN (0x10)
 *(BUFFERS_VAR_SECT)
 BUFFERS_VAR_SECT
                0x20008a00       0x1c C:\nburn\lib\NetBurner.a(buffers.o)
                0x20008a00                FAST_BUFFER_POOL_SIZE
                0x20008a0e                free_fast_list
                0x20008a18                free_list_is_initialized
                0x20008a04                free_list
                0x20008a20                . = ALIGN (0x10)
 *fill*         0x20008a1c        0x4 00
                0x20008a20                BUFFERS_VAR_SECT_END = .
                0x20008a20                . = ALIGN (0x10)
                0x20008a20                SRAM_END = .

.text           0x02000000    0x37ed0
 *(.text)
 .text          0x02000000       0xaa c:/nburn/gcc-m68k/bin/../lib/gcc/m68k-elf/4.2.1/../../../../m68k-elf/lib/m5208\nb-crt0.o
                0x02000000                start
 *fill*         0x020000aa        0x2 00
 .text          0x020000ac       0x9c c:/nburn/gcc-m68k/bin/../lib/gcc/m68k-elf/4.2.1/m5208/crtbegin.o
 .text          0x02000148      0x77c stepper.o
                0x02000494                Stepper::SetStartPeriod(unsigned int)
                0x02000318                Stepper::GetStartPeriod()
                0x02000388                Stepper::Step(int)
                0x020005fc                Stepper::SetSlewPeriodUsingRPM(unsigned int)
                0x0200026c                Stepper::ConvertRPMToPeriodTicks(unsigned int)
                0x0200036c                Stepper::GetCurrentPosition()
                0x02000350                Stepper::GetDesiredPosition()
                0x02000334                Stepper::GetSlewPeriod()
                0x0200062c                Stepper::Init(int, unsigned long, unsigned long)
                0x02000188                Stepper::build_table(unsigned long, unsigned long)
                0x02000168                Stepper::Stepper(int, int)
                0x0200029c                Stepper::Stop()
                0x02000400                Stepper::NewAccelTable()
                0x02000148                Stepper::Stepper(int, int)
                0x02000560                Stepper::SetSlewPeriod(unsigned int)
                0x02000530                Stepper::SetStartPeriodUsingRPM(unsigned int)
 .text          0x020008c4      0xe4e lcd.o
                0x020008dc                Lcd::Lcd()
                0x02001294                Lcd::move(unsigned char, unsigned char)
                0x02000cd4                Lcd::Clear(unsigned char)
                0x0200092c                Lcd::enable_lower()
                0x02000904                Lcd::set_rs_line(unsigned char)
                0x020008c4                Lcd::Lcd()
                0x02001688                Lcd::PrintChar(unsigned char, char)
                0x020013f0                Lcd::print_char(unsigned char, char)
                0x02000b30                Lcd::send_cmd(unsigned char, unsigned char)
                0x020008f4                Lcd::ShiftDisplayRight(unsigned char)
                0x020015ec                Lcd::PrintString(unsigned char, char const*)
                0x02000bb4                Lcd::Home(unsigned char)
                0x02001364                Lcd::MoveCursor(unsigned char, unsigned char)
                0x02000970                Lcd::enable_upper()
                0x020009b4                Lcd::set_data_lines(unsigned char)
                0x02000aac                Lcd::send_data(unsigned char, unsigned char)
                0x02000e28                Lcd::Init(unsigned char)
                0x020008fc                Lcd::ShiftDisplayLeft(unsigned char)
 *fill*         0x02001712        0x2 00
 .text          0x02001714      0x59e lab5.o
                0x020019c4                ValidateMinRPMImage
                0x02001974                ValidateMaxRPMImage
                0x02001884                DisplayMotorMode
                0x02001a78                UserMain
                0x02001714                fake_out_irq_pin_isr()
                0x02001924                ValidateRotationImage
                0x02001a14                DisplayLameCounter
                0x02001718                out_irq_pin_isr
                0x020018d4                ValidateDirectionImage
                0x0200184c                real_out_irq_pin_isr
                0x020017f4                IRQIntInit
 *fill*         0x02001cb2        0x2 00
 .text          0x02001cb4      0x254 keypad.o
                0x02001ce4                Keypad::GetLastButtonString()
                0x02001d38                Keypad::Init()
                0x02001cc4                Keypad::Keypad()
                0x02001ebc                Keypad::GetNewButtonString()
                0x02001cb4                Keypad::Keypad()
                0x02001cd4                Keypad::GetLastButtonNumber()
                0x02001e24                Keypad::read_data()
                0x02001eec                Keypad::GetNewButtonNumber()
                0x02001d08                Keypad::ButtonPressed()
 .text          0x02001f08      0x976 formdata.o
                0x02002858                FormData::~FormData()
                0x02002778                FormData::SetMaxRPM(char*)
                0x0200226c                FormData::GetDirection()
                0x020020ec                FormData::IsRotationsValid()
                0x0200220c                FormData::GetMode()
                0x020021ac                FormData::IsMinRPMValid()
                0x020025e8                FormData::SetRotations(char*)
                0x02002488                FormData::SetDirection(char*)
                0x0200286c                FormData::~FormData()
                0x0200243c                FormData::Init(unsigned char)
                0x02002840                FormData::~FormData()
                0x02002328                FormData::GetSteps()
                0x02001fe8                FormData::ShouldMove()
                0x02001f50                FormData::SetSteps(char*)
                0x0200208c                FormData::IsDirectionValid()
                0x02001f2c                FormData::FormData()
                0x020026b0                FormData::SetMinRPM(char*)
                0x02002384                FormData::GetMinRPM()
                0x020023e0                FormData::GetMaxRPM()
                0x02001f5c                FormData::checkNumericString(char*)
                0x020022cc                FormData::GetRotations()
                0x0200214c                FormData::IsMaxRPMValid()
                0x02001f08                FormData::FormData()
 *fill*         0x0200287e        0x2 00
 .text          0x02002880      0x2c0 formcode.o
                0x02002894                CheckExtractResult(char*, int, char*, char*, char*)
                0x02002880                RegisterPost()
                0x02002900                MyDoPost(int, char*, char*, char*)
 .text          0x02002b40      0x226 error_wrapper.o
                0x02002b40                display_error(char const*, unsigned char)
 *fill*         0x02002d66        0x2 00
 .text          0x02002d68       0x52 htmldata.o
                0x02002db0                DoHtmlVariable(int, unsigned short)
                0x02002d68                DoHtmlFunction(int, char const*, unsigned short)
 *fill*         0x02002dba        0x2 00
 .text          0x02002dbc      0x60c C:\nburn\lib\MOD5234.a(bsp.o)
                0x020031c0                _sbrk_r
                0x02003328                HardwareSetup
                0x02003144                DisableCache
                0x020032c0                spaceleft
                0x02003218                LocalInByte
                0x0200330c                ForceReboot
                0x02002fe8                FlashProgram
                0x02002dc0                Tick5234
                0x020032f8                BspGetTickFraction
                0x02002dbc                xTick
                0x02002f58                FlashErase
                0x0200324c                LocalOutByte
                0x0200320c                atexit
                0x02002eb0                GetPreciseTime
                0x02003168                EnableCache
                0x02002dd8                SetIntc
                0x0200329c                LocalCharAvail
 .text          0x020033c8      0x4ee C:\nburn\lib\MOD5234.a(etpu_sm.o)
                0x020034d8                fs_etpu_sm_disable
                0x0200347c                fs_etpu_sm_set_sp
                0x020033c8                fs_etpu_sm_get_flags
                0x020034a0                fs_etpu_sm_set_dp
                0x02003458                fs_etpu_sm_set_st
                0x02003420                fs_etpu_sm_get_st
                0x020036b8                fs_etpu_sm_init
                0x02003550                fs_etpu_sm_enable
                0x02003644                fs_etpu_sm_table
                0x02003404                fs_etpu_sm_get_dp
                0x0200343c                fs_etpu_sm_get_sp
                0x020033e8                fs_etpu_sm_get_cp
 *fill*         0x020038b6        0x2 00
 .text          0x020038b8      0x75a C:\nburn\lib\MOD5234.a(etpu_util.o)
                0x02003e48                fs_etpu_get_global_24
                0x02003b98                fs_etpu_set_chan_local_32
                0x02003a38                fs_timer_start
                0x02003da8                fs_etpu_set_global_32
                0x02003d38                fs_etpu_get_chan_local_16
                0x02003a54                fs_etpu_malloc
                0x02003c4c                fs_etpu_set_chan_local_8
                0x020038b8                fs_etpu_data_ram
                0x02003de0                fs_etpu_set_global_16
                0x02003e18                fs_etpu_get_global32
                0x02003c88                fs_etpu_get_chan_local_32
                0x02003cf8                fs_etpu_get_chan_local_24
                0x02003d70                fs_etpu_get_chan_local_8
                0x02003cc0                fs_etpu_get_chan_local_24s
                0x02003b28                fs_etpu_malloc2
                0x02003dc4                fs_etpu_set_global_24
                0x02003a88                fs_etpu_chan_init
                0x02003dfc                fs_etpu_set_global_8
                0x020039e8                fs_etpu_dma_enable
                0x02003910                fs_etpu_get_hsr
                0x02003e30                fs_etpu_get_global_24s
                0x020039c0                fs_etpu_interrupt_disable
                0x02003e7c                fs_etpu_get_global_8
                0x02003e94                fs_memset32
                0x02003c10                fs_etpu_set_chan_local_16
                0x02003eb8                fs_memcpy32
                0x02003970                fs_etpu_disable
                0x02003998                fs_etpu_interrupt_enable
                0x02003bd4                fs_etpu_set_chan_local_24
                0x020038e8                fs_etpu_set_hsr
                0x02003eec                fs_etpu_init
                0x02003e64                fs_etpu_get_global_16
                0x02003938                fs_etpu_enable
                0x02003a10                fs_etpu_dma_disable
 *fill*         0x02004012        0x2 00
 .text          0x02004014     0x1cf2 C:\nburn\lib\MOD5234.a(pins.o)
                0x02005084                PinIO::set(unsigned char)
                0x02004014                PinIO::function(int)
                0x02004c58                PinIO::drive()
                0x02005ca4                CReadPin
                0x020045f0                PinIO::read()
                0x02005cc8                CGPInPin
 *fill*         0x02005d06        0x2 00
 .text          0x02005d08      0x5ec C:\nburn\lib\MOD5234.a(ioboard.o)
                0x020060f0                putleds
                0x02005d5c                putdisp
                0x02005db4                ModDev70Detect()
                0x02005e68                getdipsw
                0x02005d08                InitChipBoardSelect()
 .text          0x020062f4      0x126 C:\nburn\lib\MOD5234.a(ETPUinit.o)
                0x02006370                MOD5234_etpu_init
                0x020063e0                eTPUInit
                0x020062f4                MOD5234_etpu_start
 *fill*         0x0200641a        0x2 00
 .text          0x0200641c     0x1a20 C:\nburn\lib\MOD5234.a(ETPU.o)
                0x02006778                fake_ETPU_CH8()
                0x0200697c                real_ETPU_CH12
                0x02006838                real_ETPU_CH9
                0x02006638                ETPU_CH5
                0x020068c0                ETPU_CH11
                0x02006634                fake_ETPU_CH5()
                0x02006560                ETPU_CH3
                0x020079e4                eTPUFunctionUARTRX
                0x020072d4                eTPUInitFIFO
                0x02006a04                ETPU_CH14
                0x020069e8                real_ETPU_CH13
                0x02006f0c                eTPUReadUART
                0x0200719c                eTPUDoISR(int)
                0x020067e4                fake_ETPU_CH9()
                0x02007488                ETPU_UART_FD_CLOSE(int)
                0x020067cc                real_ETPU_CH8
                0x020068a4                real_ETPU_CH10
                0x02006bc8                eTPURecordInit()
                0x0200655c                fake_ETPU_CH3()
                0x02007528                eTPUInterruptEnable
                0x02006760                real_ETPU_CH7
                0x02006470                real_ETPU_CH0
                0x02007314                eTPUDriveGPIO
                0x0200702c                eTPUgetCharUART
                0x02006a00                fake_ETPU_CH14()
                0x02007cb8                eTPUFDUartOpen
                0x02006994                fake_ETPU_CH13()
                0x020066a0                fake_ETPU_CH6()
                0x0200670c                fake_ETPU_CH7()
                0x02006710                ETPU_CH7
                0x02006ad8                fs_timer_stop
                0x0200710c                ETPU_UART_FD_WRITE(int, char const*, int)
                0x020074e0                eTPUFunctionGPIO
                0x02006910                real_ETPU_CH11
                0x02006b5c                eTPUEventClear
                0x02006544                real_ETPU_CH2
                0x02006a6c                fake_ETPU_CH15()
                0x020065c8                fake_ETPU_CH4()
                0x0200661c                real_ETPU_CH4
                0x020065cc                ETPU_CH4
                0x0200641c                fake_ETPU_CH0()
                0x0200692c                ETPU_CH12
                0x02006ac0                real_ETPU_CH15
                0x02006420                ETPU_CH0
                0x02006a54                real_ETPU_CH14
                0x02007b58                eTPUFunctionUARTTX
                0x02006854                ETPU_CH10
                0x020064f0                fake_ETPU_CH2()
                0x02007450                eTPUCloseChannel
                0x02006688                real_ETPU_CH5
                0x02006ed8                eTPUCharAvailUART
                0x020067e8                ETPU_CH9
                0x02006f9c                ETPU_UART_FD_READ(int, char*, int)
                0x02006a70                ETPU_CH15
                0x020068bc                fake_ETPU_CH11()
                0x02007364                eTPUSetGPIO
                0x020066a4                ETPU_CH6
                0x02006998                ETPU_CH13
                0x020064f4                ETPU_CH2
                0x02006484                fake_ETPU_CH1()
                0x020064d8                real_ETPU_CH1
                0x02006af4                eTPUInterruptDisable
                0x02006488                ETPU_CH1
                0x02006b7c                eTPUEventPoll
                0x020065b0                real_ETPU_CH3
                0x02006e08                eTPUChanInit(int)
                0x020066f4                real_ETPU_CH6
                0x0200677c                ETPU_CH8
                0x02006928                fake_ETPU_CH12()
                0x02006850                fake_ETPU_CH10()
                0x0200704c                eTPUWriteUART
                0x020073b8                eTPUInputGPIO
 .text          0x02007e3c      0x26e C:\nburn\lib\MOD5234.a(etpu_gpio.o)
                0x02007f7c                fs_etpu_gpio_pin_history
                0x02007e3c                fs_etpu_gpio_output_high
                0x0200803c                fs_etpu_gpio_init
                0x02007fa0                fs_etpu_gpio_cfg_input_periodic
                0x02007f58                fs_etpu_gpio_input_immed
                0x02007edc                fs_etpu_gpio_cfg_input_trans
                0x02007e84                fs_etpu_gpio_output
                0x02007e60                fs_etpu_gpio_output_low
 *fill*         0x020080aa        0x2 00
 .text          0x020080ac      0x310 C:\nburn\lib\MOD5234.a(etpu_uart.o)
                0x020080e4                fs_etpu_uart_write_transmit_data
                0x020080ac                fs_etpu_uart_read_receive_data
                0x0200810c                fs_etpu_uart_init
 *fill*         0x020083bc        0x4 00
 .text          0x020083c0      0x44a C:\nburn\lib\NetBurner.a(ucosmcfa.o)
                0x020084a0                OSDebugTraceHalt
                0x020083c0                OSStartHighRdy
                0x020084b0                TrapOutByte
                0x020084e0                memcpy
                0x020084e0                fmemcpy
                0x020083e0                OSCtxSw
                0x020084d0                TrapCharAvail
                0x02008410                OSIntCtxSw
                0x020084c0                TrapInByte
                0x02008440                OSTickISR
                0x020085b0                memcpysum
                0x02008480                OSSetupVBR
                0x020087e0                GetSR_IntLevel
                0x02008740                memset
                0x02008740                fmemset
                0x020087f0                SetSR_IntLevel
 *fill*         0x0200880a        0x2 00
 .text          0x0200880c     0x1e5c C:\nburn\lib\NetBurner.a(ucos.o)
                0x02008cc4                OSCritEnterNoWait
                0x02008e9e                UCOSWAITS_HERE
                0x020091bc                OSFifoPostFirst
                0x02008f04                OSCritLeave
                0x02008c70                getpid
                0x02008994                OSLock
                0x02009610                OSQPostFirst
                0x02008d38                OSTaskID
                0x02008b58                OSQPendNoWait
                0x02008d50                OSSetName
                0x02008d78                OSIntExit
                0x02008a1c                OSSemPendNoWait
                0x0200a158                OSTaskDelete
                0x0200a374                OSUnlock
                0x02008c88                OSCritInit
                0x020097b0                OSQPost
                0x0200901c                OSCritEnter
                0x0200947c                OSFifoPend
                0x02009fb8                OSSemPend
                0x02008a5c                OSMboxInit
                0x02009b30                OSMboxPost
                0x02008bd4                OSFifoInit
                0x02009948                OSQPend
                0x02008e14                OSSched
                0x0200a3a8                OSTimeDly
                0x02009e2c                OSSemPost
                0x0200a270                OSChangePrio
                0x02008964                OSTCBGetFree
                0x0200880c                OSIntEnterWAS
                0x02008aa4                OSMboxPendNoWait
                0x0200931c                OSFifoPost
                0x020089bc                OSSemInit
                0x0200a470                OSStart
                0x02008854                OSTimeTick
                0x02008ae4                OSQInit
                0x02008d64                OSTaskName
                0x02008c20                OSFifoPendNoWait
                0x02009c98                OSMboxPend
                0x0200a4ec                OSInit
                0x02008834                OSChangeTaskDly
 .text          0x0200a668      0x16c C:\nburn\lib\NetBurner.a(ucosmain.o)
                0x0200a744                __malloc_unlock
                0x0200a668                UCosBegin
                0x0200a764                balloc_lock
                0x0200a7a4                UCosSetup
                0x0200a728                balloc_unlock
                0x0200a784                __malloc_lock
 .text          0x0200a7d4      0x5f8 C:\nburn\lib\NetBurner.a(fileio.o)
                0x0200a964                ioctl
                0x0200a7d4                isatty
                0x0200a8bc                CurrentStdioFD
                0x0200a934                lseek
                0x0200a80c                ReplaceStdio
                0x0200a9d0                write
                0x0200a7f0                fstat
                0x0200ab00                rawwrite
                0x0200ad0c                stdioinbyte
                0x0200ab84                read
                0x0200a8ec                outbyte
                0x0200a94c                open
                0x0200a904                charavail
                0x0200a8e0                fcntl
                0x0200ad84                close
 .text          0x0200adcc       0xb6 C:\nburn\lib\NetBurner.a(main.o)
                0x0200ae04                main
                0x0200adcc                __do_global_ctors
 *fill*         0x0200ae82        0x2 00
 .text          0x0200ae84     0x186a C:\nburn\lib\NetBurner.a(ip.o)
                0x0200b2d4                FixUpICMP(IPPKT*, unsigned char, unsigned char, unsigned char*, unsigned short)
                0x0200b044                IsMultiCast(unsigned long)
                0x0200bb80                FixHeaderAndSend(pool_buffer*, IPPKT*)
                0x0200b57c                DoIPPacket(pool_buffer*, EFRAME*, unsigned short)
                0x0200af40                GetSum20
                0x0200be68                PingViaInterface
                0x0200b51c                SaveError(pool_buffer*)
                0x0200b894                process_icmp(pool_buffer*, IPPKT*, unsigned short)
                0x0200b180                IpProcessEthernetPacket
                0x0200b748                FixHeaderAndSendViaInterface(pool_buffer*, IPPKT*, int)
                0x0200bfac                ShowIPBuffer(pool_buffer*)
                0x0200bcd4                SendICMPError(pool_buffer*, unsigned char, unsigned char)
                0x0200b3ec                InitializeStack(unsigned long, unsigned long, unsigned long, unsigned long)
                0x0200b094                GetData(IPPKT*)
                0x0200b510                InitializeCStack
                0x0200bf78                Ping
                0x0200ae84                GetSum
                0x0200b560                IsMyIp
                0x0200b390                IsBroadCast(unsigned long, int)
                0x0200b33c                KillStack
                0x0200b0c0                PrepareIPOutput(pool_buffer*, unsigned long, unsigned short)
                0x0200b064                GetMultiAddress(unsigned long)
                0x0200bda4                SendPing
                0x0200af78                GetSumHdr
                0x0200b348                IsLocal(unsigned long, int)
                0x0200b9b0                IPTask(void*)
 *fill*         0x0200c6ee        0x2 00
 .text          0x0200c6f0      0xec8 C:\nburn\lib\NetBurner.a(buffers.o)
                0x0200cbb0                fifo_buffer_storage::Full()
                0x0200cca0                ShowBuffer
                0x0200cf84                fifo_buffer_storage::Reset(unsigned char)
                0x0200c7d4                InitBuffers
                0x0200c900                buffer_list::InsertBefore(pool_buffer*, pool_buffer*)
                0x0200cad8                GetBuffer
                0x0200cc80                fifo_buffer_storage::fifo_buffer_storage(unsigned char, unsigned char)
                0x0200cb98                fifo_buffer_storage::Empty()
                0x0200d3fc                fifo_buffer_storage::ReadDatawSum(unsigned char*, int, unsigned long&)
                0x0200cb84                fifo_buffer_storage::SpaceUsed()
                0x0200c6f0                ShowBuffers()
                0x0200c71c                buffer_list::InsertHead(pool_buffer*)
                0x0200cdcc                GetFreeCount
                0x0200c700                IncUsageCount
                0x0200cc60                fifo_buffer_storage::fifo_buffer_storage(unsigned char, unsigned char)
                0x0200c89c                buffer_list::InsertTail(pool_buffer*)
                0x0200d044                fifo_buffer_storage::~fifo_buffer_storage()
                0x0200d134                fifo_buffer_storage::SetMaxBuffers(unsigned char)
                0x0200ce44                fifo_buffer_storage::ReadData(unsigned char*, int)
                0x0200cbf8                fifo_buffer_storage::Init(unsigned char, unsigned char)
                0x0200c6f8                DumpBuffers()
                0x0200ca70                buffer_list::RemoveHead()
                0x0200c9e8                buffer_list::Remove(pool_buffer*)
                0x0200cb24                buffer_list::RemoveTail()
                0x0200d058                fifo_buffer_storage::LongSpaceAvail()
                0x0200d1c4                fifo_buffer_storage::WriteData(unsigned char*, int)
                0x0200c78c                FreeBuffer
                0x0200c974                buffer_list::InsertAfter(pool_buffer*, pool_buffer*)
                0x0200d110                fifo_buffer_storage::SpaceAvail()
                0x0200d030                fifo_buffer_storage::~fifo_buffer_storage()
 .text          0x0200d5b8     0x17f0 C:\nburn\lib\NetBurner.a(arp.o)
                0x0200e2d4                FindAddArp(unsigned long)
                0x0200d70c                sendGratuitousArp(int)
                0x0200d5e0                MacEqual(MACADR, MACADR)
                0x0200d914                InitializeArp()
                0x0200d9bc                FindArp(unsigned long)
                0x0200dc18                SendArp(ArpRecord*, int)
                0x0200d8c8                GetInterface(unsigned long)
                0x0200ebc4                AddCheckArp(MACADR*, unsigned long, int)
                0x0200d640                SetMac(ArpRecord*, MACADR, int)
                0x0200e110                DeleteArpFromIp(unsigned long)
                0x0200dac0                GetArpMacFromIp(unsigned long, MACADR&)
                0x0200e710                RouteOutVia(EFRAME*, unsigned long, pool_buffer*, int)
                0x0200db74                GetProperInterface(unsigned long)
                0x0200e224                FreeOneArp()
                0x0200ec50                processArp(pool_buffer*, EFRAME*)
                0x0200d6d0                NeedsArp(int)
                0x0200dd48                GetNextArp(ArpRecord*)
                0x0200d7dc                RawSendArp(ArpRecord*, unsigned long, int)
                0x0200e130                AgeArp()
                0x0200e91c                RouteOut(EFRAME*, unsigned long, pool_buffer*)
                0x0200de10                ShowArp()
                0x0200df50                DeleteArp(ArpRecord*)
                0x0200ddb8                GetFirstArp()
                0x0200dc84                GetSrcIp
                0x0200e570                IsMyAddressUsedArpDetect(unsigned short, int)
                0x0200d5d8                Cleanup()
                0x0200d5b8                IsNull(ArpRecord*)
                0x0200dea4                fShowArp(__sFILE*)
                0x0200db18                AddPending(MACADR*, unsigned long, int)
 .text          0x0200eda8     0x12f8 C:\nburn\lib\NetBurner.a(udp.o)
                0x0200f5e0                UDPPacket::Send(unsigned long, unsigned char)
                0x0200eef0                UDPPacket::SetDestinationPort(unsigned short)
                0x0200efb4                UDPPacket::GetPacketId()
                0x0200f000                UDPPacket::GetSourceAddress()
                0x0200fd20                UDPPacket::UDPPacket()
                0x0200f3b0                UDPPacket::AddDataByte(unsigned char)
                0x0200f6f8                UDPPacket::SendAndKeep(unsigned long, unsigned char)
                0x0200f304                UDPPacket::AddData(unsigned char*, unsigned short)
                0x0200f024                RegisterUDPFifo(unsigned short, os_fifo*)
                0x0200f3f8                UDPPacket::AddData(char const*)
                0x0200ee1c                UDPPacket::UDPPacket(pool_buffer*)
                0x0200f4b8                UDPPacket::SendViaInterface(unsigned long, int, unsigned char)
                0x0200ef9c                UDPPacket::GetIpPacket()
                0x0200f768                UDPPacket::~UDPPacket()
                0x0200eda8                GetUdpFifoRec(unsigned short)
                0x0200ef2c                UDPPacket::GetDataBuffer()
                0x0200f0ec                RegisterUDPFifoWithNotify(unsigned short, os_fifo*, void (*)(os_fifo*, unsigned short))
                0x0200ee68                UDPPacket::UDPPacket(pool_buffer*)
                0x0200ef60                UDPPacket::GetDataSize() const
                0x0200f7d4                ProcessIDPacket(UDPPacket&, int)
                0x0200f3d4                UDPPacket::AddDataWord(unsigned short)
                0x0200fd64                process_udp(pool_buffer*, IPPKT*, unsigned short)
                0x0200f428                UDPPacket::Validate()
                0x0200ef0c                UDPPacket::GetDestinationPort() const
                0x0200f1b4                UnregisterUDPFifo(unsigned short)
                0x0200ffe0                UDPPacket::UDPPacket(os_fifo*, unsigned long)
                0x0200ef40                UDPPacket::SetDataSize(unsigned short)
                0x0200ef88                UDPPacket::ResetData()
                0x0200f740                UDPPacket::~UDPPacket()
                0x02010040                UDPPacket::UDPPacket(os_fifo*, unsigned long)
                0x0200eeb4                UDPPacket::SetSourcePort(unsigned short)
                0x0200eed0                UDPPacket::GetSourcePort() const
                0x0200f27c                FixIDDataPacket(UDPPacket&, int)
                0x0200f790                UDPPacket::UDPPacket()
                0x0200efdc                UDPPacket::GetDestinationAddress()
 .text          0x020100a0     0x51ae C:\nburn\lib\NetBurner.a(tcp.o)
                0x020117f0                SendTcpRst(IPPKT*)
                0x020106ac                GetTcpState(int)
                0x020106e0                GetTcpDState
                0x02011a34                InitTCP()
                0x02014270                _Socket_Private_read
                0x02010660                ShortSocketList::ShortSocketList()
                0x02010714                SetOutOfOrderbuffers(int, unsigned char)
                0x020102e0                GetSocketRemotePort(int)
                0x02010f50                socket_struct::MyAdvertisedWindow()
                0x02010da4                SetSocketTxBuffers(int, int)
                0x020103f4                setsockoption(int, int)
                0x020112a4                TcpSend(socket_struct*, unsigned long, pool_buffer*, unsigned short, unsigned char)
                0x02015120                TCPTimerTask(void*)
                0x02014f20                process_tcp(pool_buffer*, IPPKT*, unsigned short)
                0x02012980                socket_struct::ProcessRST()
                0x02010758                TcpGetLastRxTime(int)
                0x02013794                abortsocket
                0x020146ac                socket_struct::ProcessDataSegment(TCPPKT*, unsigned short, unsigned char*, pool_buffer*&)
                0x020120b4                HashSocketList::RemoveSocket(socket_struct*) const
                0x02013e78                _Socket_Private_write
                0x0201042c                getsockoption(int)
                0x02013374                socket_struct::ProcessAck(TCPPKT*)
                0x020143cc                socket_struct::SaveData(unsigned char*, unsigned short, unsigned char)
                0x02011da4                GetTcpRtxCount(int)
                0x02010204                fixoverlap(unsigned long, unsigned long, unsigned long&, unsigned long&)
                0x02010d24                socket_struct::SetTimer(unsigned long)
                0x02013e50                connect(unsigned long, unsigned short, unsigned short, unsigned long)
                0x020104b8                HashSocketList::HashSocketList()
                0x020122f8                GetTcpSocket(TCPPKT*, unsigned long)
                0x020109a4                TcpGetRxBufferSpaceUsed(int)
                0x02012bb0                socket_struct::DoRawSend()
                0x020109e4                ShowFdTcpSocket(int)
                0x02010ca8                socket_struct::ClearPending(int)
                0x02011e18                ShortSocketList::findsocket(unsigned short, unsigned short, unsigned long) const
                0x02013abc                connect(unsigned long, unsigned short, unsigned short, unsigned long, unsigned long)
                0x02011d30                TcpSendKeepAlive(int)
                0x02010280                getsocketerror(int)
                0x020104a0                EnableTcpDebug(unsigned short)
                0x0201502c                socket_struct::ProcessTimer()
                0x02012a8c                socket_struct::SetUpNextRetransmit()
                0x020104b0                HashSocketList::HashSocketList()
                0x020140a0                SockReadWithTimeout
                0x02011cc4                GetFreeSocketCount()
                0x02013620                socket_struct::ProcessFIN(TCPPKT*, unsigned short)
                0x02010fc8                FixHeaderAndSendTcp(pool_buffer*, IPPKT*, socket_struct*)
                0x0201045c                setsocketackbuffers(int, unsigned char)
                0x020103d4                socket_struct::CleanUpDeletedListener()
                0x020101c0                FindListenSocket(unsigned short, unsigned long)
                0x020110b0                TcpSendwSum(socket_struct*, unsigned long, pool_buffer*, unsigned short, unsigned char, unsigned long)
                0x020123b0                socket_struct::DoCleanup()
                0x020144bc                socket_struct::TestOutofOrder()
                0x020107c8                TcpGetLastRxInterval(int)
                0x020100a0                GetFirstSeq()
                0x02011c30                FREESOCKET(socket_struct*)
                0x02012588                ShortSocketList::AddSocket(socket_struct*)
                0x0201325c                socket_struct::DoRetransmit(unsigned char)
                0x02010670                ShortSocketList::Init()
                0x02011ebc                ShortSocketList::processTick()
                0x0201428c                _Socket_Private_close
                0x0201274c                accept(int, unsigned long*, unsigned short*, unsigned short)
                0x02010668                ShortSocketList::ShortSocketList()
                0x02010de4                SetSocketRxBuffers(int, int)
                0x020139b4                listen(unsigned long, unsigned short, unsigned char)
                0x020104c0                HashSocketList::Init() const
                0x020104d8                ShortSocketList::GetFreeShort()
                0x020102b0                GetSocketRemoteAddr(int)
                0x02012220                HashSocketList::findsocket(unsigned short, unsigned short, unsigned long) const
                0x02010938                WaitForSocketFlush(int, unsigned long)
                0x020104a8                DumpTcpPacket(IPPKT*)
                0x02012690                RemoveFromUserCloseList(socket_struct*)
                0x020100e4                ValidateTCP(IPPKT*, unsigned short)
                0x02011f6c                ShortSocketList::process(pool_buffer*, TCPPKT*, unsigned long) const
                0x020100d0                socket_struct::SetState(int)
                0x02010e6c                socket_struct::processoptions(pool_buffer*, TCPPKT*, IPPKT*)
                0x02012f68                socket_struct::DoClose(int)
                0x020138c8                GetFreeSocket()
                0x02010310                GetSocketLocalPort(int)
                0x0201216c                HashSocketList::AddSocket(socket_struct*) const
                0x02010620                ShortSocketList::FreeShort(ShortSocket*) const
                0x02010340                socket_struct::CalcRTO(unsigned long)
                0x02011798                socket_struct::OpenWindow()
                0x02011904                SendTcpSynRst(IPPKT*)
                0x020108e8                TcpAllDataAcked(int)
                0x02012ee8                clrsockoption(int, int)
                0x0201078c                TcpGetSocketState(int)
                0x02010498                DumpTcpDebug()
                0x02010e24                GetSocketLocalAddr(int)
                0x0201486c                socket_struct::process(pool_buffer*, TCPPKT*)
                0x020106e8                RegisterTCPReadNotify
                0x02011334                socket_struct::SendState(unsigned short, pool_buffer*)
 *fill*         0x0201524e        0x2 00
 .text          0x02015250      0x1b4 C:\nburn\lib\NetBurner.a(extraio.o)
                0x02015280                ExpandWrite(int, char const*, int)
                0x020152b0                ExpandClose(int)
                0x020152e0                InitExtras()
                0x0201531c                GetExtraFD
                0x02015250                ExpandRead(int, char*, int)
                0x02015398                FreeExtraFd
                0x020153d0                GetExtraData
 .text          0x02015404      0x30c C:\nburn\lib\NetBurner.a(http.o)
                0x02015404                StartHTTP
                0x0201553c                HttpMain(void*)
                0x02015448                processHttpRequest(char**, char*, char*, int, HTTP_Request&)
 .text          0x02015710      0xbee C:\nburn\lib\NetBurner.a(httpinternal.o)
                0x02015748                SetNewPostHandler
                0x02015de8                BaseDoGet
                0x02015790                SetNewMultiPartHandler
                0x02015b50                SendHTMLHeader
                0x02015718                append(char*&, char*)
                0x020157a8                SetNewMultiPartExtractHandler
                0x02015f1c                HTTP_Request::Respond(int)
                0x02015c84                writesafestring
                0x02015d94                ShowIPOnFd(int, unsigned long)
                0x02015a90                SendGifHeader
                0x02015aac                SendTextHeader
                0x02015ac8                BaseDoHead
                0x020159f4                NotFoundResponse
                0x0201573c                BaseDoPost
                0x020157c0                SetNewErrorHandler
                0x0201580c                ExtractPostData
                0x02015a48                RedirectResponse
                0x02016050                HTTP_Request::ProcessLine(char*)
                0x02015760                SetNewGetHandler
                0x02015710                StopHTTP
                0x020157d8                InitHttp()
                0x02015778                SetNewHeadHandler
                0x02015b6c                writeallsafestring
                0x02015ed0                SendHTMLHeaderWCookie
                0x020159a0                httpstricmp
 *fill*         0x020162fe        0x2 00
 .text          0x02016300      0x910 C:\nburn\lib\NetBurner.a(htmldecomp.o)
                0x02016368                SendHtml(int, char*, int, char const*)
                0x02016640                SendData(HTML_FILE_RECORD*, int, char const*)
                0x020166d8                GetRecordFromName(char*)
                0x02016300                SendHeader(int, char const*, int)
                0x020169a4                SendFullResponse(char*, int)
                0x02016758                SendFileFragment(char*, int, char const*)
                0x0201635c                SendCompressed(int, char*, int)
                0x02016784                SendHeaderResponse(char*, int)
                0x02016340                SendXMLHeader(int)
 .text          0x02016c10      0x69e C:\nburn\lib\NetBurner.a(iosys.o)
                0x0201704c                SetDataAvail
                0x02016eec                writeall
                0x02016f4c                RawCheckSelects()
                0x02016ff8                SetHaveError
                0x02017088                RemoveSelect(PendingSelect*)
                0x02017010                SetWriteAvail
                0x02016ddc                ZeroWaitSelect
                0x02017108                AddSelect(PendingSelect*)
                0x02016d30                FD_ISSET
                0x02016cd8                ClrDataAvail
                0x02017160                select
                0x02016cc0                ClrWriteAvail
                0x02016fc4                CheckSelects()
                0x02016e90                writestring
                0x02016da0                countbits(fd_set*)
                0x02016c10                FD_OVERLAP(fd_set*, fd_set*)
                0x02016e60                dataavail
                0x02016c4c                FD_ZERO
                0x02016cf0                FD_SET
                0x02016ca8                ClrHaveError
                0x02016d7c                countdwbits(unsigned long)
                0x02017200                ReadWithTimeout
                0x02016c64                FD_CLR
 *fill*         0x020172ae        0x2 00
 .text          0x020172b0      0x42a C:\nburn\lib\NetBurner.a(netinterface.o)
                0x0201761c                InitializeNetwork(void (*)(pool_buffer*, EFRAME*, unsigned short), void (*)(pool_buffer*, EFRAME*))
                0x02017340                InterfaceIP(int)
                0x02017434                GetEframe(pool_buffer*)
                0x020175bc                SaveIfConfig(ConfigRecord*, int)
                0x020172b0                GetFirstInterface()
                0x020175ec                GetIfConfig(int)
                0x020173f0                InterfaceMAC(int)
                0x02017314                GetInterFaceBlock(int)
                0x0201736c                InterfaceDNS(int)
                0x02017398                InterfaceMASK(int)
                0x020172d0                GetnextInterface(int)
                0x02017678                TransmitBuffer(pool_buffer*, int)
                0x020174a0                DisableMulticast(MACADR, int)
                0x02017500                RegisterInterface(_InterfaceBlock*)
                0x02017448                EnableMulticast(MACADR, int)
                0x02017588                Removeinterface(int)
                0x020174f8                StopNetworks()
                0x020173c4                InterfaceGate(int)
 *fill*         0x020176da        0x2 00
 .text          0x020176dc      0x5c8 C:\nburn\lib\NetBurner.a(taskmon.o)
                0x02017be4                ProcessTaskPacket(UDPPacket&, int)
                0x020176dc                EnableTaskMonitor()
                0x020176f0                BufferDumpTCBState(os_tcb*)
 .text          0x02017ca4      0x538 C:\nburn\lib\NetBurner.a(autoupdate.o)
                0x0201812c                ProcessAutoUpdatePacket(UDPPacket&)
                0x02017e60                DoData(UDPPacket&)
                0x02017ca4                EnableAutoUpdate
                0x02017cb8                DoReboot()
                0x02017ce8                DoExecute(UDPPacket&, int)
                0x02017f50                DoStart(UDPPacket&)
 .text          0x020181dc       0x52 C:\nburn\lib\NetBurner.a(device.o)
                0x020181fc                DeviceInitializeSem
                0x020181dc                DeviceGetQspiSem()
                0x020181ec                DeviceGetI2cSem()
 *fill*         0x0201822e        0x2 00
 .text          0x02018230      0x320 C:\nburn\lib\NetBurner.a(ucosmcfc.o)
                0x02018518                OSTaskCreate
                0x02018544                TopOfStackKillfunction
                0x020182ec                OSTaskCreatewName
                0x02018230                OSTCBInit
                0x02018548                KillFunctionLink
 .text          0x02018550      0x6d8 C:\nburn\lib\NetBurner.a(system.o)
                0x020185c8                GetUserParameters
                0x02018928                UpdateConfigRecord_Num
                0x0201859c                RawGetConfig
                0x02018550                isvalidcr
                0x02018ae4                SetupDialog
                0x02018640                ReadLine
                0x02018ad0                UpdateConfigRecord
                0x02018800                IpQuestion
                0x020188b4                SaveUserParameters
                0x020185d8                ShowChange
 .text          0x02018c28      0xbe0 C:\nburn\lib\NetBurner.a(utils.o)
                0x02019614                fShowMac
                0x02018e18                FancyDump(unsigned char*, int)
                0x020196a4                ShowCounters
                0x02018d60                convertHexAsciiToBinary
                0x02018fd8                ShowData
                0x02018c28                kill
                0x0201970c                fShowCounters
                0x020195d4                fShowIP
                0x02018c38                _fini
                0x02018f44                ShowIP
                0x02018c44                AsciiToIp
                0x02019784                sShowCounters
                0x02019670                DiagMenuPicker(int, unsigned char)
                0x02018f80                ShowMac
                0x02018cc8                convertBinaryToHexAscii
                0x02018e00                __builtin_delete
                0x02018c30                _exit
 .text          0x02019808     0x1aaa C:\nburn\lib\MOD5234.a(serial.o)
                0x0201b238                real_SER0_ISR
                0x02019808                WakeTx(int)
                0x0201a65c                SerialClose
                0x0201a5f0                SendBreak
                0x0201a7a4                OpenSerial
                0x0201a1fc                GetUartErrorReg
                0x0201a390                fShowSerialData(__sFILE*)
                0x02019ad0                fake_SER0_ISR()
                0x02019bb8                fake_SER2_ISR()
                0x02019b28                SER1_ISR
                0x02019c0c                SerialEnableTxFlow
                0x02019c54                SerialEnableRxFlow
                0x020198a0                DoSerIsr(int)
                0x0201a08c                Serial485HalfDupMode
                0x02019b24                fake_SER1_ISR()
                0x02019ee8                SerialEnableHwRxFlow
                0x0201add0                serread
                0x0201b118                BasePutChar(int, unsigned char)
                0x0201adec                BaseGetChar(int)
                0x0201b274                real_SER2_ISR
                0x0201abb4                serreadwto
                0x0201aff8                serwriteaddress
                0x02019b78                real_SER1_ISR
                0x0201ae94                serwrite
                0x0201a780                serexternalclose
                0x02019ad4                SER0_ISR
                0x02019bbc                SER2_ISR
                0x02019ca0                SerialEnableHwTxFlow
 *fill*         0x0201b2b2        0x2 00
 .text          0x0201b2b4     0x18ae C:\nburn\lib\MOD5234.a(ethernet.o)
                0x0201be2c                AddEthernetInterface()
                0x0201b498                StopEnet()
                0x0201b8f4                ResetEnet()
                0x0201c000                ProcessDuplexStatus()
                0x0201b2b4                read_eth_addr(MACADR*)
                0x0201bed4                WarmEnetReset()
                0x0201c9b4                real_rxenetisr
                0x0201b2e0                fake_rxenetisr()
                0x0201c61c                DoRX(pool_buffer*, unsigned short)
                0x0201b2e4                rxenetisr
                0x0201b334                fake_txenetisr()
                0x0201bfd0                EnablePHY()
                0x0201b4ec                EthMultifunc(MACADR, unsigned char)
                0x0201b388                GetMII(unsigned char, unsigned char)
                0x0201b508                ResetEnetPart2()
                0x0201b338                txenetisr
                0x0201b40c                SetMII(unsigned char, unsigned char, unsigned short)
                0x0201bc68                InitializeEthernet()
                0x0201c424                real_txenetisr
                0x0201b4c8                DisablePHY()
                0x0201bf70                ManualEthernetConfig(unsigned char, unsigned char, unsigned char)
                0x0201c2d0                EthTransmitBuffer(pool_buffer*)
                0x0201c814                Ether_ProcessTask(void*)
 *fill*         0x0201cb62        0x2 00
 .text          0x0201cb64     0x16e8 C:\nburn\lib\MOD5234.a(etherprint.o)
                0x0201e174                EtherLink()
                0x0201cb64                EtherSpeed100()
                0x0201e168                denet()
                0x0201de08                ShowFECRegisters()
                0x0201cc3c                ShowMII(unsigned char, unsigned char, char const*, unsigned short)
                0x0201e1a8                elink()
                0x0201e15c                dEnet()
                0x0201cb84                SwitchMIIPage(unsigned long)
                0x0201cb74                EtherDuplex()
                0x0201cbb0                showbinary(unsigned short, unsigned short)
                0x0201cca4                ShowPhyterMII()
 .text          0x0201e24c      0x196 C:\nburn\lib\MOD5234.a(emulticast.o)
                0x0201e330                EthDisableMulticast(MACADR)
                0x0201e28c                EthEnableMulticast(MACADR)
                0x0201e24c                GetMultiCastCRC(MACADR)
 *fill*         0x0201e3e2        0x2 00
 .text          0x0201e3e4        0x0 c:/nburn/gcc-m68k/bin/../lib/gcc/m68k-elf/4.2.1/../../../../m68k-elf/lib/m5208\libstdc++.a(new_opv.o)
 .text          0x0201e3e4        0x0 c:/nburn/gcc-m68k/bin/../lib/gcc/m68k-elf/4.2.1/../../../../m68k-elf/lib/m5208\libstdc++.a(del_op.o)
 .text          0x0201e3e4        0x0 c:/nburn/gcc-m68k/bin/../lib/gcc/m68k-elf/4.2.1/../../../../m68k-elf/lib/m5208\libstdc++.a(eh_personality.o)
 .text          0x0201e3e4        0x0 c:/nburn/gcc-m68k/bin/../lib/gcc/m68k-elf/4.2.1/../../../../m68k-elf/lib/m5208\libstdc++.a(eh_alloc.o)
 .text          0x0201e3e4        0x0 c:/nburn/gcc-m68k/bin/../lib/gcc/m68k-elf/4.2.1/../../../../m68k-elf/lib/m5208\libstdc++.a(new_op.o)
 .text          0x0201e3e4        0x0 c:/nburn/gcc-m68k/bin/../lib/gcc/m68k-elf/4.2.1/../../../../m68k-elf/lib/m5208\libstdc++.a(eh_throw.o)
 .text          0x0201e3e4        0x0 c:/nburn/gcc-m68k/bin/../lib/gcc/m68k-elf/4.2.1/../../../../m68k-elf/lib/m5208\libstdc++.a(new_handler.o)
 .text          0x0201e3e4        0x0 c:/nburn/gcc-m68k/bin/../lib/gcc/m68k-elf/4.2.1/../../../../m68k-elf/lib/m5208\libstdc++.a(eh_globals.o)
 .text          0x0201e3e4        0x0 c:/nburn/gcc-m68k/bin/../lib/gcc/m68k-elf/4.2.1/../../../../m68k-elf/lib/m5208\libstdc++.a(eh_exception.o)
 .text          0x0201e3e4        0x0 c:/nburn/gcc-m68k/bin/../lib/gcc/m68k-elf/4.2.1/../../../../m68k-elf/lib/m5208\libstdc++.a(eh_catch.o)
 .text          0x0201e3e4        0x0 c:/nburn/gcc-m68k/bin/../lib/gcc/m68k-elf/4.2.1/../../../../m68k-elf/lib/m5208\libstdc++.a(eh_terminate.o)
 .text          0x0201e3e4        0x0 c:/nburn/gcc-m68k/bin/../lib/gcc/m68k-elf/4.2.1/../../../../m68k-elf/lib/m5208\libstdc++.a(eh_call.o)
 .text          0x0201e3e4        0x0 c:/nburn/gcc-m68k/bin/../lib/gcc/m68k-elf/4.2.1/../../../../m68k-elf/lib/m5208\libstdc++.a(class_type_info.o)
 .text          0x0201e3e4        0x0 c:/nburn/gcc-m68k/bin/../lib/gcc/m68k-elf/4.2.1/../../../../m68k-elf/lib/m5208\libstdc++.a(eh_term_handler.o)
 .text          0x0201e3e4        0x0 c:/nburn/gcc-m68k/bin/../lib/gcc/m68k-elf/4.2.1/../../../../m68k-elf/lib/m5208\libstdc++.a(eh_unex_handler.o)
 .text          0x0201e3e4        0x0 c:/nburn/gcc-m68k/bin/../lib/gcc/m68k-elf/4.2.1/../../../../m68k-elf/lib/m5208\libstdc++.a(si_class_type_info.o)
 .text          0x0201e3e4        0x0 c:/nburn/gcc-m68k/bin/../lib/gcc/m68k-elf/4.2.1/../../../../m68k-elf/lib/m5208\libstdc++.a(vterminate.o)
 .text          0x0201e3e4     0x4ae6 c:/nburn/gcc-m68k/bin/../lib/gcc/m68k-elf/4.2.1/../../../../m68k-elf/lib/m5208\libstdc++.a(cp-demangle.o)
                0x02022df2                __cxa_demangle
 *fill*         0x02022eca        0x2 00
 .text          0x02022ecc        0x0 c:/nburn/gcc-m68k/bin/../lib/gcc/m68k-elf/4.2.1/../../../../m68k-elf/lib/m5208\libstdc++.a(tinfo.o)
 .text          0x02022ecc        0x0 c:/nburn/gcc-m68k/bin/../lib/gcc/m68k-elf/4.2.1/../../../../m68k-elf/lib/m5208\libstdc++.a(eh_type.o)
 .text          0x02022ecc      0xba0 c:/nburn/gcc-m68k/bin/../lib/gcc/m68k-elf/4.2.1/m5208\libgcc.a(_double.o)
                0x020239ca                __cmpdf2
                0x02022f2c                __adddf3
                0x02023894                __negdf2
                0x020235a4                __divdf3
                0x020238f2                __cmpdf2_internal
                0x020233c8                __muldf3
                0x02022f26                __subdf3
 .text          0x02023a6c       0x74 c:/nburn/gcc-m68k/bin/../lib/gcc/m68k-elf/4.2.1/m5208\libgcc.a(_floatex.o)
                0x02023a78                $_exception_handler
                0x02023a6c                __clear_sticky_bit
 .text          0x02023ae0       0x22 c:/nburn/gcc-m68k/bin/../lib/gcc/m68k-elf/4.2.1/m5208\libgcc.a(_ltdf2.o)
                0x02023ae0                __ltdf2
 *fill*         0x02023b02        0x2 00
 .text          0x02023b04       0x7a c:/nburn/gcc-m68k/bin/../lib/gcc/m68k-elf/4.2.1/m5208\libgcc.a(_fixunsdfsi.o)
                0x02023b04                __fixunsdfsi
 *fill*         0x02023b7e        0x2 00
 .text          0x02023b80      0x49a c:/nburn/gcc-m68k/bin/../lib/gcc/m68k-elf/4.2.1/m5208\libgcc.a(fpgnulib.o)
                0x02024000                __fixsfsi
                0x02023ce8                __floatsidf
                0x02023dbe                __extendsfdf2
                0x02023c76                __floatunsidf
                0x02023f80                __fixdfsi
                0x02023da4                __floatsisf
                0x02023e58                __truncdfsf2
                0x02023b80                __unordsf2
                0x02023d8a                __floatunsisf
                0x02023be2                __unorddf2
 *fill*         0x0202401a        0x2 00
 .text          0x0202401c     0x1f0e c:/nburn/gcc-m68k/bin/../lib/gcc/m68k-elf/4.2.1/m5208\libgcc.a(unwind-dw2.o)
                0x020243be                _Unwind_GetIPInfo
                0x020240a2                _Unwind_GetIP
                0x02025d8e                _Unwind_Resume_or_Rethrow
                0x020240d4                _Unwind_GetRegionStart
                0x02025a96                _Unwind_Backtrace
                0x02024092                _Unwind_GetCFA
                0x02024c8c                __frame_state_for
                0x02025e1c                _Unwind_Resume
                0x02024104                _Unwind_DeleteException
                0x02025bb2                _Unwind_RaiseException
                0x020240b2                _Unwind_SetIP
                0x020240f4                _Unwind_GetTextRelBase
                0x0202439a                _Unwind_FindEnclosingFunction
                0x020240c4                _Unwind_GetLanguageSpecificData
                0x02025ea2                _Unwind_ForcedUnwind
                0x02024122                _Unwind_SetGR
                0x02024188                _Unwind_GetGR
                0x020240e4                _Unwind_GetDataRelBase
 *fill*         0x02025f2a        0x2 00
 .text          0x02025f2c     0x126c c:/nburn/gcc-m68k/bin/../lib/gcc/m68k-elf/4.2.1/m5208\libgcc.a(unwind-dw2-fde.o)
                0x0202704a                _Unwind_Find_FDE
                0x02026840                __register_frame
                0x0202681e                __register_frame_table
                0x02025fa2                __register_frame_info_bases
                0x02026f82                __deregister_frame_info
                0x02026ec4                __deregister_frame_info_bases
                0x0202600e                __register_frame_info_table_bases
                0x02026f8c                __deregister_frame
                0x02026060                __register_frame_info_table
                0x02025ff2                __register_frame_info
 .text          0x02027198       0x22 c:/nburn/gcc-m68k/bin/../lib/gcc/m68k-elf/4.2.1/m5208\libgcc.a(_gedf2.o)
                0x02027198                __gedf2
 *fill*         0x020271ba        0x2 00
 .text          0x020271bc       0x18 c:/nburn/gcc-m68k/bin/../lib/gcc/m68k-elf/4.2.1/../../../../m68k-elf/lib/m5208\libc.a(lib_a-abort.o)
                0x020271bc                abort
 .text          0x020271d4       0x34 c:/nburn/gcc-m68k/bin/../lib/gcc/m68k-elf/4.2.1/../../../../m68k-elf/lib/m5208\libc.a(lib_a-atoi.o)
                0x020271d4                _atoi_r
                0x020271f0                atoi
 .text          0x02027208       0x64 c:/nburn/gcc-m68k/bin/../lib/gcc/m68k-elf/4.2.1/../../../../m68k-elf/lib/m5208\libc.a(lib_a-bsearch.o)
                0x02027208                bsearch
 .text          0x0202726c       0x1e c:/nburn/gcc-m68k/bin/../lib/gcc/m68k-elf/4.2.1/../../../../m68k-elf/lib/m5208\libc.a(lib_a-cxa_atexit.o)
                0x0202726c                __cxa_atexit
 *fill*         0x0202728a        0x2 00
 .text          0x0202728c        0xe c:/nburn/gcc-m68k/bin/../lib/gcc/m68k-elf/4.2.1/../../../../m68k-elf/lib/m5208\libc.a(lib_a-errno.o)
                0x0202728c                __errno
 *fill*         0x0202729a        0x2 00
 .text          0x0202729c       0x24 c:/nburn/gcc-m68k/bin/../lib/gcc/m68k-elf/4.2.1/../../../../m68k-elf/lib/m5208\libc.a(lib_a-fiprintf.o)
                0x0202729c                fiprintf
 .text          0x020272c0       0xaa c:/nburn/gcc-m68k/bin/../lib/gcc/m68k-elf/4.2.1/../../../../m68k-elf/lib/m5208\libc.a(lib_a-fputc.o)
                0x0202730e                _fputc_r
                0x020272c0                fputc
 *fill*         0x0202736a        0x2 00
 .text          0x0202736c       0x90 c:/nburn/gcc-m68k/bin/../lib/gcc/m68k-elf/4.2.1/../../../../m68k-elf/lib/m5208\libc.a(lib_a-fputs.o)
                0x0202736c                _fputs_r
                0x020273e2                fputs
 .text          0x020273fc      0x37e c:/nburn/gcc-m68k/bin/../lib/gcc/m68k-elf/4.2.1/../../../../m68k-elf/lib/m5208\libc.a(lib_a-fvwrite.o)
                0x020273fc                __sfvwrite_r
 *fill*         0x0202777a        0x2 00
 .text          0x0202777c       0x9e c:/nburn/gcc-m68k/bin/../lib/gcc/m68k-elf/4.2.1/../../../../m68k-elf/lib/m5208\libc.a(lib_a-fwrite.o)
                0x0202777c                _fwrite_r
                0x020277f8                fwrite
 *fill*         0x0202781a        0x2 00
 .text          0x0202781c        0x0 c:/nburn/gcc-m68k/bin/../lib/gcc/m68k-elf/4.2.1/../../../../m68k-elf/lib/m5208\libc.a(lib_a-impure.o)
 .text          0x0202781c       0x54 c:/nburn/gcc-m68k/bin/../lib/gcc/m68k-elf/4.2.1/../../../../m68k-elf/lib/m5208\libc.a(lib_a-iprintf.o)
                0x0202781c                _iprintf_r
                0x02027846                iprintf
 .text          0x02027870       0x1c c:/nburn/gcc-m68k/bin/../lib/gcc/m68k-elf/4.2.1/../../../../m68k-elf/lib/m5208\libc.a(lib_a-isalpha.o)
                0x02027870                isalpha
 .text          0x0202788c       0x1c c:/nburn/gcc-m68k/bin/../lib/gcc/m68k-elf/4.2.1/../../../../m68k-elf/lib/m5208\libc.a(lib_a-isspace.o)
                0x0202788c                isspace
 .text          0x020278a8       0x32 c:/nburn/gcc-m68k/bin/../lib/gcc/m68k-elf/4.2.1/../../../../m68k-elf/lib/m5208\libc.a(lib_a-malloc.o)
                0x020278c2                malloc
                0x020278a8                free
 *fill*         0x020278da        0x2 00
 .text          0x020278dc      0x78c c:/nburn/gcc-m68k/bin/../lib/gcc/m68k-elf/4.2.1/../../../../m68k-elf/lib/m5208\libc.a(lib_a-mallocr.o)
                0x020278dc                _malloc_r
 .text          0x02028068       0xd2 c:/nburn/gcc-m68k/bin/../lib/gcc/m68k-elf/4.2.1/../../../../m68k-elf/lib/m5208\libc.a(lib_a-memchr.o)
                0x02028068                memchr
 *fill*         0x0202813a        0x2 00
 .text          0x0202813c       0x72 c:/nburn/gcc-m68k/bin/../lib/gcc/m68k-elf/4.2.1/../../../../m68k-elf/lib/m5208\libc.a(lib_a-memcmp.o)
                0x0202813c                memcmp
 *fill*         0x020281ae        0x2 00
 .text          0x020281b0       0xb6 c:/nburn/gcc-m68k/bin/../lib/gcc/m68k-elf/4.2.1/../../../../m68k-elf/lib/m5208\libc.a(lib_a-memmove.o)
                0x020281b0                memmove
 *fill*         0x02028266        0x2 00
 .text          0x02028268      0x16a c:/nburn/gcc-m68k/bin/../lib/gcc/m68k-elf/4.2.1/../../../../m68k-elf/lib/m5208\libc.a(lib_a-putc.o)
                0x02028322                _putc_r
                0x02028268                putc
 *fill*         0x020283d2        0x2 00
 .text          0x020283d4       0x8a c:/nburn/gcc-m68k/bin/../lib/gcc/m68k-elf/4.2.1/../../../../m68k-elf/lib/m5208\libc.a(lib_a-puts.o)
                0x020283d4                _puts_r
                0x02028448                puts
 *fill*         0x0202845e        0x2 00
 .text          0x02028460       0x1c c:/nburn/gcc-m68k/bin/../lib/gcc/m68k-elf/4.2.1/../../../../m68k-elf/lib/m5208\libc.a(lib_a-realloc.o)
                0x02028460                realloc
 .text          0x0202847c      0x502 c:/nburn/gcc-m68k/bin/../lib/gcc/m68k-elf/4.2.1/../../../../m68k-elf/lib/m5208\libc.a(lib_a-reallocr.o)
                0x0202847c                _realloc_r
 *fill*         0x0202897e        0x2 00
 .text          0x02028980       0x4e c:/nburn/gcc-m68k/bin/../lib/gcc/m68k-elf/4.2.1/../../../../m68k-elf/lib/m5208\libc.a(lib_a-rget.o)
                0x020289ba                __srget
                0x02028980                __srget_r
 *fill*         0x020289ce        0x2 00
 .text          0x020289d0      0x1ee c:/nburn/gcc-m68k/bin/../lib/gcc/m68k-elf/4.2.1/../../../../m68k-elf/lib/m5208\libc.a(lib_a-setvbuf.o)
                0x020289d0                setvbuf
 *fill*         0x02028bbe        0x2 00
 .text          0x02028bc0      0x270 c:/nburn/gcc-m68k/bin/../lib/gcc/m68k-elf/4.2.1/../../../../m68k-elf/lib/m5208\libc.a(lib_a-signal.o)
                0x02028db4                _signal_r
                0x02028cd4                _raise_r
                0x02028c3a                __sigtramp_r
                0x02028e18                signal
                0x02028c2a                _init_signal
                0x02028bc0                _init_signal_r
                0x02028cbe                __sigtramp
                0x02028d9e                raise
 .text          0x02028e30       0x42 c:/nburn/gcc-m68k/bin/../lib/gcc/m68k-elf/4.2.1/../../../../m68k-elf/lib/m5208\libc.a(lib_a-signalr.o)
                0x02028e3c                _kill_r
                0x02028e30                _getpid_r
 *fill*         0x02028e72        0x2 00
 .text          0x02028e74       0xba c:/nburn/gcc-m68k/bin/../lib/gcc/m68k-elf/4.2.1/../../../../m68k-elf/lib/m5208\libc.a(lib_a-siprintf.o)
                0x02028ed2                _siprintf_r
                0x02028e74                siprintf
 *fill*         0x02028f2e        0x2 00
 .text          0x02028f30      0x14c c:/nburn/gcc-m68k/bin/../lib/gcc/m68k-elf/4.2.1/../../../../m68k-elf/lib/m5208\libc.a(lib_a-snprintf.o)
                0x02028f30                snprintf
                0x02028fd8                _snprintf_r
 .text          0x0202907c       0x92 c:/nburn/gcc-m68k/bin/../lib/gcc/m68k-elf/4.2.1/../../../../m68k-elf/lib/m5208\libc.a(lib_a-strcasecmp.o)
                0x0202907c                strcasecmp
 *fill*         0x0202910e        0x2 00
 .text          0x02029110       0x7c c:/nburn/gcc-m68k/bin/../lib/gcc/m68k-elf/4.2.1/../../../../m68k-elf/lib/m5208\libc.a(lib_a-strcat.o)
                0x02029110                strcat
 .text          0x0202918c       0x70 c:/nburn/gcc-m68k/bin/../lib/gcc/m68k-elf/4.2.1/../../../../m68k-elf/lib/m5208\libc.a(lib_a-strcmp.o)
                0x0202918c                strcmp
 .text          0x020291fc       0x22 c:/nburn/gcc-m68k/bin/../lib/gcc/m68k-elf/4.2.1/../../../../m68k-elf/lib/m5208\libc.a(lib_a-strcpy.o)
                0x020291fc                strcpy
 *fill*         0x0202921e        0x2 00
 .text          0x02029220       0x1a c:/nburn/gcc-m68k/bin/../lib/gcc/m68k-elf/4.2.1/../../../../m68k-elf/lib/m5208\libc.a(lib_a-strlen.o)
                0x02029220                strlen
 *fill*         0x0202923a        0x2 00
 .text          0x0202923c       0xda c:/nburn/gcc-m68k/bin/../lib/gcc/m68k-elf/4.2.1/../../../../m68k-elf/lib/m5208\libc.a(lib_a-strncmp.o)
                0x0202923c                strncmp
 *fill*         0x02029316        0x2 00
 .text          0x02029318       0x46 c:/nburn/gcc-m68k/bin/../lib/gcc/m68k-elf/4.2.1/../../../../m68k-elf/lib/m5208\libc.a(lib_a-strstr.o)
                0x02029318                strstr
 *fill*         0x0202935e        0x2 00
 .text          0x02029360       0x28 c:/nburn/gcc-m68k/bin/../lib/gcc/m68k-elf/4.2.1/../../../../m68k-elf/lib/m5208\libc.a(lib_a-strtok.o)
                0x02029360                strtok
 .text          0x02029388       0xc6 c:/nburn/gcc-m68k/bin/../lib/gcc/m68k-elf/4.2.1/../../../../m68k-elf/lib/m5208\libc.a(lib_a-strtok_r.o)
                0x02029432                strtok_r
                0x02029388                __strtok_r
 *fill*         0x0202944e        0x2 00
 .text          0x02029450      0x18a c:/nburn/gcc-m68k/bin/../lib/gcc/m68k-elf/4.2.1/../../../../m68k-elf/lib/m5208\libc.a(lib_a-strtol.o)
                0x020295bc                strtol
                0x02029450                _strtol_r
 *fill*         0x020295da        0x2 00
 .text          0x020295dc       0x26 c:/nburn/gcc-m68k/bin/../lib/gcc/m68k-elf/4.2.1/../../../../m68k-elf/lib/m5208\libc.a(lib_a-toupper.o)
                0x020295dc                toupper
 *fill*         0x02029602        0x2 00
 .text          0x02029604     0x1280 c:/nburn/gcc-m68k/bin/../lib/gcc/m68k-elf/4.2.1/../../../../m68k-elf/lib/m5208\libc.a(lib_a-vfiprintf.o)
                0x0202a866                vfiprintf
                0x02029648                _vfiprintf_r
 .text          0x0202a884     0x1fac c:/nburn/gcc-m68k/bin/../lib/gcc/m68k-elf/4.2.1/../../../../m68k-elf/lib/m5208\libc.a(lib_a-vfprintf.o)
                0x0202a8c8                _vfprintf_r
                0x0202c812                vfprintf
 .text          0x0202c830      0x124 c:/nburn/gcc-m68k/bin/../lib/gcc/m68k-elf/4.2.1/../../../../m68k-elf/lib/m5208\libc.a(lib_a-wbuf.o)
                0x0202c830                __swbuf_r
                0x0202c93a                __swbuf
 .text          0x0202c954       0x7c c:/nburn/gcc-m68k/bin/../lib/gcc/m68k-elf/4.2.1/../../../../m68k-elf/lib/m5208\libc.a(lib_a-wcrtomb.o)
                0x0202c954                _wcrtomb_r
                0x0202c9b4                wcrtomb
 .text          0x0202c9d0      0x130 c:/nburn/gcc-m68k/bin/../lib/gcc/m68k-elf/4.2.1/../../../../m68k-elf/lib/m5208\libc.a(lib_a-wcsrtombs.o)
                0x0202c9d0                _wcsrtombs_r
                0x0202cade                wcsrtombs
 .text          0x0202cb00      0x452 c:/nburn/gcc-m68k/bin/../lib/gcc/m68k-elf/4.2.1/../../../../m68k-elf/lib/m5208\libc.a(lib_a-wctomb_r.o)
                0x0202cb00                _wctomb_r
 *fill*         0x0202cf52        0x2 00
 .text          0x0202cf54      0x130 c:/nburn/gcc-m68k/bin/../lib/gcc/m68k-elf/4.2.1/../../../../m68k-elf/lib/m5208\libc.a(lib_a-wsetup.o)
                0x0202cf54                __swsetup
 .text          0x0202d084       0xe8 c:/nburn/gcc-m68k/bin/../lib/gcc/m68k-elf/4.2.1/../../../../m68k-elf/lib/m5208\libc.a(lib_a-__atexit.o)
                0x0202d084                __register_exitproc
 .text          0x0202d16c        0x0 c:/nburn/gcc-m68k/bin/../lib/gcc/m68k-elf/4.2.1/../../../../m68k-elf/lib/m5208\libc.a(lib_a-ctype_.o)
 .text          0x0202d16c     0x160a c:/nburn/gcc-m68k/bin/../lib/gcc/m68k-elf/4.2.1/../../../../m68k-elf/lib/m5208\libc.a(lib_a-dtoa.o)
                0x0202d31e                _dtoa_r
 *fill*         0x0202e776        0x2 00
 .text          0x0202e778      0x198 c:/nburn/gcc-m68k/bin/../lib/gcc/m68k-elf/4.2.1/../../../../m68k-elf/lib/m5208\libc.a(lib_a-fflush.o)
                0x0202e778                fflush
 .text          0x0202e910      0x25e c:/nburn/gcc-m68k/bin/../lib/gcc/m68k-elf/4.2.1/../../../../m68k-elf/lib/m5208\libc.a(lib_a-findfp.o)
                0x0202e96a                __sinit
                0x0202ea22                __sfmoreglue
                0x0202ea10                _cleanup
                0x0202e9f6                _cleanup_r
                0x0202ea90                __sfp
 *fill*         0x0202eb6e        0x2 00
 .text          0x0202eb70      0x422 c:/nburn/gcc-m68k/bin/../lib/gcc/m68k-elf/4.2.1/../../../../m68k-elf/lib/m5208\libc.a(lib_a-freer.o)
                0x0202ec60                _free_r
                0x0202eb70                _malloc_trim_r
 *fill*         0x0202ef92        0x2 00
 .text          0x0202ef94       0xe4 c:/nburn/gcc-m68k/bin/../lib/gcc/m68k-elf/4.2.1/../../../../m68k-elf/lib/m5208\libc.a(lib_a-fwalk.o)
                0x0202ef94                _fwalk
                0x0202f004                _fwalk_reent
 .text          0x0202f078       0xa6 c:/nburn/gcc-m68k/bin/../lib/gcc/m68k-elf/4.2.1/../../../../m68k-elf/lib/m5208\libc.a(lib_a-locale.o)
                0x0202f0a6                _setlocale_r
                0x0202f078                __locale_charset
                0x0202f086                _localeconv_r
                0x0202f106                setlocale
                0x0202f094                localeconv
 *fill*         0x0202f11e        0x2 00
 .text          0x0202f120      0x178 c:/nburn/gcc-m68k/bin/../lib/gcc/m68k-elf/4.2.1/../../../../m68k-elf/lib/m5208\libc.a(lib_a-makebuf.o)
                0x0202f120                __smakebuf
 .text          0x0202f298      0xc78 c:/nburn/gcc-m68k/bin/../lib/gcc/m68k-elf/4.2.1/../../../../m68k-elf/lib/m5208\libc.a(lib_a-mprec.o)
                0x0202f5ec                _mprec_log10
                0x0202f6a2                __any_on
                0x0202f748                _Balloc
                0x0202f55a                __ratio
                0x0202fc70                __i2b
                0x0202f46a                __b2d
                0x0202fe38                __s2b
                0x0202f388                __mcmp
                0x0202f298                __hi0bits
                0x0202fd56                __pow5mult
                0x0202fa54                __lshift
                0x0202fb02                __multiply
                0x0202f7fe                __d2b
                0x0202f65e                __copybits
                0x0202f3e8                __ulp
                0x0202f914                __mdiff
                0x0202f2fc                __lo0bits
                0x0202fc92                __multadd
                0x0202f70e                _Bfree
 .text          0x0202ff10      0x21c c:/nburn/gcc-m68k/bin/../lib/gcc/m68k-elf/4.2.1/../../../../m68k-elf/lib/m5208\libc.a(lib_a-refill.o)
                0x0202ff34                __srefill_r
 .text          0x0203012c       0x42 c:/nburn/gcc-m68k/bin/../lib/gcc/m68k-elf/4.2.1/../../../../m68k-elf/lib/m5208\libc.a(lib_a-s_isinfd.o)
                0x0203012c                __isinfd
 *fill*         0x0203016e        0x2 00
 .text          0x02030170       0x34 c:/nburn/gcc-m68k/bin/../lib/gcc/m68k-elf/4.2.1/../../../../m68k-elf/lib/m5208\libc.a(lib_a-s_isnand.o)
                0x02030170                __isnand
 .text          0x020301a4      0x162 c:/nburn/gcc-m68k/bin/../lib/gcc/m68k-elf/4.2.1/../../../../m68k-elf/lib/m5208\libc.a(lib_a-stdio.o)
                0x020301c2                __sseek
                0x020302b4                __sread
                0x020301a4                __sclose
                0x02030224                __swrite
 *fill*         0x02030306        0x2 00
 .text          0x02030308       0x3e c:/nburn/gcc-m68k/bin/../lib/gcc/m68k-elf/4.2.1/../../../../m68k-elf/lib/m5208\libc.a(lib_a-writer.o)
                0x02030308                _write_r
 *fill*         0x02030346        0x2 00
 .text          0x02030348       0x92 c:/nburn/gcc-m68k/bin/../lib/gcc/m68k-elf/4.2.1/../../../../m68k-elf/lib/m5208\libc.a(lib_a-callocr.o)
                0x02030348                _calloc_r
 *fill*         0x020303da        0x2 00
 .text          0x020303dc       0x32 c:/nburn/gcc-m68k/bin/../lib/gcc/m68k-elf/4.2.1/../../../../m68k-elf/lib/m5208\libc.a(lib_a-closer.o)
                0x020303dc                _close_r
 *fill*         0x0203040e        0x2 00
 .text          0x02030410       0xfe c:/nburn/gcc-m68k/bin/../lib/gcc/m68k-elf/4.2.1/../../../../m68k-elf/lib/m5208\libc.a(lib_a-fclose.o)
                0x02030410                _fclose_r
                0x020304f8                fclose
 *fill*         0x0203050e        0x2 00
 .text          0x02030510       0x36 c:/nburn/gcc-m68k/bin/../lib/gcc/m68k-elf/4.2.1/../../../../m68k-elf/lib/m5208\libc.a(lib_a-fstatr.o)
                0x02030510                _fstat_r
 *fill*         0x02030546        0x2 00
 .text          0x02030548       0x3e c:/nburn/gcc-m68k/bin/../lib/gcc/m68k-elf/4.2.1/../../../../m68k-elf/lib/m5208\libc.a(lib_a-lseekr.o)
                0x02030548                _lseek_r
 *fill*         0x02030586        0x2 00
 .text          0x02030588       0x3e c:/nburn/gcc-m68k/bin/../lib/gcc/m68k-elf/4.2.1/../../../../m68k-elf/lib/m5208\libc.a(lib_a-readr.o)
                0x02030588                _read_r
 *fill*         0x020305c6        0x2 00
 .text          0x020305c8       0x22 c:/nburn/gcc-m68k/bin/../lib/gcc/m68k-elf/4.2.1/m5208\libgcc.a(_eqdf2.o)
                0x020305c8                __eqdf2
 *fill*         0x020305ea        0x2 00
 .text          0x020305ec       0x22 c:/nburn/gcc-m68k/bin/../lib/gcc/m68k-elf/4.2.1/m5208\libgcc.a(_nedf2.o)
                0x020305ec                __nedf2
 *fill*         0x0203060e        0x2 00
 .text          0x02030610       0x22 c:/nburn/gcc-m68k/bin/../lib/gcc/m68k-elf/4.2.1/m5208\libgcc.a(_gtdf2.o)
                0x02030610                __gtdf2
 *fill*         0x02030632        0x2 00
 .text          0x02030634      0x3d4 c:/nburn/gcc-m68k/bin/../lib/gcc/m68k-elf/4.2.1/m5208\libgcc.a(_udivdi3.o)
                0x02030634                __udivdi3
 .text          0x02030a08      0x3ee c:/nburn/gcc-m68k/bin/../lib/gcc/m68k-elf/4.2.1/m5208\libgcc.a(_umoddi3.o)
                0x02030a08                __umoddi3
 *fill*         0x02030df6        0x2 00
 .text          0x02030df8       0x32 c:/nburn/gcc-m68k/bin/../lib/gcc/m68k-elf/4.2.1/m5208/crtend.o
                0x02030e30                . = ALIGN (0x10)
 *fill*         0x02030e2a        0x6 00
 *(.text.*)
 .text._Znam    0x02030e30       0x30 c:/nburn/gcc-m68k/bin/../lib/gcc/m68k-elf/4.2.1/../../../../m68k-elf/lib/m5208\libstdc++.a(new_opv.o)
                0x02030e30                operator new[](unsigned long)
 .text._ZdlPv   0x02030e60       0x16 c:/nburn/gcc-m68k/bin/../lib/gcc/m68k-elf/4.2.1/../../../../m68k-elf/lib/m5208\libstdc++.a(del_op.o)
                0x02030e60                operator delete(void*)
 .text._Z12read_uleb128PKhPj
                0x02030e76       0x30 c:/nburn/gcc-m68k/bin/../lib/gcc/m68k-elf/4.2.1/../../../../m68k-elf/lib/m5208\libstdc++.a(eh_personality.o)
 .text._Z12read_sleb128PKhPi
                0x02030ea6       0x46 c:/nburn/gcc-m68k/bin/../lib/gcc/m68k-elf/4.2.1/../../../../m68k-elf/lib/m5208\libstdc++.a(eh_personality.o)
 .text._Z16get_adjusted_ptrPKSt9type_infoS1_PPv
                0x02030eec       0x6a c:/nburn/gcc-m68k/bin/../lib/gcc/m68k-elf/4.2.1/../../../../m68k-elf/lib/m5208\libstdc++.a(eh_personality.o)
 .text._Z28read_encoded_value_with_basehjPKhPj
                0x02030f56      0x12a c:/nburn/gcc-m68k/bin/../lib/gcc/m68k-elf/4.2.1/../../../../m68k-elf/lib/m5208\libstdc++.a(eh_personality.o)
 .text._Z21base_of_encoded_valuehP15_Unwind_Context
                0x02031080       0x8c c:/nburn/gcc-m68k/bin/../lib/gcc/m68k-elf/4.2.1/../../../../m68k-elf/lib/m5208\libstdc++.a(eh_personality.o)
 .text._Z17parse_lsda_headerP15_Unwind_ContextPKhP16lsda_header_info
                0x0203110c       0xec c:/nburn/gcc-m68k/bin/../lib/gcc/m68k-elf/4.2.1/../../../../m68k-elf/lib/m5208\libstdc++.a(eh_personality.o)
 .text._Z15get_ttype_entryP16lsda_header_infoj
                0x020311f8       0xe2 c:/nburn/gcc-m68k/bin/../lib/gcc/m68k-elf/4.2.1/../../../../m68k-elf/lib/m5208\libstdc++.a(eh_personality.o)
 .text._Z20check_exception_specP16lsda_header_infoPKSt9type_infoPvi
                0x020312da       0x70 c:/nburn/gcc-m68k/bin/../lib/gcc/m68k-elf/4.2.1/../../../../m68k-elf/lib/m5208\libstdc++.a(eh_personality.o)
 .text.__cxa_call_unexpected
                0x0203134a       0xde c:/nburn/gcc-m68k/bin/../lib/gcc/m68k-elf/4.2.1/../../../../m68k-elf/lib/m5208\libstdc++.a(eh_personality.o)
                0x0203134a                __cxa_call_unexpected
 .text.__gxx_personality_v0
                0x02031428      0x440 c:/nburn/gcc-m68k/bin/../lib/gcc/m68k-elf/4.2.1/../../../../m68k-elf/lib/m5208\libstdc++.a(eh_personality.o)
                0x02031428                __gxx_personality_v0
 .text._Z41__static_initialization_and_destruction_0ii
                0x02031868        0x8 c:/nburn/gcc-m68k/bin/../lib/gcc/m68k-elf/4.2.1/../../../../m68k-elf/lib/m5208\libstdc++.a(eh_alloc.o)
 .text._GLOBAL__I___cxa_allocate_exception
                0x02031870       0x1a c:/nburn/gcc-m68k/bin/../lib/gcc/m68k-elf/4.2.1/../../../../m68k-elf/lib/m5208\libstdc++.a(eh_alloc.o)
 .text.__cxa_allocate_exception
                0x0203188a       0xa4 c:/nburn/gcc-m68k/bin/../lib/gcc/m68k-elf/4.2.1/../../../../m68k-elf/lib/m5208\libstdc++.a(eh_alloc.o)
                0x0203188a                __cxa_allocate_exception
 .text.__cxa_free_exception
                0x0203192e       0x4a c:/nburn/gcc-m68k/bin/../lib/gcc/m68k-elf/4.2.1/../../../../m68k-elf/lib/m5208\libstdc++.a(eh_alloc.o)
                0x0203192e                __cxa_free_exception
 .text._Znwm    0x02031978       0x80 c:/nburn/gcc-m68k/bin/../lib/gcc/m68k-elf/4.2.1/../../../../m68k-elf/lib/m5208\libstdc++.a(new_op.o)
                0x02031978                operator new(unsigned long)
 .text.__cxa_rethrow
                0x020319f8       0x7c c:/nburn/gcc-m68k/bin/../lib/gcc/m68k-elf/4.2.1/../../../../m68k-elf/lib/m5208\libstdc++.a(eh_throw.o)
                0x020319f8                __cxa_rethrow
 .text.__cxa_throw
                0x02031a74       0x6c c:/nburn/gcc-m68k/bin/../lib/gcc/m68k-elf/4.2.1/../../../../m68k-elf/lib/m5208\libstdc++.a(eh_throw.o)
                0x02031a74                __cxa_throw
 .text._Z23__gxx_exception_cleanup19_Unwind_Reason_CodeP17_Unwind_Exception
                0x02031ae0       0x62 c:/nburn/gcc-m68k/bin/../lib/gcc/m68k-elf/4.2.1/../../../../m68k-elf/lib/m5208\libstdc++.a(eh_throw.o)
 .text._ZSt15set_new_handlerPFvvE
                0x02031b42       0x18 c:/nburn/gcc-m68k/bin/../lib/gcc/m68k-elf/4.2.1/../../../../m68k-elf/lib/m5208\libstdc++.a(new_handler.o)
                0x02031b42                std::set_new_handler(void (*)())
 .text._ZNKSt9bad_alloc4whatEv
                0x02031b5a        0xe c:/nburn/gcc-m68k/bin/../lib/gcc/m68k-elf/4.2.1/../../../../m68k-elf/lib/m5208\libstdc++.a(new_handler.o)
                0x02031b5a                std::bad_alloc::what() const
 .text._ZNSt9bad_allocD0Ev
                0x02031b68       0x2a c:/nburn/gcc-m68k/bin/../lib/gcc/m68k-elf/4.2.1/../../../../m68k-elf/lib/m5208\libstdc++.a(new_handler.o)
                0x02031b68                std::bad_alloc::~bad_alloc()
 .text._ZNSt9bad_allocD1Ev
                0x02031b92       0x16 c:/nburn/gcc-m68k/bin/../lib/gcc/m68k-elf/4.2.1/../../../../m68k-elf/lib/m5208\libstdc++.a(new_handler.o)
                0x02031b92                std::bad_alloc::~bad_alloc()
 .text._ZNSt9bad_allocD2Ev
                0x02031ba8       0x16 c:/nburn/gcc-m68k/bin/../lib/gcc/m68k-elf/4.2.1/../../../../m68k-elf/lib/m5208\libstdc++.a(new_handler.o)
                0x02031ba8                std::bad_alloc::~bad_alloc()
 .text.__cxa_get_globals_fast
                0x02031bbe        0xe c:/nburn/gcc-m68k/bin/../lib/gcc/m68k-elf/4.2.1/../../../../m68k-elf/lib/m5208\libstdc++.a(eh_globals.o)
                0x02031bbe                __cxa_get_globals_fast
 .text.__cxa_get_globals
                0x02031bcc        0xe c:/nburn/gcc-m68k/bin/../lib/gcc/m68k-elf/4.2.1/../../../../m68k-elf/lib/m5208\libstdc++.a(eh_globals.o)
                0x02031bcc                __cxa_get_globals
 .text._ZNKSt9exception4whatEv
                0x02031bda        0xe c:/nburn/gcc-m68k/bin/../lib/gcc/m68k-elf/4.2.1/../../../../m68k-elf/lib/m5208\libstdc++.a(eh_exception.o)
                0x02031bda                std::exception::what() const
 .text._ZNKSt13bad_exception4whatEv
                0x02031be8        0xe c:/nburn/gcc-m68k/bin/../lib/gcc/m68k-elf/4.2.1/../../../../m68k-elf/lib/m5208\libstdc++.a(eh_exception.o)
                0x02031be8                std::bad_exception::what() const
 .text._ZNSt9exceptionD0Ev
                0x02031bf6       0x16 c:/nburn/gcc-m68k/bin/../lib/gcc/m68k-elf/4.2.1/../../../../m68k-elf/lib/m5208\libstdc++.a(eh_exception.o)
                0x02031bf6                std::exception::~exception()
 .text._ZNSt9exceptionD1Ev
                0x02031c0c       0x12 c:/nburn/gcc-m68k/bin/../lib/gcc/m68k-elf/4.2.1/../../../../m68k-elf/lib/m5208\libstdc++.a(eh_exception.o)
                0x02031c0c                std::exception::~exception()
 .text._ZNSt9exceptionD2Ev
                0x02031c1e       0x12 c:/nburn/gcc-m68k/bin/../lib/gcc/m68k-elf/4.2.1/../../../../m68k-elf/lib/m5208\libstdc++.a(eh_exception.o)
                0x02031c1e                std::exception::~exception()
 .text._ZNSt13bad_exceptionD0Ev
                0x02031c30       0x2a c:/nburn/gcc-m68k/bin/../lib/gcc/m68k-elf/4.2.1/../../../../m68k-elf/lib/m5208\libstdc++.a(eh_exception.o)
                0x02031c30                std::bad_exception::~bad_exception()
 .text._ZNSt13bad_exceptionD1Ev
                0x02031c5a       0x16 c:/nburn/gcc-m68k/bin/../lib/gcc/m68k-elf/4.2.1/../../../../m68k-elf/lib/m5208\libstdc++.a(eh_exception.o)
                0x02031c5a                std::bad_exception::~bad_exception()
 .text._ZNSt13bad_exceptionD2Ev
                0x02031c70       0x16 c:/nburn/gcc-m68k/bin/../lib/gcc/m68k-elf/4.2.1/../../../../m68k-elf/lib/m5208\libstdc++.a(eh_exception.o)