Archive member included because of file (symbol)

C:\nburn\lib\DBMOD5234.a(bsp.od)
                              c:/nburn/gcc-m68k/bin/../lib/gcc/m68k-elf/4.2.1/../../../../m68k-elf/lib/m5208\nb-crt0.o (atexit)
C:\nburn\lib\DBNetBurner.a(ucosmcfa.od)
                              C:\nburn\lib\DBMOD5234.a(bsp.od) (OSCtxSw)
C:\nburn\lib\DBNetBurner.a(ucos.od)
                              C:\nburn\lib\DBNetBurner.a(ucosmcfa.od) (OSTCBCur)
C:\nburn\lib\DBNetBurner.a(ucosmain.od)
                              C:\nburn\lib\DBNetBurner.a(ucos.od) (OSTCBTbl)
C:\nburn\lib\DBNetBurner.a(fileio.od)
                              C:\nburn\lib\DBNetBurner.a(ucosmain.od) (ioctl)
C:\nburn\lib\DBNetBurner.a(main.od)
                              c:/nburn/gcc-m68k/bin/../lib/gcc/m68k-elf/4.2.1/../../../../m68k-elf/lib/m5208\nb-crt0.o (main)
C:\nburn\lib\DBNetBurner.a(ip.od)
                              lab4.od (InitializeStack(unsigned long, unsigned long, unsigned long, unsigned long))
C:\nburn\lib\DBNetBurner.a(buffers.od)
                              C:\nburn\lib\DBNetBurner.a(ip.od) (ChangeOwnerX)
C:\nburn\lib\DBNetBurner.a(arp.od)
                              C:\nburn\lib\DBNetBurner.a(ip.od) (wArpLifetime)
C:\nburn\lib\DBNetBurner.a(udp.od)
                              C:\nburn\lib\DBNetBurner.a(ip.od) (process_udp(pool_buffer*, IPPKT*, unsigned short))
C:\nburn\lib\DBNetBurner.a(tcp.od)
                              C:\nburn\lib\DBNetBurner.a(ip.od) (DumpTcpPacket(IPPKT*))
C:\nburn\lib\DBNetBurner.a(http.od)
                              lab4.od (StartHTTP)
C:\nburn\lib\DBNetBurner.a(httpinternal.od)
                              formcode.od (SetNewPostHandler)
C:\nburn\lib\DBNetBurner.a(htmldecomp.od)
                              C:\nburn\lib\DBNetBurner.a(httpinternal.od) (SendHeaderResponse(char*, int))
C:\nburn\lib\DBNetBurner.a(iosys.od)
                              C:\nburn\lib\DBNetBurner.a(tcp.od) (FD_SET)
C:\nburn\lib\DBNetBurner.a(netinterface.od)
                              C:\nburn\lib\DBNetBurner.a(arp.od) (GetFirstInterface())
C:\nburn\lib\DBNetBurner.a(taskmon.od)
                              lab4.od (EnableTaskMonitor())
C:\nburn\lib\DBNetBurner.a(autoupdate.od)
                              lab4.od (EnableAutoUpdate)
C:\nburn\lib\DBNetBurner.a(device.od)
                              C:\nburn\lib\DBNetBurner.a(main.od) (DeviceInitializeSem)
C:\nburn\lib\DBNetBurner.a(ucosmcfc.od)
                              C:\nburn\lib\DBNetBurner.a(ucos.od) (OSTaskCreatewName)
C:\nburn\lib\DBNetBurner.a(system.od)
                              C:\nburn\lib\DBNetBurner.a(udp.od) (isvalidcr)
C:\nburn\lib\DBNetBurner.a(utils.od)
                              C:\nburn\lib\DBNetBurner.a(system.od) (AsciiToIp)
C:\nburn\lib\DBMOD5234.a(serial.od)
                              C:\nburn\lib\DBNetBurner.a(fileio.od) (SerialClose)
C:\nburn\lib\DBMOD5234.a(ethernet.od)
                              C:\nburn\lib\DBNetBurner.a(netinterface.od) (AddEthernetInterface())
C:\nburn\lib\DBMOD5234.a(etherprint.od)
                              C:\nburn\lib\DBNetBurner.a(netinterface.od) (EtherInit())
C:\nburn\lib\DBMOD5234.a(emulticast.od)
                              C:\nburn\lib\DBMOD5234.a(ethernet.od) (EthEnableMulticast(MACADR))
C:\nburn\lib\DBMOD5234.a(ioboard.od)
                              C:\nburn\lib\DBNetBurner.a(ucos.od) (putleds)
C:\nburn\lib\DBMOD5234.a(ETPUinit.od)
                              C:\nburn\lib\DBMOD5234.a(ioboard.od) (eTPUInit)
C:\nburn\lib\DBMOD5234.a(ETPU.od)
                              C:\nburn\lib\DBMOD5234.a(ETPUinit.od) (eTPURecordInit())
C:\nburn\lib\DBMOD5234.a(etpu_gpio.od)
                              C:\nburn\lib\DBMOD5234.a(ETPU.od) (fs_etpu_gpio_init)
C:\nburn\lib\DBMOD5234.a(etpu_uart.od)
                              C:\nburn\lib\DBMOD5234.a(ETPU.od) (fs_etpu_uart_init)
C:\nburn\lib\DBMOD5234.a(etpu_util.od)
                              C:\nburn\lib\DBMOD5234.a(ETPUinit.od) (fs_etpu_init)
C:\nburn\lib\DBMOD5234.a(pins.od)
                              C:\nburn\lib\DBMOD5234.a(ioboard.od) (PinIO::read())
C:\nburn\lib\DBNetBurner.a(extraio.od)
                              C:\nburn\lib\DBMOD5234.a(serial.od) (GetExtraFD)
c:/nburn/gcc-m68k/bin/../lib/gcc/m68k-elf/4.2.1/../../../../m68k-elf/lib/m5208\libstdc++.a(del_op.o)
                              formdata.od (operator delete(void*))
c:/nburn/gcc-m68k/bin/../lib/gcc/m68k-elf/4.2.1/../../../../m68k-elf/lib/m5208\libstdc++.a(eh_personality.o)
                              C:\nburn\lib\DBMOD5234.a(ethernet.od) (__gxx_personality_v0)
c:/nburn/gcc-m68k/bin/../lib/gcc/m68k-elf/4.2.1/../../../../m68k-elf/lib/m5208\libstdc++.a(eh_alloc.o)
                              c:/nburn/gcc-m68k/bin/../lib/gcc/m68k-elf/4.2.1/../../../../m68k-elf/lib/m5208\libstdc++.a(eh_personality.o) (__cxa_allocate_exception)
c:/nburn/gcc-m68k/bin/../lib/gcc/m68k-elf/4.2.1/../../../../m68k-elf/lib/m5208\libstdc++.a(eh_throw.o)
[...]
Memory Configuration

Name             Origin             Length             Attributes
ram              0x02000000         0x00800000         xrw
SRAM             0x20000400         0x0000fc00         xrw
*default*        0x00000000         0xffffffff

Linker script and memory map

LOAD c:/nburn/gcc-m68k/bin/../lib/gcc/m68k-elf/4.2.1/../../../../m68k-elf/lib/m5208\nb-crt0.o
LOAD c:/nburn/gcc-m68k/bin/../lib/gcc/m68k-elf/4.2.1/m5208/crtbegin.o
LOAD lab4.od
LOAD formdata.od
LOAD formcode.od
LOAD error_wrapper.od
LOAD htmldata.od
LOAD C:\nburn\MOD5234\lib\sys.ld
                0x20000000                vector_base = 0x20000000
                0x20010000                SRAM_END_ADDR = 0x20010000
                0x40000000                sim = 0x40000000
                0xffc04000                gConfigRec = 0xffc04000
                0xffc06000                UserParamBase = 0xffc06000
                0xffc00008                _RESET_ADDR = 0xffc00008
                0xffc08000                FlashAppBase = 0xffc08000
START GROUP
LOAD C:\nburn\lib\DBMOD5234.a
LOAD C:\nburn\lib\DBNetBurner.a
LOAD C:\nburn\lib\FatFile.a
LOAD C:\nburn\lib\DBrtl8711Library.a
LOAD C:\nburn\lib\DBdebugLibrary.a
END GROUP
LOAD c:/nburn/gcc-m68k/bin/../lib/gcc/m68k-elf/4.2.1/../../../../m68k-elf/lib/m5208\libstdc++.a
LOAD c:/nburn/gcc-m68k/bin/../lib/gcc/m68k-elf/4.2.1/../../../../m68k-elf/lib/m5208\libm.a
LOAD c:/nburn/gcc-m68k/bin/../lib/gcc/m68k-elf/4.2.1/m5208\libgcc.a
LOAD c:/nburn/gcc-m68k/bin/../lib/gcc/m68k-elf/4.2.1/../../../../m68k-elf/lib/m5208\libc.a
LOAD c:/nburn/gcc-m68k/bin/../lib/gcc/m68k-elf/4.2.1/m5208\libgcc.a
LOAD c:/nburn/gcc-m68k/bin/../lib/gcc/m68k-elf/4.2.1/m5208/crtend.o
START GROUP
LOAD c:/nburn/gcc-m68k/bin/../lib/gcc/m68k-elf/4.2.1/../../../../m68k-elf/lib/m5208\libc.a
LOAD c:/nburn/gcc-m68k/bin/../lib/gcc/m68k-elf/4.2.1/m5208\libgcc.a
LOAD c:/nburn/gcc-m68k/bin/../lib/gcc/m68k-elf/4.2.1/../../../../m68k-elf/lib/m5208\libm.a
END GROUP
                0x00000000                __DYNAMIC = 0x0
                0x02800000                PROVIDE (__stack, 0x2800000)
                0x00000000                PROVIDE (hardware_init_hook, 0x0)
                0x00000000                PROVIDE (_hardware_init_hook, 0x0)
                0x00000000                PROVIDE (software_init_hook, 0x0)
                0x00000000                PROVIDE (_software_init_hook, 0x0)

.SRAM_SECT      0x20000400        0x0
                0x20000400                SRAM_START = .
 *(SYS_VAR_SECT)
                0x20000400                SYS_VAR_SECT_END = .
                0x20000400                . = ALIGN (0x10)
 *(IDLE_STK_SECT)
                0x20000400                IDLE_STK_SECT_END = .
                0x20000400                . = ALIGN (0x10)
 *(MAIN_STK_SECT)
                0x20000400                MAIN_STK_SECT_END = .
                0x20000400                . = ALIGN (0x4)
 *(ETHER_VAR_SECT)
                0x20000400                ETHER_VAR_SECT_END = .
                0x20000400                . = ALIGN (0x10)
 *(ETHER_STK_SECT)
                0x20000400                ETHER_STK_SECT_END = .
                0x20000400                . = ALIGN (0x4)
 *(IP_VAR_SECT)
                0x20000400                IP_VAR_SECT_END = .
                0x20000400                . = ALIGN (0x10)
 *(IP_STK_SECT)
                0x20000400                IP_STK_SECT_END = .
                0x20000400                . = ALIGN (0x4)
 *(TCP_VAR_SECT)
                0x20000400                TCP_VAR_SECT_END = .
                0x20000400                . = ALIGN (0x10)
 *(TCP_STK_SECT)
                0x20000400                TCP_STK_SECT_END = .
                0x20000400                . = ALIGN (0x10)
 *(HTTP_STK_SECT)
                0x20000400                HTTP_STK_SECT_END = .
                0x20000400                . = ALIGN (0x10)
 *(FTP_STK_SECT)
                0x20000400                FTP_STK_SECT_END = .
                0x20000400                . = ALIGN (0x10)
 *(WIFI_STK_SECT)
                0x20000400                WIFI_STK_SECT_END = .
                0x20000400                . = ALIGN (0x10)
 *(PPP_STK_SECT)
                0x20000400                PPP_STK_SECT_END = .
                0x20000400                . = ALIGN (0x10)
 *(COMMAND_STK_SECT)
                0x20000400                COMMAND_STK_SECT_END = .
                0x20000400                . = ALIGN (0x4)
 *(USER_VAR_SECT)
                0x20000400                USER_VAR_SECT_END = .
                0x20000400                . = ALIGN (0x10)
 *(USER_STK_SECT)
                0x20000400                USER_STK_SECT_END = .
                0x20000400                BUFFERS_SECT_START = .
                0x20000400                . = ALIGN (0x10)
 *(BUFFERS_VAR_SECT)
                0x20000400                . = ALIGN (0x10)
                0x20000400                BUFFERS_VAR_SECT_END = .
                0x20000400                . = ALIGN (0x10)
                0x20000400                SRAM_END = .

.text           0x02000000    0x45de0
 *(.text)
 .text          0x02000000       0xaa c:/nburn/gcc-m68k/bin/../lib/gcc/m68k-elf/4.2.1/../../../../m68k-elf/lib/m5208\nb-crt0.o
                0x02000000                start
 *fill*         0x020000aa        0x2 00
 .text          0x020000ac       0x9c c:/nburn/gcc-m68k/bin/../lib/gcc/m68k-elf/4.2.1/m5208/crtbegin.o
 .text          0x02000148      0x220 lab4.od
                0x0200026c                ValidateMinRPMImage
                0x0200022c                ValidateMaxRPMImage
                0x02000318                UserMain
                0x020001ec                ValidateRotationImage
                0x020002ac                DisplayLameCounter
                0x020001ac                ValidateDirectionImage
 .text          0x02000368      0x234 formdata.od
                0x0200054c                FormData::~FormData()
                0x020003e0                FormData::SetMaxRPM(char*)
                0x0200044c                FormData::GetDirection()
                0x020004f4                FormData::IsRotationsValid()
                0x02000464                FormData::GetMode()
                0x020004c4                FormData::IsMinRPMValid()
                0x0200042c                FormData::SetRotations(char*)
                0x02000444                FormData::SetDirection(char*)
                0x02000574                FormData::~FormData()
                0x0200047c                FormData::Init(unsigned char)
                0x02000524                FormData::~FormData()
                0x0200041c                FormData::GetSteps()
                0x02000410                FormData::SetSteps(char*)
                0x0200050c                FormData::IsDirectionValid()
                0x020003a4                FormData::FormData()
                0x020003f8                FormData::SetMinRPM(char*)
                0x02000400                FormData::GetMinRPM()
                0x020003e8                FormData::GetMaxRPM()
                0x02000434                FormData::GetRotations()
                0x020004dc                FormData::IsMaxRPMValid()
                0x02000368                FormData::FormData()
 .text          0x0200059c       0x38 formcode.od
                0x0200059c                CheckExtractResult(char*, int, char*, char*, char*)
                0x020005a4                RegisterPost()
                0x020005b8                MyDoPost(int, char*, char*, char*)
 .text          0x020005d4      0x22a error_wrapper.od
                0x020005d4                display_error(char const*, unsigned char)
 *fill*         0x020007fe        0x2 00
 .text          0x02000800       0x66 htmldata.od
                0x02000854                DoHtmlVariable(int, unsigned short)
                0x02000800                DoHtmlFunction(int, char const*, unsigned short)
 *fill*         0x02000866        0x2 00
 .text          0x02000868      0x80a C:\nburn\lib\DBMOD5234.a(bsp.od)
                0x02000e60                _sbrk_r
                0x02000a00                HardwareSetup
                0x02000df0                DisableCache
                0x02001020                spaceleft
                0x02000ee4                LocalInByte
                0x02000b90                ForceReboot
                0x02000c50                FlashProgram
                0x0200086c                Tick5234
                0x0200105c                BspGetTickFraction
                0x02000868                xTick
                0x02000bac                FlashErase
                0x02000f3c                LocalOutByte
                0x02000ed8                atexit
                0x02000ac4                GetPreciseTime
                0x02000e14                EnableCache
                0x02000884                SetIntc
                0x02000fec                LocalCharAvail
 *fill*         0x02001072        0xe 00
 .text          0x02001080      0x44a C:\nburn\lib\DBNetBurner.a(ucosmcfa.od)
                0x02001160                OSDebugTraceHalt
                0x02001080                OSStartHighRdy
                0x02001170                TrapOutByte
                0x020011a0                memcpy
                0x020011a0                fmemcpy
                0x020010a0                OSCtxSw
                0x02001190                TrapCharAvail
                0x020010d0                OSIntCtxSw
                0x02001180                TrapInByte
                0x02001100                OSTickISR
                0x02001270                memcpysum
                0x02001140                OSSetupVBR
                0x020014a0                GetSR_IntLevel
                0x02001400                memset
                0x02001400                fmemset
                0x020014b0                SetSR_IntLevel
 *fill*         0x020014ca        0x2 00
 .text          0x020014cc     0x29ba C:\nburn\lib\DBNetBurner.a(ucos.od)
                0x02003ba0                OSCritEnterNoWait
                0x020017aa                UCOSWAITS_HERE
                0x02003700                OSFifoPostFirst
                0x02003c44                OSCritLeave
                0x020038d8                getpid
                0x02001bb8                OSLock
                0x02002fb8                OSQPostFirst
                0x02003e44                OSTaskID
                0x02002cec                OSQPendNoWait
                0x02003e60                OSSetName
                0x02001834                OSIntExit
                0x02002228                OSSemPendNoWait
                0x02001ddc                OSTaskDelete
                0x02001be0                OSUnlock
                0x020038f4                OSCritInit
                0x02002d80                OSQPost
                0x02003968                OSCritEnter
                0x02003280                OSFifoPend
                0x02001fe4                OSSemPend
                0x02002494                OSMboxInit
                0x02002798                OSMboxPost
                0x020031fc                OSFifoInit
                0x02002a30                OSQPend
                0x02001704                OSSched
                0x020018f0                OSTimeDly
                0x02002290                OSSemPost
                0x02001c14                OSChangePrio
                0x02001b7c                OSTCBGetFree
                0x0200180c                OSIntEnterWAS
                0x02002748                OSMboxPendNoWait
                0x02003520                OSFifoPost
                0x02001f48                OSSemInit
                0x02001670                OSStart
                0x02001a0c                OSTimeTick
                0x02002970                OSQInit
                0x02003e74                OSTaskName
                0x020034b4                OSFifoPendNoWait
                0x02002510                OSMboxPend
                0x020014cc                OSInit
                0x020019dc                OSChangeTaskDly
 *fill*         0x02003e86        0x2 00
 .text          0x02003e88      0x19a C:\nburn\lib\DBNetBurner.a(ucosmain.od)
                0x02003ee0                __malloc_unlock
                0x02003f4c                UCosBegin
                0x02003f04                balloc_lock
                0x02003e88                UCosSetup
                0x02003f28                balloc_unlock
                0x02003ebc                __malloc_lock
 *fill*         0x02004022        0x2 00
 .text          0x02004024      0x978 C:\nburn\lib\DBNetBurner.a(fileio.od)
                0x02004024                ioctl
                0x020043d4                isatty
                0x02004938                CurrentStdioFD
                0x02004734                lseek
                0x02004850                ReplaceStdio
                0x02004228                write
                0x0200474c                fstat
                0x02004180                rawwrite
                0x0200476c                stdioinbyte
                0x020043f4                read
                0x0200497c                outbyte
                0x02004168                open
                0x02004808                charavail
                0x02004970                fcntl
                0x020040f0                close
 .text          0x0200499c       0x8a C:\nburn\lib\DBNetBurner.a(main.od)
                0x020049d4                main
                0x0200499c                __do_global_ctors
 *fill*         0x02004a26        0x2 00
 .text          0x02004a28     0x1db4 C:\nburn\lib\DBNetBurner.a(ip.od)
                0x02005450                FixUpICMP(IPPKT*, unsigned char, unsigned char, unsigned char*, unsigned short)
                0x02004a28                IsMultiCast(unsigned long)
                0x020061d8                FixHeaderAndSend(pool_buffer*, IPPKT*)
                0x02005850                DoIPPacket(pool_buffer*, EFRAME*, unsigned short)
                0x02004b30                GetSum20
                0x020065e4                PingViaInterface
                0x020057a4                SaveError(pool_buffer*)
                0x02005d10                process_icmp(pool_buffer*, IPPKT*, unsigned short)
                0x02004de8                IpProcessEthernetPacket
                0x02005adc                FixHeaderAndSendViaInterface(pool_buffer*, IPPKT*, int)
                0x020050a4                ShowIPBuffer(pool_buffer*)
                0x0200641c                SendICMPError(pool_buffer*, unsigned char, unsigned char)
                0x02005634                InitializeStack(unsigned long, unsigned long, unsigned long, unsigned long)
                0x02004cf4                GetData(IPPKT*)
                0x02005780                InitializeCStack
                0x0200678c                Ping
                0x02004a98                GetSum
                0x02005814                IsMyIp
                0x02005590                IsBroadCast(unsigned long, int)
                0x02005508                KillStack
                0x02004d58                PrepareIPOutput(pool_buffer*, unsigned long, unsigned short)
                0x02004a58                GetMultiAddress(unsigned long)
                0x020064cc                SendPing
                0x02004bd0                GetSumHdr
                0x02005518                IsLocal(unsigned long, int)
                0x02005f24                IPTask(void*)
 .text          0x020067dc     0x183c C:\nburn\lib\DBNetBurner.a(buffers.od)
                0x02006e90                fifo_buffer_storage::Full()
                0x02007ae8                ShowBuffer
                0x02006f54                fifo_buffer_storage::Reset(unsigned char)
                0x0200694c                InitBuffers
                0x02006800                ChangeOwnerX
                0x02006a74                buffer_list::InsertBefore(pool_buffer*, pool_buffer*)
                0x020071ec                fifo_buffer_storage::fifo_buffer_storage(unsigned char, unsigned char)
                0x02006e64                fifo_buffer_storage::Empty()
                0x020076d4                fifo_buffer_storage::ReadDatawSum(unsigned char*, int, unsigned long&)
                0x02006e48                fifo_buffer_storage::SpaceUsed()
                0x02006844                buffer_list::InsertHead(pool_buffer*)
                0x02006824                GetFreeCount
                0x020067dc                IncUsageCount
                0x020071b4                fifo_buffer_storage::fifo_buffer_storage(unsigned char, unsigned char)
                0x020069d8                buffer_list::InsertTail(pool_buffer*)
                0x02007c58                ShowBuffers
                0x0200700c                fifo_buffer_storage::~fifo_buffer_storage()
                0x02007020                fifo_buffer_storage::SetMaxBuffers(unsigned char)
                0x02007950                fifo_buffer_storage::ReadData(unsigned char*, int)
                0x02007148                fifo_buffer_storage::Init(unsigned char, unsigned char)
                0x02007dec                DumpBuffers()
                0x02006cdc                buffer_list::RemoveHead()
                0x02007224                GetBufferX
                0x02006be4                buffer_list::Remove(pool_buffer*)
                0x02006d98                buffer_list::RemoveTail()
                0x02007060                fifo_buffer_storage::LongSpaceAvail()
                0x02007294                fifo_buffer_storage::WriteData(unsigned char*, int)
                0x020068e8                FreeBufferX
                0x02006b2c                buffer_list::InsertAfter(pool_buffer*, pool_buffer*)
                0x02007104                fifo_buffer_storage::SpaceAvail()
                0x02006ff8                fifo_buffer_storage::~fifo_buffer_storage()
 .text          0x02008018     0x2058 C:\nburn\lib\DBNetBurner.a(arp.od)
                0x02008ef4                FindAddArp(unsigned long)
                0x020081a0                sendGratuitousArp(int)
                0x02008060                MacEqual(MACADR, MACADR)
                0x02008b68                InitializeArp()
                0x02008c80                FindArp(unsigned long)
                0x02009844                SendArp(ArpRecord*, int)
                0x0200a010                GetInterface(unsigned long)
                0x02009450                AddCheckArp(MACADR*, unsigned long, int)
                0x020080c4                SetMac(ArpRecord*, MACADR, int)
                0x02008e70                DeleteArpFromIp(unsigned long)
                0x02008df8                GetArpMacFromIp(unsigned long, MACADR&)
                0x02009890                RouteOutVia(EFRAME*, unsigned long, pool_buffer*, int)
                0x0200973c                GetProperInterface(unsigned long)
                0x02008ac4                FreeOneArp()
                0x020094e0                processArp(pool_buffer*, EFRAME*)
                0x02008158                NeedsArp(int)
                0x0200844c                GetNextArp(ArpRecord*)
                0x020082dc                RawSendArp(ArpRecord*, unsigned long, int)
                0x02008960                AgeArp()
                0x02009b6c                RouteOut(EFRAME*, unsigned long, pool_buffer*)
                0x02008548                ShowArp()
                0x02008700                DeleteArp(ArpRecord*)
                0x020084e4                GetFirstArp()
                0x02009ee0                GetSrcIp
                0x0200927c                IsMyAddressUsedArpDetect(unsigned short, int)
                0x02008058                Cleanup()
                0x02008018                IsNull(ArpRecord*)
                0x02008614                fShowArp(__sFILE*)
                0x02008e98                AddPending(MACADR*, unsigned long, int)
 .text          0x0200a070     0x1b02 C:\nburn\lib\DBNetBurner.a(udp.od)
                0x0200ab28                UDPPacket::Send(unsigned long, unsigned char)
                0x0200a1b0                UDPPacket::SetDestinationPort(unsigned short)
                0x0200a2dc                UDPPacket::GetPacketId()
                0x0200a34c                UDPPacket::GetSourceAddress()
                0x0200bb1c                UDPPacket::UDPPacket()
                0x0200a880                UDPPacket::AddDataByte(unsigned char)
                0x0200ac78                UDPPacket::SendAndKeep(unsigned long, unsigned char)
                0x0200a7a0                UDPPacket::AddData(unsigned char*, unsigned short)
                0x0200a380                RegisterUDPFifo(unsigned short, os_fifo*)
                0x0200a8d8                UDPPacket::AddData(char const*)
                0x0200a10c                UDPPacket::UDPPacket(pool_buffer*)
                0x0200a9d0                UDPPacket::SendViaInterface(unsigned long, int, unsigned char)
                0x0200a2c4                UDPPacket::GetIpPacket()
                0x0200ad24                UDPPacket::~UDPPacket()
                0x0200a070                GetUdpFifoRec(unsigned short)
                0x0200a214                UDPPacket::GetDataBuffer()
                0x0200a4bc                RegisterUDPFifoWithNotify(unsigned short, os_fifo*, void (*)(os_fifo*, unsigned short))
                0x0200a130                UDPPacket::UDPPacket(pool_buffer*)
                0x0200a274                UDPPacket::GetDataSize() const
                0x0200ae6c                ProcessIDPacket(UDPPacket&, int)
                0x0200a8a8                UDPPacket::AddDataWord(unsigned short)
                0x0200b748                process_udp(pool_buffer*, IPPKT*, unsigned short)
                0x0200a90c                UDPPacket::Validate()
                0x0200a1dc                UDPPacket::GetDestinationPort() const
                0x0200a5fc                UnregisterUDPFifo(unsigned short)
                0x0200ad64                UDPPacket::UDPPacket(os_fifo*, unsigned long)
                0x0200a244                UDPPacket::SetDataSize(unsigned short)
                0x0200a2b0                UDPPacket::ResetData()
                0x0200ace4                UDPPacket::~UDPPacket()
                0x0200adbc                UDPPacket::UDPPacket(os_fifo*, unsigned long)
                0x0200a154                UDPPacket::SetSourcePort(unsigned short)
                0x0200a17c                UDPPacket::GetSourcePort() const
                0x0200a6fc                FixIDDataPacket(UDPPacket&, int)
                0x0200ae14                UDPPacket::UDPPacket()
                0x0200a31c                UDPPacket::GetDestinationAddress()
 *fill*         0x0200bb72        0x2 00
 .text          0x0200bb74     0x9b0a C:\nburn\lib\DBNetBurner.a(tcp.od)
                0x02014700                SendTcpRst(IPPKT*)
                0x0200c2d0                GetTcpState(int)
                0x0200c328                GetTcpDState
                0x0201011c                InitTCP()
                0x0200f140                DBSHOWDATA(int, char const*, long)
                0x02013c08                _Socket_Private_read
                0x0200c26c                ShortSocketList::ShortSocketList()
                0x0200c378                SetOutOfOrderbuffers(int, unsigned char)
                0x0200befc                GetSocketRemotePort(int)
                0x0200f9bc                socket_struct::MyAdvertisedWindow()
                0x0200ef9c                SetSocketTxBuffers(int, int)
                0x0200c0b4                setsockoption(int, int)
                0x020106b0                TcpSend(socket_struct*, unsigned long, pool_buffer*, unsigned short, unsigned char)
                0x02013558                TCPTimerTask(void*)
                0x020154c8                process_tcp(pool_buffer*, IPPKT*, unsigned short)
                0x0200edc0                socket_struct::ProcessRST()
                0x0200c3e8                TcpGetLastRxTime(int)
                0x02012eec                abortsocket
                0x020128bc                socket_struct::ProcessDataSegment(TCPPKT*, unsigned short, unsigned char*, pool_buffer*&)
                0x0200c898                HashSocketList::RemoveSocket(socket_struct*) const
                0x02011ba0                _Socket_Private_write
                0x0200c118                getsockoption(int)
                0x02011770                socket_struct::ProcessAck(TCPPKT*)
                0x0200cd50                RawDumpTcpDebug(socket_struct*)
                0x0200f27c                socket_struct::SaveData(unsigned char*, unsigned short, unsigned char)
                0x0200dc64                ShowTCPStates()
                0x0200c808                GetTcpRtxCount(int)
                0x0200bd30                fixoverlap(unsigned long, unsigned long, unsigned long&, unsigned long&)
                0x0200e6fc                socket_struct::SetTimer(unsigned long)
                0x020146c4                connect(unsigned long, unsigned short, unsigned short, unsigned long)
                0x0200c1e4                HashSocketList::HashSocketList()
                0x0200e190                GetTcpSocket(TCPPKT*, unsigned long)
                0x0200c6ec                TcpGetRxBufferSpaceUsed(int)
                0x02010a24                socket_struct::DoRawSend()
                0x0200d2d0                ShowFdTcpSocket(int)
                0x0200e66c                socket_struct::ClearPending(int)
                0x0200f0e0                DBSHOWDATA(int, char const*, unsigned long)
                0x0200d748                ShortSocketList::findsocket(unsigned short, unsigned short, unsigned long) const
                0x0201408c                connect(unsigned long, unsigned short, unsigned short, unsigned long, unsigned long)
                0x020127f4                TcpSendKeepAlive(int)
                0x0200f1a0                DBSHOWDATA(int, char const*, int)
                0x0200be60                getsocketerror(int)
                0x0200c1c0                EnableTcpDebug(unsigned short)
                0x020133c0                socket_struct::ProcessTimer()
                0x0200e78c                socket_struct::SetUpNextRetransmit()
                0x0200c1dc                HashSocketList::HashSocketList()
                0x020137d0                SockReadWithTimeout
                0x0200c750                GetFreeSocketCount()
                0x02012cc4                socket_struct::ProcessFIN(TCPPKT*, unsigned short)
                0x020102e8                FixHeaderAndSendTcp(pool_buffer*, IPPKT*, socket_struct*)
                0x0200c168                setsocketackbuffers(int, unsigned char)
                0x0200c07c                socket_struct::CleanUpDeletedListener()
                0x0200bcc0                FindListenSocket(unsigned short, unsigned long)
                0x02010434                TcpSendwSum(socket_struct*, unsigned long, pool_buffer*, unsigned short, unsigned char, unsigned long)
                0x0200e8a8                socket_struct::DoCleanup()
                0x0200e284                DumpTcpPacket(TCPPKT*, unsigned short)
                0x0200f3e4                socket_struct::TestOutofOrder()
                0x0200c490                TcpGetLastRxInterval(int)
                0x0200bb74                GetFirstSeq()
                0x0200cc6c                FREESOCKET(socket_struct*)
                0x0200ec28                ShortSocketList::AddSocket(socket_struct*)
                0x02011544                socket_struct::DoRetransmit(unsigned char)
                0x0200c27c                ShortSocketList::Init()
                0x0200d88c                ShortSocketList::processTick()
                0x02012010                _Socket_Private_close
                0x02013c28                accept(int, unsigned long*, unsigned short*, unsigned short)
                0x0200c274                ShortSocketList::ShortSocketList()
                0x0200f008                SetSocketRxBuffers(int, int)
                0x02013234                listen(unsigned long, unsigned short, unsigned char)
                0x0200c1ec                HashSocketList::Init() const
                0x0200da14                ShortSocketList::GetFreeShort()
                0x0200beb0                GetSocketRemoteAddr(int)
                0x0200e018                HashSocketList::findsocket(unsigned short, unsigned short, unsigned long) const
                0x0200c668                WaitForSocketFlush(int, unsigned long)
                0x0200e62c                DumpTcpPacket(IPPKT*)
                0x0200ee90                RemoveFromUserCloseList(socket_struct*)
                0x0200bbac                ValidateTCP(IPPKT*, unsigned short)
                0x02010754                ShortSocketList::process(pool_buffer*, TCPPKT*, unsigned long) const
                0x0200cc30                socket_struct::SetState(int)
                0x0200f7d8                socket_struct::processoptions(pool_buffer*, TCPPKT*, IPPKT*)
                0x020110fc                socket_struct::DoClose(int)
                0x02013098                GetFreeSocket()
                0x0200bf50                GetSocketLocalPort(int)
                0x0200fa8c                ShowTcpSocket(socket_struct*)
                0x0200f074                DBSHOWDATA(int, char const*, unsigned short)
                0x0200def8                HashSocketList::AddSocket(socket_struct*) const
                0x0200c218                ShortSocketList::FreeShort(ShortSocket*) const
                0x0200bfa4                socket_struct::CalcRTO(unsigned long)
                0x02013750                socket_struct::OpenWindow()
                0x0201541c                SendTcpSynRst(IPPKT*)
                0x0200c5e0                TcpAllDataAcked(int)
                0x02011030                clrsockoption(int, int)
                0x0200c43c                TcpGetSocketState(int)
                0x0200d2c0                DumpTcpDebug()
                0x0200f200                GetSocketLocalAddr(int)
                0x020100b0                DBSHOWDATA(int, char const*, unsigned char)
                0x020147f4                socket_struct::process(pool_buffer*, TCPPKT*)
                0x0200c338                RegisterTCPReadNotify
                0x0200c980                DebugTraceFunc(socket_struct*, IPPKT*, TCPPKT*, unsigned short, int)
                0x020121a8                socket_struct::SendState(unsigned short, pool_buffer*)
 *fill*         0x0201567e        0x2 00
 .text          0x02015680      0x57a C:\nburn\lib\DBNetBurner.a(http.od)
                0x02015680                StartHTTP
                0x02015820                HttpMain(void*)
                0x020156c4                processHttpRequest(char**, char*, char*, int, HTTP_Request&)
 *fill*         0x02015bfa        0x2 00
 .text          0x02015bfc     0x107e C:\nburn\lib\DBNetBurner.a(httpinternal.od)
                0x02015c40                SetNewPostHandler
                0x02016500                BaseDoGet
                0x02015ca0                SetNewMultiPartHandler
                0x02016188                SendHTMLHeader
                0x02015c04                append(char*&, char*)
                0x02015cc0                SetNewMultiPartExtractHandler
                0x020166c4                HTTP_Request::Respond(int)
                0x02016314                writesafestring
                0x02016478                ShowIPOnFd(int, unsigned long)
                0x02016090                SendGifHeader
                0x020160ac                SendTextHeader
                0x020160c8                BaseDoHead
                0x02016004                NotFoundResponse
                0x02015c34                BaseDoPost
                0x02015ce0                SetNewErrorHandler
                0x02015d34                ExtractPostData
                0x02016054                RedirectResponse
                0x02016878                HTTP_Request::ProcessLine(char*)
                0x02015c60                SetNewGetHandler
                0x02015bfc                StopHTTP
                0x02015d00                InitHttp()
                0x02015c80                SetNewHeadHandler
                0x020161a4                writeallsafestring
                0x02016688                SendHTMLHeaderWCookie
                0x02015f98                httpstricmp
 *fill*         0x02016c7a        0x2 00
 .text          0x02016c7c      0xa36 C:\nburn\lib\DBNetBurner.a(htmldecomp.od)
                0x02016cfc                SendHtml(int, char*, int, char const*)
                0x020170f4                SendData(HTML_FILE_RECORD*, int, char const*)
                0x020171d4                GetRecordFromName(char*)
                0x02016c7c                SendHeader(int, char const*, int)
                0x02017464                SendFullResponse(char*, int)
                0x0201723c                SendFileFragment(char*, int, char const*)
                0x02016cdc                SendCompressed(int, char*, int)
                0x0201727c                SendHeaderResponse(char*, int)
                0x02016cc0                SendXMLHeader(int)
 *fill*         0x020176b2        0x2 00
 .text          0x020176b4      0x8fc C:\nburn\lib\DBNetBurner.a(iosys.od)
                0x02017c58                SetDataAvail
                0x02017a14                writeall
                0x02017aec                RawCheckSelects()
                0x02017bf8                SetHaveError
                0x02017c9c                RemoveSelect(PendingSelect*)
                0x02017c14                SetWriteAvail
                0x02017888                ZeroWaitSelect
                0x02017d30                AddSelect(PendingSelect*)
                0x020177a4                FD_ISSET
                0x02017ad4                ClrDataAvail
                0x02017dac                select
                0x02017abc                ClrWriteAvail
                0x02017b8c                CheckSelects()
                0x020179a0                writestring
                0x02017844                countbits(fd_set*)
                0x02017728                FD_OVERLAP(fd_set*, fd_set*)
                0x02017958                dataavail
                0x02017788                FD_ZERO
                0x020176f0                FD_SET
                0x02017aa4                ClrHaveError
                0x02017808                countdwbits(unsigned long)
                0x02017e94                ReadWithTimeout
                0x020176b4                FD_CLR
 .text          0x02017fb0      0x5ba C:\nburn\lib\DBNetBurner.a(netinterface.od)
                0x02018434                InitializeNetwork(void (*)(pool_buffer*, EFRAME*, unsigned short), void (*)(pool_buffer*, EFRAME*))
                0x02018078                InterfaceIP(int)
                0x02018204                GetEframe(pool_buffer*)
                0x0201839c                SaveIfConfig(ConfigRecord*, int)
                0x02017fb0                GetFirstInterface()
                0x020183e4                GetIfConfig(int)
                0x02018198                InterfaceMAC(int)
                0x0201803c                GetInterFaceBlock(int)
                0x020180c0                InterfaceDNS(int)
                0x02018108                InterfaceMASK(int)
                0x02017ff4                GetnextInterface(int)
                0x020184ac                TransmitBuffer(pool_buffer*, int)
                0x02018264                DisableMulticast(MACADR, int)
                0x020182b4                RegisterInterface(_InterfaceBlock*)
                0x02018218                EnableMulticast(MACADR, int)
                0x02018350                Removeinterface(int)
                0x020182ac                StopNetworks()
                0x02018150                InterfaceGate(int)
 *fill*         0x0201856a        0x2 00
 .text          0x0201856c      0x6ae C:\nburn\lib\DBNetBurner.a(taskmon.od)
                0x02018b38                ProcessTaskPacket(UDPPacket&, int)
                0x0201856c                EnableTaskMonitor()
                0x02018580                BufferDumpTCBState(os_tcb*)
 *fill*         0x02018c1a        0x2 00
 .text          0x02018c1c      0xa1c C:\nburn\lib\DBNetBurner.a(autoupdate.od)
                0x02019538                ProcessAutoUpdatePacket(UDPPacket&)
                0x02019014                DoData(UDPPacket&)
                0x02018c1c                EnableAutoUpdate
                0x02018c4c                DoReboot()
                0x02018c9c                DoExecute(UDPPacket&, int)
                0x02019254                DoStart(UDPPacket&)
 .text          0x02019638       0x4c C:\nburn\lib\DBNetBurner.a(device.od)
                0x02019658                DeviceInitializeSem
                0x02019638                DeviceGetQspiSem()
                0x02019648                DeviceGetI2cSem()
 .text          0x02019684      0x42c C:\nburn\lib\DBNetBurner.a(ucosmcfc.od)
                0x02019930                OSTaskCreate
                0x02019684                TopOfStackKillfunction
                0x02019694                OSTaskCreatewName
                0x0201996c                OSTCBInit
                0x02019688                KillFunctionLink
 .text          0x02019ab0      0x92c C:\nburn\lib\DBNetBurner.a(system.od)
                0x02019e2c                GetUserParameters
                0x02019b78                UpdateConfigRecord_Num
                0x02019b3c                RawGetConfig
                0x02019ab0                isvalidcr
                0x0201a240                SetupDialog
                0x02019e3c                ReadLine
                0x02019d98                UpdateConfigRecord
                0x0201a10c                IpQuestion
                0x02019dac                SaveUserParameters
                0x0201a1e8                ShowChange
 .text          0x0201a3dc     0x13f0 C:\nburn\lib\DBNetBurner.a(utils.od)
                0x0201b550                fShowMac
                0x0201a814                FancyDump(unsigned char*, int)
                0x0201b628                ShowCounters
                0x0201a688                convertHexAsciiToBinary
                0x0201abf4                ShowData
                0x0201a3dc                kill
                0x0201a6f4                putbytenum
                0x0201a7a0                putnum
                0x0201b694                fShowCounters
                0x0201b4e4                fShowIP
                0x0201a3ec                _fini
                0x0201a944                ShowIP
                0x0201a3f8                AsciiToIp
                0x0201b714                sShowCounters
                0x0201b5d4                DiagMenuPicker(int, unsigned char)
                0x0201aa2c                AskTest(char const*, unsigned long)
                0x0201a9ac                ShowMac
                0x0201a568                convertBinaryToHexAscii
                0x0201ab20                SetLogLevel()
                0x0201abd8                __builtin_delete
                0x0201a3e4                _exit
 .text          0x0201b7cc     0x2754 C:\nburn\lib\DBMOD5234.a(serial.od)
                0x0201be10                real_SER0_ISR
                0x0201b7cc                WakeTx(int)
                0x0201ce54                SerialClose
                0x0201cdb0                SendBreak
                0x0201cfb8                OpenSerial
                0x0201c8f4                GetUartErrorReg
                0x0201caa8                fShowSerialData(__sFILE*)
                0x0201bdbc                fake_SER0_ISR()
                0x0201be94                fake_SER2_ISR()
                0x0201be2c                SER1_ISR
                0x0201bf00                SerialEnableTxFlow
                0x0201bfdc                SerialEnableRxFlow
                0x0201b8d0                DoSerIsr(int)
                0x0201c6bc                Serial485HalfDupMode
                0x0201be28                fake_SER1_ISR()
                0x0201c4c0                SerialEnableHwRxFlow
                0x0201d894                serread
                0x0201dd3c                BasePutChar(int, unsigned char)
                0x0201d8b4                BaseGetChar(int)
                0x0201bee8                real_SER2_ISR
                0x0201d518                serreadwto
                0x0201db90                serwriteaddress
                0x0201be7c                real_SER1_ISR
                0x0201d9c8                serwrite
                0x0201cf88                serexternalclose
                0x0201bdc0                SER0_ISR
                0x0201be98                SER2_ISR
                0x0201c170                SerialEnableHwTxFlow
 .text          0x0201df20     0x4dbc C:\nburn\lib\DBMOD5234.a(ethernet.od)
                0x02022514                AddEthernetInterface()
                0x0201e0c8                StopEnet()
                0x02022114                ResetEnet()
                0x0201e6e4                FillerFunctionName()
                0x020225dc                SetMII(unsigned char, unsigned short)
                0x0201f32c                dbip_obj::dbip_obj(char const*)
                0x0201f3a4                dbip_obj::dbip_obj(char const*)
                0x0201f53c                InitializeNetworkGDB
                0x020224a0                InitializeEthernet()
                0x0201df5c                _ZQyERYYSaz
                0x0201e6e8                _ZNobxy
                0x02022650                EthTransmitBuffer(pool_buffer*)
                0x0201f304                MakeCompilerStopComplaining()
                0x0201e11c                CheckTcpDebugSettings()
                0x020217f0                _Zxyzza
                0x0201e6b8                GDBDebugConnected()
 .text          0x02022cdc     0x25f4 C:\nburn\lib\DBMOD5234.a(etherprint.od)
                0x0202347c                EtherLink()
                0x02023254                EtherSpeed100()
                0x0202520c                denet()
                0x02024e88                ShowFECRegisters()
                0x02022e90                EtherInit()
                0x02023590                ShowMII(unsigned char, unsigned char, char const*, unsigned short)
                0x02022cdc                GetMII(unsigned char, unsigned char)
                0x02025218                elink()
                0x02025200                dEnet()
                0x02022e5c                SwitchMIIPage(unsigned long)
                0x02022da0                SetMII(unsigned char, unsigned char, unsigned short)
                0x0202302c                EtherDuplex()
                0x020234d0                showbinary(unsigned short, unsigned short)
                0x02023614                ShowPhyterMII()
 .text          0x020252d0      0x2b8 C:\nburn\lib\DBMOD5234.a(emulticast.od)
                0x02025458                EthDisableMulticast(MACADR)
                0x02025360                EthEnableMulticast(MACADR)
                0x020252d0                GetMultiCastCRC(MACADR)
 .text          0x02025588      0x7b8 C:\nburn\lib\DBMOD5234.a(ioboard.od)
                0x02025710                putleds
                0x020255e0                putdisp
                0x02025630                ModDev70Detect()
                0x02025a30                getdipsw
                0x02025588                InitChipBoardSelect()
 .text          0x02025d40      0x1a0 C:\nburn\lib\DBMOD5234.a(ETPUinit.od)
                0x02025e20                MOD5234_etpu_init
                0x02025e94                eTPUInit
                0x02025d40                MOD5234_etpu_start
 .text          0x02025ee0     0x229c C:\nburn\lib\DBMOD5234.a(ETPU.od)
                0x0202623c                fake_ETPU_CH8()
                0x02026440                real_ETPU_CH12
                0x020262fc                real_ETPU_CH9
                0x020260fc                ETPU_CH5
                0x02026384                ETPU_CH11
                0x020260f8                fake_ETPU_CH5()
                0x02026024                ETPU_CH3
                0x02027cc8                eTPUFunctionUARTRX
                0x0202724c                eTPUInitFIFO
                0x020264c8                ETPU_CH14
                0x020264ac                real_ETPU_CH13
                0x02026b30                eTPUReadUART
                0x02026fa8                eTPUDoISR(int)
                0x020262a8                fake_ETPU_CH9()
                0x02027488                ETPU_UART_FD_CLOSE(int)
                0x02026290                real_ETPU_CH8
                0x02026368                real_ETPU_CH10
                0x02026704                eTPURecordInit()
                0x02026020                fake_ETPU_CH3()
                0x0202755c                eTPUInterruptEnable
                0x02026224                real_ETPU_CH7
                0x02025f34                real_ETPU_CH0
                0x02027294                eTPUDriveGPIO
                0x02026d20                eTPUgetCharUART
                0x020264c4                fake_ETPU_CH14()
                0x02027f88                eTPUFDUartOpen
                0x02026458                fake_ETPU_CH13()
                0x02026164                fake_ETPU_CH6()
                0x020261d0                fake_ETPU_CH7()
                0x020261d4                ETPU_CH7
                0x0202659c                fs_timer_stop
                0x02026ebc                ETPU_UART_FD_WRITE(int, char const*, int)
                0x02027500                eTPUFunctionGPIO
                0x020263d4                real_ETPU_CH11
                0x02026640                eTPUEventClear
                0x02026008                real_ETPU_CH2
                0x02026530                fake_ETPU_CH15()
                0x0202608c                fake_ETPU_CH4()
                0x020260e0                real_ETPU_CH4
                0x02026090                ETPU_CH4
                0x02025ee0                fake_ETPU_CH0()
                0x020263f0                ETPU_CH12
                0x02026584                real_ETPU_CH15
                0x02025ee4                ETPU_CH0
                0x02026518                real_ETPU_CH14
                0x02027e2c                eTPUFunctionUARTTX
                0x02026318                ETPU_CH10
                0x02025fb4                fake_ETPU_CH2()
                0x02027448                eTPUCloseChannel
                0x0202614c                real_ETPU_CH5
                0x02026ae8                eTPUCharAvailUART
                0x020262ac                ETPU_CH9
                0x02026c34                ETPU_UART_FD_READ(int, char*, int)
                0x02026534                ETPU_CH15
                0x02026380                fake_ETPU_CH11()
                0x020272f4                eTPUSetGPIO
                0x02026168                ETPU_CH6
                0x0202645c                ETPU_CH13
                0x02025fb8                ETPU_CH2
                0x02025f48                fake_ETPU_CH1()
                0x02025f9c                real_ETPU_CH1
                0x020265b8                eTPUInterruptDisable
                0x02025f4c                ETPU_CH1
                0x02026678                eTPUEventPoll
                0x02026074                real_ETPU_CH3
                0x02026994                eTPUChanInit(int)
                0x020261b8                real_ETPU_CH6
                0x02026240                ETPU_CH8
                0x020263ec                fake_ETPU_CH12()
                0x02026314                fake_ETPU_CH10()
                0x02026d48                eTPUWriteUART
                0x02027364                eTPUInputGPIO
 .text          0x0202817c      0x2fe C:\nburn\lib\DBMOD5234.a(etpu_gpio.od)
                0x0202843c                fs_etpu_gpio_pin_history
                0x02028220                fs_etpu_gpio_output_high
                0x0202817c                fs_etpu_gpio_init
                0x0202836c                fs_etpu_gpio_cfg_input_periodic
                0x0202840c                fs_etpu_gpio_input_immed
                0x020282e4                fs_etpu_gpio_cfg_input_trans
                0x02028280                fs_etpu_gpio_output
                0x02028250                fs_etpu_gpio_output_low
 *fill*         0x0202847a        0x2 00
 .text          0x0202847c      0x386 C:\nburn\lib\DBMOD5234.a(etpu_uart.od)
                0x02028760                fs_etpu_uart_write_transmit_data
                0x02028798                fs_etpu_uart_read_receive_data
                0x0202847c                fs_etpu_uart_init
 *fill*         0x02028802        0x2 00
 .text          0x02028804      0xa5c C:\nburn\lib\DBMOD5234.a(etpu_util.od)
                0x02029188                fs_etpu_get_global_24
                0x02028de8                fs_etpu_set_chan_local_32
                0x02028cc4                fs_timer_start
                0x020290e4                fs_etpu_set_global_32
                0x02029034                fs_etpu_get_chan_local_16
                0x02028ce0                fs_etpu_malloc
                0x02028ee4                fs_etpu_set_chan_local_8
                0x02028aa4                fs_etpu_data_ram
                0x02029118                fs_etpu_set_global_16
                0x02029158                fs_etpu_get_global32
                0x02028f3c                fs_etpu_get_chan_local_32
                0x02028fdc                fs_etpu_get_chan_local_24
                0x0202908c                fs_etpu_get_chan_local_8
                0x02028f8c                fs_etpu_get_chan_local_24s
                0x02028d4c                fs_etpu_malloc2
                0x020290fc                fs_etpu_set_global_24
                0x020289a4                fs_etpu_chan_init
                0x02029138                fs_etpu_set_global_8
                0x02028c5c                fs_etpu_dma_enable
                0x02028b28                fs_etpu_get_hsr
                0x02029170                fs_etpu_get_global_24s
                0x02028c28                fs_etpu_interrupt_disable
                0x020291c8                fs_etpu_get_global_8
                0x0202921c                fs_memset32
                0x02028e8c                fs_etpu_set_chan_local_16
                0x020291e8                fs_memcpy32
                0x02028bc0                fs_etpu_disable
                0x02028bf4                fs_etpu_interrupt_enable
                0x02028e38                fs_etpu_set_chan_local_24
                0x02028aec                fs_etpu_set_hsr
                0x02028804                fs_etpu_init
                0x020291a8                fs_etpu_get_global_16
                0x02028b5c                fs_etpu_enable
                0x02028c90                fs_etpu_dma_disable
 .text          0x02029260     0x24d2 C:\nburn\lib\DBMOD5234.a(pins.od)
                0x0202aa50                PinIO::set(unsigned char)
                0x02029260                PinIO::function(int)
                0x0202a59c                PinIO::drive()
                0x0202a56c                CReadPin
                0x020299b4                PinIO::read()
                0x0202a518                CGPInPin
 *fill*         0x0202b732        0x2 00
 .text          0x0202b734      0x2cc C:\nburn\lib\DBNetBurner.a(extraio.od)
                0x0202b7a4                ExpandWrite(int, char const*, int)
                0x0202b814                ExpandClose(int)
                0x0202b878                InitExtras()
                0x0202b8b8                GetExtraFD
                0x0202b734                ExpandRead(int, char*, int)
                0x0202b974                FreeExtraFd
                0x0202b9c4                GetExtraData
 .text          0x0202ba00        0x0 c:/nburn/gcc-m68k/bin/../lib/gcc/m68k-elf/4.2.1/../../../../m68k-elf/lib/m5208\libstdc++.a(del_op.o)
 .text          0x0202ba00        0x0 c:/nburn/gcc-m68k/bin/../lib/gcc/m68k-elf/4.2.1/../../../../m68k-elf/lib/m5208\libstdc++.a(eh_personality.o)
 .text          0x0202ba00        0x0 c:/nburn/gcc-m68k/bin/../lib/gcc/m68k-elf/4.2.1/../../../../m68k-elf/lib/m5208\libstdc++.a(eh_alloc.o)
 .text          0x0202ba00        0x0 c:/nburn/gcc-m68k/bin/../lib/gcc/m68k-elf/4.2.1/../../../../m68k-elf/lib/m5208\libstdc++.a(eh_throw.o)
 .text          0x0202ba00        0x0 c:/nburn/gcc-m68k/bin/../lib/gcc/m68k-elf/4.2.1/../../../../m68k-elf/lib/m5208\libstdc++.a(eh_globals.o)
 .text          0x0202ba00        0x0 c:/nburn/gcc-m68k/bin/../lib/gcc/m68k-elf/4.2.1/../../../../m68k-elf/lib/m5208\libstdc++.a(eh_exception.o)
 .text          0x0202ba00        0x0 c:/nburn/gcc-m68k/bin/../lib/gcc/m68k-elf/4.2.1/../../../../m68k-elf/lib/m5208\libstdc++.a(eh_catch.o)
 .text          0x0202ba00        0x0 c:/nburn/gcc-m68k/bin/../lib/gcc/m68k-elf/4.2.1/../../../../m68k-elf/lib/m5208\libstdc++.a(eh_terminate.o)
 .text          0x0202ba00        0x0 c:/nburn/gcc-m68k/bin/../lib/gcc/m68k-elf/4.2.1/../../../../m68k-elf/lib/m5208\libstdc++.a(eh_call.o)
 .text          0x0202ba00        0x0 c:/nburn/gcc-m68k/bin/../lib/gcc/m68k-elf/4.2.1/../../../../m68k-elf/lib/m5208\libstdc++.a(class_type_info.o)
 .text          0x0202ba00        0x0 c:/nburn/gcc-m68k/bin/../lib/gcc/m68k-elf/4.2.1/../../../../m68k-elf/lib/m5208\libstdc++.a(eh_term_handler.o)
 .text          0x0202ba00        0x0 c:/nburn/gcc-m68k/bin/../lib/gcc/m68k-elf/4.2.1/../../../../m68k-elf/lib/m5208\libstdc++.a(eh_unex_handler.o)
 .text          0x0202ba00        0x0 c:/nburn/gcc-m68k/bin/../lib/gcc/m68k-elf/4.2.1/../../../../m68k-elf/lib/m5208\libstdc++.a(si_class_type_info.o)
 .text          0x0202ba00        0x0 c:/nburn/gcc-m68k/bin/../lib/gcc/m68k-elf/4.2.1/../../../../m68k-elf/lib/m5208\libstdc++.a(vterminate.o)
 .text          0x0202ba00     0x4ae6 c:/nburn/gcc-m68k/bin/../lib/gcc/m68k-elf/4.2.1/../../../../m68k-elf/lib/m5208\libstdc++.a(cp-demangle.o)
                0x0203040e                __cxa_demangle
 *fill*         0x020304e6        0x2 00
 .text          0x020304e8        0x0 c:/nburn/gcc-m68k/bin/../lib/gcc/m68k-elf/4.2.1/../../../../m68k-elf/lib/m5208\libstdc++.a(tinfo.o)
 .text          0x020304e8        0x0 c:/nburn/gcc-m68k/bin/../lib/gcc/m68k-elf/4.2.1/../../../../m68k-elf/lib/m5208\libstdc++.a(eh_type.o)
 .text          0x020304e8      0xba0 c:/nburn/gcc-m68k/bin/../lib/gcc/m68k-elf/4.2.1/m5208\libgcc.a(_double.o)
                0x02030fe6                __cmpdf2
                0x02030548                __adddf3
                0x02030eb0                __negdf2
                0x02030bc0                __divdf3
                0x02030f0e                __cmpdf2_internal
                0x020309e4                __muldf3
                0x02030542                __subdf3
 .text          0x02031088       0x74 c:/nburn/gcc-m68k/bin/../lib/gcc/m68k-elf/4.2.1/m5208\libgcc.a(_floatex.o)
                0x02031094                $_exception_handler
                0x02031088                __clear_sticky_bit
 .text          0x020310fc       0x22 c:/nburn/gcc-m68k/bin/../lib/gcc/m68k-elf/4.2.1/m5208\libgcc.a(_ltdf2.o)
                0x020310fc                __ltdf2
 *fill*         0x0203111e        0x2 00
 .text          0x02031120      0x49a c:/nburn/gcc-m68k/bin/../lib/gcc/m68k-elf/4.2.1/m5208\libgcc.a(fpgnulib.o)
                0x020315a0                __fixsfsi
                0x02031288                __floatsidf
                0x0203135e                __extendsfdf2
                0x02031216                __floatunsidf
                0x02031520                __fixdfsi
                0x02031344                __floatsisf
                0x020313f8                __truncdfsf2
                0x02031120                __unordsf2
                0x0203132a                __floatunsisf
                0x02031182                __unorddf2
 *fill*         0x020315ba        0x2 00
 .text          0x020315bc     0x1f0e c:/nburn/gcc-m68k/bin/../lib/gcc/m68k-elf/4.2.1/m5208\libgcc.a(unwind-dw2.o)
                0x0203195e                _Unwind_GetIPInfo
                0x02031642                _Unwind_GetIP
                0x0203332e                _Unwind_Resume_or_Rethrow
                0x02031674                _Unwind_GetRegionStart
                0x02033036                _Unwind_Backtrace
                0x02031632                _Unwind_GetCFA
                0x0203222c                __frame_state_for
                0x020333bc                _Unwind_Resume
                0x020316a4                _Unwind_DeleteException
                0x02033152                _Unwind_RaiseException
                0x02031652                _Unwind_SetIP
                0x02031694                _Unwind_GetTextRelBase
                0x0203193a                _Unwind_FindEnclosingFunction
                0x02031664                _Unwind_GetLanguageSpecificData
                0x02033442                _Unwind_ForcedUnwind
                0x020316c2                _Unwind_SetGR
                0x02031728                _Unwind_GetGR
                0x02031684                _Unwind_GetDataRelBase
 *fill*         0x020334ca        0x2 00
 .text          0x020334cc     0x126c c:/nburn/gcc-m68k/bin/../lib/gcc/m68k-elf/4.2.1/m5208\libgcc.a(unwind-dw2-fde.o)
                0x020345ea                _Unwind_Find_FDE
                0x02033de0                __register_frame
                0x02033dbe                __register_frame_table
                0x02033542                __register_frame_info_bases
                0x02034522                __deregister_frame_info
                0x02034464                __deregister_frame_info_bases
                0x020335ae                __register_frame_info_table_bases
                0x0203452c                __deregister_frame
                0x02033600                __register_frame_info_table
                0x02033592                __register_frame_info
 .text          0x02034738       0x18 c:/nburn/gcc-m68k/bin/../lib/gcc/m68k-elf/4.2.1/../../../../m68k-elf/lib/m5208\libc.a(lib_a-abort.o)
                0x02034738                abort
 .text          0x02034750       0x34 c:/nburn/gcc-m68k/bin/../lib/gcc/m68k-elf/4.2.1/../../../../m68k-elf/lib/m5208\libc.a(lib_a-atoi.o)
                0x02034750                _atoi_r
                0x0203476c                atoi
 .text          0x02034784       0x64 c:/nburn/gcc-m68k/bin/../lib/gcc/m68k-elf/4.2.1/../../../../m68k-elf/lib/m5208\libc.a(lib_a-bsearch.o)
                0x02034784                bsearch
 .text          0x020347e8       0x26 c:/nburn/gcc-m68k/bin/../lib/gcc/m68k-elf/4.2.1/../../../../m68k-elf/lib/m5208\libc.a(lib_a-bzero.o)
                0x020347e8                bzero
 *fill*         0x0203480e        0x2 00
 .text          0x02034810       0x1e c:/nburn/gcc-m68k/bin/../lib/gcc/m68k-elf/4.2.1/../../../../m68k-elf/lib/m5208\libc.a(lib_a-cxa_atexit.o)
                0x02034810                __cxa_atexit
 *fill*         0x0203482e        0x2 00
 .text          0x02034830        0xe c:/nburn/gcc-m68k/bin/../lib/gcc/m68k-elf/4.2.1/../../../../m68k-elf/lib/m5208\libc.a(lib_a-errno.o)
                0x02034830                __errno
 *fill*         0x0203483e        0x2 00
 .text          0x02034840       0x24 c:/nburn/gcc-m68k/bin/../lib/gcc/m68k-elf/4.2.1/../../../../m68k-elf/lib/m5208\libc.a(lib_a-fiprintf.o)
                0x02034840                fiprintf
 .text          0x02034864       0xaa c:/nburn/gcc-m68k/bin/../lib/gcc/m68k-elf/4.2.1/../../../../m68k-elf/lib/m5208\libc.a(lib_a-fputc.o)
                0x020348b2                _fputc_r
                0x02034864                fputc
 *fill*         0x0203490e        0x2 00
 .text          0x02034910       0x90 c:/nburn/gcc-m68k/bin/../lib/gcc/m68k-elf/4.2.1/../../../../m68k-elf/lib/m5208\libc.a(lib_a-fputs.o)
                0x02034910                _fputs_r
                0x02034986                fputs
 .text          0x020349a0      0x37e c:/nburn/gcc-m68k/bin/../lib/gcc/m68k-elf/4.2.1/../../../../m68k-elf/lib/m5208\libc.a(lib_a-fvwrite.o)
                0x020349a0                __sfvwrite_r
 *fill*         0x02034d1e        0x2 00
 .text          0x02034d20       0x9e c:/nburn/gcc-m68k/bin/../lib/gcc/m68k-elf/4.2.1/../../../../m68k-elf/lib/m5208\libc.a(lib_a-fwrite.o)
                0x02034d20                _fwrite_r
                0x02034d9c                fwrite
 *fill*         0x02034dbe        0x2 00
 .text          0x02034dc0        0x0 c:/nburn/gcc-m68k/bin/../lib/gcc/m68k-elf/4.2.1/../../../../m68k-elf/lib/m5208\libc.a(lib_a-impure.o)
 .text          0x02034dc0       0x54 c:/nburn/gcc-m68k/bin/../lib/gcc/m68k-elf/4.2.1/../../../../m68k-elf/lib/m5208\libc.a(lib_a-iprintf.o)
                0x02034dc0                _iprintf_r
                0x02034dea                iprintf
 .text          0x02034e14       0x1c c:/nburn/gcc-m68k/bin/../lib/gcc/m68k-elf/4.2.1/../../../../m68k-elf/lib/m5208\libc.a(lib_a-isspace.o)
                0x02034e14                isspace
 .text          0x02034e30       0x32 c:/nburn/gcc-m68k/bin/../lib/gcc/m68k-elf/4.2.1/../../../../m68k-elf/lib/m5208\libc.a(lib_a-malloc.o)
                0x02034e4a                malloc
                0x02034e30                free
 *fill*         0x02034e62        0x2 00
 .text          0x02034e64      0x78c c:/nburn/gcc-m68k/bin/../lib/gcc/m68k-elf/4.2.1/../../../../m68k-elf/lib/m5208\libc.a(lib_a-mallocr.o)
                0x02034e64                _malloc_r
 .text          0x020355f0       0xd2 c:/nburn/gcc-m68k/bin/../lib/gcc/m68k-elf/4.2.1/../../../../m68k-elf/lib/m5208\libc.a(lib_a-memchr.o)
                0x020355f0                memchr
 *fill*         0x020356c2        0x2 00
 .text          0x020356c4       0x72 c:/nburn/gcc-m68k/bin/../lib/gcc/m68k-elf/4.2.1/../../../../m68k-elf/lib/m5208\libc.a(lib_a-memcmp.o)
                0x020356c4                memcmp
 *fill*         0x02035736        0x2 00
 .text          0x02035738       0xb6 c:/nburn/gcc-m68k/bin/../lib/gcc/m68k-elf/4.2.1/../../../../m68k-elf/lib/m5208\libc.a(lib_a-memmove.o)
                0x02035738                memmove
 *fill*         0x020357ee        0x2 00
 .text          0x020357f0       0x54 c:/nburn/gcc-m68k/bin/../lib/gcc/m68k-elf/4.2.1/../../../../m68k-elf/lib/m5208\libc.a(lib_a-printf.o)
                0x020357f0                printf
                0x0203581a                _printf_r
 .text          0x02035844       0x3a c:/nburn/gcc-m68k/bin/../lib/gcc/m68k-elf/4.2.1/../../../../m68k-elf/lib/m5208\libc.a(lib_a-putchar.o)
                0x02035844                putchar
                0x02035862                _putchar_r
 *fill*         0x0203587e        0x2 00
 .text          0x02035880      0x16a c:/nburn/gcc-m68k/bin/../lib/gcc/m68k-elf/4.2.1/../../../../m68k-elf/lib/m5208\libc.a(lib_a-putc.o)
                0x0203593a                _putc_r
                0x02035880                putc
 *fill*         0x020359ea        0x2 00
 .text          0x020359ec       0x8a c:/nburn/gcc-m68k/bin/../lib/gcc/m68k-elf/4.2.1/../../../../m68k-elf/lib/m5208\libc.a(lib_a-puts.o)
                0x020359ec                _puts_r
                0x02035a60                puts
 *fill*         0x02035a76        0x2 00
 .text          0x02035a78       0x1c c:/nburn/gcc-m68k/bin/../lib/gcc/m68k-elf/4.2.1/../../../../m68k-elf/lib/m5208\libc.a(lib_a-realloc.o)
                0x02035a78                realloc
 .text          0x02035a94      0x502 c:/nburn/gcc-m68k/bin/../lib/gcc/m68k-elf/4.2.1/../../../../m68k-elf/lib/m5208\libc.a(lib_a-reallocr.o)
                0x02035a94                _realloc_r
 *fill*         0x02035f96        0x2 00
 .text          0x02035f98       0x4e c:/nburn/gcc-m68k/bin/../lib/gcc/m68k-elf/4.2.1/../../../../m68k-elf/lib/m5208\libc.a(lib_a-rget.o)
                0x02035fd2                __srget
                0x02035f98                __srget_r
 *fill*         0x02035fe6        0x2 00
 .text          0x02035fe8       0x34 c:/nburn/gcc-m68k/bin/../lib/gcc/m68k-elf/4.2.1/../../../../m68k-elf/lib/m5208\libc.a(lib_a-setjmp.o)
                0x02035ffe                longjmp
                0x02035fe8                setjmp
 .text          0x0203601c      0x1ee c:/nburn/gcc-m68k/bin/../lib/gcc/m68k-elf/4.2.1/../../../../m68k-elf/lib/m5208\libc.a(lib_a-setvbuf.o)
                0x0203601c                setvbuf
 *fill*         0x0203620a        0x2 00
 .text          0x0203620c      0x270 c:/nburn/gcc-m68k/bin/../lib/gcc/m68k-elf/4.2.1/../../../../m68k-elf/lib/m5208\libc.a(lib_a-signal.o)
                0x02036400                _signal_r
                0x02036320                _raise_r
                0x02036286                __sigtramp_r
                0x02036464                signal
                0x02036276                _init_signal
                0x0203620c                _init_signal_r
                0x0203630a                __sigtramp
                0x020363ea                raise
 .text          0x0203647c       0x42 c:/nburn/gcc-m68k/bin/../lib/gcc/m68k-elf/4.2.1/../../../../m68k-elf/lib/m5208\libc.a(lib_a-signalr.o)
                0x02036488                _kill_r
                0x0203647c                _getpid_r
 *fill*         0x020364be        0x2 00
 .text          0x020364c0       0xba c:/nburn/gcc-m68k/bin/../lib/gcc/m68k-elf/4.2.1/../../../../m68k-elf/lib/m5208\libc.a(lib_a-siprintf.o)
                0x0203651e                _siprintf_r
                0x020364c0                siprintf
 *fill*         0x0203657a        0x2 00
 .text          0x0203657c      0x14c c:/nburn/gcc-m68k/bin/../lib/gcc/m68k-elf/4.2.1/../../../../m68k-elf/lib/m5208\libc.a(lib_a-snprintf.o)
                0x0203657c                snprintf
                0x02036624                _snprintf_r
 .text          0x020366c8       0x92 c:/nburn/gcc-m68k/bin/../lib/gcc/m68k-elf/4.2.1/../../../../m68k-elf/lib/m5208\libc.a(lib_a-strcasecmp.o)
                0x020366c8                strcasecmp
 *fill*         0x0203675a        0x2 00
 .text          0x0203675c       0x7c c:/nburn/gcc-m68k/bin/../lib/gcc/m68k-elf/4.2.1/../../../../m68k-elf/lib/m5208\libc.a(lib_a-strcat.o)
                0x0203675c                strcat
 .text          0x020367d8       0x70 c:/nburn/gcc-m68k/bin/../lib/gcc/m68k-elf/4.2.1/../../../../m68k-elf/lib/m5208\libc.a(lib_a-strcmp.o)
                0x020367d8                strcmp
 .text          0x02036848       0x22 c:/nburn/gcc-m68k/bin/../lib/gcc/m68k-elf/4.2.1/../../../../m68k-elf/lib/m5208\libc.a(lib_a-strcpy.o)
                0x02036848                strcpy
 *fill*         0x0203686a        0x2 00
 .text          0x0203686c       0x1a c:/nburn/gcc-m68k/bin/../lib/gcc/m68k-elf/4.2.1/../../../../m68k-elf/lib/m5208\libc.a(lib_a-strlen.o)
                0x0203686c                strlen
 *fill*         0x02036886        0x2 00
 .text          0x02036888       0xda c:/nburn/gcc-m68k/bin/../lib/gcc/m68k-elf/4.2.1/../../../../m68k-elf/lib/m5208\libc.a(lib_a-strncmp.o)
                0x02036888                strncmp
 *fill*         0x02036962        0x2 00
 .text          0x02036964       0x46 c:/nburn/gcc-m68k/bin/../lib/gcc/m68k-elf/4.2.1/../../../../m68k-elf/lib/m5208\libc.a(lib_a-strstr.o)
                0x02036964                strstr
 *fill*         0x020369aa        0x2 00
 .text          0x020369ac      0x18a c:/nburn/gcc-m68k/bin/../lib/gcc/m68k-elf/4.2.1/../../../../m68k-elf/lib/m5208\libc.a(lib_a-strtol.o)
                0x02036b18                strtol
                0x020369ac                _strtol_r
 *fill*         0x02036b36        0x2 00
 .text          0x02036b38       0x26 c:/nburn/gcc-m68k/bin/../lib/gcc/m68k-elf/4.2.1/../../../../m68k-elf/lib/m5208\libc.a(lib_a-toupper.o)
                0x02036b38                toupper
 *fill*         0x02036b5e        0x2 00
 .text          0x02036b60     0x1280 c:/nburn/gcc-m68k/bin/../lib/gcc/m68k-elf/4.2.1/../../../../m68k-elf/lib/m5208\libc.a(lib_a-vfiprintf.o)
                0x02037dc2                vfiprintf
                0x02036ba4                _vfiprintf_r
 .text          0x02037de0     0x1fac c:/nburn/gcc-m68k/bin/../lib/gcc/m68k-elf/4.2.1/../../../../m68k-elf/lib/m5208\libc.a(lib_a-vfprintf.o)
                0x02037e24                _vfprintf_r
                0x02039d6e                vfprintf
 .text          0x02039d8c      0x124 c:/nburn/gcc-m68k/bin/../lib/gcc/m68k-elf/4.2.1/../../../../m68k-elf/lib/m5208\libc.a(lib_a-wbuf.o)
                0x02039d8c                __swbuf_r
                0x02039e96                __swbuf
 .text          0x02039eb0       0x7c c:/nburn/gcc-m68k/bin/../lib/gcc/m68k-elf/4.2.1/../../../../m68k-elf/lib/m5208\libc.a(lib_a-wcrtomb.o)
                0x02039eb0                _wcrtomb_r
                0x02039f10                wcrtomb
 .text          0x02039f2c      0x130 c:/nburn/gcc-m68k/bin/../lib/gcc/m68k-elf/4.2.1/../../../../m68k-elf/lib/m5208\libc.a(lib_a-wcsrtombs.o)
                0x02039f2c                _wcsrtombs_r
                0x0203a03a                wcsrtombs
 .text          0x0203a05c      0x452 c:/nburn/gcc-m68k/bin/../lib/gcc/m68k-elf/4.2.1/../../../../m68k-elf/lib/m5208\libc.a(lib_a-wctomb_r.o)
                0x0203a05c                _wctomb_r
 *fill*         0x0203a4ae        0x2 00
 .text          0x0203a4b0      0x130 c:/nburn/gcc-m68k/bin/../lib/gcc/m68k-elf/4.2.1/../../../../m68k-elf/lib/m5208\libc.a(lib_a-wsetup.o)
                0x0203a4b0                __swsetup
 .text          0x0203a5e0       0xe8 c:/nburn/gcc-m68k/bin/../lib/gcc/m68k-elf/4.2.1/../../../../m68k-elf/lib/m5208\libc.a(lib_a-__atexit.o)
                0x0203a5e0                __register_exitproc
 .text          0x0203a6c8        0x0 c:/nburn/gcc-m68k/bin/../lib/gcc/m68k-elf/4.2.1/../../../../m68k-elf/lib/m5208\libc.a(lib_a-ctype_.o)
 .text          0x0203a6c8     0x160a c:/nburn/gcc-m68k/bin/../lib/gcc/m68k-elf/4.2.1/../../../../m68k-elf/lib/m5208\libc.a(lib_a-dtoa.o)
                0x0203a87a                _dtoa_r
 *fill*         0x0203bcd2        0x2 00
 .text          0x0203bcd4      0x198 c:/nburn/gcc-m68k/bin/../lib/gcc/m68k-elf/4.2.1/../../../../m68k-elf/lib/m5208\libc.a(lib_a-fflush.o)
                0x0203bcd4                fflush
 .text          0x0203be6c      0x25e c:/nburn/gcc-m68k/bin/../lib/gcc/m68k-elf/4.2.1/../../../../m68k-elf/lib/m5208\libc.a(lib_a-findfp.o)
                0x0203bec6                __sinit
                0x0203bf7e                __sfmoreglue
                0x0203bf6c                _cleanup
                0x0203bf52                _cleanup_r
                0x0203bfec                __sfp
 *fill*         0x0203c0ca        0x2 00
 .text          0x0203c0cc      0x422 c:/nburn/gcc-m68k/bin/../lib/gcc/m68k-elf/4.2.1/../../../../m68k-elf/lib/m5208\libc.a(lib_a-freer.o)
                0x0203c1bc                _free_r
                0x0203c0cc                _malloc_trim_r
 *fill*         0x0203c4ee        0x2 00
 .text          0x0203c4f0       0xe4 c:/nburn/gcc-m68k/bin/../lib/gcc/m68k-elf/4.2.1/../../../../m68k-elf/lib/m5208\libc.a(lib_a-fwalk.o)
                0x0203c4f0                _fwalk
                0x0203c560                _fwalk_reent
 .text          0x0203c5d4       0xa6 c:/nburn/gcc-m68k/bin/../lib/gcc/m68k-elf/4.2.1/../../../../m68k-elf/lib/m5208\libc.a(lib_a-locale.o)
                0x0203c602                _setlocale_r
                0x0203c5d4                __locale_charset
                0x0203c5e2                _localeconv_r
                0x0203c662                setlocale
                0x0203c5f0                localeconv
 *fill*         0x0203c67a        0x2 00
 .text          0x0203c67c      0x178 c:/nburn/gcc-m68k/bin/../lib/gcc/m68k-elf/4.2.1/../../../../m68k-elf/lib/m5208\libc.a(lib_a-makebuf.o)
                0x0203c67c                __smakebuf
 .text          0x0203c7f4      0xc78 c:/nburn/gcc-m68k/bin/../lib/gcc/m68k-elf/4.2.1/../../../../m68k-elf/lib/m5208\libc.a(lib_a-mprec.o)
                0x0203cb48                _mprec_log10
                0x0203cbfe                __any_on
                0x0203cca4                _Balloc
                0x0203cab6                __ratio
                0x0203d1cc                __i2b
                0x0203c9c6                __b2d
                0x0203d394                __s2b
                0x0203c8e4                __mcmp
                0x0203c7f4                __hi0bits
                0x0203d2b2                __pow5mult
                0x0203cfb0                __lshift
                0x0203d05e                __multiply
                0x0203cd5a                __d2b
                0x0203cbba                __copybits
                0x0203c944                __ulp
                0x0203ce70                __mdiff
                0x0203c858                __lo0bits
                0x0203d1ee                __multadd
                0x0203cc6a                _Bfree
 .text          0x0203d46c      0x21c c:/nburn/gcc-m68k/bin/../lib/gcc/m68k-elf/4.2.1/../../../../m68k-elf/lib/m5208\libc.a(lib_a-refill.o)
                0x0203d490                __srefill_r
 .text          0x0203d688       0x42 c:/nburn/gcc-m68k/bin/../lib/gcc/m68k-elf/4.2.1/../../../../m68k-elf/lib/m5208\libc.a(lib_a-s_isinfd.o)
                0x0203d688                __isinfd
 *fill*         0x0203d6ca        0x2 00
 .text          0x0203d6cc       0x34 c:/nburn/gcc-m68k/bin/../lib/gcc/m68k-elf/4.2.1/../../../../m68k-elf/lib/m5208\libc.a(lib_a-s_isnand.o)
                0x0203d6cc                __isnand
 .text          0x0203d700      0x162 c:/nburn/gcc-m68k/bin/../lib/gcc/m68k-elf/4.2.1/../../../../m68k-elf/lib/m5208\libc.a(lib_a-stdio.o)
                0x0203d71e                __sseek
                0x0203d810                __sread
                0x0203d700                __sclose
                0x0203d780                __swrite
 *fill*         0x0203d862        0x2 00
 .text          0x0203d864       0x3e c:/nburn/gcc-m68k/bin/../lib/gcc/m68k-elf/4.2.1/../../../../m68k-elf/lib/m5208\libc.a(lib_a-writer.o)
                0x0203d864                _write_r
 *fill*         0x0203d8a2        0x2 00
 .text          0x0203d8a4       0x92 c:/nburn/gcc-m68k/bin/../lib/gcc/m68k-elf/4.2.1/../../../../m68k-elf/lib/m5208\libc.a(lib_a-callocr.o)
                0x0203d8a4                _calloc_r
 *fill*         0x0203d936        0x2 00
 .text          0x0203d938       0x32 c:/nburn/gcc-m68k/bin/../lib/gcc/m68k-elf/4.2.1/../../../../m68k-elf/lib/m5208\libc.a(lib_a-closer.o)
                0x0203d938                _close_r
 *fill*         0x0203d96a        0x2 00
 .text          0x0203d96c       0xfe c:/nburn/gcc-m68k/bin/../lib/gcc/m68k-elf/4.2.1/../../../../m68k-elf/lib/m5208\libc.a(lib_a-fclose.o)
                0x0203d96c                _fclose_r
                0x0203da54                fclose
 *fill*         0x0203da6a        0x2 00
 .text          0x0203da6c       0x36 c:/nburn/gcc-m68k/bin/../lib/gcc/m68k-elf/4.2.1/../../../../m68k-elf/lib/m5208\libc.a(lib_a-fstatr.o)
                0x0203da6c                _fstat_r
 *fill*         0x0203daa2        0x2 00
 .text          0x0203daa4       0x3e c:/nburn/gcc-m68k/bin/../lib/gcc/m68k-elf/4.2.1/../../../../m68k-elf/lib/m5208\libc.a(lib_a-lseekr.o)
                0x0203daa4                _lseek_r
 *fill*         0x0203dae2        0x2 00
 .text          0x0203dae4       0x3e c:/nburn/gcc-m68k/bin/../lib/gcc/m68k-elf/4.2.1/../../../../m68k-elf/lib/m5208\libc.a(lib_a-readr.o)
                0x0203dae4                _read_r
 *fill*         0x0203db22        0x2 00
 .text          0x0203db24       0x22 c:/nburn/gcc-m68k/bin/../lib/gcc/m68k-elf/4.2.1/m5208\libgcc.a(_eqdf2.o)
                0x0203db24                __eqdf2
 *fill*         0x0203db46        0x2 00
 .text          0x0203db48       0x22 c:/nburn/gcc-m68k/bin/../lib/gcc/m68k-elf/4.2.1/m5208\libgcc.a(_nedf2.o)
                0x0203db48                __nedf2
 *fill*         0x0203db6a        0x2 00
 .text          0x0203db6c       0x22 c:/nburn/gcc-m68k/bin/../lib/gcc/m68k-elf/4.2.1/m5208\libgcc.a(_gtdf2.o)
                0x0203db6c                __gtdf2
 *fill*         0x0203db8e        0x2 00
 .text          0x0203db90       0x22 c:/nburn/gcc-m68k/bin/../lib/gcc/m68k-elf/4.2.1/m5208\libgcc.a(_gedf2.o)
                0x0203db90                __gedf2
 *fill*         0x0203dbb2        0x2 00
 .text          0x0203dbb4      0x3d4 c:/nburn/gcc-m68k/bin/../lib/gcc/m68k-elf/4.2.1/m5208\libgcc.a(_udivdi3.o)
                0x0203dbb4                __udivdi3
 .text          0x0203df88      0x3ee c:/nburn/gcc-m68k/bin/../lib/gcc/m68k-elf/4.2.1/m5208\libgcc.a(_umoddi3.o)
                0x0203df88                __umoddi3
 *fill*         0x0203e376        0x2 00
 .text          0x0203e378       0x32 c:/nburn/gcc-m68k/bin/../lib/gcc/m68k-elf/4.2.1/m5208/crtend.o
                0x0203e3b0                . = ALIGN (0x10)
 *fill*         0x0203e3aa        0x6 00
 *(.text.*)
 .text._ZN11buffer_listC1Ev
                0x0203e3b0       0x20 C:\nburn\lib\DBNetBurner.a(ip.od)
                0x0203e3b0                buffer_list::buffer_list()
 .text._ZN11buffer_list8GetCountEv
                0x0203e3d0       0x18 C:\nburn\lib\DBNetBurner.a(ip.od)
                0x0203e3d0                buffer_list::GetCount()
 .text._Z8GetIpPktP11pool_buffer
                0x0203e3e8       0x2c C:\nburn\lib\DBNetBurner.a(ip.od)
                0x0203e3e8                GetIpPkt(pool_buffer*)
 .text._Z8GetIpPktP6EFRAME
                0x0203e414       0x12 C:\nburn\lib\DBNetBurner.a(ip.od)
                0x0203e414                GetIpPkt(EFRAME*)
 *fill*         0x0203e426        0x2 00
 .text._Z9GetUdpPktP5IPPKT
                0x0203e428       0x6c C:\nburn\lib\DBNetBurner.a(ip.od)
                0x0203e428                GetUdpPkt(IPPKT*)
 .text._ZN18BufferCriticalLockC1ER15os_crit_section
                0x0203e494       0x44 C:\nburn\lib\DBNetBurner.a(buffers.od)
                0x0203e494                BufferCriticalLock::BufferCriticalLock(os_crit_section&)
 .text._ZN18BufferCriticalLockD1Ev
                0x0203e4d8       0x60 C:\nburn\lib\DBNetBurner.a(buffers.od)
                0x0203e4d8                BufferCriticalLock::~BufferCriticalLock()
 .text._ZN20OSCriticalSectionObjD1Ev
                0x0203e538       0x18 C:\nburn\lib\DBNetBurner.a(arp.od)
                0x0203e538                OSCriticalSectionObj::~OSCriticalSectionObj()
 .text._ZN20OSCriticalSectionObjC1ER15os_crit_section
                0x0203e550       0x1e C:\nburn\lib\DBNetBurner.a(arp.od)
                0x0203e550                OSCriticalSectionObj::OSCriticalSectionObj(os_crit_section&)
 *fill*         0x0203e56e        0x2 00
 .text._Z9GetUdpPktP11pool_buffer
                0x0203e570       0x1e C:\nburn\lib\DBNetBurner.a(udp.od)
                0x0203e570                GetUdpPkt(pool_buffer*)
 *fill*         0x0203e58e        0x2 00
 .text._Z13GetInitUdpPktP5IPPKT
                0x0203e590       0x1a C:\nburn\lib\DBNetBurner.a(udp.od)
                0x0203e590                GetInitUdpPkt(IPPKT*)
 *fill*         0x0203e5aa        0x2 00
 .text._Z13GetInitUdpPktP11pool_buffer
                0x0203e5ac       0x1e C:\nburn\lib\DBNetBurner.a(udp.od)
                0x0203e5ac                GetInitUdpPkt(pool_buffer*)
 *fill*         0x0203e5ca        0x2 00
 .text._ZN9UDPPacket13ReleaseBufferEv
                0x0203e5cc        0xe C:\nburn\lib\DBNetBurner.a(udp.od)
                0x0203e5cc                UDPPacket::ReleaseBuffer()
 *fill*         0x0203e5da        0x2 00
 .text._Z9GetTcpPktP5IPPKT
                0x0203e5dc       0x6c C:\nburn\lib\DBNetBurner.a(tcp.od)
                0x0203e5dc                GetTcpPkt(IPPKT*)
 .text._Z9GetTcpPktP11pool_buffer
                0x0203e648       0x1e C:\nburn\lib\DBNetBurner.a(tcp.od)
                0x0203e648                GetTcpPkt(pool_buffer*)
 *fill*         0x0203e666        0x2 00
 .text._Z13GetInitTcpPktP5IPPKT
                0x0203e668       0x1a C:\nburn\lib\DBNetBurner.a(tcp.od)
                0x0203e668                GetInitTcpPkt(IPPKT*)
 *fill*         0x0203e682        0x2 00
 .text._Z13GetInitTcpPktP11pool_buffer
                0x0203e684       0x1e C:\nburn\lib\DBNetBurner.a(tcp.od)
                0x0203e684                GetInitTcpPkt(pool_buffer*)
 *fill*         0x0203e6a2        0x2 00
 .text._Z13GetTcpDataLenP5IPPKTP6TCPPKT
                0x0203e6a4       0xa8 C:\nburn\lib\DBNetBurner.a(tcp.od)
                0x0203e6a4                GetTcpDataLen(IPPKT*, TCPPKT*)
 .text._Z10GetTcpDataP6TCPPKT
                0x0203e74c       0x36 C:\nburn\lib\DBNetBurner.a(tcp.od)
                0x0203e74c                GetTcpData(TCPPKT*)
 *fill*         0x0203e782        0x2 00
 .text._Z9IsNullMacRK6MACADR
                0x0203e784       0x3e C:\nburn\lib\DBNetBurner.a(tcp.od)
                0x0203e784                IsNullMac(MACADR const&)
 *fill*         0x0203e7c2        0x2 00
 .text._Z10modulodiffmm
                0x0203e7c4       0x18 C:\nburn\lib\DBNetBurner.a(tcp.od)
                0x0203e7c4                modulodiff(unsigned long, unsigned long)
 .text._ZN13socket_structC1Ev
                0x0203e7dc       0x44 C:\nburn\lib\DBNetBurner.a(tcp.od)
                0x0203e7dc                socket_struct::socket_struct()
 .text._ZN13socket_structD1Ev
                0x0203e820       0x30 C:\nburn\lib\DBNetBurner.a(tcp.od)
                0x0203e820                socket_struct::~socket_struct()
 .text._ZN13socket_struct4initEt
                0x0203e850       0xe0 C:\nburn\lib\DBNetBurner.a(tcp.od)
                0x0203e850                socket_struct::init(unsigned short)
 .text._ZN9OSLockObjC1Ev
                0x0203e930        0xe C:\nburn\lib\DBNetBurner.a(iosys.od)
                0x0203e930                OSLockObj::OSLockObj()
 *fill*         0x0203e93e        0x2 00
 .text._ZN9OSLockObjD1Ev
                0x0203e940        0xe C:\nburn\lib\DBNetBurner.a(iosys.od)
                0x0203e940                OSLockObj::~OSLockObj()
 *fill*         0x0203e94e        0x2 00
 .text._ZN9UDPPacket10GetPoolPtrEv
                0x0203e950        0xe C:\nburn\lib\DBNetBurner.a(autoupdate.od)
                0x0203e950                UDPPacket::GetPoolPtr()
 *fill*         0x0203e95e        0x2 00
 .text._Z11random_seedv
                0x0203e960       0x34 C:\nburn\lib\DBMOD5234.a(serial.od)
                0x0203e960                random_seed()
 .text._ZN11UartDataRecC1Ev
                0x0203e994       0x3e C:\nburn\lib\DBMOD5234.a(serial.od)
                0x0203e994                UartDataRec::UartDataRec()
 *fill*         0x0203e9d2        0x2 00
 .text._ZN11UartDataRecD1Ev
                0x0203e9d4       0x2a C:\nburn\lib\DBMOD5234.a(serial.od)
                0x0203e9d4                UartDataRec::~UartDataRec()
 *fill*         0x0203e9fe        0x2 00
 .text._ZN5PinIOC1Eii
                0x0203ea00       0x22 C:\nburn\lib\DBMOD5234.a(ioboard.od)
                0x0203ea00                PinIO::PinIO(int, int)
 *fill*         0x0203ea22        0x2 00
 .text._ZN12PinIOJ2ArrayixEi
                0x0203ea24       0x28 C:\nburn\lib\DBMOD5234.a(ioboard.od)
                0x0203ea24                PinIOJ2Array::operator[](int)
 .text._ZN5PinIOaSEi
                0x0203ea4c       0x28 C:\nburn\lib\DBMOD5234.a(ioboard.od)
                0x0203ea4c                PinIO::operator=(int)
 .text._ZN5PinIOcviEv
                0x0203ea74       0x1c C:\nburn\lib\DBMOD5234.a(ioboard.od)
                0x0203ea74                PinIO::operator int()
 .text._ZN5PinIO3hizEv
                0x0203ea90       0x14 C:\nburn\lib\DBMOD5234.a(pins.od)
                0x0203ea90                PinIO::hiz()
 .text._ZdlPv   0x0203eaa4       0x16 c:/nburn/gcc-m68k/bin/../lib/gcc/m68k-elf/4.2.1/../../../../m68k-elf/lib/m5208\libstdc++.a(del_op.o)
                0x0203eaa4                operator delete(void*)
 .text._Z12read_uleb128PKhPj
                0x0203eaba       0x30 c:/nburn/gcc-m68k/bin/../lib/gcc/m68k-elf/4.2.1/../../../../m68k-elf/lib/m5208\libstdc++.a(eh_personality.o)
 .text._Z12read_sleb128PKhPi
                0x0203eaea       0x46 c:/nburn/gcc-m68k/bin/../lib/gcc/m68k-elf/4.2.1/../../../../m68k-elf/lib/m5208\libstdc++.a(eh_personality.o)
 .text._Z16get_adjusted_ptrPKSt9type_infoS1_PPv
                0x0203eb30       0x6a c:/nburn/gcc-m68k/bin/../lib/gcc/m68k-elf/4.2.1/../../../../m68k-elf/lib/m5208\libstdc++.a(eh_personality.o)
 .text._Z28read_encoded_value_with_basehjPKhPj
                0x0203eb9a      0x12a c:/nburn/gcc-m68k/bin/../lib/gcc/m68k-elf/4.2.1/../../../../m68k-elf/lib/m5208\libstdc++.a(eh_personality.o)
 .text._Z21base_of_encoded_valuehP15_Unwind_Context
                0x0203ecc4       0x8c c:/nburn/gcc-m68k/bin/../lib/gcc/m68k-elf/4.2.1/../../../../m68k-elf/lib/m5208\libstdc++.a(eh_personality.o)
 .text._Z17parse_lsda_headerP15_Unwind_ContextPKhP16lsda_header_info
                0x0203ed50       0xec c:/nburn/gcc-m68k/bin/../lib/gcc/m68k-elf/4.2.1/../../../../m68k-elf/lib/m5208\libstdc++.a(eh_personality.o)
 .text._Z15get_ttype_entryP16lsda_header_infoj
                0x0203ee3c       0xe2 c:/nburn/gcc-m68k/bin/../lib/gcc/m68k-elf/4.2.1/../../../../m68k-elf/lib/m5208\libstdc++.a(eh_personality.o)
 .text._Z20check_exception_specP16lsda_header_infoPKSt9type_infoPvi
                0x0203ef1e       0x70 c:/nburn/gcc-m68k/bin/../lib/gcc/m68k-elf/4.2.1/../../../../m68k-elf/lib/m5208\libstdc++.a(eh_personality.o)
 .text.__cxa_call_unexpected
                0x0203ef8e       0xde c:/nburn/gcc-m68k/bin/../lib/gcc/m68k-elf/4.2.1/../../../../m68k-elf/lib/m5208\libstdc++.a(eh_personality.o)
                0x0203ef8e                __cxa_call_unexpected
 .text.__gxx_personality_v0
                0x0203f06c      0x440 c:/nburn/gcc-m68k/bin/../lib/gcc/m68k-elf/4.2.1/../../../../m68k-elf/lib/m5208\libstdc++.a(eh_personality.o)
                0x0203f06c                __gxx_personality_v0
 .text._Z41__static_initialization_and_destruction_0ii
                0x0203f4ac        0x8 c:/nburn/gcc-m68k/bin/../lib/gcc/m68k-elf/4.2.1/../../../../m68k-elf/lib/m5208\libstdc++.a(eh_alloc.o)
 .text._GLOBAL__I___cxa_allocate_exception
                0x0203f4b4       0x1a c:/nburn/gcc-m68k/bin/../lib/gcc/m68k-elf/4.2.1/../../../../m68k-elf/lib/m5208\libstdc++.a(eh_alloc.o)
 .text.__cxa_allocate_exception
                0x0203f4ce       0xa4 c:/nburn/gcc-m68k/bin/../lib/gcc/m68k-elf/4.2.1/../../../../m68k-elf/lib/m5208\libstdc++.a(eh_alloc.o)
                0x0203f4ce                __cxa_allocate_exception
 .text.__cxa_free_exception
                0x0203f572       0x4a c:/nburn/gcc-m68k/bin/../lib/gcc/m68k-elf/4.2.1/../../../../m68k-elf/lib/m5208\libstdc++.a(eh_alloc.o)
                0x0203f572                __cxa_free_exception
 .text.__cxa_rethrow
                0x0203f5bc       0x7c c:/nburn/gcc-m68k/bin/../lib/gcc/m68k-elf/4.2.1/../../../../m68k-elf/lib/m5208\libstdc++.a(eh_throw.o)
                0x0203f5bc                __cxa_rethrow
 .text.__cxa_throw
                0x0203f638       0x6c c:/nburn/gcc-m68k/bin/../lib/gcc/m68k-elf/4.2.1/../../../../m68k-elf/lib/m5208\libstdc++.a(eh_throw.o)
                0x0203f638                __cxa_throw
 .text._Z23__gxx_exception_cleanup19_Unwind_Reason_CodeP17_Unwind_Exception
                0x0203f6a4       0x62 c:/nburn/gcc-m68k/bin/../lib/gcc/m68k-elf/4.2.1/../../../../m68k-elf/lib/m5208\libstdc++.a(eh_throw.o)
 .text.__cxa_get_globals_fast
                0x0203f706        0xe c:/nburn/gcc-m68k/bin/../lib/gcc/m68k-elf/4.2.1/../../../../m68k-elf/lib/m5208\libstdc++.a(eh_globals.o)
                0x0203f706                __cxa_get_globals_fast
 .text.__cxa_get_globals
                0x0203f714        0xe c:/nburn/gcc-m68k/bin/../lib/gcc/m68k-elf/4.2.1/../../../../m68k-elf/lib/m5208\libstdc++.a(eh_globals.o)
                0x0203f714                __cxa_get_globals
 .text._ZNKSt9exception4whatEv
                0x0203f722        0xe c:/nburn/gcc-m68k/bin/../lib/gcc/m68k-elf/4.2.1/../../../../m68k-elf/lib/m5208\libstdc++.a(eh_exception.o)
                0x0203f722                std::exception::what() const
 .text._ZNKSt13bad_exception4whatEv
                0x0203f730        0xe c:/nburn/gcc-m68k/bin/../lib/gcc/m68k-elf/4.2.1/../../../../m68k-elf/lib/m5208\libstdc++.a(eh_exception.o)
                0x0203f730                std::bad_exception::what() const
 .text._ZNSt9exceptionD0Ev
                0x0203f73e       0x16 c:/nburn/gcc-m68k/bin/../lib/gcc/m68k-elf/4.2.1/../../../../m68k-elf/lib/m5208\libstdc++.a(eh_exception.o)
                0x0203f73e                std::exception::~exception()
 .text._ZNSt9exceptionD1Ev
                0x0203f754       0x12 c:/nburn/gcc-m68k/bin/../lib/gcc/m68k-elf/4.2.1/../../../../m68k-elf/lib/m5208\libstdc++.a(eh_exception.o)
                0x0203f754                std::exception::~exception()
 .text._ZNSt9exceptionD2Ev
                0x0203f766       0x12 c:/nburn/gcc-m68k/bin/../lib/gcc/m68k-elf/4.2.1/../../../../m68k-elf/lib/m5208\libstdc++.a(eh_exception.o)
                0x0203f766                std::exception::~exception()
 .text._ZNSt13bad_exceptionD0Ev
                0x0203f778       0x2a c:/nburn/gcc-m68k/bin/../lib/gcc/m68k-elf/4.2.1/../../../../m68k-elf/lib/m5208\libstdc++.a(eh_exception.o)
                0x0203f778                std::bad_exception::~bad_exception()
 .text._ZNSt13bad_exceptionD1Ev
                0x0203f7a2       0x16 c:/nburn/gcc-m68k/bin/../lib/gcc/m68k-elf/4.2.1/../../../../m68k-elf/lib/m5208\libstdc++.a(eh_exception.o)
                0x0203f7a2                std::bad_exception::~bad_exception()
 .text._ZNSt13bad_exceptionD2Ev
                0x0203f7b8       0x16 c:/nburn/gcc-m68k/bin/../lib/gcc/m68k-elf/4.2.1/../../../../m68k-elf/lib/m5208\libstdc++.a(eh_exception.o)
                0x0203f7b8                std::bad_exception::~bad_exception()
 .text.__cxa_get_exception_ptr
                0x0203f7ce       0x10 c:/nburn/gcc-m68k/bin/../lib/gcc/m68k-elf/4.2.1/../../../../m68k-elf/lib/m5208\libstdc++.a(eh_catch.o)
                0x0203f7ce                __cxa_get_exception_ptr
 .text._ZSt18uncaught_exceptionv
                0x0203f7de       0x1a c:/nburn/gcc-m68k/bin/../lib/gcc/m68k-elf/4.2.1/../../../../m68k-elf/lib/m5208\libstdc++.a(eh_catch.o)
                0x0203f7de                std::uncaught_exception()
 .text.__cxa_end_catch
                0x0203f7f8       0x9a c:/nburn/gcc-m68k/bin/../lib/gcc/m68k-elf/4.2.1/../../../../m68k-elf/lib/m5208\libstdc++.a(eh_catch.o)
                0x0203f7f8                __cxa_end_catch
 .text.__cxa_begin_catch
                0x0203f892       0x90 c:/nburn/gcc-m68k/bin/../lib/gcc/m68k-elf/4.2.1/../../../../m68k-elf/lib/m5208\libstdc++.a(eh_catch.o)
                0x0203f892                __cxa_begin_catch
 .text._ZSt13set_terminatePFvvE
                0x0203f922       0x18 c:/nburn/gcc-m68k/bin/../lib/gcc/m68k-elf/4.2.1/../../../../m68k-elf/lib/m5208\libstdc++.a(eh_terminate.o)
                0x0203f922                std::set_terminate(void (*)())
 .text._ZSt14set_unexpectedPFvvE
                0x0203f93a       0x18 c:/nburn/gcc-m68k/bin/../lib/gcc/m68k-elf/4.2.1/../../../../m68k-elf/lib/m5208\libstdc++.a(eh_terminate.o)
                0x0203f93a                std::set_unexpected(void (*)())
 .text._ZN10__cxxabiv111__terminateEPFvvE
                0x0203f952       0x32 c:/nburn/gcc-m68k/bin/../lib/gcc/m68k-elf/4.2.1/../../../../m68k-elf/lib/m5208\libstdc++.a(eh_terminate.o)
                0x0203f952                __cxxabiv1::__terminate(void (*)())
 .text._ZSt9terminatev
                0x0203f984       0x10 c:/nburn/gcc-m68k/bin/../lib/gcc/m68k-elf/4.2.1/../../../../m68k-elf/lib/m5208\libstdc++.a(eh_terminate.o)
                0x0203f984                std::terminate()
 .text._ZN10__cxxabiv112__unexpectedEPFvvE
                0x0203f994       0x10 c:/nburn/gcc-m68k/bin/../lib/gcc/m68k-elf/4.2.1/../../../../m68k-elf/lib/m5208\libstdc++.a(eh_terminate.o)
                0x0203f994                __cxxabiv1::__unexpected(void (*)())
 .text._ZSt10unexpectedv
                0x0203f9a4       0x10 c:/nburn/gcc-m68k/bin/../lib/gcc/m68k-elf/4.2.1/../../../../m68k-elf/lib/m5208\libstdc++.a(eh_terminate.o)
                0x0203f9a4                std::unexpected()
 .text.__cxa_call_terminate
                0x0203f9b4       0x42 c:/nburn/gcc-m68k/bin/../lib/gcc/m68k-elf/4.2.1/../../../../m68k-elf/lib/m5208\libstdc++.a(eh_call.o)
                0x0203f9b4                __cxa_call_terminate
 .text._ZNK10__cxxabiv117__class_type_info11__do_upcastEPKS0_PPv
                0x0203f9f6       0x68 c:/nburn/gcc-m68k/bin/../lib/gcc/m68k-elf/4.2.1/../../../../m68k-elf/lib/m5208\libstdc++.a(class_type_info.o)
                0x0203f9f6                __cxxabiv1::__class_type_info::__do_upcast(__cxxabiv1::__class_type_info const*, void**) const
 .text._ZNK10__cxxabiv117__class_type_info20__do_find_public_srcElPKvPKS0_S2_
                0x0203fa5e       0x1a c:/nburn/gcc-m68k/bin/../lib/gcc/m68k-elf/4.2.1/../../../../m68k-elf/lib/m5208\libstdc++.a(class_type_info.o)
                0x0203fa5e                __cxxabiv1::__class_type_info::__do_find_public_src(long, void const*, __cxxabiv1::__class_type_info const*, void const*) const
 .text._ZN10__cxxabiv117__class_type_infoD0Ev
                0x0203fa78       0x2a c:/nburn/gcc-m68k/bin/../lib/gcc/m68k-elf/4.2.1/../../../../m68k-elf/lib/m5208\libstdc++.a(class_type_info.o)