Archive member included because of file (symbol)

C:\nburn\lib\DBMOD5234.a(bsp.od)
                              c:/nburn/gcc-m68k/bin/../lib/gcc/m68k-elf/4.2.1/../../../../m68k-elf/lib/m5208\nb-crt0.o (atexit)
C:\nburn\lib\DBNetBurner.a(ucosmcfa.od)
                              C:\nburn\lib\DBMOD5234.a(bsp.od) (OSCtxSw)
C:\nburn\lib\DBNetBurner.a(ucos.od)
                              C:\nburn\lib\DBNetBurner.a(ucosmcfa.od) (OSTCBCur)
C:\nburn\lib\DBNetBurner.a(ucosmain.od)
                              C:\nburn\lib\DBNetBurner.a(ucos.od) (OSTCBTbl)
C:\nburn\lib\DBNetBurner.a(fileio.od)
                              C:\nburn\lib\DBNetBurner.a(ucosmain.od) (ioctl)
C:\nburn\lib\DBNetBurner.a(main.od)
                              c:/nburn/gcc-m68k/bin/../lib/gcc/m68k-elf/4.2.1/../../../../m68k-elf/lib/m5208\nb-crt0.o (main)
C:\nburn\lib\DBNetBurner.a(ip.od)
                              lab4.od (InitializeStack(unsigned long, unsigned long, unsigned long, unsigned long))
C:\nburn\lib\DBNetBurner.a(buffers.od)
                              C:\nburn\lib\DBNetBurner.a(ip.od) (ChangeOwnerX)
C:\nburn\lib\DBNetBurner.a(arp.od)
                              C:\nburn\lib\DBNetBurner.a(ip.od) (wArpLifetime)
C:\nburn\lib\DBNetBurner.a(udp.od)
                              C:\nburn\lib\DBNetBurner.a(ip.od) (process_udp(pool_buffer*, IPPKT*, unsigned short))
C:\nburn\lib\DBNetBurner.a(tcp.od)
                              C:\nburn\lib\DBNetBurner.a(ip.od) (DumpTcpPacket(IPPKT*))
C:\nburn\lib\DBNetBurner.a(http.od)
                              lab4.od (StartHTTP)
C:\nburn\lib\DBNetBurner.a(httpinternal.od)
                              formcode.od (SetNewPostHandler)
C:\nburn\lib\DBNetBurner.a(htmldecomp.od)
                              C:\nburn\lib\DBNetBurner.a(httpinternal.od) (SendHeaderResponse(char*, int))
C:\nburn\lib\DBNetBurner.a(iosys.od)
                              C:\nburn\lib\DBNetBurner.a(tcp.od) (FD_SET)
C:\nburn\lib\DBNetBurner.a(netinterface.od)
                              C:\nburn\lib\DBNetBurner.a(arp.od) (GetFirstInterface())
C:\nburn\lib\DBNetBurner.a(taskmon.od)
                              lab4.od (EnableTaskMonitor())
C:\nburn\lib\DBNetBurner.a(autoupdate.od)
                              lab4.od (EnableAutoUpdate)
C:\nburn\lib\DBNetBurner.a(device.od)
                              C:\nburn\lib\DBNetBurner.a(main.od) (DeviceInitializeSem)
C:\nburn\lib\DBNetBurner.a(ucosmcfc.od)
                              C:\nburn\lib\DBNetBurner.a(ucos.od) (OSTaskCreatewName)
C:\nburn\lib\DBNetBurner.a(system.od)
                              C:\nburn\lib\DBNetBurner.a(udp.od) (isvalidcr)
C:\nburn\lib\DBNetBurner.a(utils.od)
                              C:\nburn\lib\DBNetBurner.a(system.od) (AsciiToIp)
C:\nburn\lib\DBMOD5234.a(serial.od)
                              C:\nburn\lib\DBNetBurner.a(fileio.od) (SerialClose)
C:\nburn\lib\DBMOD5234.a(ethernet.od)
                              C:\nburn\lib\DBNetBurner.a(netinterface.od) (AddEthernetInterface())
C:\nburn\lib\DBMOD5234.a(etherprint.od)
                              C:\nburn\lib\DBNetBurner.a(netinterface.od) (EtherInit())
C:\nburn\lib\DBMOD5234.a(emulticast.od)
                              C:\nburn\lib\DBMOD5234.a(ethernet.od) (EthEnableMulticast(MACADR))
C:\nburn\lib\DBMOD5234.a(ioboard.od)
                              C:\nburn\lib\DBNetBurner.a(ucos.od) (putleds)
C:\nburn\lib\DBMOD5234.a(ETPUinit.od)
                              C:\nburn\lib\DBMOD5234.a(ioboard.od) (eTPUInit)
C:\nburn\lib\DBMOD5234.a(ETPU.od)
                              C:\nburn\lib\DBMOD5234.a(ETPUinit.od) (eTPURecordInit())
C:\nburn\lib\DBMOD5234.a(etpu_gpio.od)
                              C:\nburn\lib\DBMOD5234.a(ETPU.od) (fs_etpu_gpio_init)
C:\nburn\lib\DBMOD5234.a(etpu_uart.od)
                              C:\nburn\lib\DBMOD5234.a(ETPU.od) (fs_etpu_uart_init)
C:\nburn\lib\DBMOD5234.a(etpu_util.od)
                              C:\nburn\lib\DBMOD5234.a(ETPUinit.od) (fs_etpu_init)
C:\nburn\lib\DBMOD5234.a(pins.od)
                              C:\nburn\lib\DBMOD5234.a(ioboard.od) (PinIO::read())
C:\nburn\lib\DBNetBurner.a(extraio.od)
                              C:\nburn\lib\DBMOD5234.a(serial.od) (GetExtraFD)
c:/nburn/gcc-m68k/bin/../lib/gcc/m68k-elf/4.2.1/../../../../m68k-elf/lib/m5208\libstdc++.a(del_op.o)
                              formdata.od (operator delete(void*))
c:/nburn/gcc-m68k/bin/../lib/gcc/m68k-elf/4.2.1/../../../../m68k-elf/lib/m5208\libstdc++.a(eh_personality.o)
                              C:\nburn\lib\DBMOD5234.a(ethernet.od) (__gxx_personality_v0)
c:/nburn/gcc-m68k/bin/../lib/gcc/m68k-elf/4.2.1/../../../../m68k-elf/lib/m5208\libstdc++.a(eh_alloc.o)
                              c:/nburn/gcc-m68k/bin/../lib/gcc/m68k-elf/4.2.1/../../../../m68k-elf/lib/m5208\libstdc++.a(eh_personality.o) (__cxa_allocate_exception)
c:/nburn/gcc-m68k/bin/../lib/gcc/m68k-elf/4.2.1/../../../../m68k-elf/lib/m5208\libstdc++.a(eh_throw.o)
[...]
Memory Configuration

Name             Origin             Length             Attributes
ram              0x02000000         0x00800000         xrw
SRAM             0x20000400         0x0000fc00         xrw
*default*        0x00000000         0xffffffff

Linker script and memory map

LOAD c:/nburn/gcc-m68k/bin/../lib/gcc/m68k-elf/4.2.1/../../../../m68k-elf/lib/m5208\nb-crt0.o
LOAD c:/nburn/gcc-m68k/bin/../lib/gcc/m68k-elf/4.2.1/m5208/crtbegin.o
LOAD lab4.od
LOAD formdata.od
LOAD formcode.od
LOAD error_wrapper.od
LOAD htmldata.od
LOAD C:\nburn\MOD5234\lib\sys.ld
                0x20000000                vector_base = 0x20000000
                0x20010000                SRAM_END_ADDR = 0x20010000
                0x40000000                sim = 0x40000000
                0xffc04000                gConfigRec = 0xffc04000
                0xffc06000                UserParamBase = 0xffc06000
                0xffc00008                _RESET_ADDR = 0xffc00008
                0xffc08000                FlashAppBase = 0xffc08000
START GROUP
LOAD C:\nburn\lib\DBMOD5234.a
LOAD C:\nburn\lib\DBNetBurner.a
LOAD C:\nburn\lib\FatFile.a
LOAD C:\nburn\lib\DBrtl8711Library.a
LOAD C:\nburn\lib\DBdebugLibrary.a
END GROUP
LOAD c:/nburn/gcc-m68k/bin/../lib/gcc/m68k-elf/4.2.1/../../../../m68k-elf/lib/m5208\libstdc++.a
LOAD c:/nburn/gcc-m68k/bin/../lib/gcc/m68k-elf/4.2.1/../../../../m68k-elf/lib/m5208\libm.a
LOAD c:/nburn/gcc-m68k/bin/../lib/gcc/m68k-elf/4.2.1/m5208\libgcc.a
LOAD c:/nburn/gcc-m68k/bin/../lib/gcc/m68k-elf/4.2.1/../../../../m68k-elf/lib/m5208\libc.a
LOAD c:/nburn/gcc-m68k/bin/../lib/gcc/m68k-elf/4.2.1/m5208\libgcc.a
LOAD c:/nburn/gcc-m68k/bin/../lib/gcc/m68k-elf/4.2.1/m5208/crtend.o
START GROUP
LOAD c:/nburn/gcc-m68k/bin/../lib/gcc/m68k-elf/4.2.1/../../../../m68k-elf/lib/m5208\libc.a
LOAD c:/nburn/gcc-m68k/bin/../lib/gcc/m68k-elf/4.2.1/m5208\libgcc.a
LOAD c:/nburn/gcc-m68k/bin/../lib/gcc/m68k-elf/4.2.1/../../../../m68k-elf/lib/m5208\libm.a
END GROUP
                0x00000000                __DYNAMIC = 0x0
                0x02800000                PROVIDE (__stack, 0x2800000)
                0x00000000                PROVIDE (hardware_init_hook, 0x0)
                0x00000000                PROVIDE (_hardware_init_hook, 0x0)
                0x00000000                PROVIDE (software_init_hook, 0x0)
                0x00000000                PROVIDE (_software_init_hook, 0x0)

.SRAM_SECT      0x20000400        0x0
                0x20000400                SRAM_START = .
 *(SYS_VAR_SECT)
                0x20000400                SYS_VAR_SECT_END = .
                0x20000400                . = ALIGN (0x10)
 *(IDLE_STK_SECT)
                0x20000400                IDLE_STK_SECT_END = .
                0x20000400                . = ALIGN (0x10)
 *(MAIN_STK_SECT)
                0x20000400                MAIN_STK_SECT_END = .
                0x20000400                . = ALIGN (0x4)
 *(ETHER_VAR_SECT)
                0x20000400                ETHER_VAR_SECT_END = .
                0x20000400                . = ALIGN (0x10)
 *(ETHER_STK_SECT)
                0x20000400                ETHER_STK_SECT_END = .
                0x20000400                . = ALIGN (0x4)
 *(IP_VAR_SECT)
                0x20000400                IP_VAR_SECT_END = .
                0x20000400                . = ALIGN (0x10)
 *(IP_STK_SECT)
                0x20000400                IP_STK_SECT_END = .
                0x20000400                . = ALIGN (0x4)
 *(TCP_VAR_SECT)
                0x20000400                TCP_VAR_SECT_END = .
                0x20000400                . = ALIGN (0x10)
 *(TCP_STK_SECT)
                0x20000400                TCP_STK_SECT_END = .
                0x20000400                . = ALIGN (0x10)
 *(HTTP_STK_SECT)
                0x20000400                HTTP_STK_SECT_END = .
                0x20000400                . = ALIGN (0x10)
 *(FTP_STK_SECT)
                0x20000400                FTP_STK_SECT_END = .
                0x20000400                . = ALIGN (0x10)
 *(WIFI_STK_SECT)
                0x20000400                WIFI_STK_SECT_END = .
                0x20000400                . = ALIGN (0x10)
 *(PPP_STK_SECT)
                0x20000400                PPP_STK_SECT_END = .
                0x20000400                . = ALIGN (0x10)
 *(COMMAND_STK_SECT)
                0x20000400                COMMAND_STK_SECT_END = .
                0x20000400                . = ALIGN (0x4)
 *(USER_VAR_SECT)
                0x20000400                USER_VAR_SECT_END = .
                0x20000400                . = ALIGN (0x10)
 *(USER_STK_SECT)
                0x20000400                USER_STK_SECT_END = .
                0x20000400                BUFFERS_SECT_START = .
                0x20000400                . = ALIGN (0x10)
 *(BUFFERS_VAR_SECT)
                0x20000400                . = ALIGN (0x10)
                0x20000400                BUFFERS_VAR_SECT_END = .
                0x20000400                . = ALIGN (0x10)
                0x20000400                SRAM_END = .

.text           0x02000000    0x464b0
 *(.text)
 .text          0x02000000       0xaa c:/nburn/gcc-m68k/bin/../lib/gcc/m68k-elf/4.2.1/../../../../m68k-elf/lib/m5208\nb-crt0.o
                0x02000000                start
 *fill*         0x020000aa        0x2 00
 .text          0x020000ac       0x9c c:/nburn/gcc-m68k/bin/../lib/gcc/m68k-elf/4.2.1/m5208/crtbegin.o
 .text          0x02000148      0x220 lab4.od
                0x0200026c                ValidateMinRPMImage
                0x0200022c                ValidateMaxRPMImage
                0x02000318                UserMain
                0x020001ec                ValidateRotationImage
                0x020002ac                DisplayLameCounter
                0x020001ac                ValidateDirectionImage
 .text          0x02000368      0x57c formdata.od
                0x020007bc                FormData::~FormData()
                0x020006dc                FormData::SetMaxRPM(char*)
                0x020003b4                FormData::GetDirection()
                0x0200045c                FormData::IsRotationsValid()
                0x020003cc                FormData::GetMode()
                0x0200042c                FormData::IsMinRPMValid()
                0x0200056c                FormData::SetRotations(char*)
                0x0200048c                FormData::SetDirection(char*)
                0x020007e4                FormData::~FormData()
                0x020003e4                FormData::Init(unsigned char)
                0x02000794                FormData::~FormData()
                0x02000394                FormData::GetSteps()
                0x02000388                FormData::SetSteps(char*)
                0x02000474                FormData::IsDirectionValid()
                0x0200080c                FormData::FormData()
                0x02000624                FormData::SetMinRPM(char*)
                0x02000378                FormData::GetMinRPM()
                0x02000368                FormData::GetMaxRPM()
                0x020003a4                FormData::GetRotations()
                0x02000444                FormData::IsMaxRPMValid()
                0x02000878                FormData::FormData()
 .text          0x020008e4      0x1ae formcode.od
                0x020008f8                CheckExtractResult(char*, int, char*, char*, char*)
                0x020008e4                RegisterPost()
                0x02000958                MyDoPost(int, char*, char*, char*)
 *fill*         0x02000a92        0x2 00
 .text          0x02000a94      0x22a error_wrapper.od
                0x02000a94                display_error(char const*, unsigned char)
 *fill*         0x02000cbe        0x2 00
 .text          0x02000cc0       0x66 htmldata.od
                0x02000d14                DoHtmlVariable(int, unsigned short)
                0x02000cc0                DoHtmlFunction(int, char const*, unsigned short)
 *fill*         0x02000d26        0x2 00
 .text          0x02000d28      0x80a C:\nburn\lib\DBMOD5234.a(bsp.od)
                0x02001320                _sbrk_r
                0x02000ec0                HardwareSetup
                0x020012b0                DisableCache
                0x020014e0                spaceleft
                0x020013a4                LocalInByte
                0x02001050                ForceReboot
                0x02001110                FlashProgram
                0x02000d2c                Tick5234
                0x0200151c                BspGetTickFraction
                0x02000d28                xTick
                0x0200106c                FlashErase
                0x020013fc                LocalOutByte
                0x02001398                atexit
                0x02000f84                GetPreciseTime
                0x020012d4                EnableCache
                0x02000d44                SetIntc
                0x020014ac                LocalCharAvail
 *fill*         0x02001532        0xe 00
 .text          0x02001540      0x44a C:\nburn\lib\DBNetBurner.a(ucosmcfa.od)
                0x02001620                OSDebugTraceHalt
                0x02001540                OSStartHighRdy
                0x02001630                TrapOutByte
                0x02001660                memcpy
                0x02001660                fmemcpy
                0x02001560                OSCtxSw
                0x02001650                TrapCharAvail
                0x02001590                OSIntCtxSw
                0x02001640                TrapInByte
                0x020015c0                OSTickISR
                0x02001730                memcpysum
                0x02001600                OSSetupVBR
                0x02001960                GetSR_IntLevel
                0x020018c0                memset
                0x020018c0                fmemset
                0x02001970                SetSR_IntLevel
 *fill*         0x0200198a        0x2 00
 .text          0x0200198c     0x29ba C:\nburn\lib\DBNetBurner.a(ucos.od)
                0x02004060                OSCritEnterNoWait
                0x02001c6a                UCOSWAITS_HERE
                0x02003bc0                OSFifoPostFirst
                0x02004104                OSCritLeave
                0x02003d98                getpid
                0x02002078                OSLock
                0x02003478                OSQPostFirst
                0x02004304                OSTaskID
                0x020031ac                OSQPendNoWait
                0x02004320                OSSetName
                0x02001cf4                OSIntExit
                0x020026e8                OSSemPendNoWait
                0x0200229c                OSTaskDelete
                0x020020a0                OSUnlock
                0x02003db4                OSCritInit
                0x02003240                OSQPost
                0x02003e28                OSCritEnter
                0x02003740                OSFifoPend
                0x020024a4                OSSemPend
                0x02002954                OSMboxInit
                0x02002c58                OSMboxPost
                0x020036bc                OSFifoInit
                0x02002ef0                OSQPend
                0x02001bc4                OSSched
                0x02001db0                OSTimeDly
                0x02002750                OSSemPost
                0x020020d4                OSChangePrio
                0x0200203c                OSTCBGetFree
                0x02001ccc                OSIntEnterWAS
                0x02002c08                OSMboxPendNoWait
                0x020039e0                OSFifoPost
                0x02002408                OSSemInit
                0x02001b30                OSStart
                0x02001ecc                OSTimeTick
                0x02002e30                OSQInit
                0x02004334                OSTaskName
                0x02003974                OSFifoPendNoWait
                0x020029d0                OSMboxPend
                0x0200198c                OSInit
                0x02001e9c                OSChangeTaskDly
 *fill*         0x02004346        0x2 00
 .text          0x02004348      0x19a C:\nburn\lib\DBNetBurner.a(ucosmain.od)
                0x020043a0                __malloc_unlock
                0x0200440c                UCosBegin
                0x020043c4                balloc_lock
                0x02004348                UCosSetup
                0x020043e8                balloc_unlock
                0x0200437c                __malloc_lock
 *fill*         0x020044e2        0x2 00
 .text          0x020044e4      0x978 C:\nburn\lib\DBNetBurner.a(fileio.od)
                0x020044e4                ioctl
                0x02004894                isatty
                0x02004df8                CurrentStdioFD
                0x02004bf4                lseek
                0x02004d10                ReplaceStdio
                0x020046e8                write
                0x02004c0c                fstat
                0x02004640                rawwrite
                0x02004c2c                stdioinbyte
                0x020048b4                read
                0x02004e3c                outbyte
                0x02004628                open
                0x02004cc8                charavail
                0x02004e30                fcntl
                0x020045b0                close
 .text          0x02004e5c       0x8a C:\nburn\lib\DBNetBurner.a(main.od)
                0x02004e94                main
                0x02004e5c                __do_global_ctors
 *fill*         0x02004ee6        0x2 00
 .text          0x02004ee8     0x1db4 C:\nburn\lib\DBNetBurner.a(ip.od)
                0x02005910                FixUpICMP(IPPKT*, unsigned char, unsigned char, unsigned char*, unsigned short)
                0x02004ee8                IsMultiCast(unsigned long)
                0x02006698                FixHeaderAndSend(pool_buffer*, IPPKT*)
                0x02005d10                DoIPPacket(pool_buffer*, EFRAME*, unsigned short)
                0x02004ff0                GetSum20
                0x02006aa4                PingViaInterface
                0x02005c64                SaveError(pool_buffer*)
                0x020061d0                process_icmp(pool_buffer*, IPPKT*, unsigned short)
                0x020052a8                IpProcessEthernetPacket
                0x02005f9c                FixHeaderAndSendViaInterface(pool_buffer*, IPPKT*, int)
                0x02005564                ShowIPBuffer(pool_buffer*)
                0x020068dc                SendICMPError(pool_buffer*, unsigned char, unsigned char)
                0x02005af4                InitializeStack(unsigned long, unsigned long, unsigned long, unsigned long)
                0x020051b4                GetData(IPPKT*)
                0x02005c40                InitializeCStack
                0x02006c4c                Ping
                0x02004f58                GetSum
                0x02005cd4                IsMyIp
                0x02005a50                IsBroadCast(unsigned long, int)
                0x020059c8                KillStack
                0x02005218                PrepareIPOutput(pool_buffer*, unsigned long, unsigned short)
                0x02004f18                GetMultiAddress(unsigned long)
                0x0200698c                SendPing
                0x02005090                GetSumHdr
                0x020059d8                IsLocal(unsigned long, int)
                0x020063e4                IPTask(void*)
 .text          0x02006c9c     0x183c C:\nburn\lib\DBNetBurner.a(buffers.od)
                0x02007350                fifo_buffer_storage::Full()
                0x02007fa8                ShowBuffer
                0x02007414                fifo_buffer_storage::Reset(unsigned char)
                0x02006e0c                InitBuffers
                0x02006cc0                ChangeOwnerX
                0x02006f34                buffer_list::InsertBefore(pool_buffer*, pool_buffer*)
                0x020076ac                fifo_buffer_storage::fifo_buffer_storage(unsigned char, unsigned char)
                0x02007324                fifo_buffer_storage::Empty()
                0x02007b94                fifo_buffer_storage::ReadDatawSum(unsigned char*, int, unsigned long&)
                0x02007308                fifo_buffer_storage::SpaceUsed()
                0x02006d04                buffer_list::InsertHead(pool_buffer*)
                0x02006ce4                GetFreeCount
                0x02006c9c                IncUsageCount
                0x02007674                fifo_buffer_storage::fifo_buffer_storage(unsigned char, unsigned char)
                0x02006e98                buffer_list::InsertTail(pool_buffer*)
                0x02008118                ShowBuffers
                0x020074cc                fifo_buffer_storage::~fifo_buffer_storage()
                0x020074e0                fifo_buffer_storage::SetMaxBuffers(unsigned char)
                0x02007e10                fifo_buffer_storage::ReadData(unsigned char*, int)
                0x02007608                fifo_buffer_storage::Init(unsigned char, unsigned char)
                0x020082ac                DumpBuffers()
                0x0200719c                buffer_list::RemoveHead()
                0x020076e4                GetBufferX
                0x020070a4                buffer_list::Remove(pool_buffer*)
                0x02007258                buffer_list::RemoveTail()
                0x02007520                fifo_buffer_storage::LongSpaceAvail()
                0x02007754                fifo_buffer_storage::WriteData(unsigned char*, int)
                0x02006da8                FreeBufferX
                0x02006fec                buffer_list::InsertAfter(pool_buffer*, pool_buffer*)
                0x020075c4                fifo_buffer_storage::SpaceAvail()
                0x020074b8                fifo_buffer_storage::~fifo_buffer_storage()
 .text          0x020084d8     0x2058 C:\nburn\lib\DBNetBurner.a(arp.od)
                0x020093b4                FindAddArp(unsigned long)
                0x02008660                sendGratuitousArp(int)
                0x02008520                MacEqual(MACADR, MACADR)
                0x02009028                InitializeArp()
                0x02009140                FindArp(unsigned long)
                0x02009d04                SendArp(ArpRecord*, int)
                0x0200a4d0                GetInterface(unsigned long)
                0x02009910                AddCheckArp(MACADR*, unsigned long, int)
                0x02008584                SetMac(ArpRecord*, MACADR, int)
                0x02009330                DeleteArpFromIp(unsigned long)
                0x020092b8                GetArpMacFromIp(unsigned long, MACADR&)
                0x02009d50                RouteOutVia(EFRAME*, unsigned long, pool_buffer*, int)
                0x02009bfc                GetProperInterface(unsigned long)
                0x02008f84                FreeOneArp()
                0x020099a0                processArp(pool_buffer*, EFRAME*)
                0x02008618                NeedsArp(int)
                0x0200890c                GetNextArp(ArpRecord*)
                0x0200879c                RawSendArp(ArpRecord*, unsigned long, int)
                0x02008e20                AgeArp()
                0x0200a02c                RouteOut(EFRAME*, unsigned long, pool_buffer*)
                0x02008a08                ShowArp()
                0x02008bc0                DeleteArp(ArpRecord*)
                0x020089a4                GetFirstArp()
                0x0200a3a0                GetSrcIp
                0x0200973c                IsMyAddressUsedArpDetect(unsigned short, int)
                0x02008518                Cleanup()
                0x020084d8                IsNull(ArpRecord*)
                0x02008ad4                fShowArp(__sFILE*)
                0x02009358                AddPending(MACADR*, unsigned long, int)
 .text          0x0200a530     0x1b02 C:\nburn\lib\DBNetBurner.a(udp.od)
                0x0200afe8                UDPPacket::Send(unsigned long, unsigned char)
                0x0200a670                UDPPacket::SetDestinationPort(unsigned short)
                0x0200a79c                UDPPacket::GetPacketId()
                0x0200a80c                UDPPacket::GetSourceAddress()
                0x0200bfdc                UDPPacket::UDPPacket()
                0x0200ad40                UDPPacket::AddDataByte(unsigned char)
                0x0200b138                UDPPacket::SendAndKeep(unsigned long, unsigned char)
                0x0200ac60                UDPPacket::AddData(unsigned char*, unsigned short)
                0x0200a840                RegisterUDPFifo(unsigned short, os_fifo*)
                0x0200ad98                UDPPacket::AddData(char const*)
                0x0200a5cc                UDPPacket::UDPPacket(pool_buffer*)
                0x0200ae90                UDPPacket::SendViaInterface(unsigned long, int, unsigned char)
                0x0200a784                UDPPacket::GetIpPacket()
                0x0200b1e4                UDPPacket::~UDPPacket()
                0x0200a530                GetUdpFifoRec(unsigned short)
                0x0200a6d4                UDPPacket::GetDataBuffer()
                0x0200a97c                RegisterUDPFifoWithNotify(unsigned short, os_fifo*, void (*)(os_fifo*, unsigned short))
                0x0200a5f0                UDPPacket::UDPPacket(pool_buffer*)
                0x0200a734                UDPPacket::GetDataSize() const
                0x0200b32c                ProcessIDPacket(UDPPacket&, int)
                0x0200ad68                UDPPacket::AddDataWord(unsigned short)
                0x0200bc08                process_udp(pool_buffer*, IPPKT*, unsigned short)
                0x0200adcc                UDPPacket::Validate()
                0x0200a69c                UDPPacket::GetDestinationPort() const
                0x0200aabc                UnregisterUDPFifo(unsigned short)
                0x0200b224                UDPPacket::UDPPacket(os_fifo*, unsigned long)
                0x0200a704                UDPPacket::SetDataSize(unsigned short)
                0x0200a770                UDPPacket::ResetData()
                0x0200b1a4                UDPPacket::~UDPPacket()
                0x0200b27c                UDPPacket::UDPPacket(os_fifo*, unsigned long)
                0x0200a614                UDPPacket::SetSourcePort(unsigned short)
                0x0200a63c                UDPPacket::GetSourcePort() const
                0x0200abbc                FixIDDataPacket(UDPPacket&, int)
                0x0200b2d4                UDPPacket::UDPPacket()
                0x0200a7dc                UDPPacket::GetDestinationAddress()
 *fill*         0x0200c032        0x2 00
 .text          0x0200c034     0x9b0a C:\nburn\lib\DBNetBurner.a(tcp.od)
                0x02014bc0                SendTcpRst(IPPKT*)
                0x0200c790                GetTcpState(int)
                0x0200c7e8                GetTcpDState
                0x020105dc                InitTCP()
                0x0200f600                DBSHOWDATA(int, char const*, long)
                0x020140c8                _Socket_Private_read
                0x0200c72c                ShortSocketList::ShortSocketList()
                0x0200c838                SetOutOfOrderbuffers(int, unsigned char)
                0x0200c3bc                GetSocketRemotePort(int)
                0x0200fe7c                socket_struct::MyAdvertisedWindow()
                0x0200f45c                SetSocketTxBuffers(int, int)
                0x0200c574                setsockoption(int, int)
                0x02010b70                TcpSend(socket_struct*, unsigned long, pool_buffer*, unsigned short, unsigned char)
                0x02013a18                TCPTimerTask(void*)
                0x02015988                process_tcp(pool_buffer*, IPPKT*, unsigned short)
                0x0200f280                socket_struct::ProcessRST()
                0x0200c8a8                TcpGetLastRxTime(int)
                0x020133ac                abortsocket
                0x02012d7c                socket_struct::ProcessDataSegment(TCPPKT*, unsigned short, unsigned char*, pool_buffer*&)
                0x0200cd58                HashSocketList::RemoveSocket(socket_struct*) const
                0x02012060                _Socket_Private_write
                0x0200c5d8                getsockoption(int)
                0x02011c30                socket_struct::ProcessAck(TCPPKT*)
                0x0200d210                RawDumpTcpDebug(socket_struct*)
                0x0200f73c                socket_struct::SaveData(unsigned char*, unsigned short, unsigned char)
                0x0200e124                ShowTCPStates()
                0x0200ccc8                GetTcpRtxCount(int)
                0x0200c1f0                fixoverlap(unsigned long, unsigned long, unsigned long&, unsigned long&)
                0x0200ebbc                socket_struct::SetTimer(unsigned long)
                0x02014b84                connect(unsigned long, unsigned short, unsigned short, unsigned long)
                0x0200c6a4                HashSocketList::HashSocketList()
                0x0200e650                GetTcpSocket(TCPPKT*, unsigned long)
                0x0200cbac                TcpGetRxBufferSpaceUsed(int)
                0x02010ee4                socket_struct::DoRawSend()
                0x0200d790                ShowFdTcpSocket(int)
                0x0200eb2c                socket_struct::ClearPending(int)
                0x0200f5a0                DBSHOWDATA(int, char const*, unsigned long)
                0x0200dc08                ShortSocketList::findsocket(unsigned short, unsigned short, unsigned long) const
                0x0201454c                connect(unsigned long, unsigned short, unsigned short, unsigned long, unsigned long)
                0x02012cb4                TcpSendKeepAlive(int)
                0x0200f660                DBSHOWDATA(int, char const*, int)
                0x0200c320                getsocketerror(int)
                0x0200c680                EnableTcpDebug(unsigned short)
                0x02013880                socket_struct::ProcessTimer()
                0x0200ec4c                socket_struct::SetUpNextRetransmit()
                0x0200c69c                HashSocketList::HashSocketList()
                0x02013c90                SockReadWithTimeout
                0x0200cc10                GetFreeSocketCount()
                0x02013184                socket_struct::ProcessFIN(TCPPKT*, unsigned short)
                0x020107a8                FixHeaderAndSendTcp(pool_buffer*, IPPKT*, socket_struct*)
                0x0200c628                setsocketackbuffers(int, unsigned char)
                0x0200c53c                socket_struct::CleanUpDeletedListener()
                0x0200c180                FindListenSocket(unsigned short, unsigned long)
                0x020108f4                TcpSendwSum(socket_struct*, unsigned long, pool_buffer*, unsigned short, unsigned char, unsigned long)
                0x0200ed68                socket_struct::DoCleanup()
                0x0200e744                DumpTcpPacket(TCPPKT*, unsigned short)
                0x0200f8a4                socket_struct::TestOutofOrder()
                0x0200c950                TcpGetLastRxInterval(int)
                0x0200c034                GetFirstSeq()
                0x0200d12c                FREESOCKET(socket_struct*)
                0x0200f0e8                ShortSocketList::AddSocket(socket_struct*)
                0x02011a04                socket_struct::DoRetransmit(unsigned char)
                0x0200c73c                ShortSocketList::Init()
                0x0200dd4c                ShortSocketList::processTick()
                0x020124d0                _Socket_Private_close
                0x020140e8                accept(int, unsigned long*, unsigned short*, unsigned short)
                0x0200c734                ShortSocketList::ShortSocketList()
                0x0200f4c8                SetSocketRxBuffers(int, int)
                0x020136f4                listen(unsigned long, unsigned short, unsigned char)
                0x0200c6ac                HashSocketList::Init() const
                0x0200ded4                ShortSocketList::GetFreeShort()
                0x0200c370                GetSocketRemoteAddr(int)
                0x0200e4d8                HashSocketList::findsocket(unsigned short, unsigned short, unsigned long) const
                0x0200cb28                WaitForSocketFlush(int, unsigned long)
                0x0200eaec                DumpTcpPacket(IPPKT*)
                0x0200f350                RemoveFromUserCloseList(socket_struct*)
                0x0200c06c                ValidateTCP(IPPKT*, unsigned short)
                0x02010c14                ShortSocketList::process(pool_buffer*, TCPPKT*, unsigned long) const
                0x0200d0f0                socket_struct::SetState(int)
                0x0200fc98                socket_struct::processoptions(pool_buffer*, TCPPKT*, IPPKT*)
                0x020115bc                socket_struct::DoClose(int)
                0x02013558                GetFreeSocket()
                0x0200c410                GetSocketLocalPort(int)
                0x0200ff4c                ShowTcpSocket(socket_struct*)
                0x0200f534                DBSHOWDATA(int, char const*, unsigned short)
                0x0200e3b8                HashSocketList::AddSocket(socket_struct*) const
                0x0200c6d8                ShortSocketList::FreeShort(ShortSocket*) const
                0x0200c464                socket_struct::CalcRTO(unsigned long)
                0x02013c10                socket_struct::OpenWindow()
                0x020158dc                SendTcpSynRst(IPPKT*)
                0x0200caa0                TcpAllDataAcked(int)
                0x020114f0                clrsockoption(int, int)
                0x0200c8fc                TcpGetSocketState(int)
                0x0200d780                DumpTcpDebug()
                0x0200f6c0                GetSocketLocalAddr(int)
                0x02010570                DBSHOWDATA(int, char const*, unsigned char)
                0x02014cb4                socket_struct::process(pool_buffer*, TCPPKT*)
                0x0200c7f8                RegisterTCPReadNotify
                0x0200ce40                DebugTraceFunc(socket_struct*, IPPKT*, TCPPKT*, unsigned short, int)
                0x02012668                socket_struct::SendState(unsigned short, pool_buffer*)
 *fill*         0x02015b3e        0x2 00
 .text          0x02015b40      0x57a C:\nburn\lib\DBNetBurner.a(http.od)
                0x02015b40                StartHTTP
                0x02015ce0                HttpMain(void*)
                0x02015b84                processHttpRequest(char**, char*, char*, int, HTTP_Request&)
 *fill*         0x020160ba        0x2 00
 .text          0x020160bc     0x107e C:\nburn\lib\DBNetBurner.a(httpinternal.od)
                0x02016100                SetNewPostHandler
                0x020169c0                BaseDoGet
                0x02016160                SetNewMultiPartHandler
                0x02016648                SendHTMLHeader
                0x020160c4                append(char*&, char*)
                0x02016180                SetNewMultiPartExtractHandler
                0x02016b84                HTTP_Request::Respond(int)
                0x020167d4                writesafestring
                0x02016938                ShowIPOnFd(int, unsigned long)
                0x02016550                SendGifHeader
                0x0201656c                SendTextHeader
                0x02016588                BaseDoHead
                0x020164c4                NotFoundResponse
                0x020160f4                BaseDoPost
                0x020161a0                SetNewErrorHandler
                0x020161f4                ExtractPostData
                0x02016514                RedirectResponse
                0x02016d38                HTTP_Request::ProcessLine(char*)
                0x02016120                SetNewGetHandler
                0x020160bc                StopHTTP
                0x020161c0                InitHttp()
                0x02016140                SetNewHeadHandler
                0x02016664                writeallsafestring
                0x02016b48                SendHTMLHeaderWCookie
                0x02016458                httpstricmp
 *fill*         0x0201713a        0x2 00
 .text          0x0201713c      0xa36 C:\nburn\lib\DBNetBurner.a(htmldecomp.od)
                0x020171bc                SendHtml(int, char*, int, char const*)
                0x020175b4                SendData(HTML_FILE_RECORD*, int, char const*)
                0x02017694                GetRecordFromName(char*)
                0x0201713c                SendHeader(int, char const*, int)
                0x02017924                SendFullResponse(char*, int)
                0x020176fc                SendFileFragment(char*, int, char const*)
                0x0201719c                SendCompressed(int, char*, int)
                0x0201773c                SendHeaderResponse(char*, int)
                0x02017180                SendXMLHeader(int)
 *fill*         0x02017b72        0x2 00
 .text          0x02017b74      0x8fc C:\nburn\lib\DBNetBurner.a(iosys.od)
                0x02018118                SetDataAvail
                0x02017ed4                writeall
                0x02017fac                RawCheckSelects()
                0x020180b8                SetHaveError
                0x0201815c                RemoveSelect(PendingSelect*)
                0x020180d4                SetWriteAvail
                0x02017d48                ZeroWaitSelect
                0x020181f0                AddSelect(PendingSelect*)
                0x02017c64                FD_ISSET
                0x02017f94                ClrDataAvail
                0x0201826c                select
                0x02017f7c                ClrWriteAvail
                0x0201804c                CheckSelects()
                0x02017e60                writestring
                0x02017d04                countbits(fd_set*)
                0x02017be8                FD_OVERLAP(fd_set*, fd_set*)
                0x02017e18                dataavail
                0x02017c48                FD_ZERO
                0x02017bb0                FD_SET
                0x02017f64                ClrHaveError
                0x02017cc8                countdwbits(unsigned long)
                0x02018354                ReadWithTimeout
                0x02017b74                FD_CLR
 .text          0x02018470      0x5ba C:\nburn\lib\DBNetBurner.a(netinterface.od)
                0x020188f4                InitializeNetwork(void (*)(pool_buffer*, EFRAME*, unsigned short), void (*)(pool_buffer*, EFRAME*))
                0x02018538                InterfaceIP(int)
                0x020186c4                GetEframe(pool_buffer*)
                0x0201885c                SaveIfConfig(ConfigRecord*, int)
                0x02018470                GetFirstInterface()
                0x020188a4                GetIfConfig(int)
                0x02018658                InterfaceMAC(int)
                0x020184fc                GetInterFaceBlock(int)
                0x02018580                InterfaceDNS(int)
                0x020185c8                InterfaceMASK(int)
                0x020184b4                GetnextInterface(int)
                0x0201896c                TransmitBuffer(pool_buffer*, int)
                0x02018724                DisableMulticast(MACADR, int)
                0x02018774                RegisterInterface(_InterfaceBlock*)
                0x020186d8                EnableMulticast(MACADR, int)
                0x02018810                Removeinterface(int)
                0x0201876c                StopNetworks()
                0x02018610                InterfaceGate(int)
 *fill*         0x02018a2a        0x2 00
 .text          0x02018a2c      0x6ae C:\nburn\lib\DBNetBurner.a(taskmon.od)
                0x02018ff8                ProcessTaskPacket(UDPPacket&, int)
                0x02018a2c                EnableTaskMonitor()
                0x02018a40                BufferDumpTCBState(os_tcb*)
 *fill*         0x020190da        0x2 00
 .text          0x020190dc      0xa1c C:\nburn\lib\DBNetBurner.a(autoupdate.od)
                0x020199f8                ProcessAutoUpdatePacket(UDPPacket&)
                0x020194d4                DoData(UDPPacket&)
                0x020190dc                EnableAutoUpdate
                0x0201910c                DoReboot()
                0x0201915c                DoExecute(UDPPacket&, int)
                0x02019714                DoStart(UDPPacket&)
 .text          0x02019af8       0x4c C:\nburn\lib\DBNetBurner.a(device.od)
                0x02019b18                DeviceInitializeSem
                0x02019af8                DeviceGetQspiSem()
                0x02019b08                DeviceGetI2cSem()
 .text          0x02019b44      0x42c C:\nburn\lib\DBNetBurner.a(ucosmcfc.od)
                0x02019df0                OSTaskCreate
                0x02019b44                TopOfStackKillfunction
                0x02019b54                OSTaskCreatewName
                0x02019e2c                OSTCBInit
                0x02019b48                KillFunctionLink
 .text          0x02019f70      0x92c C:\nburn\lib\DBNetBurner.a(system.od)
                0x0201a2ec                GetUserParameters
                0x0201a038                UpdateConfigRecord_Num
                0x02019ffc                RawGetConfig
                0x02019f70                isvalidcr
                0x0201a700                SetupDialog
                0x0201a2fc                ReadLine
                0x0201a258                UpdateConfigRecord
                0x0201a5cc                IpQuestion
                0x0201a26c                SaveUserParameters
                0x0201a6a8                ShowChange
 .text          0x0201a89c     0x13f0 C:\nburn\lib\DBNetBurner.a(utils.od)
                0x0201ba10                fShowMac
                0x0201acd4                FancyDump(unsigned char*, int)
                0x0201bae8                ShowCounters
                0x0201ab48                convertHexAsciiToBinary
                0x0201b0b4                ShowData
                0x0201a89c                kill
                0x0201abb4                putbytenum
                0x0201ac60                putnum
                0x0201bb54                fShowCounters
                0x0201b9a4                fShowIP
                0x0201a8ac                _fini
                0x0201ae04                ShowIP
                0x0201a8b8                AsciiToIp
                0x0201bbd4                sShowCounters
                0x0201ba94                DiagMenuPicker(int, unsigned char)
                0x0201aeec                AskTest(char const*, unsigned long)
                0x0201ae6c                ShowMac
                0x0201aa28                convertBinaryToHexAscii
                0x0201afe0                SetLogLevel()
                0x0201b098                __builtin_delete
                0x0201a8a4                _exit
 .text          0x0201bc8c     0x2754 C:\nburn\lib\DBMOD5234.a(serial.od)
                0x0201c2d0                real_SER0_ISR
                0x0201bc8c                WakeTx(int)
                0x0201d314                SerialClose
                0x0201d270                SendBreak
                0x0201d478                OpenSerial
                0x0201cdb4                GetUartErrorReg
                0x0201cf68                fShowSerialData(__sFILE*)
                0x0201c27c                fake_SER0_ISR()
                0x0201c354                fake_SER2_ISR()
                0x0201c2ec                SER1_ISR
                0x0201c3c0                SerialEnableTxFlow
                0x0201c49c                SerialEnableRxFlow
                0x0201bd90                DoSerIsr(int)
                0x0201cb7c                Serial485HalfDupMode
                0x0201c2e8                fake_SER1_ISR()
                0x0201c980                SerialEnableHwRxFlow
                0x0201dd54                serread
                0x0201e1fc                BasePutChar(int, unsigned char)
                0x0201dd74                BaseGetChar(int)
                0x0201c3a8                real_SER2_ISR
                0x0201d9d8                serreadwto
                0x0201e050                serwriteaddress
                0x0201c33c                real_SER1_ISR
                0x0201de88                serwrite
                0x0201d448                serexternalclose
                0x0201c280                SER0_ISR
                0x0201c358                SER2_ISR
                0x0201c630                SerialEnableHwTxFlow
 .text          0x0201e3e0     0x4dbc C:\nburn\lib\DBMOD5234.a(ethernet.od)
                0x020229d4                AddEthernetInterface()
                0x0201e588                StopEnet()
                0x020225d4                ResetEnet()
                0x0201eba4                FillerFunctionName()
                0x02022a9c                SetMII(unsigned char, unsigned short)
                0x0201f7ec                dbip_obj::dbip_obj(char const*)
                0x0201f864                dbip_obj::dbip_obj(char const*)
                0x0201f9fc                InitializeNetworkGDB
                0x02022960                InitializeEthernet()
                0x0201e41c                _ZQyERYYSaz
                0x0201eba8                _ZNobxy
                0x02022b10                EthTransmitBuffer(pool_buffer*)
                0x0201f7c4                MakeCompilerStopComplaining()
                0x0201e5dc                CheckTcpDebugSettings()
                0x02021cb0                _Zxyzza
                0x0201eb78                GDBDebugConnected()
 .text          0x0202319c     0x25f4 C:\nburn\lib\DBMOD5234.a(etherprint.od)
                0x0202393c                EtherLink()
                0x02023714                EtherSpeed100()
                0x020256cc                denet()
                0x02025348                ShowFECRegisters()
                0x02023350                EtherInit()
                0x02023a50                ShowMII(unsigned char, unsigned char, char const*, unsigned short)
                0x0202319c                GetMII(unsigned char, unsigned char)
                0x020256d8                elink()
                0x020256c0                dEnet()
                0x0202331c                SwitchMIIPage(unsigned long)
                0x02023260                SetMII(unsigned char, unsigned char, unsigned short)
                0x020234ec                EtherDuplex()
                0x02023990                showbinary(unsigned short, unsigned short)
                0x02023ad4                ShowPhyterMII()
 .text          0x02025790      0x2b8 C:\nburn\lib\DBMOD5234.a(emulticast.od)
                0x02025918                EthDisableMulticast(MACADR)
                0x02025820                EthEnableMulticast(MACADR)
                0x02025790                GetMultiCastCRC(MACADR)
 .text          0x02025a48      0x7b8 C:\nburn\lib\DBMOD5234.a(ioboard.od)
                0x02025bd0                putleds
                0x02025aa0                putdisp
                0x02025af0                ModDev70Detect()
                0x02025ef0                getdipsw
                0x02025a48                InitChipBoardSelect()
 .text          0x02026200      0x1a0 C:\nburn\lib\DBMOD5234.a(ETPUinit.od)
                0x020262e0                MOD5234_etpu_init
                0x02026354                eTPUInit
                0x02026200                MOD5234_etpu_start
 .text          0x020263a0     0x229c C:\nburn\lib\DBMOD5234.a(ETPU.od)
                0x020266fc                fake_ETPU_CH8()
                0x02026900                real_ETPU_CH12
                0x020267bc                real_ETPU_CH9
                0x020265bc                ETPU_CH5
                0x02026844                ETPU_CH11
                0x020265b8                fake_ETPU_CH5()
                0x020264e4                ETPU_CH3
                0x02028188                eTPUFunctionUARTRX
                0x0202770c                eTPUInitFIFO
                0x02026988                ETPU_CH14
                0x0202696c                real_ETPU_CH13
                0x02026ff0                eTPUReadUART
                0x02027468                eTPUDoISR(int)
                0x02026768                fake_ETPU_CH9()
                0x02027948                ETPU_UART_FD_CLOSE(int)
                0x02026750                real_ETPU_CH8
                0x02026828                real_ETPU_CH10
                0x02026bc4                eTPURecordInit()
                0x020264e0                fake_ETPU_CH3()
                0x02027a1c                eTPUInterruptEnable
                0x020266e4                real_ETPU_CH7
                0x020263f4                real_ETPU_CH0
                0x02027754                eTPUDriveGPIO
                0x020271e0                eTPUgetCharUART
                0x02026984                fake_ETPU_CH14()
                0x02028448                eTPUFDUartOpen
                0x02026918                fake_ETPU_CH13()
                0x02026624                fake_ETPU_CH6()
                0x02026690                fake_ETPU_CH7()
                0x02026694                ETPU_CH7
                0x02026a5c                fs_timer_stop
                0x0202737c                ETPU_UART_FD_WRITE(int, char const*, int)
                0x020279c0                eTPUFunctionGPIO
                0x02026894                real_ETPU_CH11
                0x02026b00                eTPUEventClear
                0x020264c8                real_ETPU_CH2
                0x020269f0                fake_ETPU_CH15()
                0x0202654c                fake_ETPU_CH4()
                0x020265a0                real_ETPU_CH4
                0x02026550                ETPU_CH4
                0x020263a0                fake_ETPU_CH0()
                0x020268b0                ETPU_CH12
                0x02026a44                real_ETPU_CH15
                0x020263a4                ETPU_CH0
                0x020269d8                real_ETPU_CH14
                0x020282ec                eTPUFunctionUARTTX
                0x020267d8                ETPU_CH10
                0x02026474                fake_ETPU_CH2()
                0x02027908                eTPUCloseChannel
                0x0202660c                real_ETPU_CH5
                0x02026fa8                eTPUCharAvailUART
                0x0202676c                ETPU_CH9
                0x020270f4                ETPU_UART_FD_READ(int, char*, int)
                0x020269f4                ETPU_CH15
                0x02026840                fake_ETPU_CH11()
                0x020277b4                eTPUSetGPIO
                0x02026628                ETPU_CH6
                0x0202691c                ETPU_CH13
                0x02026478                ETPU_CH2
                0x02026408                fake_ETPU_CH1()
                0x0202645c                real_ETPU_CH1
                0x02026a78                eTPUInterruptDisable
                0x0202640c                ETPU_CH1
                0x02026b38                eTPUEventPoll
                0x02026534                real_ETPU_CH3
                0x02026e54                eTPUChanInit(int)
                0x02026678                real_ETPU_CH6
                0x02026700                ETPU_CH8
                0x020268ac                fake_ETPU_CH12()
                0x020267d4                fake_ETPU_CH10()
                0x02027208                eTPUWriteUART
                0x02027824                eTPUInputGPIO
 .text          0x0202863c      0x2fe C:\nburn\lib\DBMOD5234.a(etpu_gpio.od)
                0x020288fc                fs_etpu_gpio_pin_history
                0x020286e0                fs_etpu_gpio_output_high
                0x0202863c                fs_etpu_gpio_init
                0x0202882c                fs_etpu_gpio_cfg_input_periodic
                0x020288cc                fs_etpu_gpio_input_immed
                0x020287a4                fs_etpu_gpio_cfg_input_trans
                0x02028740                fs_etpu_gpio_output
                0x02028710                fs_etpu_gpio_output_low
 *fill*         0x0202893a        0x2 00
 .text          0x0202893c      0x386 C:\nburn\lib\DBMOD5234.a(etpu_uart.od)
                0x02028c20                fs_etpu_uart_write_transmit_data
                0x02028c58                fs_etpu_uart_read_receive_data
                0x0202893c                fs_etpu_uart_init
 *fill*         0x02028cc2        0x2 00
 .text          0x02028cc4      0xa5c C:\nburn\lib\DBMOD5234.a(etpu_util.od)
                0x02029648                fs_etpu_get_global_24
                0x020292a8                fs_etpu_set_chan_local_32
                0x02029184                fs_timer_start
                0x020295a4                fs_etpu_set_global_32
                0x020294f4                fs_etpu_get_chan_local_16
                0x020291a0                fs_etpu_malloc
                0x020293a4                fs_etpu_set_chan_local_8
                0x02028f64                fs_etpu_data_ram
                0x020295d8                fs_etpu_set_global_16
                0x02029618                fs_etpu_get_global32
                0x020293fc                fs_etpu_get_chan_local_32
                0x0202949c                fs_etpu_get_chan_local_24
                0x0202954c                fs_etpu_get_chan_local_8
                0x0202944c                fs_etpu_get_chan_local_24s
                0x0202920c                fs_etpu_malloc2
                0x020295bc                fs_etpu_set_global_24
                0x02028e64                fs_etpu_chan_init
                0x020295f8                fs_etpu_set_global_8
                0x0202911c                fs_etpu_dma_enable
                0x02028fe8                fs_etpu_get_hsr
                0x02029630                fs_etpu_get_global_24s
                0x020290e8                fs_etpu_interrupt_disable
                0x02029688                fs_etpu_get_global_8
                0x020296dc                fs_memset32
                0x0202934c                fs_etpu_set_chan_local_16
                0x020296a8                fs_memcpy32
                0x02029080                fs_etpu_disable
                0x020290b4                fs_etpu_interrupt_enable
                0x020292f8                fs_etpu_set_chan_local_24
                0x02028fac                fs_etpu_set_hsr
                0x02028cc4                fs_etpu_init
                0x02029668                fs_etpu_get_global_16
                0x0202901c                fs_etpu_enable
                0x02029150                fs_etpu_dma_disable
 .text          0x02029720     0x24d2 C:\nburn\lib\DBMOD5234.a(pins.od)
                0x0202af10                PinIO::set(unsigned char)
                0x02029720                PinIO::function(int)
                0x0202aa5c                PinIO::drive()
                0x0202aa2c                CReadPin
                0x02029e74                PinIO::read()
                0x0202a9d8                CGPInPin
 *fill*         0x0202bbf2        0x2 00
 .text          0x0202bbf4      0x2cc C:\nburn\lib\DBNetBurner.a(extraio.od)
                0x0202bc64                ExpandWrite(int, char const*, int)
                0x0202bcd4                ExpandClose(int)
                0x0202bd38                InitExtras()
                0x0202bd78                GetExtraFD
                0x0202bbf4                ExpandRead(int, char*, int)
                0x0202be34                FreeExtraFd
                0x0202be84                GetExtraData
 .text          0x0202bec0        0x0 c:/nburn/gcc-m68k/bin/../lib/gcc/m68k-elf/4.2.1/../../../../m68k-elf/lib/m5208\libstdc++.a(del_op.o)
 .text          0x0202bec0        0x0 c:/nburn/gcc-m68k/bin/../lib/gcc/m68k-elf/4.2.1/../../../../m68k-elf/lib/m5208\libstdc++.a(eh_personality.o)
 .text          0x0202bec0        0x0 c:/nburn/gcc-m68k/bin/../lib/gcc/m68k-elf/4.2.1/../../../../m68k-elf/lib/m5208\libstdc++.a(eh_alloc.o)
 .text          0x0202bec0        0x0 c:/nburn/gcc-m68k/bin/../lib/gcc/m68k-elf/4.2.1/../../../../m68k-elf/lib/m5208\libstdc++.a(eh_throw.o)
 .text          0x0202bec0        0x0 c:/nburn/gcc-m68k/bin/../lib/gcc/m68k-elf/4.2.1/../../../../m68k-elf/lib/m5208\libstdc++.a(eh_globals.o)
 .text          0x0202bec0        0x0 c:/nburn/gcc-m68k/bin/../lib/gcc/m68k-elf/4.2.1/../../../../m68k-elf/lib/m5208\libstdc++.a(eh_exception.o)
 .text          0x0202bec0        0x0 c:/nburn/gcc-m68k/bin/../lib/gcc/m68k-elf/4.2.1/../../../../m68k-elf/lib/m5208\libstdc++.a(eh_catch.o)
 .text          0x0202bec0        0x0 c:/nburn/gcc-m68k/bin/../lib/gcc/m68k-elf/4.2.1/../../../../m68k-elf/lib/m5208\libstdc++.a(eh_terminate.o)
 .text          0x0202bec0        0x0 c:/nburn/gcc-m68k/bin/../lib/gcc/m68k-elf/4.2.1/../../../../m68k-elf/lib/m5208\libstdc++.a(eh_call.o)
 .text          0x0202bec0        0x0 c:/nburn/gcc-m68k/bin/../lib/gcc/m68k-elf/4.2.1/../../../../m68k-elf/lib/m5208\libstdc++.a(class_type_info.o)
 .text          0x0202bec0        0x0 c:/nburn/gcc-m68k/bin/../lib/gcc/m68k-elf/4.2.1/../../../../m68k-elf/lib/m5208\libstdc++.a(eh_term_handler.o)
 .text          0x0202bec0        0x0 c:/nburn/gcc-m68k/bin/../lib/gcc/m68k-elf/4.2.1/../../../../m68k-elf/lib/m5208\libstdc++.a(eh_unex_handler.o)
 .text          0x0202bec0        0x0 c:/nburn/gcc-m68k/bin/../lib/gcc/m68k-elf/4.2.1/../../../../m68k-elf/lib/m5208\libstdc++.a(si_class_type_info.o)
 .text          0x0202bec0        0x0 c:/nburn/gcc-m68k/bin/../lib/gcc/m68k-elf/4.2.1/../../../../m68k-elf/lib/m5208\libstdc++.a(vterminate.o)
 .text          0x0202bec0     0x4ae6 c:/nburn/gcc-m68k/bin/../lib/gcc/m68k-elf/4.2.1/../../../../m68k-elf/lib/m5208\libstdc++.a(cp-demangle.o)
                0x020308ce                __cxa_demangle
 *fill*         0x020309a6        0x2 00
 .text          0x020309a8        0x0 c:/nburn/gcc-m68k/bin/../lib/gcc/m68k-elf/4.2.1/../../../../m68k-elf/lib/m5208\libstdc++.a(tinfo.o)
 .text          0x020309a8        0x0 c:/nburn/gcc-m68k/bin/../lib/gcc/m68k-elf/4.2.1/../../../../m68k-elf/lib/m5208\libstdc++.a(eh_type.o)
 .text          0x020309a8      0xba0 c:/nburn/gcc-m68k/bin/../lib/gcc/m68k-elf/4.2.1/m5208\libgcc.a(_double.o)
                0x020314a6                __cmpdf2
                0x02030a08                __adddf3
                0x02031370                __negdf2
                0x02031080                __divdf3
                0x020313ce                __cmpdf2_internal
                0x02030ea4                __muldf3
                0x02030a02                __subdf3
 .text          0x02031548       0x74 c:/nburn/gcc-m68k/bin/../lib/gcc/m68k-elf/4.2.1/m5208\libgcc.a(_floatex.o)
                0x02031554                $_exception_handler
                0x02031548                __clear_sticky_bit
 .text          0x020315bc       0x22 c:/nburn/gcc-m68k/bin/../lib/gcc/m68k-elf/4.2.1/m5208\libgcc.a(_ltdf2.o)
                0x020315bc                __ltdf2
 *fill*         0x020315de        0x2 00
 .text          0x020315e0      0x49a c:/nburn/gcc-m68k/bin/../lib/gcc/m68k-elf/4.2.1/m5208\libgcc.a(fpgnulib.o)
                0x02031a60                __fixsfsi
                0x02031748                __floatsidf
                0x0203181e                __extendsfdf2
                0x020316d6                __floatunsidf
                0x020319e0                __fixdfsi
                0x02031804                __floatsisf
                0x020318b8                __truncdfsf2
                0x020315e0                __unordsf2
                0x020317ea                __floatunsisf
                0x02031642                __unorddf2
 *fill*         0x02031a7a        0x2 00
 .text          0x02031a7c     0x1f0e c:/nburn/gcc-m68k/bin/../lib/gcc/m68k-elf/4.2.1/m5208\libgcc.a(unwind-dw2.o)
                0x02031e1e                _Unwind_GetIPInfo
                0x02031b02                _Unwind_GetIP
                0x020337ee                _Unwind_Resume_or_Rethrow
                0x02031b34                _Unwind_GetRegionStart
                0x020334f6                _Unwind_Backtrace
                0x02031af2                _Unwind_GetCFA
                0x020326ec                __frame_state_for
                0x0203387c                _Unwind_Resume
                0x02031b64                _Unwind_DeleteException
                0x02033612                _Unwind_RaiseException
                0x02031b12                _Unwind_SetIP
                0x02031b54                _Unwind_GetTextRelBase
                0x02031dfa                _Unwind_FindEnclosingFunction
                0x02031b24                _Unwind_GetLanguageSpecificData
                0x02033902                _Unwind_ForcedUnwind
                0x02031b82                _Unwind_SetGR
                0x02031be8                _Unwind_GetGR
                0x02031b44                _Unwind_GetDataRelBase
 *fill*         0x0203398a        0x2 00
 .text          0x0203398c     0x126c c:/nburn/gcc-m68k/bin/../lib/gcc/m68k-elf/4.2.1/m5208\libgcc.a(unwind-dw2-fde.o)
                0x02034aaa                _Unwind_Find_FDE
                0x020342a0                __register_frame
                0x0203427e                __register_frame_table
                0x02033a02                __register_frame_info_bases
                0x020349e2                __deregister_frame_info
                0x02034924                __deregister_frame_info_bases
                0x02033a6e                __register_frame_info_table_bases
                0x020349ec                __deregister_frame
                0x02033ac0                __register_frame_info_table
                0x02033a52                __register_frame_info
 .text          0x02034bf8       0x18 c:/nburn/gcc-m68k/bin/../lib/gcc/m68k-elf/4.2.1/../../../../m68k-elf/lib/m5208\libc.a(lib_a-abort.o)
                0x02034bf8                abort
 .text          0x02034c10       0x34 c:/nburn/gcc-m68k/bin/../lib/gcc/m68k-elf/4.2.1/../../../../m68k-elf/lib/m5208\libc.a(lib_a-atoi.o)
                0x02034c10                _atoi_r
                0x02034c2c                atoi
 .text          0x02034c44       0x64 c:/nburn/gcc-m68k/bin/../lib/gcc/m68k-elf/4.2.1/../../../../m68k-elf/lib/m5208\libc.a(lib_a-bsearch.o)
                0x02034c44                bsearch
 .text          0x02034ca8       0x26 c:/nburn/gcc-m68k/bin/../lib/gcc/m68k-elf/4.2.1/../../../../m68k-elf/lib/m5208\libc.a(lib_a-bzero.o)
                0x02034ca8                bzero
 *fill*         0x02034cce        0x2 00
 .text          0x02034cd0       0x1e c:/nburn/gcc-m68k/bin/../lib/gcc/m68k-elf/4.2.1/../../../../m68k-elf/lib/m5208\libc.a(lib_a-cxa_atexit.o)
                0x02034cd0                __cxa_atexit
 *fill*         0x02034cee        0x2 00
 .text          0x02034cf0        0xe c:/nburn/gcc-m68k/bin/../lib/gcc/m68k-elf/4.2.1/../../../../m68k-elf/lib/m5208\libc.a(lib_a-errno.o)
                0x02034cf0                __errno
 *fill*         0x02034cfe        0x2 00
 .text          0x02034d00       0x24 c:/nburn/gcc-m68k/bin/../lib/gcc/m68k-elf/4.2.1/../../../../m68k-elf/lib/m5208\libc.a(lib_a-fiprintf.o)
                0x02034d00                fiprintf
 .text          0x02034d24       0xaa c:/nburn/gcc-m68k/bin/../lib/gcc/m68k-elf/4.2.1/../../../../m68k-elf/lib/m5208\libc.a(lib_a-fputc.o)
                0x02034d72                _fputc_r
                0x02034d24                fputc
 *fill*         0x02034dce        0x2 00
 .text          0x02034dd0       0x90 c:/nburn/gcc-m68k/bin/../lib/gcc/m68k-elf/4.2.1/../../../../m68k-elf/lib/m5208\libc.a(lib_a-fputs.o)
                0x02034dd0                _fputs_r
                0x02034e46                fputs
 .text          0x02034e60      0x37e c:/nburn/gcc-m68k/bin/../lib/gcc/m68k-elf/4.2.1/../../../../m68k-elf/lib/m5208\libc.a(lib_a-fvwrite.o)
                0x02034e60                __sfvwrite_r
 *fill*         0x020351de        0x2 00
 .text          0x020351e0       0x9e c:/nburn/gcc-m68k/bin/../lib/gcc/m68k-elf/4.2.1/../../../../m68k-elf/lib/m5208\libc.a(lib_a-fwrite.o)
                0x020351e0                _fwrite_r
                0x0203525c                fwrite
 *fill*         0x0203527e        0x2 00
 .text          0x02035280        0x0 c:/nburn/gcc-m68k/bin/../lib/gcc/m68k-elf/4.2.1/../../../../m68k-elf/lib/m5208\libc.a(lib_a-impure.o)
 .text          0x02035280       0x54 c:/nburn/gcc-m68k/bin/../lib/gcc/m68k-elf/4.2.1/../../../../m68k-elf/lib/m5208\libc.a(lib_a-iprintf.o)
                0x02035280                _iprintf_r
                0x020352aa                iprintf
 .text          0x020352d4       0x1c c:/nburn/gcc-m68k/bin/../lib/gcc/m68k-elf/4.2.1/../../../../m68k-elf/lib/m5208\libc.a(lib_a-isspace.o)
                0x020352d4                isspace
 .text          0x020352f0       0x32 c:/nburn/gcc-m68k/bin/../lib/gcc/m68k-elf/4.2.1/../../../../m68k-elf/lib/m5208\libc.a(lib_a-malloc.o)
                0x0203530a                malloc
                0x020352f0                free
 *fill*         0x02035322        0x2 00
 .text          0x02035324      0x78c c:/nburn/gcc-m68k/bin/../lib/gcc/m68k-elf/4.2.1/../../../../m68k-elf/lib/m5208\libc.a(lib_a-mallocr.o)
                0x02035324                _malloc_r
 .text          0x02035ab0       0xd2 c:/nburn/gcc-m68k/bin/../lib/gcc/m68k-elf/4.2.1/../../../../m68k-elf/lib/m5208\libc.a(lib_a-memchr.o)
                0x02035ab0                memchr
 *fill*         0x02035b82        0x2 00
 .text          0x02035b84       0x72 c:/nburn/gcc-m68k/bin/../lib/gcc/m68k-elf/4.2.1/../../../../m68k-elf/lib/m5208\libc.a(lib_a-memcmp.o)
                0x02035b84                memcmp
 *fill*         0x02035bf6        0x2 00
 .text          0x02035bf8       0xb6 c:/nburn/gcc-m68k/bin/../lib/gcc/m68k-elf/4.2.1/../../../../m68k-elf/lib/m5208\libc.a(lib_a-memmove.o)
                0x02035bf8                memmove
 *fill*         0x02035cae        0x2 00
 .text          0x02035cb0       0x54 c:/nburn/gcc-m68k/bin/../lib/gcc/m68k-elf/4.2.1/../../../../m68k-elf/lib/m5208\libc.a(lib_a-printf.o)
                0x02035cb0                printf
                0x02035cda                _printf_r
 .text          0x02035d04       0x3a c:/nburn/gcc-m68k/bin/../lib/gcc/m68k-elf/4.2.1/../../../../m68k-elf/lib/m5208\libc.a(lib_a-putchar.o)
                0x02035d04                putchar
                0x02035d22                _putchar_r
 *fill*         0x02035d3e        0x2 00
 .text          0x02035d40      0x16a c:/nburn/gcc-m68k/bin/../lib/gcc/m68k-elf/4.2.1/../../../../m68k-elf/lib/m5208\libc.a(lib_a-putc.o)
                0x02035dfa                _putc_r
                0x02035d40                putc
 *fill*         0x02035eaa        0x2 00
 .text          0x02035eac       0x8a c:/nburn/gcc-m68k/bin/../lib/gcc/m68k-elf/4.2.1/../../../../m68k-elf/lib/m5208\libc.a(lib_a-puts.o)
                0x02035eac                _puts_r
                0x02035f20                puts
 *fill*         0x02035f36        0x2 00
 .text          0x02035f38       0x1c c:/nburn/gcc-m68k/bin/../lib/gcc/m68k-elf/4.2.1/../../../../m68k-elf/lib/m5208\libc.a(lib_a-realloc.o)
                0x02035f38                realloc
 .text          0x02035f54      0x502 c:/nburn/gcc-m68k/bin/../lib/gcc/m68k-elf/4.2.1/../../../../m68k-elf/lib/m5208\libc.a(lib_a-reallocr.o)
                0x02035f54                _realloc_r
 *fill*         0x02036456        0x2 00
 .text          0x02036458       0x4e c:/nburn/gcc-m68k/bin/../lib/gcc/m68k-elf/4.2.1/../../../../m68k-elf/lib/m5208\libc.a(lib_a-rget.o)
                0x02036492                __srget
                0x02036458                __srget_r
 *fill*         0x020364a6        0x2 00
 .text          0x020364a8       0x34 c:/nburn/gcc-m68k/bin/../lib/gcc/m68k-elf/4.2.1/../../../../m68k-elf/lib/m5208\libc.a(lib_a-setjmp.o)
                0x020364be                longjmp
                0x020364a8                setjmp
 .text          0x020364dc      0x1ee c:/nburn/gcc-m68k/bin/../lib/gcc/m68k-elf/4.2.1/../../../../m68k-elf/lib/m5208\libc.a(lib_a-setvbuf.o)
                0x020364dc                setvbuf
 *fill*         0x020366ca        0x2 00
 .text          0x020366cc      0x270 c:/nburn/gcc-m68k/bin/../lib/gcc/m68k-elf/4.2.1/../../../../m68k-elf/lib/m5208\libc.a(lib_a-signal.o)
                0x020368c0                _signal_r
                0x020367e0                _raise_r
                0x02036746                __sigtramp_r
                0x02036924                signal
                0x02036736                _init_signal
                0x020366cc                _init_signal_r
                0x020367ca                __sigtramp
                0x020368aa                raise
 .text          0x0203693c       0x42 c:/nburn/gcc-m68k/bin/../lib/gcc/m68k-elf/4.2.1/../../../../m68k-elf/lib/m5208\libc.a(lib_a-signalr.o)
                0x02036948                _kill_r
                0x0203693c                _getpid_r
 *fill*         0x0203697e        0x2 00
 .text          0x02036980       0xba c:/nburn/gcc-m68k/bin/../lib/gcc/m68k-elf/4.2.1/../../../../m68k-elf/lib/m5208\libc.a(lib_a-siprintf.o)
                0x020369de                _siprintf_r
                0x02036980                siprintf
 *fill*         0x02036a3a        0x2 00
 .text          0x02036a3c      0x14c c:/nburn/gcc-m68k/bin/../lib/gcc/m68k-elf/4.2.1/../../../../m68k-elf/lib/m5208\libc.a(lib_a-snprintf.o)
                0x02036a3c                snprintf
                0x02036ae4                _snprintf_r
 .text          0x02036b88       0x92 c:/nburn/gcc-m68k/bin/../lib/gcc/m68k-elf/4.2.1/../../../../m68k-elf/lib/m5208\libc.a(lib_a-strcasecmp.o)
                0x02036b88                strcasecmp
 *fill*         0x02036c1a        0x2 00
 .text          0x02036c1c       0x7c c:/nburn/gcc-m68k/bin/../lib/gcc/m68k-elf/4.2.1/../../../../m68k-elf/lib/m5208\libc.a(lib_a-strcat.o)
                0x02036c1c                strcat
 .text          0x02036c98       0x70 c:/nburn/gcc-m68k/bin/../lib/gcc/m68k-elf/4.2.1/../../../../m68k-elf/lib/m5208\libc.a(lib_a-strcmp.o)
                0x02036c98                strcmp
 .text          0x02036d08       0x22 c:/nburn/gcc-m68k/bin/../lib/gcc/m68k-elf/4.2.1/../../../../m68k-elf/lib/m5208\libc.a(lib_a-strcpy.o)
                0x02036d08                strcpy
 *fill*         0x02036d2a        0x2 00
 .text          0x02036d2c       0x1a c:/nburn/gcc-m68k/bin/../lib/gcc/m68k-elf/4.2.1/../../../../m68k-elf/lib/m5208\libc.a(lib_a-strlen.o)
                0x02036d2c                strlen
 *fill*         0x02036d46        0x2 00
 .text          0x02036d48       0xda c:/nburn/gcc-m68k/bin/../lib/gcc/m68k-elf/4.2.1/../../../../m68k-elf/lib/m5208\libc.a(lib_a-strncmp.o)
                0x02036d48                strncmp
 *fill*         0x02036e22        0x2 00
 .text          0x02036e24       0x46 c:/nburn/gcc-m68k/bin/../lib/gcc/m68k-elf/4.2.1/../../../../m68k-elf/lib/m5208\libc.a(lib_a-strstr.o)
                0x02036e24                strstr
 *fill*         0x02036e6a        0x2 00
 .text          0x02036e6c      0x18a c:/nburn/gcc-m68k/bin/../lib/gcc/m68k-elf/4.2.1/../../../../m68k-elf/lib/m5208\libc.a(lib_a-strtol.o)
                0x02036fd8                strtol
                0x02036e6c                _strtol_r
 *fill*         0x02036ff6        0x2 00
 .text          0x02036ff8       0x26 c:/nburn/gcc-m68k/bin/../lib/gcc/m68k-elf/4.2.1/../../../../m68k-elf/lib/m5208\libc.a(lib_a-toupper.o)
                0x02036ff8                toupper
 *fill*         0x0203701e        0x2 00
 .text          0x02037020     0x1280 c:/nburn/gcc-m68k/bin/../lib/gcc/m68k-elf/4.2.1/../../../../m68k-elf/lib/m5208\libc.a(lib_a-vfiprintf.o)
                0x02038282                vfiprintf
                0x02037064                _vfiprintf_r
 .text          0x020382a0     0x1fac c:/nburn/gcc-m68k/bin/../lib/gcc/m68k-elf/4.2.1/../../../../m68k-elf/lib/m5208\libc.a(lib_a-vfprintf.o)
                0x020382e4                _vfprintf_r
                0x0203a22e                vfprintf
 .text          0x0203a24c      0x124 c:/nburn/gcc-m68k/bin/../lib/gcc/m68k-elf/4.2.1/../../../../m68k-elf/lib/m5208\libc.a(lib_a-wbuf.o)
                0x0203a24c                __swbuf_r
                0x0203a356                __swbuf
 .text          0x0203a370       0x7c c:/nburn/gcc-m68k/bin/../lib/gcc/m68k-elf/4.2.1/../../../../m68k-elf/lib/m5208\libc.a(lib_a-wcrtomb.o)
                0x0203a370                _wcrtomb_r
                0x0203a3d0                wcrtomb
 .text          0x0203a3ec      0x130 c:/nburn/gcc-m68k/bin/../lib/gcc/m68k-elf/4.2.1/../../../../m68k-elf/lib/m5208\libc.a(lib_a-wcsrtombs.o)
                0x0203a3ec                _wcsrtombs_r
                0x0203a4fa                wcsrtombs
 .text          0x0203a51c      0x452 c:/nburn/gcc-m68k/bin/../lib/gcc/m68k-elf/4.2.1/../../../../m68k-elf/lib/m5208\libc.a(lib_a-wctomb_r.o)
                0x0203a51c                _wctomb_r
 *fill*         0x0203a96e        0x2 00
 .text          0x0203a970      0x130 c:/nburn/gcc-m68k/bin/../lib/gcc/m68k-elf/4.2.1/../../../../m68k-elf/lib/m5208\libc.a(lib_a-wsetup.o)
                0x0203a970                __swsetup
 .text          0x0203aaa0       0xe8 c:/nburn/gcc-m68k/bin/../lib/gcc/m68k-elf/4.2.1/../../../../m68k-elf/lib/m5208\libc.a(lib_a-__atexit.o)
                0x0203aaa0                __register_exitproc
 .text          0x0203ab88        0x0 c:/nburn/gcc-m68k/bin/../lib/gcc/m68k-elf/4.2.1/../../../../m68k-elf/lib/m5208\libc.a(lib_a-ctype_.o)
 .text          0x0203ab88     0x160a c:/nburn/gcc-m68k/bin/../lib/gcc/m68k-elf/4.2.1/../../../../m68k-elf/lib/m5208\libc.a(lib_a-dtoa.o)
                0x0203ad3a                _dtoa_r
 *fill*         0x0203c192        0x2 00
 .text          0x0203c194      0x198 c:/nburn/gcc-m68k/bin/../lib/gcc/m68k-elf/4.2.1/../../../../m68k-elf/lib/m5208\libc.a(lib_a-fflush.o)
                0x0203c194                fflush
 .text          0x0203c32c      0x25e c:/nburn/gcc-m68k/bin/../lib/gcc/m68k-elf/4.2.1/../../../../m68k-elf/lib/m5208\libc.a(lib_a-findfp.o)
                0x0203c386                __sinit
                0x0203c43e                __sfmoreglue
                0x0203c42c                _cleanup
                0x0203c412                _cleanup_r
                0x0203c4ac                __sfp
 *fill*         0x0203c58a        0x2 00
 .text          0x0203c58c      0x422 c:/nburn/gcc-m68k/bin/../lib/gcc/m68k-elf/4.2.1/../../../../m68k-elf/lib/m5208\libc.a(lib_a-freer.o)
                0x0203c67c                _free_r
                0x0203c58c                _malloc_trim_r
 *fill*         0x0203c9ae        0x2 00
 .text          0x0203c9b0       0xe4 c:/nburn/gcc-m68k/bin/../lib/gcc/m68k-elf/4.2.1/../../../../m68k-elf/lib/m5208\libc.a(lib_a-fwalk.o)
                0x0203c9b0                _fwalk
                0x0203ca20                _fwalk_reent
 .text          0x0203ca94       0xa6 c:/nburn/gcc-m68k/bin/../lib/gcc/m68k-elf/4.2.1/../../../../m68k-elf/lib/m5208\libc.a(lib_a-locale.o)
                0x0203cac2                _setlocale_r
                0x0203ca94                __locale_charset
                0x0203caa2                _localeconv_r
                0x0203cb22                setlocale
                0x0203cab0                localeconv
 *fill*         0x0203cb3a        0x2 00
 .text          0x0203cb3c      0x178 c:/nburn/gcc-m68k/bin/../lib/gcc/m68k-elf/4.2.1/../../../../m68k-elf/lib/m5208\libc.a(lib_a-makebuf.o)
                0x0203cb3c                __smakebuf
 .text          0x0203ccb4      0xc78 c:/nburn/gcc-m68k/bin/../lib/gcc/m68k-elf/4.2.1/../../../../m68k-elf/lib/m5208\libc.a(lib_a-mprec.o)
                0x0203d008                _mprec_log10
                0x0203d0be                __any_on
                0x0203d164                _Balloc
                0x0203cf76                __ratio
                0x0203d68c                __i2b
                0x0203ce86                __b2d
                0x0203d854                __s2b
                0x0203cda4                __mcmp
                0x0203ccb4                __hi0bits
                0x0203d772                __pow5mult
                0x0203d470                __lshift
                0x0203d51e                __multiply
                0x0203d21a                __d2b
                0x0203d07a                __copybits
                0x0203ce04                __ulp
                0x0203d330                __mdiff
                0x0203cd18                __lo0bits
                0x0203d6ae                __multadd
                0x0203d12a                _Bfree
 .text          0x0203d92c      0x21c c:/nburn/gcc-m68k/bin/../lib/gcc/m68k-elf/4.2.1/../../../../m68k-elf/lib/m5208\libc.a(lib_a-refill.o)
                0x0203d950                __srefill_r
 .text          0x0203db48       0x42 c:/nburn/gcc-m68k/bin/../lib/gcc/m68k-elf/4.2.1/../../../../m68k-elf/lib/m5208\libc.a(lib_a-s_isinfd.o)
                0x0203db48                __isinfd
 *fill*         0x0203db8a        0x2 00
 .text          0x0203db8c       0x34 c:/nburn/gcc-m68k/bin/../lib/gcc/m68k-elf/4.2.1/../../../../m68k-elf/lib/m5208\libc.a(lib_a-s_isnand.o)
                0x0203db8c                __isnand
 .text          0x0203dbc0      0x162 c:/nburn/gcc-m68k/bin/../lib/gcc/m68k-elf/4.2.1/../../../../m68k-elf/lib/m5208\libc.a(lib_a-stdio.o)
                0x0203dbde                __sseek
                0x0203dcd0                __sread
                0x0203dbc0                __sclose
                0x0203dc40                __swrite
 *fill*         0x0203dd22        0x2 00
 .text          0x0203dd24       0x3e c:/nburn/gcc-m68k/bin/../lib/gcc/m68k-elf/4.2.1/../../../../m68k-elf/lib/m5208\libc.a(lib_a-writer.o)
                0x0203dd24                _write_r
 *fill*         0x0203dd62        0x2 00
 .text          0x0203dd64       0x92 c:/nburn/gcc-m68k/bin/../lib/gcc/m68k-elf/4.2.1/../../../../m68k-elf/lib/m5208\libc.a(lib_a-callocr.o)
                0x0203dd64                _calloc_r
 *fill*         0x0203ddf6        0x2 00
 .text          0x0203ddf8       0x32 c:/nburn/gcc-m68k/bin/../lib/gcc/m68k-elf/4.2.1/../../../../m68k-elf/lib/m5208\libc.a(lib_a-closer.o)
                0x0203ddf8                _close_r
 *fill*         0x0203de2a        0x2 00
 .text          0x0203de2c       0xfe c:/nburn/gcc-m68k/bin/../lib/gcc/m68k-elf/4.2.1/../../../../m68k-elf/lib/m5208\libc.a(lib_a-fclose.o)
                0x0203de2c                _fclose_r
                0x0203df14                fclose
 *fill*         0x0203df2a        0x2 00
 .text          0x0203df2c       0x36 c:/nburn/gcc-m68k/bin/../lib/gcc/m68k-elf/4.2.1/../../../../m68k-elf/lib/m5208\libc.a(lib_a-fstatr.o)
                0x0203df2c                _fstat_r
 *fill*         0x0203df62        0x2 00
 .text          0x0203df64       0x3e c:/nburn/gcc-m68k/bin/../lib/gcc/m68k-elf/4.2.1/../../../../m68k-elf/lib/m5208\libc.a(lib_a-lseekr.o)
                0x0203df64                _lseek_r
 *fill*         0x0203dfa2        0x2 00
 .text          0x0203dfa4       0x3e c:/nburn/gcc-m68k/bin/../lib/gcc/m68k-elf/4.2.1/../../../../m68k-elf/lib/m5208\libc.a(lib_a-readr.o)
                0x0203dfa4                _read_r
 *fill*         0x0203dfe2        0x2 00
 .text          0x0203dfe4       0x22 c:/nburn/gcc-m68k/bin/../lib/gcc/m68k-elf/4.2.1/m5208\libgcc.a(_eqdf2.o)
                0x0203dfe4                __eqdf2
 *fill*         0x0203e006        0x2 00
 .text          0x0203e008       0x22 c:/nburn/gcc-m68k/bin/../lib/gcc/m68k-elf/4.2.1/m5208\libgcc.a(_nedf2.o)
                0x0203e008                __nedf2
 *fill*         0x0203e02a        0x2 00
 .text          0x0203e02c       0x22 c:/nburn/gcc-m68k/bin/../lib/gcc/m68k-elf/4.2.1/m5208\libgcc.a(_gtdf2.o)
                0x0203e02c                __gtdf2
 *fill*         0x0203e04e        0x2 00
 .text          0x0203e050       0x22 c:/nburn/gcc-m68k/bin/../lib/gcc/m68k-elf/4.2.1/m5208\libgcc.a(_gedf2.o)
                0x0203e050                __gedf2
 *fill*         0x0203e072        0x2 00
 .text          0x0203e074      0x3d4 c:/nburn/gcc-m68k/bin/../lib/gcc/m68k-elf/4.2.1/m5208\libgcc.a(_udivdi3.o)
                0x0203e074                __udivdi3
 .text          0x0203e448      0x3ee c:/nburn/gcc-m68k/bin/../lib/gcc/m68k-elf/4.2.1/m5208\libgcc.a(_umoddi3.o)
                0x0203e448                __umoddi3
 *fill*         0x0203e836        0x2 00
 .text          0x0203e838       0x32 c:/nburn/gcc-m68k/bin/../lib/gcc/m68k-elf/4.2.1/m5208/crtend.o
                0x0203e870                . = ALIGN (0x10)
 *fill*         0x0203e86a        0x6 00
 *(.text.*)
 .text._ZN11buffer_listC1Ev
                0x0203e870       0x20 C:\nburn\lib\DBNetBurner.a(ip.od)
                0x0203e870                buffer_list::buffer_list()
 .text._ZN11buffer_list8GetCountEv
                0x0203e890       0x18 C:\nburn\lib\DBNetBurner.a(ip.od)
                0x0203e890                buffer_list::GetCount()
 .text._Z8GetIpPktP11pool_buffer
                0x0203e8a8       0x2c C:\nburn\lib\DBNetBurner.a(ip.od)
                0x0203e8a8                GetIpPkt(pool_buffer*)
 .text._Z8GetIpPktP6EFRAME
                0x0203e8d4       0x12 C:\nburn\lib\DBNetBurner.a(ip.od)
                0x0203e8d4                GetIpPkt(EFRAME*)
 *fill*         0x0203e8e6        0x2 00
 .text._Z9GetUdpPktP5IPPKT
                0x0203e8e8       0x6c C:\nburn\lib\DBNetBurner.a(ip.od)
                0x0203e8e8                GetUdpPkt(IPPKT*)
 .text._ZN18BufferCriticalLockC1ER15os_crit_section
                0x0203e954       0x44 C:\nburn\lib\DBNetBurner.a(buffers.od)
                0x0203e954                BufferCriticalLock::BufferCriticalLock(os_crit_section&)
 .text._ZN18BufferCriticalLockD1Ev
                0x0203e998       0x60 C:\nburn\lib\DBNetBurner.a(buffers.od)
                0x0203e998                BufferCriticalLock::~BufferCriticalLock()
 .text._ZN20OSCriticalSectionObjD1Ev
                0x0203e9f8       0x18 C:\nburn\lib\DBNetBurner.a(arp.od)
                0x0203e9f8                OSCriticalSectionObj::~OSCriticalSectionObj()
 .text._ZN20OSCriticalSectionObjC1ER15os_crit_section
                0x0203ea10       0x1e C:\nburn\lib\DBNetBurner.a(arp.od)
                0x0203ea10                OSCriticalSectionObj::OSCriticalSectionObj(os_crit_section&)
 *fill*         0x0203ea2e        0x2 00
 .text._Z9GetUdpPktP11pool_buffer
                0x0203ea30       0x1e C:\nburn\lib\DBNetBurner.a(udp.od)
                0x0203ea30                GetUdpPkt(pool_buffer*)
 *fill*         0x0203ea4e        0x2 00
 .text._Z13GetInitUdpPktP5IPPKT
                0x0203ea50       0x1a C:\nburn\lib\DBNetBurner.a(udp.od)
                0x0203ea50                GetInitUdpPkt(IPPKT*)
 *fill*         0x0203ea6a        0x2 00
 .text._Z13GetInitUdpPktP11pool_buffer
                0x0203ea6c       0x1e C:\nburn\lib\DBNetBurner.a(udp.od)
                0x0203ea6c                GetInitUdpPkt(pool_buffer*)
 *fill*         0x0203ea8a        0x2 00
 .text._ZN9UDPPacket13ReleaseBufferEv
                0x0203ea8c        0xe C:\nburn\lib\DBNetBurner.a(udp.od)
                0x0203ea8c                UDPPacket::ReleaseBuffer()
 *fill*         0x0203ea9a        0x2 00
 .text._Z9GetTcpPktP5IPPKT
                0x0203ea9c       0x6c C:\nburn\lib\DBNetBurner.a(tcp.od)
                0x0203ea9c                GetTcpPkt(IPPKT*)
 .text._Z9GetTcpPktP11pool_buffer
                0x0203eb08       0x1e C:\nburn\lib\DBNetBurner.a(tcp.od)
                0x0203eb08                GetTcpPkt(pool_buffer*)
 *fill*         0x0203eb26        0x2 00
 .text._Z13GetInitTcpPktP5IPPKT
                0x0203eb28       0x1a C:\nburn\lib\DBNetBurner.a(tcp.od)
                0x0203eb28                GetInitTcpPkt(IPPKT*)
 *fill*         0x0203eb42        0x2 00
 .text._Z13GetInitTcpPktP11pool_buffer
                0x0203eb44       0x1e C:\nburn\lib\DBNetBurner.a(tcp.od)
                0x0203eb44                GetInitTcpPkt(pool_buffer*)
 *fill*         0x0203eb62        0x2 00
 .text._Z13GetTcpDataLenP5IPPKTP6TCPPKT
                0x0203eb64       0xa8 C:\nburn\lib\DBNetBurner.a(tcp.od)
                0x0203eb64                GetTcpDataLen(IPPKT*, TCPPKT*)
 .text._Z10GetTcpDataP6TCPPKT
                0x0203ec0c       0x36 C:\nburn\lib\DBNetBurner.a(tcp.od)
                0x0203ec0c                GetTcpData(TCPPKT*)
 *fill*         0x0203ec42        0x2 00
 .text._Z9IsNullMacRK6MACADR
                0x0203ec44       0x3e C:\nburn\lib\DBNetBurner.a(tcp.od)
                0x0203ec44                IsNullMac(MACADR const&)
 *fill*         0x0203ec82        0x2 00
 .text._Z10modulodiffmm
                0x0203ec84       0x18 C:\nburn\lib\DBNetBurner.a(tcp.od)
                0x0203ec84                modulodiff(unsigned long, unsigned long)
 .text._ZN13socket_structC1Ev
                0x0203ec9c       0x44 C:\nburn\lib\DBNetBurner.a(tcp.od)
                0x0203ec9c                socket_struct::socket_struct()
 .text._ZN13socket_structD1Ev
                0x0203ece0       0x30 C:\nburn\lib\DBNetBurner.a(tcp.od)
                0x0203ece0                socket_struct::~socket_struct()
 .text._ZN13socket_struct4initEt
                0x0203ed10       0xe0 C:\nburn\lib\DBNetBurner.a(tcp.od)
                0x0203ed10                socket_struct::init(unsigned short)
 .text._ZN9OSLockObjC1Ev
                0x0203edf0        0xe C:\nburn\lib\DBNetBurner.a(iosys.od)
                0x0203edf0                OSLockObj::OSLockObj()
 *fill*         0x0203edfe        0x2 00
 .text._ZN9OSLockObjD1Ev
                0x0203ee00        0xe C:\nburn\lib\DBNetBurner.a(iosys.od)
                0x0203ee00                OSLockObj::~OSLockObj()
 *fill*         0x0203ee0e        0x2 00
 .text._ZN9UDPPacket10GetPoolPtrEv
                0x0203ee10        0xe C:\nburn\lib\DBNetBurner.a(autoupdate.od)
                0x0203ee10                UDPPacket::GetPoolPtr()
 *fill*         0x0203ee1e        0x2 00
 .text._Z11random_seedv
                0x0203ee20       0x34 C:\nburn\lib\DBMOD5234.a(serial.od)
                0x0203ee20                random_seed()
 .text._ZN11UartDataRecC1Ev
                0x0203ee54       0x3e C:\nburn\lib\DBMOD5234.a(serial.od)
                0x0203ee54                UartDataRec::UartDataRec()
 *fill*         0x0203ee92        0x2 00
 .text._ZN11UartDataRecD1Ev
                0x0203ee94       0x2a C:\nburn\lib\DBMOD5234.a(serial.od)
                0x0203ee94                UartDataRec::~UartDataRec()
 *fill*         0x0203eebe        0x2 00
 .text._ZN5PinIOC1Eii
                0x0203eec0       0x22 C:\nburn\lib\DBMOD5234.a(ioboard.od)
                0x0203eec0                PinIO::PinIO(int, int)
 *fill*         0x0203eee2        0x2 00
 .text._ZN12PinIOJ2ArrayixEi
                0x0203eee4       0x28 C:\nburn\lib\DBMOD5234.a(ioboard.od)
                0x0203eee4                PinIOJ2Array::operator[](int)
 .text._ZN5PinIOaSEi
                0x0203ef0c       0x28 C:\nburn\lib\DBMOD5234.a(ioboard.od)
                0x0203ef0c                PinIO::operator=(int)
 .text._ZN5PinIOcviEv
                0x0203ef34       0x1c C:\nburn\lib\DBMOD5234.a(ioboard.od)
                0x0203ef34                PinIO::operator int()
 .text._ZN5PinIO3hizEv
                0x0203ef50       0x14 C:\nburn\lib\DBMOD5234.a(pins.od)
                0x0203ef50                PinIO::hiz()
 .text._ZdlPv   0x0203ef64       0x16 c:/nburn/gcc-m68k/bin/../lib/gcc/m68k-elf/4.2.1/../../../../m68k-elf/lib/m5208\libstdc++.a(del_op.o)
                0x0203ef64                operator delete(void*)
 .text._Z12read_uleb128PKhPj
                0x0203ef7a       0x30 c:/nburn/gcc-m68k/bin/../lib/gcc/m68k-elf/4.2.1/../../../../m68k-elf/lib/m5208\libstdc++.a(eh_personality.o)
 .text._Z12read_sleb128PKhPi
                0x0203efaa       0x46 c:/nburn/gcc-m68k/bin/../lib/gcc/m68k-elf/4.2.1/../../../../m68k-elf/lib/m5208\libstdc++.a(eh_personality.o)
 .text._Z16get_adjusted_ptrPKSt9type_infoS1_PPv
                0x0203eff0       0x6a c:/nburn/gcc-m68k/bin/../lib/gcc/m68k-elf/4.2.1/../../../../m68k-elf/lib/m5208\libstdc++.a(eh_personality.o)
 .text._Z28read_encoded_value_with_basehjPKhPj
                0x0203f05a      0x12a c:/nburn/gcc-m68k/bin/../lib/gcc/m68k-elf/4.2.1/../../../../m68k-elf/lib/m5208\libstdc++.a(eh_personality.o)
 .text._Z21base_of_encoded_valuehP15_Unwind_Context
                0x0203f184       0x8c c:/nburn/gcc-m68k/bin/../lib/gcc/m68k-elf/4.2.1/../../../../m68k-elf/lib/m5208\libstdc++.a(eh_personality.o)
 .text._Z17parse_lsda_headerP15_Unwind_ContextPKhP16lsda_header_info
                0x0203f210       0xec c:/nburn/gcc-m68k/bin/../lib/gcc/m68k-elf/4.2.1/../../../../m68k-elf/lib/m5208\libstdc++.a(eh_personality.o)
 .text._Z15get_ttype_entryP16lsda_header_infoj
                0x0203f2fc       0xe2 c:/nburn/gcc-m68k/bin/../lib/gcc/m68k-elf/4.2.1/../../../../m68k-elf/lib/m5208\libstdc++.a(eh_personality.o)
 .text._Z20check_exception_specP16lsda_header_infoPKSt9type_infoPvi
                0x0203f3de       0x70 c:/nburn/gcc-m68k/bin/../lib/gcc/m68k-elf/4.2.1/../../../../m68k-elf/lib/m5208\libstdc++.a(eh_personality.o)
 .text.__cxa_call_unexpected
                0x0203f44e       0xde c:/nburn/gcc-m68k/bin/../lib/gcc/m68k-elf/4.2.1/../../../../m68k-elf/lib/m5208\libstdc++.a(eh_personality.o)
                0x0203f44e                __cxa_call_unexpected
 .text.__gxx_personality_v0
                0x0203f52c      0x440 c:/nburn/gcc-m68k/bin/../lib/gcc/m68k-elf/4.2.1/../../../../m68k-elf/lib/m5208\libstdc++.a(eh_personality.o)
                0x0203f52c                __gxx_personality_v0
 .text._Z41__static_initialization_and_destruction_0ii
                0x0203f96c        0x8 c:/nburn/gcc-m68k/bin/../lib/gcc/m68k-elf/4.2.1/../../../../m68k-elf/lib/m5208\libstdc++.a(eh_alloc.o)
 .text._GLOBAL__I___cxa_allocate_exception
                0x0203f974       0x1a c:/nburn/gcc-m68k/bin/../lib/gcc/m68k-elf/4.2.1/../../../../m68k-elf/lib/m5208\libstdc++.a(eh_alloc.o)
 .text.__cxa_allocate_exception
                0x0203f98e       0xa4 c:/nburn/gcc-m68k/bin/../lib/gcc/m68k-elf/4.2.1/../../../../m68k-elf/lib/m5208\libstdc++.a(eh_alloc.o)
                0x0203f98e                __cxa_allocate_exception
 .text.__cxa_free_exception
                0x0203fa32       0x4a c:/nburn/gcc-m68k/bin/../lib/gcc/m68k-elf/4.2.1/../../../../m68k-elf/lib/m5208\libstdc++.a(eh_alloc.o)
                0x0203fa32                __cxa_free_exception
 .text.__cxa_rethrow
                0x0203fa7c       0x7c c:/nburn/gcc-m68k/bin/../lib/gcc/m68k-elf/4.2.1/../../../../m68k-elf/lib/m5208\libstdc++.a(eh_throw.o)
                0x0203fa7c                __cxa_rethrow
 .text.__cxa_throw
                0x0203faf8       0x6c c:/nburn/gcc-m68k/bin/../lib/gcc/m68k-elf/4.2.1/../../../../m68k-elf/lib/m5208\libstdc++.a(eh_throw.o)
                0x0203faf8                __cxa_throw
 .text._Z23__gxx_exception_cleanup19_Unwind_Reason_CodeP17_Unwind_Exception
                0x0203fb64       0x62 c:/nburn/gcc-m68k/bin/../lib/gcc/m68k-elf/4.2.1/../../../../m68k-elf/lib/m5208\libstdc++.a(eh_throw.o)
 .text.__cxa_get_globals_fast
                0x0203fbc6        0xe c:/nburn/gcc-m68k/bin/../lib/gcc/m68k-elf/4.2.1/../../../../m68k-elf/lib/m5208\libstdc++.a(eh_globals.o)
                0x0203fbc6                __cxa_get_globals_fast
 .text.__cxa_get_globals
                0x0203fbd4        0xe c:/nburn/gcc-m68k/bin/../lib/gcc/m68k-elf/4.2.1/../../../../m68k-elf/lib/m5208\libstdc++.a(eh_globals.o)
                0x0203fbd4                __cxa_get_globals
 .text._ZNKSt9exception4whatEv
                0x0203fbe2        0xe c:/nburn/gcc-m68k/bin/../lib/gcc/m68k-elf/4.2.1/../../../../m68k-elf/lib/m5208\libstdc++.a(eh_exception.o)
                0x0203fbe2                std::exception::what() const
 .text._ZNKSt13bad_exception4whatEv
                0x0203fbf0        0xe c:/nburn/gcc-m68k/bin/../lib/gcc/m68k-elf/4.2.1/../../../../m68k-elf/lib/m5208\libstdc++.a(eh_exception.o)
                0x0203fbf0                std::bad_exception::what() const
 .text._ZNSt9exceptionD0Ev
                0x0203fbfe       0x16 c:/nburn/gcc-m68k/bin/../lib/gcc/m68k-elf/4.2.1/../../../../m68k-elf/lib/m5208\libstdc++.a(eh_exception.o)
                0x0203fbfe                std::exception::~exception()
 .text._ZNSt9exceptionD1Ev
                0x0203fc14       0x12 c:/nburn/gcc-m68k/bin/../lib/gcc/m68k-elf/4.2.1/../../../../m68k-elf/lib/m5208\libstdc++.a(eh_exception.o)
                0x0203fc14                std::exception::~exception()
 .text._ZNSt9exceptionD2Ev
                0x0203fc26       0x12 c:/nburn/gcc-m68k/bin/../lib/gcc/m68k-elf/4.2.1/../../../../m68k-elf/lib/m5208\libstdc++.a(eh_exception.o)
                0x0203fc26                std::exception::~exception()
 .text._ZNSt13bad_exceptionD0Ev
                0x0203fc38       0x2a c:/nburn/gcc-m68k/bin/../lib/gcc/m68k-elf/4.2.1/../../../../m68k-elf/lib/m5208\libstdc++.a(eh_exception.o)
                0x0203fc38                std::bad_exception::~bad_exception()
 .text._ZNSt13bad_exceptionD1Ev
                0x0203fc62       0x16 c:/nburn/gcc-m68k/bin/../lib/gcc/m68k-elf/4.2.1/../../../../m68k-elf/lib/m5208\libstdc++.a(eh_exception.o)
                0x0203fc62                std::bad_exception::~bad_exception()
 .text._ZNSt13bad_exceptionD2Ev
                0x0203fc78       0x16 c:/nburn/gcc-m68k/bin/../lib/gcc/m68k-elf/4.2.1/../../../../m68k-elf/lib/m5208\libstdc++.a(eh_exception.o)
                0x0203fc78                std::bad_exception::~bad_exception()
 .text.__cxa_get_exception_ptr
                0x0203fc8e       0x10 c:/nburn/gcc-m68k/bin/../lib/gcc/m68k-elf/4.2.1/../../../../m68k-elf/lib/m5208\libstdc++.a(eh_catch.o)
                0x0203fc8e                __cxa_get_exception_ptr
 .text._ZSt18uncaught_exceptionv
                0x0203fc9e       0x1a c:/nburn/gcc-m68k/bin/../lib/gcc/m68k-elf/4.2.1/../../../../m68k-elf/lib/m5208\libstdc++.a(eh_catch.o)
                0x0203fc9e                std::uncaught_exception()
 .text.__cxa_end_catch
                0x0203fcb8       0x9a c:/nburn/gcc-m68k/bin/../lib/gcc/m68k-elf/4.2.1/../../../../m68k-elf/lib/m5208\libstdc++.a(eh_catch.o)
                0x0203fcb8                __cxa_end_catch
 .text.__cxa_begin_catch
                0x0203fd52       0x90 c:/nburn/gcc-m68k/bin/../lib/gcc/m68k-elf/4.2.1/../../../../m68k-elf/lib/m5208\libstdc++.a(eh_catch.o)
                0x0203fd52                __cxa_begin_catch
 .text._ZSt13set_terminatePFvvE
                0x0203fde2       0x18 c:/nburn/gcc-m68k/bin/../lib/gcc/m68k-elf/4.2.1/../../../../m68k-elf/lib/m5208\libstdc++.a(eh_terminate.o)
                0x0203fde2                std::set_terminate(void (*)())
 .text._ZSt14set_unexpectedPFvvE
                0x0203fdfa       0x18 c:/nburn/gcc-m68k/bin/../lib/gcc/m68k-elf/4.2.1/../../../../m68k-elf/lib/m5208\libstdc++.a(eh_terminate.o)
                0x0203fdfa                std::set_unexpected(void (*)())
 .text._ZN10__cxxabiv111__terminateEPFvvE
                0x0203fe12       0x32 c:/nburn/gcc-m68k/bin/../lib/gcc/m68k-elf/4.2.1/../../../../m68k-elf/lib/m5208\libstdc++.a(eh_terminate.o)
                0x0203fe12                __cxxabiv1::__terminate(void (*)())
 .text._ZSt9terminatev
                0x0203fe44       0x10 c:/nburn/gcc-m68k/bin/../lib/gcc/m68k-elf/4.2.1/../../../../m68k-elf/lib/m5208\libstdc++.a(eh_terminate.o)
                0x0203fe44                std::terminate()
 .text._ZN10__cxxabiv112__unexpectedEPFvvE
                0x0203fe54       0x10 c:/nburn/gcc-m68k/bin/../lib/gcc/m68k-elf/4.2.1/../../../../m68k-elf/lib/m5208\libstdc++.a(eh_terminate.o)
                0x0203fe54                __cxxabiv1::__unexpected(void (*)())
 .text._ZSt10unexpectedv
                0x0203fe64       0x10 c:/nburn/gcc-m68k/bin/../lib/gcc/m68k-elf/4.2.1/../../../../m68k-elf/lib/m5208\libstdc++.a(eh_terminate.o)
                0x0203fe64                std::unexpected()
 .text.__cxa_call_terminate
                0x0203fe74       0x42 c:/nburn/gcc-m68k/bin/../lib/gcc/m68k-elf/4.2.1/../../../../m68k-elf/lib/m5208\libstdc++.a(eh_call.o)
                0x0203fe74                __cxa_call_terminate
 .text._ZNK10__cxxabiv117__class_type_info11__do_upcastEPKS0_PPv
                0x0203feb6       0x68 c:/nburn/gcc-m68k/bin/../lib/gcc/m68k-elf/4.2.1/../../../../m68k-elf/lib/m5208\libstdc++.a(class_type_info.o)
                0x0203feb6                __cxxabiv1::__class_type_info::__do_upcast(__cxxabiv1::__class_type_info const*, void**) const
 .text._ZNK10__cxxabiv117__class_type_info20__do_find_public_srcElPKvPKS0_S2_
                0x0203ff1e       0x1a c:/nburn/gcc-m68k/bin/../lib/gcc/m68k-elf/4.2.1/../../../../m68k-elf/lib/m5208\libstdc++.a(class_type_info.o)
                0x0203ff1e                __cxxabiv1::__class_type_info::__do_find_public_src(long, void const*, __cxxabiv1::__class_type_info const*, void const*) const
 .text._ZN10__cxxabiv117__class_type_infoD0Ev
                0x0203ff38       0x2a c:/nburn/gcc-m68k/bin/../lib/gcc/m68k-elf/4.2.1/../../../../m68k-elf/lib/m5208\libstdc++.a(class_type_info.o)