Archive member included because of file (symbol)

C:\nburn\lib\DBMOD5234.a(bsp.od)
                              c:/nburn/gcc-m68k/bin/../lib/gcc/m68k-elf/4.2.1/../../../../m68k-elf/lib/m5208\nb-crt0.o (atexit)
C:\nburn\lib\DBMOD5234.a(ioboard.od)
                              lab4.od (getdipsw)
C:\nburn\lib\DBMOD5234.a(ETPUinit.od)
                              C:\nburn\lib\DBMOD5234.a(ioboard.od) (eTPUInit)
C:\nburn\lib\DBMOD5234.a(ETPU.od)
                              C:\nburn\lib\DBMOD5234.a(ETPUinit.od) (eTPURecordInit())
C:\nburn\lib\DBMOD5234.a(etpu_gpio.od)
                              C:\nburn\lib\DBMOD5234.a(ETPU.od) (fs_etpu_gpio_init)
C:\nburn\lib\DBMOD5234.a(etpu_uart.od)
                              C:\nburn\lib\DBMOD5234.a(ETPU.od) (fs_etpu_uart_init)
C:\nburn\lib\DBMOD5234.a(etpu_util.od)
                              C:\nburn\lib\DBMOD5234.a(ETPUinit.od) (fs_etpu_init)
C:\nburn\lib\DBMOD5234.a(pins.od)
                              C:\nburn\lib\DBMOD5234.a(ioboard.od) (PinIO::read())
C:\nburn\lib\DBNetBurner.a(ucosmcfa.od)
                              C:\nburn\lib\DBMOD5234.a(bsp.od) (OSCtxSw)
C:\nburn\lib\DBNetBurner.a(ucos.od)
                              C:\nburn\lib\DBNetBurner.a(ucosmcfa.od) (OSTCBCur)
C:\nburn\lib\DBNetBurner.a(ucosmain.od)
                              C:\nburn\lib\DBNetBurner.a(ucos.od) (OSTCBTbl)
C:\nburn\lib\DBNetBurner.a(fileio.od)
                              C:\nburn\lib\DBNetBurner.a(ucosmain.od) (ioctl)
C:\nburn\lib\DBNetBurner.a(main.od)
                              c:/nburn/gcc-m68k/bin/../lib/gcc/m68k-elf/4.2.1/../../../../m68k-elf/lib/m5208\nb-crt0.o (main)
C:\nburn\lib\DBNetBurner.a(ip.od)
                              lab4.od (InitializeStack(unsigned long, unsigned long, unsigned long, unsigned long))
C:\nburn\lib\DBNetBurner.a(buffers.od)
                              C:\nburn\lib\DBNetBurner.a(ip.od) (ChangeOwnerX)
C:\nburn\lib\DBNetBurner.a(arp.od)
                              C:\nburn\lib\DBNetBurner.a(ip.od) (wArpLifetime)
C:\nburn\lib\DBNetBurner.a(udp.od)
                              C:\nburn\lib\DBNetBurner.a(ip.od) (process_udp(pool_buffer*, IPPKT*, unsigned short))
C:\nburn\lib\DBNetBurner.a(tcp.od)
                              C:\nburn\lib\DBNetBurner.a(ip.od) (DumpTcpPacket(IPPKT*))
C:\nburn\lib\DBNetBurner.a(extraio.od)
                              C:\nburn\lib\DBMOD5234.a(ETPU.od) (GetExtraFD)
C:\nburn\lib\DBNetBurner.a(http.od)
                              lab4.od (StartHTTP)
C:\nburn\lib\DBNetBurner.a(httpinternal.od)
                              formcode.od (SetNewPostHandler)
C:\nburn\lib\DBNetBurner.a(htmldecomp.od)
                              C:\nburn\lib\DBNetBurner.a(httpinternal.od) (SendHeaderResponse(char*, int))
C:\nburn\lib\DBNetBurner.a(iosys.od)
                              C:\nburn\lib\DBNetBurner.a(tcp.od) (FD_SET)
C:\nburn\lib\DBNetBurner.a(netinterface.od)
                              C:\nburn\lib\DBNetBurner.a(arp.od) (GetFirstInterface())
C:\nburn\lib\DBNetBurner.a(taskmon.od)
                              lab4.od (EnableTaskMonitor())
C:\nburn\lib\DBNetBurner.a(autoupdate.od)
                              lab4.od (EnableAutoUpdate)
C:\nburn\lib\DBNetBurner.a(device.od)
                              C:\nburn\lib\DBNetBurner.a(main.od) (DeviceInitializeSem)
C:\nburn\lib\DBNetBurner.a(ucosmcfc.od)
                              C:\nburn\lib\DBNetBurner.a(ucos.od) (OSTaskCreatewName)
C:\nburn\lib\DBNetBurner.a(system.od)
                              C:\nburn\lib\DBNetBurner.a(udp.od) (isvalidcr)
C:\nburn\lib\DBNetBurner.a(utils.od)
                              C:\nburn\lib\DBNetBurner.a(system.od) (AsciiToIp)
C:\nburn\lib\DBMOD5234.a(serial.od)
                              C:\nburn\lib\DBNetBurner.a(fileio.od) (SerialClose)
C:\nburn\lib\DBMOD5234.a(ethernet.od)
                              C:\nburn\lib\DBNetBurner.a(netinterface.od) (AddEthernetInterface())
C:\nburn\lib\DBMOD5234.a(etherprint.od)
                              C:\nburn\lib\DBNetBurner.a(netinterface.od) (EtherInit())
C:\nburn\lib\DBMOD5234.a(emulticast.od)
                              C:\nburn\lib\DBMOD5234.a(ethernet.od) (EthEnableMulticast(MACADR))
c:/nburn/gcc-m68k/bin/../lib/gcc/m68k-elf/4.2.1/../../../../m68k-elf/lib/m5208\libstdc++.a(del_op.o)
                              formdata.od (operator delete(void*))
c:/nburn/gcc-m68k/bin/../lib/gcc/m68k-elf/4.2.1/../../../../m68k-elf/lib/m5208\libstdc++.a(eh_personality.o)
                              C:\nburn\lib\DBMOD5234.a(ethernet.od) (__gxx_personality_v0)
c:/nburn/gcc-m68k/bin/../lib/gcc/m68k-elf/4.2.1/../../../../m68k-elf/lib/m5208\libstdc++.a(eh_alloc.o)
                              c:/nburn/gcc-m68k/bin/../lib/gcc/m68k-elf/4.2.1/../../../../m68k-elf/lib/m5208\libstdc++.a(eh_personality.o) (__cxa_allocate_exception)
c:/nburn/gcc-m68k/bin/../lib/gcc/m68k-elf/4.2.1/../../../../m68k-elf/lib/m5208\libstdc++.a(eh_throw.o)
[...]
Memory Configuration

Name             Origin             Length             Attributes
ram              0x02000000         0x00800000         xrw
SRAM             0x20000400         0x0000fc00         xrw
*default*        0x00000000         0xffffffff

Linker script and memory map

LOAD c:/nburn/gcc-m68k/bin/../lib/gcc/m68k-elf/4.2.1/../../../../m68k-elf/lib/m5208\nb-crt0.o
LOAD c:/nburn/gcc-m68k/bin/../lib/gcc/m68k-elf/4.2.1/m5208/crtbegin.o
LOAD lab4.od
LOAD formdata.od
LOAD formcode.od
LOAD error_wrapper.od
LOAD htmldata.od
LOAD C:\nburn\MOD5234\lib\sys.ld
                0x20000000                vector_base = 0x20000000
                0x20010000                SRAM_END_ADDR = 0x20010000
                0x40000000                sim = 0x40000000
                0xffc04000                gConfigRec = 0xffc04000
                0xffc06000                UserParamBase = 0xffc06000
                0xffc00008                _RESET_ADDR = 0xffc00008
                0xffc08000                FlashAppBase = 0xffc08000
START GROUP
LOAD C:\nburn\lib\DBMOD5234.a
LOAD C:\nburn\lib\DBNetBurner.a
LOAD C:\nburn\lib\FatFile.a
LOAD C:\nburn\lib\DBrtl8711Library.a
LOAD C:\nburn\lib\DBdebugLibrary.a
END GROUP
LOAD c:/nburn/gcc-m68k/bin/../lib/gcc/m68k-elf/4.2.1/../../../../m68k-elf/lib/m5208\libstdc++.a
LOAD c:/nburn/gcc-m68k/bin/../lib/gcc/m68k-elf/4.2.1/../../../../m68k-elf/lib/m5208\libm.a
LOAD c:/nburn/gcc-m68k/bin/../lib/gcc/m68k-elf/4.2.1/m5208\libgcc.a
LOAD c:/nburn/gcc-m68k/bin/../lib/gcc/m68k-elf/4.2.1/../../../../m68k-elf/lib/m5208\libc.a
LOAD c:/nburn/gcc-m68k/bin/../lib/gcc/m68k-elf/4.2.1/m5208\libgcc.a
LOAD c:/nburn/gcc-m68k/bin/../lib/gcc/m68k-elf/4.2.1/m5208/crtend.o
START GROUP
LOAD c:/nburn/gcc-m68k/bin/../lib/gcc/m68k-elf/4.2.1/../../../../m68k-elf/lib/m5208\libc.a
LOAD c:/nburn/gcc-m68k/bin/../lib/gcc/m68k-elf/4.2.1/m5208\libgcc.a
LOAD c:/nburn/gcc-m68k/bin/../lib/gcc/m68k-elf/4.2.1/../../../../m68k-elf/lib/m5208\libm.a
END GROUP
                0x00000000                __DYNAMIC = 0x0
                0x02800000                PROVIDE (__stack, 0x2800000)
                0x00000000                PROVIDE (hardware_init_hook, 0x0)
                0x00000000                PROVIDE (_hardware_init_hook, 0x0)
                0x00000000                PROVIDE (software_init_hook, 0x0)
                0x00000000                PROVIDE (_software_init_hook, 0x0)

.SRAM_SECT      0x20000400        0x0
                0x20000400                SRAM_START = .
 *(SYS_VAR_SECT)
                0x20000400                SYS_VAR_SECT_END = .
                0x20000400                . = ALIGN (0x10)
 *(IDLE_STK_SECT)
                0x20000400                IDLE_STK_SECT_END = .
                0x20000400                . = ALIGN (0x10)
 *(MAIN_STK_SECT)
                0x20000400                MAIN_STK_SECT_END = .
                0x20000400                . = ALIGN (0x4)
 *(ETHER_VAR_SECT)
                0x20000400                ETHER_VAR_SECT_END = .
                0x20000400                . = ALIGN (0x10)
 *(ETHER_STK_SECT)
                0x20000400                ETHER_STK_SECT_END = .
                0x20000400                . = ALIGN (0x4)
 *(IP_VAR_SECT)
                0x20000400                IP_VAR_SECT_END = .
                0x20000400                . = ALIGN (0x10)
 *(IP_STK_SECT)
                0x20000400                IP_STK_SECT_END = .
                0x20000400                . = ALIGN (0x4)
 *(TCP_VAR_SECT)
                0x20000400                TCP_VAR_SECT_END = .
                0x20000400                . = ALIGN (0x10)
 *(TCP_STK_SECT)
                0x20000400                TCP_STK_SECT_END = .
                0x20000400                . = ALIGN (0x10)
 *(HTTP_STK_SECT)
                0x20000400                HTTP_STK_SECT_END = .
                0x20000400                . = ALIGN (0x10)
 *(FTP_STK_SECT)
                0x20000400                FTP_STK_SECT_END = .
                0x20000400                . = ALIGN (0x10)
 *(WIFI_STK_SECT)
                0x20000400                WIFI_STK_SECT_END = .
                0x20000400                . = ALIGN (0x10)
 *(PPP_STK_SECT)
                0x20000400                PPP_STK_SECT_END = .
                0x20000400                . = ALIGN (0x10)
 *(COMMAND_STK_SECT)
                0x20000400                COMMAND_STK_SECT_END = .
                0x20000400                . = ALIGN (0x4)
 *(USER_VAR_SECT)
                0x20000400                USER_VAR_SECT_END = .
                0x20000400                . = ALIGN (0x10)
 *(USER_STK_SECT)
                0x20000400                USER_STK_SECT_END = .
                0x20000400                BUFFERS_SECT_START = .
                0x20000400                . = ALIGN (0x10)
 *(BUFFERS_VAR_SECT)
                0x20000400                . = ALIGN (0x10)
                0x20000400                BUFFERS_VAR_SECT_END = .
                0x20000400                . = ALIGN (0x10)
                0x20000400                SRAM_END = .

.text           0x02000000    0x508b0
 *(.text)
 .text          0x02000000       0xaa c:/nburn/gcc-m68k/bin/../lib/gcc/m68k-elf/4.2.1/../../../../m68k-elf/lib/m5208\nb-crt0.o
                0x02000000                start
 *fill*         0x020000aa        0x2 00
 .text          0x020000ac       0x9c c:/nburn/gcc-m68k/bin/../lib/gcc/m68k-elf/4.2.1/m5208/crtbegin.o
 .text          0x02000148      0x29a lab4.od
                0x020002bc                ValidateMinRPMImage
                0x0200027c                ValidateMaxRPMImage
                0x020001b0                DisplayMotorMode
                0x02000368                UserMain
                0x0200023c                ValidateRotationImage
                0x020002fc                DisplayLameCounter
                0x020001fc                ValidateDirectionImage
 *fill*         0x020003e2        0x2 00
 .text          0x020003e4      0x6ac formdata.od
                0x02000a40                FormData::~FormData()
                0x02000924                FormData::SetMaxRPM(char*)
                0x020004c0                FormData::GetDirection()
                0x02000568                FormData::IsRotationsValid()
                0x020004d8                FormData::GetMode()
                0x0200042c                FormData::FormData(os_sem*)
                0x02000538                FormData::IsMinRPMValid()
                0x0200073c                FormData::SetRotations(char*)
                0x02000614                FormData::SetDirection(char*)
                0x02000a68                FormData::~FormData()
                0x020004f0                FormData::Init(unsigned char)
                0x02000a18                FormData::~FormData()
                0x020004a0                FormData::GetSteps()
                0x02000494                FormData::SetSteps(char*)
                0x02000580                FormData::IsDirectionValid()
                0x02000830                FormData::SetMinRPM(char*)
                0x02000484                FormData::GetMinRPM()
                0x020003e4                FormData::FormData(os_sem*)
                0x02000474                FormData::GetMaxRPM()
                0x02000598                FormData::checkNumericString(char*)
                0x020004b0                FormData::GetRotations()
                0x02000550                FormData::IsMaxRPMValid()
 .text          0x02000a90      0x25c formcode.od
                0x02000aa4                CheckExtractResult(char*, int, char*, char*, char*)
                0x02000a90                RegisterPost()
                0x02000b00                MyDoPost(int, char*, char*, char*)
 .text          0x02000cec      0x22a error_wrapper.od
                0x02000cec                display_error(char const*, unsigned char)
 *fill*         0x02000f16        0x2 00
 .text          0x02000f18       0x66 htmldata.od
                0x02000f6c                DoHtmlVariable(int, unsigned short)
                0x02000f18                DoHtmlFunction(int, char const*, unsigned short)
 *fill*         0x02000f7e        0x2 00
 .text          0x02000f80      0x80a C:\nburn\lib\DBMOD5234.a(bsp.od)
                0x02001578                _sbrk_r
                0x02001118                HardwareSetup
                0x02001508                DisableCache
                0x02001738                spaceleft
                0x020015fc                LocalInByte
                0x020012a8                ForceReboot
                0x02001368                FlashProgram
                0x02000f84                Tick5234
                0x02001774                BspGetTickFraction
                0x02000f80                xTick
                0x020012c4                FlashErase
                0x02001654                LocalOutByte
                0x020015f0                atexit
                0x020011dc                GetPreciseTime
                0x0200152c                EnableCache
                0x02000f9c                SetIntc
                0x02001704                LocalCharAvail
 *fill*         0x0200178a        0x2 00
 .text          0x0200178c      0x7b8 C:\nburn\lib\DBMOD5234.a(ioboard.od)
                0x02001914                putleds
                0x020017e4                putdisp
                0x02001834                ModDev70Detect()
                0x02001c34                getdipsw
                0x0200178c                InitChipBoardSelect()
 .text          0x02001f44      0x1a0 C:\nburn\lib\DBMOD5234.a(ETPUinit.od)
                0x02002024                MOD5234_etpu_init
                0x02002098                eTPUInit
                0x02001f44                MOD5234_etpu_start
 .text          0x020020e4     0x229c C:\nburn\lib\DBMOD5234.a(ETPU.od)
                0x02002440                fake_ETPU_CH8()
                0x02002644                real_ETPU_CH12
                0x02002500                real_ETPU_CH9
                0x02002300                ETPU_CH5
                0x02002588                ETPU_CH11
                0x020022fc                fake_ETPU_CH5()
                0x02002228                ETPU_CH3
                0x02003ecc                eTPUFunctionUARTRX
                0x02003450                eTPUInitFIFO
                0x020026cc                ETPU_CH14
                0x020026b0                real_ETPU_CH13
                0x02002d34                eTPUReadUART
                0x020031ac                eTPUDoISR(int)
                0x020024ac                fake_ETPU_CH9()
                0x0200368c                ETPU_UART_FD_CLOSE(int)
                0x02002494                real_ETPU_CH8
                0x0200256c                real_ETPU_CH10
                0x02002908                eTPURecordInit()
                0x02002224                fake_ETPU_CH3()
                0x02003760                eTPUInterruptEnable
                0x02002428                real_ETPU_CH7
                0x02002138                real_ETPU_CH0
                0x02003498                eTPUDriveGPIO
                0x02002f24                eTPUgetCharUART
                0x020026c8                fake_ETPU_CH14()
                0x0200418c                eTPUFDUartOpen
                0x0200265c                fake_ETPU_CH13()
                0x02002368                fake_ETPU_CH6()
                0x020023d4                fake_ETPU_CH7()
                0x020023d8                ETPU_CH7
                0x020027a0                fs_timer_stop
                0x020030c0                ETPU_UART_FD_WRITE(int, char const*, int)
                0x02003704                eTPUFunctionGPIO
                0x020025d8                real_ETPU_CH11
                0x02002844                eTPUEventClear
                0x0200220c                real_ETPU_CH2
                0x02002734                fake_ETPU_CH15()
                0x02002290                fake_ETPU_CH4()
                0x020022e4                real_ETPU_CH4
                0x02002294                ETPU_CH4
                0x020020e4                fake_ETPU_CH0()
                0x020025f4                ETPU_CH12
                0x02002788                real_ETPU_CH15
                0x020020e8                ETPU_CH0
                0x0200271c                real_ETPU_CH14
                0x02004030                eTPUFunctionUARTTX
                0x0200251c                ETPU_CH10
                0x020021b8                fake_ETPU_CH2()
                0x0200364c                eTPUCloseChannel
                0x02002350                real_ETPU_CH5
                0x02002cec                eTPUCharAvailUART
                0x020024b0                ETPU_CH9
                0x02002e38                ETPU_UART_FD_READ(int, char*, int)
                0x02002738                ETPU_CH15
                0x02002584                fake_ETPU_CH11()
                0x020034f8                eTPUSetGPIO
                0x0200236c                ETPU_CH6
                0x02002660                ETPU_CH13
                0x020021bc                ETPU_CH2
                0x0200214c                fake_ETPU_CH1()
                0x020021a0                real_ETPU_CH1
                0x020027bc                eTPUInterruptDisable
                0x02002150                ETPU_CH1
                0x0200287c                eTPUEventPoll
                0x02002278                real_ETPU_CH3
                0x02002b98                eTPUChanInit(int)
                0x020023bc                real_ETPU_CH6
                0x02002444                ETPU_CH8
                0x020025f0                fake_ETPU_CH12()
                0x02002518                fake_ETPU_CH10()
                0x02002f4c                eTPUWriteUART
                0x02003568                eTPUInputGPIO
 .text          0x02004380      0x2fe C:\nburn\lib\DBMOD5234.a(etpu_gpio.od)
                0x02004640                fs_etpu_gpio_pin_history
                0x02004424                fs_etpu_gpio_output_high
                0x02004380                fs_etpu_gpio_init
                0x02004570                fs_etpu_gpio_cfg_input_periodic
                0x02004610                fs_etpu_gpio_input_immed
                0x020044e8                fs_etpu_gpio_cfg_input_trans
                0x02004484                fs_etpu_gpio_output
                0x02004454                fs_etpu_gpio_output_low
 *fill*         0x0200467e        0x2 00
 .text          0x02004680      0x386 C:\nburn\lib\DBMOD5234.a(etpu_uart.od)
                0x02004964                fs_etpu_uart_write_transmit_data
                0x0200499c                fs_etpu_uart_read_receive_data
                0x02004680                fs_etpu_uart_init
 *fill*         0x02004a06        0x2 00
 .text          0x02004a08      0xa5c C:\nburn\lib\DBMOD5234.a(etpu_util.od)
                0x0200538c                fs_etpu_get_global_24
                0x02004fec                fs_etpu_set_chan_local_32
                0x02004ec8                fs_timer_start
                0x020052e8                fs_etpu_set_global_32
                0x02005238                fs_etpu_get_chan_local_16
                0x02004ee4                fs_etpu_malloc
                0x020050e8                fs_etpu_set_chan_local_8
                0x02004ca8                fs_etpu_data_ram
                0x0200531c                fs_etpu_set_global_16
                0x0200535c                fs_etpu_get_global32
                0x02005140                fs_etpu_get_chan_local_32
                0x020051e0                fs_etpu_get_chan_local_24
                0x02005290                fs_etpu_get_chan_local_8
                0x02005190                fs_etpu_get_chan_local_24s
                0x02004f50                fs_etpu_malloc2
                0x02005300                fs_etpu_set_global_24
                0x02004ba8                fs_etpu_chan_init
                0x0200533c                fs_etpu_set_global_8
                0x02004e60                fs_etpu_dma_enable
                0x02004d2c                fs_etpu_get_hsr
                0x02005374                fs_etpu_get_global_24s
                0x02004e2c                fs_etpu_interrupt_disable
                0x020053cc                fs_etpu_get_global_8
                0x02005420                fs_memset32
                0x02005090                fs_etpu_set_chan_local_16
                0x020053ec                fs_memcpy32
                0x02004dc4                fs_etpu_disable
                0x02004df8                fs_etpu_interrupt_enable
                0x0200503c                fs_etpu_set_chan_local_24
                0x02004cf0                fs_etpu_set_hsr
                0x02004a08                fs_etpu_init
                0x020053ac                fs_etpu_get_global_16
                0x02004d60                fs_etpu_enable
                0x02004e94                fs_etpu_dma_disable
 .text          0x02005464     0x24d2 C:\nburn\lib\DBMOD5234.a(pins.od)
                0x02006c54                PinIO::set(unsigned char)
                0x02005464                PinIO::function(int)
                0x020067a0                PinIO::drive()
                0x02006770                CReadPin
                0x02005bb8                PinIO::read()
                0x0200671c                CGPInPin
 *fill*         0x02007936        0xa 00
 .text          0x02007940      0x44a C:\nburn\lib\DBNetBurner.a(ucosmcfa.od)
                0x02007a20                OSDebugTraceHalt
                0x02007940                OSStartHighRdy
                0x02007a30                TrapOutByte
                0x02007a60                memcpy
                0x02007a60                fmemcpy
                0x02007960                OSCtxSw
                0x02007a50                TrapCharAvail
                0x02007990                OSIntCtxSw
                0x02007a40                TrapInByte
                0x020079c0                OSTickISR
                0x02007b30                memcpysum
                0x02007a00                OSSetupVBR
                0x02007d60                GetSR_IntLevel
                0x02007cc0                memset
                0x02007cc0                fmemset
                0x02007d70                SetSR_IntLevel
 *fill*         0x02007d8a        0x2 00
 .text          0x02007d8c     0x29ba C:\nburn\lib\DBNetBurner.a(ucos.od)
                0x0200a460                OSCritEnterNoWait
                0x0200806a                UCOSWAITS_HERE
                0x02009fc0                OSFifoPostFirst
                0x0200a504                OSCritLeave
                0x0200a198                getpid
                0x02008478                OSLock
                0x02009878                OSQPostFirst
                0x0200a704                OSTaskID
                0x020095ac                OSQPendNoWait
                0x0200a720                OSSetName
                0x020080f4                OSIntExit
                0x02008ae8                OSSemPendNoWait
                0x0200869c                OSTaskDelete
                0x020084a0                OSUnlock
                0x0200a1b4                OSCritInit
                0x02009640                OSQPost
                0x0200a228                OSCritEnter
                0x02009b40                OSFifoPend
                0x020088a4                OSSemPend
                0x02008d54                OSMboxInit
                0x02009058                OSMboxPost
                0x02009abc                OSFifoInit
                0x020092f0                OSQPend
                0x02007fc4                OSSched
                0x020081b0                OSTimeDly
                0x02008b50                OSSemPost
                0x020084d4                OSChangePrio
                0x0200843c                OSTCBGetFree
                0x020080cc                OSIntEnterWAS
                0x02009008                OSMboxPendNoWait
                0x02009de0                OSFifoPost
                0x02008808                OSSemInit
                0x02007f30                OSStart
                0x020082cc                OSTimeTick
                0x02009230                OSQInit
                0x0200a734                OSTaskName
                0x02009d74                OSFifoPendNoWait
                0x02008dd0                OSMboxPend
                0x02007d8c                OSInit
                0x0200829c                OSChangeTaskDly
 *fill*         0x0200a746        0x2 00
 .text          0x0200a748      0x19a C:\nburn\lib\DBNetBurner.a(ucosmain.od)
                0x0200a7a0                __malloc_unlock
                0x0200a80c                UCosBegin
                0x0200a7c4                balloc_lock
                0x0200a748                UCosSetup
                0x0200a7e8                balloc_unlock
                0x0200a77c                __malloc_lock
 *fill*         0x0200a8e2        0x2 00
 .text          0x0200a8e4      0x978 C:\nburn\lib\DBNetBurner.a(fileio.od)
                0x0200a8e4                ioctl
                0x0200ac94                isatty
                0x0200b1f8                CurrentStdioFD
                0x0200aff4                lseek
                0x0200b110                ReplaceStdio
                0x0200aae8                write
                0x0200b00c                fstat
                0x0200aa40                rawwrite
                0x0200b02c                stdioinbyte
                0x0200acb4                read
                0x0200b23c                outbyte
                0x0200aa28                open
                0x0200b0c8                charavail
                0x0200b230                fcntl
                0x0200a9b0                close
 .text          0x0200b25c       0x8a C:\nburn\lib\DBNetBurner.a(main.od)
                0x0200b294                main
                0x0200b25c                __do_global_ctors
 *fill*         0x0200b2e6        0x2 00
 .text          0x0200b2e8     0x1db4 C:\nburn\lib\DBNetBurner.a(ip.od)
                0x0200bd10                FixUpICMP(IPPKT*, unsigned char, unsigned char, unsigned char*, unsigned short)
                0x0200b2e8                IsMultiCast(unsigned long)
                0x0200ca98                FixHeaderAndSend(pool_buffer*, IPPKT*)
                0x0200c110                DoIPPacket(pool_buffer*, EFRAME*, unsigned short)
                0x0200b3f0                GetSum20
                0x0200cea4                PingViaInterface
                0x0200c064                SaveError(pool_buffer*)
                0x0200c5d0                process_icmp(pool_buffer*, IPPKT*, unsigned short)
                0x0200b6a8                IpProcessEthernetPacket
                0x0200c39c                FixHeaderAndSendViaInterface(pool_buffer*, IPPKT*, int)
                0x0200b964                ShowIPBuffer(pool_buffer*)
                0x0200ccdc                SendICMPError(pool_buffer*, unsigned char, unsigned char)
                0x0200bef4                InitializeStack(unsigned long, unsigned long, unsigned long, unsigned long)
                0x0200b5b4                GetData(IPPKT*)
                0x0200c040                InitializeCStack
                0x0200d04c                Ping
                0x0200b358                GetSum
                0x0200c0d4                IsMyIp
                0x0200be50                IsBroadCast(unsigned long, int)
                0x0200bdc8                KillStack
                0x0200b618                PrepareIPOutput(pool_buffer*, unsigned long, unsigned short)
                0x0200b318                GetMultiAddress(unsigned long)
                0x0200cd8c                SendPing
                0x0200b490                GetSumHdr
                0x0200bdd8                IsLocal(unsigned long, int)
                0x0200c7e4                IPTask(void*)
 .text          0x0200d09c     0x183c C:\nburn\lib\DBNetBurner.a(buffers.od)
                0x0200d750                fifo_buffer_storage::Full()
                0x0200e3a8                ShowBuffer
                0x0200d814                fifo_buffer_storage::Reset(unsigned char)
                0x0200d20c                InitBuffers
                0x0200d0c0                ChangeOwnerX
                0x0200d334                buffer_list::InsertBefore(pool_buffer*, pool_buffer*)
                0x0200daac                fifo_buffer_storage::fifo_buffer_storage(unsigned char, unsigned char)
                0x0200d724                fifo_buffer_storage::Empty()
                0x0200df94                fifo_buffer_storage::ReadDatawSum(unsigned char*, int, unsigned long&)
                0x0200d708                fifo_buffer_storage::SpaceUsed()
                0x0200d104                buffer_list::InsertHead(pool_buffer*)
                0x0200d0e4                GetFreeCount
                0x0200d09c                IncUsageCount
                0x0200da74                fifo_buffer_storage::fifo_buffer_storage(unsigned char, unsigned char)
                0x0200d298                buffer_list::InsertTail(pool_buffer*)
                0x0200e518                ShowBuffers
                0x0200d8cc                fifo_buffer_storage::~fifo_buffer_storage()
                0x0200d8e0                fifo_buffer_storage::SetMaxBuffers(unsigned char)
                0x0200e210                fifo_buffer_storage::ReadData(unsigned char*, int)
                0x0200da08                fifo_buffer_storage::Init(unsigned char, unsigned char)
                0x0200e6ac                DumpBuffers()
                0x0200d59c                buffer_list::RemoveHead()
                0x0200dae4                GetBufferX
                0x0200d4a4                buffer_list::Remove(pool_buffer*)
                0x0200d658                buffer_list::RemoveTail()
                0x0200d920                fifo_buffer_storage::LongSpaceAvail()
                0x0200db54                fifo_buffer_storage::WriteData(unsigned char*, int)
                0x0200d1a8                FreeBufferX
                0x0200d3ec                buffer_list::InsertAfter(pool_buffer*, pool_buffer*)
                0x0200d9c4                fifo_buffer_storage::SpaceAvail()
                0x0200d8b8                fifo_buffer_storage::~fifo_buffer_storage()
 .text          0x0200e8d8     0x2058 C:\nburn\lib\DBNetBurner.a(arp.od)
                0x0200f7b4                FindAddArp(unsigned long)
                0x0200ea60                sendGratuitousArp(int)
                0x0200e920                MacEqual(MACADR, MACADR)
                0x0200f428                InitializeArp()
                0x0200f540                FindArp(unsigned long)
                0x02010104                SendArp(ArpRecord*, int)
                0x020108d0                GetInterface(unsigned long)
                0x0200fd10                AddCheckArp(MACADR*, unsigned long, int)
                0x0200e984                SetMac(ArpRecord*, MACADR, int)
                0x0200f730                DeleteArpFromIp(unsigned long)
                0x0200f6b8                GetArpMacFromIp(unsigned long, MACADR&)
                0x02010150                RouteOutVia(EFRAME*, unsigned long, pool_buffer*, int)
                0x0200fffc                GetProperInterface(unsigned long)
                0x0200f384                FreeOneArp()
                0x0200fda0                processArp(pool_buffer*, EFRAME*)
                0x0200ea18                NeedsArp(int)
                0x0200ed0c                GetNextArp(ArpRecord*)
                0x0200eb9c                RawSendArp(ArpRecord*, unsigned long, int)
                0x0200f220                AgeArp()
                0x0201042c                RouteOut(EFRAME*, unsigned long, pool_buffer*)
                0x0200ee08                ShowArp()
                0x0200efc0                DeleteArp(ArpRecord*)
                0x0200eda4                GetFirstArp()
                0x020107a0                GetSrcIp
                0x0200fb3c                IsMyAddressUsedArpDetect(unsigned short, int)
                0x0200e918                Cleanup()
                0x0200e8d8                IsNull(ArpRecord*)
                0x0200eed4                fShowArp(__sFILE*)
                0x0200f758                AddPending(MACADR*, unsigned long, int)
 .text          0x02010930     0x1b02 C:\nburn\lib\DBNetBurner.a(udp.od)
                0x020113e8                UDPPacket::Send(unsigned long, unsigned char)
                0x02010a70                UDPPacket::SetDestinationPort(unsigned short)
                0x02010b9c                UDPPacket::GetPacketId()
                0x02010c0c                UDPPacket::GetSourceAddress()
                0x020123dc                UDPPacket::UDPPacket()
                0x02011140                UDPPacket::AddDataByte(unsigned char)
                0x02011538                UDPPacket::SendAndKeep(unsigned long, unsigned char)
                0x02011060                UDPPacket::AddData(unsigned char*, unsigned short)
                0x02010c40                RegisterUDPFifo(unsigned short, os_fifo*)
                0x02011198                UDPPacket::AddData(char const*)
                0x020109cc                UDPPacket::UDPPacket(pool_buffer*)
                0x02011290                UDPPacket::SendViaInterface(unsigned long, int, unsigned char)
                0x02010b84                UDPPacket::GetIpPacket()
                0x020115e4                UDPPacket::~UDPPacket()
                0x02010930                GetUdpFifoRec(unsigned short)
                0x02010ad4                UDPPacket::GetDataBuffer()
                0x02010d7c                RegisterUDPFifoWithNotify(unsigned short, os_fifo*, void (*)(os_fifo*, unsigned short))
                0x020109f0                UDPPacket::UDPPacket(pool_buffer*)
                0x02010b34                UDPPacket::GetDataSize() const
                0x0201172c                ProcessIDPacket(UDPPacket&, int)
                0x02011168                UDPPacket::AddDataWord(unsigned short)
                0x02012008                process_udp(pool_buffer*, IPPKT*, unsigned short)
                0x020111cc                UDPPacket::Validate()
                0x02010a9c                UDPPacket::GetDestinationPort() const
                0x02010ebc                UnregisterUDPFifo(unsigned short)
                0x02011624                UDPPacket::UDPPacket(os_fifo*, unsigned long)
                0x02010b04                UDPPacket::SetDataSize(unsigned short)
                0x02010b70                UDPPacket::ResetData()
                0x020115a4                UDPPacket::~UDPPacket()
                0x0201167c                UDPPacket::UDPPacket(os_fifo*, unsigned long)
                0x02010a14                UDPPacket::SetSourcePort(unsigned short)
                0x02010a3c                UDPPacket::GetSourcePort() const
                0x02010fbc                FixIDDataPacket(UDPPacket&, int)
                0x020116d4                UDPPacket::UDPPacket()
                0x02010bdc                UDPPacket::GetDestinationAddress()
 *fill*         0x02012432        0x2 00
 .text          0x02012434     0x9b0a C:\nburn\lib\DBNetBurner.a(tcp.od)
                0x0201afc0                SendTcpRst(IPPKT*)
                0x02012b90                GetTcpState(int)
                0x02012be8                GetTcpDState
                0x020169dc                InitTCP()
                0x02015a00                DBSHOWDATA(int, char const*, long)
                0x0201a4c8                _Socket_Private_read
                0x02012b2c                ShortSocketList::ShortSocketList()
                0x02012c38                SetOutOfOrderbuffers(int, unsigned char)
                0x020127bc                GetSocketRemotePort(int)
                0x0201627c                socket_struct::MyAdvertisedWindow()
                0x0201585c                SetSocketTxBuffers(int, int)
                0x02012974                setsockoption(int, int)
                0x02016f70                TcpSend(socket_struct*, unsigned long, pool_buffer*, unsigned short, unsigned char)
                0x02019e18                TCPTimerTask(void*)
                0x0201bd88                process_tcp(pool_buffer*, IPPKT*, unsigned short)
                0x02015680                socket_struct::ProcessRST()
                0x02012ca8                TcpGetLastRxTime(int)
                0x020197ac                abortsocket
                0x0201917c                socket_struct::ProcessDataSegment(TCPPKT*, unsigned short, unsigned char*, pool_buffer*&)
                0x02013158                HashSocketList::RemoveSocket(socket_struct*) const
                0x02018460                _Socket_Private_write
                0x020129d8                getsockoption(int)
                0x02018030                socket_struct::ProcessAck(TCPPKT*)
                0x02013610                RawDumpTcpDebug(socket_struct*)
                0x02015b3c                socket_struct::SaveData(unsigned char*, unsigned short, unsigned char)
                0x02014524                ShowTCPStates()
                0x020130c8                GetTcpRtxCount(int)
                0x020125f0                fixoverlap(unsigned long, unsigned long, unsigned long&, unsigned long&)
                0x02014fbc                socket_struct::SetTimer(unsigned long)
                0x0201af84                connect(unsigned long, unsigned short, unsigned short, unsigned long)
                0x02012aa4                HashSocketList::HashSocketList()
                0x02014a50                GetTcpSocket(TCPPKT*, unsigned long)
                0x02012fac                TcpGetRxBufferSpaceUsed(int)
                0x020172e4                socket_struct::DoRawSend()
                0x02013b90                ShowFdTcpSocket(int)
                0x02014f2c                socket_struct::ClearPending(int)
                0x020159a0                DBSHOWDATA(int, char const*, unsigned long)
                0x02014008                ShortSocketList::findsocket(unsigned short, unsigned short, unsigned long) const
                0x0201a94c                connect(unsigned long, unsigned short, unsigned short, unsigned long, unsigned long)
                0x020190b4                TcpSendKeepAlive(int)
                0x02015a60                DBSHOWDATA(int, char const*, int)
                0x02012720                getsocketerror(int)
                0x02012a80                EnableTcpDebug(unsigned short)
                0x02019c80                socket_struct::ProcessTimer()
                0x0201504c                socket_struct::SetUpNextRetransmit()
                0x02012a9c                HashSocketList::HashSocketList()
                0x0201a090                SockReadWithTimeout
                0x02013010                GetFreeSocketCount()
                0x02019584                socket_struct::ProcessFIN(TCPPKT*, unsigned short)
                0x02016ba8                FixHeaderAndSendTcp(pool_buffer*, IPPKT*, socket_struct*)
                0x02012a28                setsocketackbuffers(int, unsigned char)
                0x0201293c                socket_struct::CleanUpDeletedListener()
                0x02012580                FindListenSocket(unsigned short, unsigned long)
                0x02016cf4                TcpSendwSum(socket_struct*, unsigned long, pool_buffer*, unsigned short, unsigned char, unsigned long)
                0x02015168                socket_struct::DoCleanup()
                0x02014b44                DumpTcpPacket(TCPPKT*, unsigned short)
                0x02015ca4                socket_struct::TestOutofOrder()
                0x02012d50                TcpGetLastRxInterval(int)
                0x02012434                GetFirstSeq()
                0x0201352c                FREESOCKET(socket_struct*)
                0x020154e8                ShortSocketList::AddSocket(socket_struct*)
                0x02017e04                socket_struct::DoRetransmit(unsigned char)
                0x02012b3c                ShortSocketList::Init()
                0x0201414c                ShortSocketList::processTick()
                0x020188d0                _Socket_Private_close
                0x0201a4e8                accept(int, unsigned long*, unsigned short*, unsigned short)
                0x02012b34                ShortSocketList::ShortSocketList()
                0x020158c8                SetSocketRxBuffers(int, int)
                0x02019af4                listen(unsigned long, unsigned short, unsigned char)
                0x02012aac                HashSocketList::Init() const
                0x020142d4                ShortSocketList::GetFreeShort()
                0x02012770                GetSocketRemoteAddr(int)
                0x020148d8                HashSocketList::findsocket(unsigned short, unsigned short, unsigned long) const
                0x02012f28                WaitForSocketFlush(int, unsigned long)
                0x02014eec                DumpTcpPacket(IPPKT*)
                0x02015750                RemoveFromUserCloseList(socket_struct*)
                0x0201246c                ValidateTCP(IPPKT*, unsigned short)
                0x02017014                ShortSocketList::process(pool_buffer*, TCPPKT*, unsigned long) const
                0x020134f0                socket_struct::SetState(int)
                0x02016098                socket_struct::processoptions(pool_buffer*, TCPPKT*, IPPKT*)
                0x020179bc                socket_struct::DoClose(int)
                0x02019958                GetFreeSocket()
                0x02012810                GetSocketLocalPort(int)
                0x0201634c                ShowTcpSocket(socket_struct*)
                0x02015934                DBSHOWDATA(int, char const*, unsigned short)
                0x020147b8                HashSocketList::AddSocket(socket_struct*) const
                0x02012ad8                ShortSocketList::FreeShort(ShortSocket*) const
                0x02012864                socket_struct::CalcRTO(unsigned long)
                0x0201a010                socket_struct::OpenWindow()
                0x0201bcdc                SendTcpSynRst(IPPKT*)
                0x02012ea0                TcpAllDataAcked(int)
                0x020178f0                clrsockoption(int, int)
                0x02012cfc                TcpGetSocketState(int)
                0x02013b80                DumpTcpDebug()
                0x02015ac0                GetSocketLocalAddr(int)
                0x02016970                DBSHOWDATA(int, char const*, unsigned char)
                0x0201b0b4                socket_struct::process(pool_buffer*, TCPPKT*)
                0x02012bf8                RegisterTCPReadNotify
                0x02013240                DebugTraceFunc(socket_struct*, IPPKT*, TCPPKT*, unsigned short, int)
                0x02018a68                socket_struct::SendState(unsigned short, pool_buffer*)
 *fill*         0x0201bf3e        0x2 00
 .text          0x0201bf40      0x2cc C:\nburn\lib\DBNetBurner.a(extraio.od)
                0x0201bfb0                ExpandWrite(int, char const*, int)
                0x0201c020                ExpandClose(int)
                0x0201c084                InitExtras()
                0x0201c0c4                GetExtraFD
                0x0201bf40                ExpandRead(int, char*, int)
                0x0201c180                FreeExtraFd
                0x0201c1d0                GetExtraData
 .text          0x0201c20c      0x57a C:\nburn\lib\DBNetBurner.a(http.od)
                0x0201c20c                StartHTTP
                0x0201c3ac                HttpMain(void*)
                0x0201c250                processHttpRequest(char**, char*, char*, int, HTTP_Request&)
 *fill*         0x0201c786        0x2 00
 .text          0x0201c788     0x107e C:\nburn\lib\DBNetBurner.a(httpinternal.od)
                0x0201c7cc                SetNewPostHandler
                0x0201d08c                BaseDoGet
                0x0201c82c                SetNewMultiPartHandler
                0x0201cd14                SendHTMLHeader
                0x0201c790                append(char*&, char*)
                0x0201c84c                SetNewMultiPartExtractHandler
                0x0201d250                HTTP_Request::Respond(int)
                0x0201cea0                writesafestring
                0x0201d004                ShowIPOnFd(int, unsigned long)
                0x0201cc1c                SendGifHeader
                0x0201cc38                SendTextHeader
                0x0201cc54                BaseDoHead
                0x0201cb90                NotFoundResponse
                0x0201c7c0                BaseDoPost
                0x0201c86c                SetNewErrorHandler
                0x0201c8c0                ExtractPostData
                0x0201cbe0                RedirectResponse
                0x0201d404                HTTP_Request::ProcessLine(char*)
                0x0201c7ec                SetNewGetHandler
                0x0201c788                StopHTTP
                0x0201c88c                InitHttp()
                0x0201c80c                SetNewHeadHandler
                0x0201cd30                writeallsafestring
                0x0201d214                SendHTMLHeaderWCookie
                0x0201cb24                httpstricmp
 *fill*         0x0201d806        0x2 00
 .text          0x0201d808      0xa36 C:\nburn\lib\DBNetBurner.a(htmldecomp.od)
                0x0201d888                SendHtml(int, char*, int, char const*)
                0x0201dc80                SendData(HTML_FILE_RECORD*, int, char const*)
                0x0201dd60                GetRecordFromName(char*)
                0x0201d808                SendHeader(int, char const*, int)
                0x0201dff0                SendFullResponse(char*, int)
                0x0201ddc8                SendFileFragment(char*, int, char const*)
                0x0201d868                SendCompressed(int, char*, int)
                0x0201de08                SendHeaderResponse(char*, int)
                0x0201d84c                SendXMLHeader(int)
 *fill*         0x0201e23e        0x2 00
 .text          0x0201e240      0x8fc C:\nburn\lib\DBNetBurner.a(iosys.od)
                0x0201e7e4                SetDataAvail
                0x0201e5a0                writeall
                0x0201e678                RawCheckSelects()
                0x0201e784                SetHaveError
                0x0201e828                RemoveSelect(PendingSelect*)
                0x0201e7a0                SetWriteAvail
                0x0201e414                ZeroWaitSelect
                0x0201e8bc                AddSelect(PendingSelect*)
                0x0201e330                FD_ISSET
                0x0201e660                ClrDataAvail
                0x0201e938                select
                0x0201e648                ClrWriteAvail
                0x0201e718                CheckSelects()
                0x0201e52c                writestring
                0x0201e3d0                countbits(fd_set*)
                0x0201e2b4                FD_OVERLAP(fd_set*, fd_set*)
                0x0201e4e4                dataavail
                0x0201e314                FD_ZERO
                0x0201e27c                FD_SET
                0x0201e630                ClrHaveError
                0x0201e394                countdwbits(unsigned long)
                0x0201ea20                ReadWithTimeout
                0x0201e240                FD_CLR
 .text          0x0201eb3c      0x5ba C:\nburn\lib\DBNetBurner.a(netinterface.od)
                0x0201efc0                InitializeNetwork(void (*)(pool_buffer*, EFRAME*, unsigned short), void (*)(pool_buffer*, EFRAME*))
                0x0201ec04                InterfaceIP(int)
                0x0201ed90                GetEframe(pool_buffer*)
                0x0201ef28                SaveIfConfig(ConfigRecord*, int)
                0x0201eb3c                GetFirstInterface()
                0x0201ef70                GetIfConfig(int)
                0x0201ed24                InterfaceMAC(int)
                0x0201ebc8                GetInterFaceBlock(int)
                0x0201ec4c                InterfaceDNS(int)
                0x0201ec94                InterfaceMASK(int)
                0x0201eb80                GetnextInterface(int)
                0x0201f038                TransmitBuffer(pool_buffer*, int)
                0x0201edf0                DisableMulticast(MACADR, int)
                0x0201ee40                RegisterInterface(_InterfaceBlock*)
                0x0201eda4                EnableMulticast(MACADR, int)
                0x0201eedc                Removeinterface(int)
                0x0201ee38                StopNetworks()
                0x0201ecdc                InterfaceGate(int)
 *fill*         0x0201f0f6        0x2 00
 .text          0x0201f0f8      0x6ae C:\nburn\lib\DBNetBurner.a(taskmon.od)
                0x0201f6c4                ProcessTaskPacket(UDPPacket&, int)
                0x0201f0f8                EnableTaskMonitor()
                0x0201f10c                BufferDumpTCBState(os_tcb*)
 *fill*         0x0201f7a6        0x2 00
 .text          0x0201f7a8      0xa1c C:\nburn\lib\DBNetBurner.a(autoupdate.od)
                0x020200c4                ProcessAutoUpdatePacket(UDPPacket&)
                0x0201fba0                DoData(UDPPacket&)
                0x0201f7a8                EnableAutoUpdate
                0x0201f7d8                DoReboot()
                0x0201f828                DoExecute(UDPPacket&, int)
                0x0201fde0                DoStart(UDPPacket&)
 .text          0x020201c4       0x4c C:\nburn\lib\DBNetBurner.a(device.od)
                0x020201e4                DeviceInitializeSem
                0x020201c4                DeviceGetQspiSem()
                0x020201d4                DeviceGetI2cSem()
 .text          0x02020210      0x42c C:\nburn\lib\DBNetBurner.a(ucosmcfc.od)
                0x020204bc                OSTaskCreate
                0x02020210                TopOfStackKillfunction
                0x02020220                OSTaskCreatewName
                0x020204f8                OSTCBInit
                0x02020214                KillFunctionLink
 .text          0x0202063c      0x92c C:\nburn\lib\DBNetBurner.a(system.od)
                0x020209b8                GetUserParameters
                0x02020704                UpdateConfigRecord_Num
                0x020206c8                RawGetConfig
                0x0202063c                isvalidcr
                0x02020dcc                SetupDialog
                0x020209c8                ReadLine
                0x02020924                UpdateConfigRecord
                0x02020c98                IpQuestion
                0x02020938                SaveUserParameters
                0x02020d74                ShowChange
 .text          0x02020f68     0x13f0 C:\nburn\lib\DBNetBurner.a(utils.od)
                0x020220dc                fShowMac
                0x020213a0                FancyDump(unsigned char*, int)
                0x020221b4                ShowCounters
                0x02021214                convertHexAsciiToBinary
                0x02021780                ShowData
                0x02020f68                kill
                0x02021280                putbytenum
                0x0202132c                putnum
                0x02022220                fShowCounters
                0x02022070                fShowIP
                0x02020f78                _fini
                0x020214d0                ShowIP
                0x02020f84                AsciiToIp
                0x020222a0                sShowCounters
                0x02022160                DiagMenuPicker(int, unsigned char)
                0x020215b8                AskTest(char const*, unsigned long)
                0x02021538                ShowMac
                0x020210f4                convertBinaryToHexAscii
                0x020216ac                SetLogLevel()
                0x02021764                __builtin_delete
                0x02020f70                _exit
 .text          0x02022358     0x2754 C:\nburn\lib\DBMOD5234.a(serial.od)
                0x0202299c                real_SER0_ISR
                0x02022358                WakeTx(int)
                0x020239e0                SerialClose
                0x0202393c                SendBreak
                0x02023b44                OpenSerial
                0x02023480                GetUartErrorReg
                0x02023634                fShowSerialData(__sFILE*)
                0x02022948                fake_SER0_ISR()
                0x02022a20                fake_SER2_ISR()
                0x020229b8                SER1_ISR
                0x02022a8c                SerialEnableTxFlow
                0x02022b68                SerialEnableRxFlow
                0x0202245c                DoSerIsr(int)
                0x02023248                Serial485HalfDupMode
                0x020229b4                fake_SER1_ISR()
                0x0202304c                SerialEnableHwRxFlow
                0x02024420                serread
                0x020248c8                BasePutChar(int, unsigned char)
                0x02024440                BaseGetChar(int)
                0x02022a74                real_SER2_ISR
                0x020240a4                serreadwto
                0x0202471c                serwriteaddress
                0x02022a08                real_SER1_ISR
                0x02024554                serwrite
                0x02023b14                serexternalclose
                0x0202294c                SER0_ISR
                0x02022a24                SER2_ISR
                0x02022cfc                SerialEnableHwTxFlow
 .text          0x02024aac     0x4dbc C:\nburn\lib\DBMOD5234.a(ethernet.od)
                0x020290a0                AddEthernetInterface()
                0x02024c54                StopEnet()
                0x02028ca0                ResetEnet()
                0x02025270                FillerFunctionName()
                0x02029168                SetMII(unsigned char, unsigned short)
                0x02025eb8                dbip_obj::dbip_obj(char const*)
                0x02025f30                dbip_obj::dbip_obj(char const*)
                0x020260c8                InitializeNetworkGDB
                0x0202902c                InitializeEthernet()
                0x02024ae8                _ZQyERYYSaz
                0x02025274                _ZNobxy
                0x020291dc                EthTransmitBuffer(pool_buffer*)
                0x02025e90                MakeCompilerStopComplaining()
                0x02024ca8                CheckTcpDebugSettings()
                0x0202837c                _Zxyzza
                0x02025244                GDBDebugConnected()
 .text          0x02029868     0x25f4 C:\nburn\lib\DBMOD5234.a(etherprint.od)
                0x0202a008                EtherLink()
                0x02029de0                EtherSpeed100()
                0x0202bd98                denet()
                0x0202ba14                ShowFECRegisters()
                0x02029a1c                EtherInit()
                0x0202a11c                ShowMII(unsigned char, unsigned char, char const*, unsigned short)
                0x02029868                GetMII(unsigned char, unsigned char)
                0x0202bda4                elink()
                0x0202bd8c                dEnet()
                0x020299e8                SwitchMIIPage(unsigned long)
                0x0202992c                SetMII(unsigned char, unsigned char, unsigned short)
                0x02029bb8                EtherDuplex()
                0x0202a05c                showbinary(unsigned short, unsigned short)
                0x0202a1a0                ShowPhyterMII()
 .text          0x0202be5c      0x2b8 C:\nburn\lib\DBMOD5234.a(emulticast.od)
                0x0202bfe4                EthDisableMulticast(MACADR)
                0x0202beec                EthEnableMulticast(MACADR)
                0x0202be5c                GetMultiCastCRC(MACADR)
 .text          0x0202c114        0x0 c:/nburn/gcc-m68k/bin/../lib/gcc/m68k-elf/4.2.1/../../../../m68k-elf/lib/m5208\libstdc++.a(del_op.o)
 .text          0x0202c114        0x0 c:/nburn/gcc-m68k/bin/../lib/gcc/m68k-elf/4.2.1/../../../../m68k-elf/lib/m5208\libstdc++.a(eh_personality.o)
 .text          0x0202c114        0x0 c:/nburn/gcc-m68k/bin/../lib/gcc/m68k-elf/4.2.1/../../../../m68k-elf/lib/m5208\libstdc++.a(eh_alloc.o)
 .text          0x0202c114        0x0 c:/nburn/gcc-m68k/bin/../lib/gcc/m68k-elf/4.2.1/../../../../m68k-elf/lib/m5208\libstdc++.a(eh_throw.o)
 .text          0x0202c114        0x0 c:/nburn/gcc-m68k/bin/../lib/gcc/m68k-elf/4.2.1/../../../../m68k-elf/lib/m5208\libstdc++.a(eh_globals.o)
 .text          0x0202c114        0x0 c:/nburn/gcc-m68k/bin/../lib/gcc/m68k-elf/4.2.1/../../../../m68k-elf/lib/m5208\libstdc++.a(eh_exception.o)
 .text          0x0202c114        0x0 c:/nburn/gcc-m68k/bin/../lib/gcc/m68k-elf/4.2.1/../../../../m68k-elf/lib/m5208\libstdc++.a(eh_catch.o)
 .text          0x0202c114        0x0 c:/nburn/gcc-m68k/bin/../lib/gcc/m68k-elf/4.2.1/../../../../m68k-elf/lib/m5208\libstdc++.a(eh_terminate.o)
 .text          0x0202c114        0x0 c:/nburn/gcc-m68k/bin/../lib/gcc/m68k-elf/4.2.1/../../../../m68k-elf/lib/m5208\libstdc++.a(eh_call.o)
 .text          0x0202c114        0x0 c:/nburn/gcc-m68k/bin/../lib/gcc/m68k-elf/4.2.1/../../../../m68k-elf/lib/m5208\libstdc++.a(class_type_info.o)
 .text          0x0202c114        0x0 c:/nburn/gcc-m68k/bin/../lib/gcc/m68k-elf/4.2.1/../../../../m68k-elf/lib/m5208\libstdc++.a(eh_term_handler.o)
 .text          0x0202c114        0x0 c:/nburn/gcc-m68k/bin/../lib/gcc/m68k-elf/4.2.1/../../../../m68k-elf/lib/m5208\libstdc++.a(eh_unex_handler.o)
 .text          0x0202c114        0x0 c:/nburn/gcc-m68k/bin/../lib/gcc/m68k-elf/4.2.1/../../../../m68k-elf/lib/m5208\libstdc++.a(si_class_type_info.o)
 .text          0x0202c114        0x0 c:/nburn/gcc-m68k/bin/../lib/gcc/m68k-elf/4.2.1/../../../../m68k-elf/lib/m5208\libstdc++.a(vterminate.o)
 .text          0x0202c114     0x4ae6 c:/nburn/gcc-m68k/bin/../lib/gcc/m68k-elf/4.2.1/../../../../m68k-elf/lib/m5208\libstdc++.a(cp-demangle.o)
                0x02030b22                __cxa_demangle
 *fill*         0x02030bfa        0x2 00
 .text          0x02030bfc        0x0 c:/nburn/gcc-m68k/bin/../lib/gcc/m68k-elf/4.2.1/../../../../m68k-elf/lib/m5208\libstdc++.a(tinfo.o)
 .text          0x02030bfc        0x0 c:/nburn/gcc-m68k/bin/../lib/gcc/m68k-elf/4.2.1/../../../../m68k-elf/lib/m5208\libstdc++.a(eh_type.o)
 .text          0x02030bfc      0xba0 c:/nburn/gcc-m68k/bin/../lib/gcc/m68k-elf/4.2.1/m5208\libgcc.a(_double.o)
                0x020316fa                __cmpdf2
                0x02030c5c                __adddf3
                0x020315c4                __negdf2
                0x020312d4                __divdf3
                0x02031622                __cmpdf2_internal
                0x020310f8                __muldf3
                0x02030c56                __subdf3
 .text          0x0203179c       0x74 c:/nburn/gcc-m68k/bin/../lib/gcc/m68k-elf/4.2.1/m5208\libgcc.a(_floatex.o)
                0x020317a8                $_exception_handler
                0x0203179c                __clear_sticky_bit
 .text          0x02031810       0x22 c:/nburn/gcc-m68k/bin/../lib/gcc/m68k-elf/4.2.1/m5208\libgcc.a(_ltdf2.o)
                0x02031810                __ltdf2
 *fill*         0x02031832        0x2 00
 .text          0x02031834      0x49a c:/nburn/gcc-m68k/bin/../lib/gcc/m68k-elf/4.2.1/m5208\libgcc.a(fpgnulib.o)
                0x02031cb4                __fixsfsi
                0x0203199c                __floatsidf
                0x02031a72                __extendsfdf2
                0x0203192a                __floatunsidf
                0x02031c34                __fixdfsi
                0x02031a58                __floatsisf
                0x02031b0c                __truncdfsf2
                0x02031834                __unordsf2
                0x02031a3e                __floatunsisf
                0x02031896                __unorddf2
 *fill*         0x02031cce        0x2 00
 .text          0x02031cd0     0x1f0e c:/nburn/gcc-m68k/bin/../lib/gcc/m68k-elf/4.2.1/m5208\libgcc.a(unwind-dw2.o)
                0x02032072                _Unwind_GetIPInfo
                0x02031d56                _Unwind_GetIP
                0x02033a42                _Unwind_Resume_or_Rethrow
                0x02031d88                _Unwind_GetRegionStart
                0x0203374a                _Unwind_Backtrace
                0x02031d46                _Unwind_GetCFA
                0x02032940                __frame_state_for
                0x02033ad0                _Unwind_Resume
                0x02031db8                _Unwind_DeleteException
                0x02033866                _Unwind_RaiseException
                0x02031d66                _Unwind_SetIP
                0x02031da8                _Unwind_GetTextRelBase
                0x0203204e                _Unwind_FindEnclosingFunction
                0x02031d78                _Unwind_GetLanguageSpecificData
                0x02033b56                _Unwind_ForcedUnwind
                0x02031dd6                _Unwind_SetGR
                0x02031e3c                _Unwind_GetGR
                0x02031d98                _Unwind_GetDataRelBase
 *fill*         0x02033bde        0x2 00
 .text          0x02033be0     0x126c c:/nburn/gcc-m68k/bin/../lib/gcc/m68k-elf/4.2.1/m5208\libgcc.a(unwind-dw2-fde.o)
                0x02034cfe                _Unwind_Find_FDE
                0x020344f4                __register_frame
                0x020344d2                __register_frame_table
                0x02033c56                __register_frame_info_bases
                0x02034c36                __deregister_frame_info
                0x02034b78                __deregister_frame_info_bases
                0x02033cc2                __register_frame_info_table_bases
                0x02034c40                __deregister_frame
                0x02033d14                __register_frame_info_table
                0x02033ca6                __register_frame_info
 .text          0x02034e4c       0x18 c:/nburn/gcc-m68k/bin/../lib/gcc/m68k-elf/4.2.1/../../../../m68k-elf/lib/m5208\libc.a(lib_a-abort.o)
                0x02034e4c                abort
 .text          0x02034e64       0x34 c:/nburn/gcc-m68k/bin/../lib/gcc/m68k-elf/4.2.1/../../../../m68k-elf/lib/m5208\libc.a(lib_a-atoi.o)
                0x02034e64                _atoi_r
                0x02034e80                atoi
 .text          0x02034e98       0x64 c:/nburn/gcc-m68k/bin/../lib/gcc/m68k-elf/4.2.1/../../../../m68k-elf/lib/m5208\libc.a(lib_a-bsearch.o)
                0x02034e98                bsearch
 .text          0x02034efc       0x26 c:/nburn/gcc-m68k/bin/../lib/gcc/m68k-elf/4.2.1/../../../../m68k-elf/lib/m5208\libc.a(lib_a-bzero.o)
                0x02034efc                bzero
 *fill*         0x02034f22        0x2 00
 .text          0x02034f24       0x1e c:/nburn/gcc-m68k/bin/../lib/gcc/m68k-elf/4.2.1/../../../../m68k-elf/lib/m5208\libc.a(lib_a-cxa_atexit.o)
                0x02034f24                __cxa_atexit
 *fill*         0x02034f42        0x2 00
 .text          0x02034f44        0xe c:/nburn/gcc-m68k/bin/../lib/gcc/m68k-elf/4.2.1/../../../../m68k-elf/lib/m5208\libc.a(lib_a-errno.o)
                0x02034f44                __errno
 *fill*         0x02034f52        0x2 00
 .text          0x02034f54       0x24 c:/nburn/gcc-m68k/bin/../lib/gcc/m68k-elf/4.2.1/../../../../m68k-elf/lib/m5208\libc.a(lib_a-fiprintf.o)
                0x02034f54                fiprintf
 .text          0x02034f78       0xaa c:/nburn/gcc-m68k/bin/../lib/gcc/m68k-elf/4.2.1/../../../../m68k-elf/lib/m5208\libc.a(lib_a-fputc.o)
                0x02034fc6                _fputc_r
                0x02034f78                fputc
 *fill*         0x02035022        0x2 00
 .text          0x02035024       0x90 c:/nburn/gcc-m68k/bin/../lib/gcc/m68k-elf/4.2.1/../../../../m68k-elf/lib/m5208\libc.a(lib_a-fputs.o)
                0x02035024                _fputs_r
                0x0203509a                fputs
 .text          0x020350b4      0x37e c:/nburn/gcc-m68k/bin/../lib/gcc/m68k-elf/4.2.1/../../../../m68k-elf/lib/m5208\libc.a(lib_a-fvwrite.o)
                0x020350b4                __sfvwrite_r
 *fill*         0x02035432        0x2 00
 .text          0x02035434       0x9e c:/nburn/gcc-m68k/bin/../lib/gcc/m68k-elf/4.2.1/../../../../m68k-elf/lib/m5208\libc.a(lib_a-fwrite.o)
                0x02035434                _fwrite_r
                0x020354b0                fwrite
 *fill*         0x020354d2        0x2 00
 .text          0x020354d4        0x0 c:/nburn/gcc-m68k/bin/../lib/gcc/m68k-elf/4.2.1/../../../../m68k-elf/lib/m5208\libc.a(lib_a-impure.o)
 .text          0x020354d4       0x54 c:/nburn/gcc-m68k/bin/../lib/gcc/m68k-elf/4.2.1/../../../../m68k-elf/lib/m5208\libc.a(lib_a-iprintf.o)
                0x020354d4                _iprintf_r
                0x020354fe                iprintf
 .text          0x02035528       0x1c c:/nburn/gcc-m68k/bin/../lib/gcc/m68k-elf/4.2.1/../../../../m68k-elf/lib/m5208\libc.a(lib_a-isspace.o)
                0x02035528                isspace
 .text          0x02035544       0x32 c:/nburn/gcc-m68k/bin/../lib/gcc/m68k-elf/4.2.1/../../../../m68k-elf/lib/m5208\libc.a(lib_a-malloc.o)
                0x0203555e                malloc
                0x02035544                free
 *fill*         0x02035576        0x2 00
 .text          0x02035578      0x78c c:/nburn/gcc-m68k/bin/../lib/gcc/m68k-elf/4.2.1/../../../../m68k-elf/lib/m5208\libc.a(lib_a-mallocr.o)
                0x02035578                _malloc_r
 .text          0x02035d04       0xd2 c:/nburn/gcc-m68k/bin/../lib/gcc/m68k-elf/4.2.1/../../../../m68k-elf/lib/m5208\libc.a(lib_a-memchr.o)
                0x02035d04                memchr
 *fill*         0x02035dd6        0x2 00
 .text          0x02035dd8       0x72 c:/nburn/gcc-m68k/bin/../lib/gcc/m68k-elf/4.2.1/../../../../m68k-elf/lib/m5208\libc.a(lib_a-memcmp.o)
                0x02035dd8                memcmp
 *fill*         0x02035e4a        0x2 00
 .text          0x02035e4c       0xb6 c:/nburn/gcc-m68k/bin/../lib/gcc/m68k-elf/4.2.1/../../../../m68k-elf/lib/m5208\libc.a(lib_a-memmove.o)
                0x02035e4c                memmove
 *fill*         0x02035f02        0x2 00
 .text          0x02035f04       0x54 c:/nburn/gcc-m68k/bin/../lib/gcc/m68k-elf/4.2.1/../../../../m68k-elf/lib/m5208\libc.a(lib_a-printf.o)
                0x02035f04                printf
                0x02035f2e                _printf_r
 .text          0x02035f58       0x3a c:/nburn/gcc-m68k/bin/../lib/gcc/m68k-elf/4.2.1/../../../../m68k-elf/lib/m5208\libc.a(lib_a-putchar.o)
                0x02035f58                putchar
                0x02035f76                _putchar_r
 *fill*         0x02035f92        0x2 00
 .text          0x02035f94      0x16a c:/nburn/gcc-m68k/bin/../lib/gcc/m68k-elf/4.2.1/../../../../m68k-elf/lib/m5208\libc.a(lib_a-putc.o)
                0x0203604e                _putc_r
                0x02035f94                putc
 *fill*         0x020360fe        0x2 00
 .text          0x02036100       0x8a c:/nburn/gcc-m68k/bin/../lib/gcc/m68k-elf/4.2.1/../../../../m68k-elf/lib/m5208\libc.a(lib_a-puts.o)
                0x02036100                _puts_r
                0x02036174                puts
 *fill*         0x0203618a        0x2 00
 .text          0x0203618c       0x1c c:/nburn/gcc-m68k/bin/../lib/gcc/m68k-elf/4.2.1/../../../../m68k-elf/lib/m5208\libc.a(lib_a-realloc.o)
                0x0203618c                realloc
 .text          0x020361a8      0x502 c:/nburn/gcc-m68k/bin/../lib/gcc/m68k-elf/4.2.1/../../../../m68k-elf/lib/m5208\libc.a(lib_a-reallocr.o)
                0x020361a8                _realloc_r
 *fill*         0x020366aa        0x2 00
 .text          0x020366ac       0x4e c:/nburn/gcc-m68k/bin/../lib/gcc/m68k-elf/4.2.1/../../../../m68k-elf/lib/m5208\libc.a(lib_a-rget.o)
                0x020366e6                __srget
                0x020366ac                __srget_r
 *fill*         0x020366fa        0x2 00
 .text          0x020366fc       0x34 c:/nburn/gcc-m68k/bin/../lib/gcc/m68k-elf/4.2.1/../../../../m68k-elf/lib/m5208\libc.a(lib_a-setjmp.o)
                0x02036712                longjmp
                0x020366fc                setjmp
 .text          0x02036730      0x1ee c:/nburn/gcc-m68k/bin/../lib/gcc/m68k-elf/4.2.1/../../../../m68k-elf/lib/m5208\libc.a(lib_a-setvbuf.o)
                0x02036730                setvbuf
 *fill*         0x0203691e        0x2 00
 .text          0x02036920      0x270 c:/nburn/gcc-m68k/bin/../lib/gcc/m68k-elf/4.2.1/../../../../m68k-elf/lib/m5208\libc.a(lib_a-signal.o)
                0x02036b14                _signal_r
                0x02036a34                _raise_r
                0x0203699a                __sigtramp_r
                0x02036b78                signal
                0x0203698a                _init_signal
                0x02036920                _init_signal_r
                0x02036a1e                __sigtramp
                0x02036afe                raise
 .text          0x02036b90       0x42 c:/nburn/gcc-m68k/bin/../lib/gcc/m68k-elf/4.2.1/../../../../m68k-elf/lib/m5208\libc.a(lib_a-signalr.o)
                0x02036b9c                _kill_r
                0x02036b90                _getpid_r
 *fill*         0x02036bd2        0x2 00
 .text          0x02036bd4       0xba c:/nburn/gcc-m68k/bin/../lib/gcc/m68k-elf/4.2.1/../../../../m68k-elf/lib/m5208\libc.a(lib_a-siprintf.o)
                0x02036c32                _siprintf_r
                0x02036bd4                siprintf
 *fill*         0x02036c8e        0x2 00
 .text          0x02036c90      0x14c c:/nburn/gcc-m68k/bin/../lib/gcc/m68k-elf/4.2.1/../../../../m68k-elf/lib/m5208\libc.a(lib_a-snprintf.o)
                0x02036c90                snprintf
                0x02036d38                _snprintf_r
 .text          0x02036ddc       0x92 c:/nburn/gcc-m68k/bin/../lib/gcc/m68k-elf/4.2.1/../../../../m68k-elf/lib/m5208\libc.a(lib_a-strcasecmp.o)
                0x02036ddc                strcasecmp
 *fill*         0x02036e6e        0x2 00
 .text          0x02036e70       0x7c c:/nburn/gcc-m68k/bin/../lib/gcc/m68k-elf/4.2.1/../../../../m68k-elf/lib/m5208\libc.a(lib_a-strcat.o)
                0x02036e70                strcat
 .text          0x02036eec       0x70 c:/nburn/gcc-m68k/bin/../lib/gcc/m68k-elf/4.2.1/../../../../m68k-elf/lib/m5208\libc.a(lib_a-strcmp.o)
                0x02036eec                strcmp
 .text          0x02036f5c       0x22 c:/nburn/gcc-m68k/bin/../lib/gcc/m68k-elf/4.2.1/../../../../m68k-elf/lib/m5208\libc.a(lib_a-strcpy.o)
                0x02036f5c                strcpy
 *fill*         0x02036f7e        0x2 00
 .text          0x02036f80       0x1a c:/nburn/gcc-m68k/bin/../lib/gcc/m68k-elf/4.2.1/../../../../m68k-elf/lib/m5208\libc.a(lib_a-strlen.o)
                0x02036f80                strlen
 *fill*         0x02036f9a        0x2 00
 .text          0x02036f9c       0xda c:/nburn/gcc-m68k/bin/../lib/gcc/m68k-elf/4.2.1/../../../../m68k-elf/lib/m5208\libc.a(lib_a-strncmp.o)
                0x02036f9c                strncmp
 *fill*         0x02037076        0x2 00
 .text          0x02037078       0x46 c:/nburn/gcc-m68k/bin/../lib/gcc/m68k-elf/4.2.1/../../../../m68k-elf/lib/m5208\libc.a(lib_a-strstr.o)
                0x02037078                strstr
 *fill*         0x020370be        0x2 00
 .text          0x020370c0       0x28 c:/nburn/gcc-m68k/bin/../lib/gcc/m68k-elf/4.2.1/../../../../m68k-elf/lib/m5208\libc.a(lib_a-strtok.o)
                0x020370c0                strtok
 .text          0x020370e8       0xc6 c:/nburn/gcc-m68k/bin/../lib/gcc/m68k-elf/4.2.1/../../../../m68k-elf/lib/m5208\libc.a(lib_a-strtok_r.o)
                0x02037192                strtok_r
                0x020370e8                __strtok_r
 *fill*         0x020371ae        0x2 00
 .text          0x020371b0      0x18a c:/nburn/gcc-m68k/bin/../lib/gcc/m68k-elf/4.2.1/../../../../m68k-elf/lib/m5208\libc.a(lib_a-strtol.o)
                0x0203731c                strtol
                0x020371b0                _strtol_r
 *fill*         0x0203733a        0x2 00
 .text          0x0203733c       0x26 c:/nburn/gcc-m68k/bin/../lib/gcc/m68k-elf/4.2.1/../../../../m68k-elf/lib/m5208\libc.a(lib_a-toupper.o)
                0x0203733c                toupper
 *fill*         0x02037362        0x2 00
 .text          0x02037364     0x1280 c:/nburn/gcc-m68k/bin/../lib/gcc/m68k-elf/4.2.1/../../../../m68k-elf/lib/m5208\libc.a(lib_a-vfiprintf.o)
                0x020385c6                vfiprintf
                0x020373a8                _vfiprintf_r
 .text          0x020385e4     0x1fac c:/nburn/gcc-m68k/bin/../lib/gcc/m68k-elf/4.2.1/../../../../m68k-elf/lib/m5208\libc.a(lib_a-vfprintf.o)
                0x02038628                _vfprintf_r
                0x0203a572                vfprintf
 .text          0x0203a590      0x124 c:/nburn/gcc-m68k/bin/../lib/gcc/m68k-elf/4.2.1/../../../../m68k-elf/lib/m5208\libc.a(lib_a-wbuf.o)
                0x0203a590                __swbuf_r
                0x0203a69a                __swbuf
 .text          0x0203a6b4       0x7c c:/nburn/gcc-m68k/bin/../lib/gcc/m68k-elf/4.2.1/../../../../m68k-elf/lib/m5208\libc.a(lib_a-wcrtomb.o)
                0x0203a6b4                _wcrtomb_r
                0x0203a714                wcrtomb
 .text          0x0203a730      0x130 c:/nburn/gcc-m68k/bin/../lib/gcc/m68k-elf/4.2.1/../../../../m68k-elf/lib/m5208\libc.a(lib_a-wcsrtombs.o)
                0x0203a730                _wcsrtombs_r
                0x0203a83e                wcsrtombs
 .text          0x0203a860      0x452 c:/nburn/gcc-m68k/bin/../lib/gcc/m68k-elf/4.2.1/../../../../m68k-elf/lib/m5208\libc.a(lib_a-wctomb_r.o)
                0x0203a860                _wctomb_r
 *fill*         0x0203acb2        0x2 00
 .text          0x0203acb4      0x130 c:/nburn/gcc-m68k/bin/../lib/gcc/m68k-elf/4.2.1/../../../../m68k-elf/lib/m5208\libc.a(lib_a-wsetup.o)
                0x0203acb4                __swsetup
 .text          0x0203ade4       0xe8 c:/nburn/gcc-m68k/bin/../lib/gcc/m68k-elf/4.2.1/../../../../m68k-elf/lib/m5208\libc.a(lib_a-__atexit.o)
                0x0203ade4                __register_exitproc
 .text          0x0203aecc        0x0 c:/nburn/gcc-m68k/bin/../lib/gcc/m68k-elf/4.2.1/../../../../m68k-elf/lib/m5208\libc.a(lib_a-ctype_.o)
 .text          0x0203aecc     0x160a c:/nburn/gcc-m68k/bin/../lib/gcc/m68k-elf/4.2.1/../../../../m68k-elf/lib/m5208\libc.a(lib_a-dtoa.o)
                0x0203b07e                _dtoa_r
 *fill*         0x0203c4d6        0x2 00
 .text          0x0203c4d8      0x198 c:/nburn/gcc-m68k/bin/../lib/gcc/m68k-elf/4.2.1/../../../../m68k-elf/lib/m5208\libc.a(lib_a-fflush.o)
                0x0203c4d8                fflush
 .text          0x0203c670      0x25e c:/nburn/gcc-m68k/bin/../lib/gcc/m68k-elf/4.2.1/../../../../m68k-elf/lib/m5208\libc.a(lib_a-findfp.o)
                0x0203c6ca                __sinit
                0x0203c782                __sfmoreglue
                0x0203c770                _cleanup
                0x0203c756                _cleanup_r
                0x0203c7f0                __sfp
 *fill*         0x0203c8ce        0x2 00
 .text          0x0203c8d0      0x422 c:/nburn/gcc-m68k/bin/../lib/gcc/m68k-elf/4.2.1/../../../../m68k-elf/lib/m5208\libc.a(lib_a-freer.o)
                0x0203c9c0                _free_r
                0x0203c8d0                _malloc_trim_r
 *fill*         0x0203ccf2        0x2 00
 .text          0x0203ccf4       0xe4 c:/nburn/gcc-m68k/bin/../lib/gcc/m68k-elf/4.2.1/../../../../m68k-elf/lib/m5208\libc.a(lib_a-fwalk.o)
                0x0203ccf4                _fwalk
                0x0203cd64                _fwalk_reent
 .text          0x0203cdd8       0xa6 c:/nburn/gcc-m68k/bin/../lib/gcc/m68k-elf/4.2.1/../../../../m68k-elf/lib/m5208\libc.a(lib_a-locale.o)
                0x0203ce06                _setlocale_r
                0x0203cdd8                __locale_charset
                0x0203cde6                _localeconv_r
                0x0203ce66                setlocale
                0x0203cdf4                localeconv
 *fill*         0x0203ce7e        0x2 00
 .text          0x0203ce80      0x178 c:/nburn/gcc-m68k/bin/../lib/gcc/m68k-elf/4.2.1/../../../../m68k-elf/lib/m5208\libc.a(lib_a-makebuf.o)
                0x0203ce80                __smakebuf
 .text          0x0203cff8      0xc78 c:/nburn/gcc-m68k/bin/../lib/gcc/m68k-elf/4.2.1/../../../../m68k-elf/lib/m5208\libc.a(lib_a-mprec.o)
                0x0203d34c                _mprec_log10
                0x0203d402                __any_on
                0x0203d4a8                _Balloc
                0x0203d2ba                __ratio
                0x0203d9d0                __i2b
                0x0203d1ca                __b2d
                0x0203db98                __s2b
                0x0203d0e8                __mcmp
                0x0203cff8                __hi0bits
                0x0203dab6                __pow5mult
                0x0203d7b4                __lshift
                0x0203d862                __multiply
                0x0203d55e                __d2b
                0x0203d3be                __copybits
                0x0203d148                __ulp
                0x0203d674                __mdiff
                0x0203d05c                __lo0bits
                0x0203d9f2                __multadd
                0x0203d46e                _Bfree
 .text          0x0203dc70      0x21c c:/nburn/gcc-m68k/bin/../lib/gcc/m68k-elf/4.2.1/../../../../m68k-elf/lib/m5208\libc.a(lib_a-refill.o)
                0x0203dc94                __srefill_r
 .text          0x0203de8c       0x42 c:/nburn/gcc-m68k/bin/../lib/gcc/m68k-elf/4.2.1/../../../../m68k-elf/lib/m5208\libc.a(lib_a-s_isinfd.o)
                0x0203de8c                __isinfd
 *fill*         0x0203dece        0x2 00
 .text          0x0203ded0       0x34 c:/nburn/gcc-m68k/bin/../lib/gcc/m68k-elf/4.2.1/../../../../m68k-elf/lib/m5208\libc.a(lib_a-s_isnand.o)
                0x0203ded0                __isnand
 .text          0x0203df04      0x162 c:/nburn/gcc-m68k/bin/../lib/gcc/m68k-elf/4.2.1/../../../../m68k-elf/lib/m5208\libc.a(lib_a-stdio.o)
                0x0203df22                __sseek
                0x0203e014                __sread
                0x0203df04                __sclose
                0x0203df84                __swrite
 *fill*         0x0203e066        0x2 00
 .text          0x0203e068       0x3e c:/nburn/gcc-m68k/bin/../lib/gcc/m68k-elf/4.2.1/../../../../m68k-elf/lib/m5208\libc.a(lib_a-writer.o)
                0x0203e068                _write_r
 *fill*         0x0203e0a6        0x2 00
 .text          0x0203e0a8       0x92 c:/nburn/gcc-m68k/bin/../lib/gcc/m68k-elf/4.2.1/../../../../m68k-elf/lib/m5208\libc.a(lib_a-callocr.o)
                0x0203e0a8                _calloc_r
 *fill*         0x0203e13a        0x2 00
 .text          0x0203e13c       0x32 c:/nburn/gcc-m68k/bin/../lib/gcc/m68k-elf/4.2.1/../../../../m68k-elf/lib/m5208\libc.a(lib_a-closer.o)
                0x0203e13c                _close_r
 *fill*         0x0203e16e        0x2 00
 .text          0x0203e170       0xfe c:/nburn/gcc-m68k/bin/../lib/gcc/m68k-elf/4.2.1/../../../../m68k-elf/lib/m5208\libc.a(lib_a-fclose.o)
                0x0203e170                _fclose_r
                0x0203e258                fclose
 *fill*         0x0203e26e        0x2 00
 .text          0x0203e270       0x36 c:/nburn/gcc-m68k/bin/../lib/gcc/m68k-elf/4.2.1/../../../../m68k-elf/lib/m5208\libc.a(lib_a-fstatr.o)
                0x0203e270                _fstat_r
 *fill*         0x0203e2a6        0x2 00
 .text          0x0203e2a8       0x3e c:/nburn/gcc-m68k/bin/../lib/gcc/m68k-elf/4.2.1/../../../../m68k-elf/lib/m5208\libc.a(lib_a-lseekr.o)
                0x0203e2a8                _lseek_r
 *fill*         0x0203e2e6        0x2 00
 .text          0x0203e2e8       0x3e c:/nburn/gcc-m68k/bin/../lib/gcc/m68k-elf/4.2.1/../../../../m68k-elf/lib/m5208\libc.a(lib_a-readr.o)
                0x0203e2e8                _read_r
 *fill*         0x0203e326        0x2 00
 .text          0x0203e328       0x22 c:/nburn/gcc-m68k/bin/../lib/gcc/m68k-elf/4.2.1/m5208\libgcc.a(_eqdf2.o)
                0x0203e328                __eqdf2
 *fill*         0x0203e34a        0x2 00
 .text          0x0203e34c       0x22 c:/nburn/gcc-m68k/bin/../lib/gcc/m68k-elf/4.2.1/m5208\libgcc.a(_nedf2.o)
                0x0203e34c                __nedf2
 *fill*         0x0203e36e        0x2 00
 .text          0x0203e370       0x22 c:/nburn/gcc-m68k/bin/../lib/gcc/m68k-elf/4.2.1/m5208\libgcc.a(_gtdf2.o)
                0x0203e370                __gtdf2
 *fill*         0x0203e392        0x2 00
 .text          0x0203e394       0x22 c:/nburn/gcc-m68k/bin/../lib/gcc/m68k-elf/4.2.1/m5208\libgcc.a(_gedf2.o)
                0x0203e394                __gedf2
 *fill*         0x0203e3b6        0x2 00
 .text          0x0203e3b8      0x3d4 c:/nburn/gcc-m68k/bin/../lib/gcc/m68k-elf/4.2.1/m5208\libgcc.a(_udivdi3.o)
                0x0203e3b8                __udivdi3
 .text          0x0203e78c      0x3ee c:/nburn/gcc-m68k/bin/../lib/gcc/m68k-elf/4.2.1/m5208\libgcc.a(_umoddi3.o)
                0x0203e78c                __umoddi3
 *fill*         0x0203eb7a        0x2 00
 .text          0x0203eb7c       0x32 c:/nburn/gcc-m68k/bin/../lib/gcc/m68k-elf/4.2.1/m5208/crtend.o
                0x0203ebb0                . = ALIGN (0x10)
 *fill*         0x0203ebae        0x2 00
 *(.text.*)
 .text._ZN5PinIOC1Eii
                0x0203ebb0       0x22 C:\nburn\lib\DBMOD5234.a(ioboard.od)
                0x0203ebb0                PinIO::PinIO(int, int)
 *fill*         0x0203ebd2        0x2 00
 .text._ZN12PinIOJ2ArrayixEi
                0x0203ebd4       0x28 C:\nburn\lib\DBMOD5234.a(ioboard.od)
                0x0203ebd4                PinIOJ2Array::operator[](int)
 .text._ZN5PinIOaSEi
                0x0203ebfc       0x28 C:\nburn\lib\DBMOD5234.a(ioboard.od)
                0x0203ebfc                PinIO::operator=(int)
 .text._ZN5PinIOcviEv
                0x0203ec24       0x1c C:\nburn\lib\DBMOD5234.a(ioboard.od)
                0x0203ec24                PinIO::operator int()
 .text._ZN5PinIO3hizEv
                0x0203ec40       0x14 C:\nburn\lib\DBMOD5234.a(pins.od)
                0x0203ec40                PinIO::hiz()
 .text._ZN11buffer_listC1Ev
                0x0203ec54       0x20 C:\nburn\lib\DBNetBurner.a(ip.od)
                0x0203ec54                buffer_list::buffer_list()
 .text._ZN11buffer_list8GetCountEv
                0x0203ec74       0x18 C:\nburn\lib\DBNetBurner.a(ip.od)
                0x0203ec74                buffer_list::GetCount()
 .text._Z8GetIpPktP11pool_buffer
                0x0203ec8c       0x2c C:\nburn\lib\DBNetBurner.a(ip.od)
                0x0203ec8c                GetIpPkt(pool_buffer*)
 .text._Z8GetIpPktP6EFRAME
                0x0203ecb8       0x12 C:\nburn\lib\DBNetBurner.a(ip.od)
                0x0203ecb8                GetIpPkt(EFRAME*)
 *fill*         0x0203ecca        0x2 00
 .text._Z9GetUdpPktP5IPPKT
                0x0203eccc       0x6c C:\nburn\lib\DBNetBurner.a(ip.od)
                0x0203eccc                GetUdpPkt(IPPKT*)
 .text._ZN18BufferCriticalLockC1ER15os_crit_section
                0x0203ed38       0x44 C:\nburn\lib\DBNetBurner.a(buffers.od)
                0x0203ed38                BufferCriticalLock::BufferCriticalLock(os_crit_section&)
 .text._ZN18BufferCriticalLockD1Ev
                0x0203ed7c       0x60 C:\nburn\lib\DBNetBurner.a(buffers.od)
                0x0203ed7c                BufferCriticalLock::~BufferCriticalLock()
 .text._ZN20OSCriticalSectionObjD1Ev
                0x0203eddc       0x18 C:\nburn\lib\DBNetBurner.a(arp.od)
                0x0203eddc                OSCriticalSectionObj::~OSCriticalSectionObj()
 .text._ZN20OSCriticalSectionObjC1ER15os_crit_section
                0x0203edf4       0x1e C:\nburn\lib\DBNetBurner.a(arp.od)
                0x0203edf4                OSCriticalSectionObj::OSCriticalSectionObj(os_crit_section&)
 *fill*         0x0203ee12        0x2 00
 .text._Z9GetUdpPktP11pool_buffer
                0x0203ee14       0x1e C:\nburn\lib\DBNetBurner.a(udp.od)
                0x0203ee14                GetUdpPkt(pool_buffer*)
 *fill*         0x0203ee32        0x2 00
 .text._Z13GetInitUdpPktP5IPPKT
                0x0203ee34       0x1a C:\nburn\lib\DBNetBurner.a(udp.od)
                0x0203ee34                GetInitUdpPkt(IPPKT*)
 *fill*         0x0203ee4e        0x2 00
 .text._Z13GetInitUdpPktP11pool_buffer
                0x0203ee50       0x1e C:\nburn\lib\DBNetBurner.a(udp.od)
                0x0203ee50                GetInitUdpPkt(pool_buffer*)
 *fill*         0x0203ee6e        0x2 00
 .text._ZN9UDPPacket13ReleaseBufferEv
                0x0203ee70        0xe C:\nburn\lib\DBNetBurner.a(udp.od)
                0x0203ee70                UDPPacket::ReleaseBuffer()
 *fill*         0x0203ee7e        0x2 00
 .text._Z9GetTcpPktP5IPPKT
                0x0203ee80       0x6c C:\nburn\lib\DBNetBurner.a(tcp.od)
                0x0203ee80                GetTcpPkt(IPPKT*)
 .text._Z9GetTcpPktP11pool_buffer
                0x0203eeec       0x1e C:\nburn\lib\DBNetBurner.a(tcp.od)
                0x0203eeec                GetTcpPkt(pool_buffer*)
 *fill*         0x0203ef0a        0x2 00
 .text._Z13GetInitTcpPktP5IPPKT
                0x0203ef0c       0x1a C:\nburn\lib\DBNetBurner.a(tcp.od)
                0x0203ef0c                GetInitTcpPkt(IPPKT*)
 *fill*         0x0203ef26        0x2 00
 .text._Z13GetInitTcpPktP11pool_buffer
                0x0203ef28       0x1e C:\nburn\lib\DBNetBurner.a(tcp.od)
                0x0203ef28                GetInitTcpPkt(pool_buffer*)
 *fill*         0x0203ef46        0x2 00
 .text._Z13GetTcpDataLenP5IPPKTP6TCPPKT
                0x0203ef48       0xa8 C:\nburn\lib\DBNetBurner.a(tcp.od)
                0x0203ef48                GetTcpDataLen(IPPKT*, TCPPKT*)
 .text._Z10GetTcpDataP6TCPPKT
                0x0203eff0       0x36 C:\nburn\lib\DBNetBurner.a(tcp.od)
                0x0203eff0                GetTcpData(TCPPKT*)
 *fill*         0x0203f026        0x2 00
 .text._Z9IsNullMacRK6MACADR
                0x0203f028       0x3e C:\nburn\lib\DBNetBurner.a(tcp.od)
                0x0203f028                IsNullMac(MACADR const&)
 *fill*         0x0203f066        0x2 00
 .text._Z10modulodiffmm
                0x0203f068       0x18 C:\nburn\lib\DBNetBurner.a(tcp.od)
                0x0203f068                modulodiff(unsigned long, unsigned long)
 .text._ZN13socket_structC1Ev
                0x0203f080       0x44 C:\nburn\lib\DBNetBurner.a(tcp.od)
                0x0203f080                socket_struct::socket_struct()
 .text._ZN13socket_structD1Ev
                0x0203f0c4       0x30 C:\nburn\lib\DBNetBurner.a(tcp.od)
                0x0203f0c4                socket_struct::~socket_struct()
 .text._ZN13socket_struct4initEt
                0x0203f0f4       0xe0 C:\nburn\lib\DBNetBurner.a(tcp.od)
                0x0203f0f4                socket_struct::init(unsigned short)
 .text._ZN9OSLockObjC1Ev
                0x0203f1d4        0xe C:\nburn\lib\DBNetBurner.a(iosys.od)
                0x0203f1d4                OSLockObj::OSLockObj()
 *fill*         0x0203f1e2        0x2 00
 .text._ZN9OSLockObjD1Ev
                0x0203f1e4        0xe C:\nburn\lib\DBNetBurner.a(iosys.od)
                0x0203f1e4                OSLockObj::~OSLockObj()
 *fill*         0x0203f1f2        0x2 00
 .text._ZN9UDPPacket10GetPoolPtrEv
                0x0203f1f4        0xe C:\nburn\lib\DBNetBurner.a(autoupdate.od)
                0x0203f1f4                UDPPacket::GetPoolPtr()
 *fill*         0x0203f202        0x2 00
 .text._Z11random_seedv
                0x0203f204       0x34 C:\nburn\lib\DBMOD5234.a(serial.od)
                0x0203f204                random_seed()
 .text._ZN11UartDataRecC1Ev
                0x0203f238       0x3e C:\nburn\lib\DBMOD5234.a(serial.od)
                0x0203f238                UartDataRec::UartDataRec()
 *fill*         0x0203f276        0x2 00
 .text._ZN11UartDataRecD1Ev
                0x0203f278       0x2a C:\nburn\lib\DBMOD5234.a(serial.od)
                0x0203f278                UartDataRec::~UartDataRec()
 .text._ZdlPv   0x0203f2a2       0x16 c:/nburn/gcc-m68k/bin/../lib/gcc/m68k-elf/4.2.1/../../../../m68k-elf/lib/m5208\libstdc++.a(del_op.o)
                0x0203f2a2                operator delete(void*)
 .text._Z12read_uleb128PKhPj
                0x0203f2b8       0x30 c:/nburn/gcc-m68k/bin/../lib/gcc/m68k-elf/4.2.1/../../../../m68k-elf/lib/m5208\libstdc++.a(eh_personality.o)
 .text._Z12read_sleb128PKhPi
                0x0203f2e8       0x46 c:/nburn/gcc-m68k/bin/../lib/gcc/m68k-elf/4.2.1/../../../../m68k-elf/lib/m5208\libstdc++.a(eh_personality.o)
 .text._Z16get_adjusted_ptrPKSt9type_infoS1_PPv
                0x0203f32e       0x6a c:/nburn/gcc-m68k/bin/../lib/gcc/m68k-elf/4.2.1/../../../../m68k-elf/lib/m5208\libstdc++.a(eh_personality.o)
 .text._Z28read_encoded_value_with_basehjPKhPj
                0x0203f398      0x12a c:/nburn/gcc-m68k/bin/../lib/gcc/m68k-elf/4.2.1/../../../../m68k-elf/lib/m5208\libstdc++.a(eh_personality.o)
 .text._Z21base_of_encoded_valuehP15_Unwind_Context
                0x0203f4c2       0x8c c:/nburn/gcc-m68k/bin/../lib/gcc/m68k-elf/4.2.1/../../../../m68k-elf/lib/m5208\libstdc++.a(eh_personality.o)
 .text._Z17parse_lsda_headerP15_Unwind_ContextPKhP16lsda_header_info
                0x0203f54e       0xec c:/nburn/gcc-m68k/bin/../lib/gcc/m68k-elf/4.2.1/../../../../m68k-elf/lib/m5208\libstdc++.a(eh_personality.o)
 .text._Z15get_ttype_entryP16lsda_header_infoj
                0x0203f63a       0xe2 c:/nburn/gcc-m68k/bin/../lib/gcc/m68k-elf/4.2.1/../../../../m68k-elf/lib/m5208\libstdc++.a(eh_personality.o)
 .text._Z20check_exception_specP16lsda_header_infoPKSt9type_infoPvi
                0x0203f71c       0x70 c:/nburn/gcc-m68k/bin/../lib/gcc/m68k-elf/4.2.1/../../../../m68k-elf/lib/m5208\libstdc++.a(eh_personality.o)
 .text.__cxa_call_unexpected
                0x0203f78c       0xde c:/nburn/gcc-m68k/bin/../lib/gcc/m68k-elf/4.2.1/../../../../m68k-elf/lib/m5208\libstdc++.a(eh_personality.o)
                0x0203f78c                __cxa_call_unexpected
 .text.__gxx_personality_v0
                0x0203f86a      0x440 c:/nburn/gcc-m68k/bin/../lib/gcc/m68k-elf/4.2.1/../../../../m68k-elf/lib/m5208\libstdc++.a(eh_personality.o)
                0x0203f86a                __gxx_personality_v0
 .text._Z41__static_initialization_and_destruction_0ii
                0x0203fcaa        0x8 c:/nburn/gcc-m68k/bin/../lib/gcc/m68k-elf/4.2.1/../../../../m68k-elf/lib/m5208\libstdc++.a(eh_alloc.o)
 .text._GLOBAL__I___cxa_allocate_exception
                0x0203fcb2       0x1a c:/nburn/gcc-m68k/bin/../lib/gcc/m68k-elf/4.2.1/../../../../m68k-elf/lib/m5208\libstdc++.a(eh_alloc.o)
 .text.__cxa_allocate_exception
                0x0203fccc       0xa4 c:/nburn/gcc-m68k/bin/../lib/gcc/m68k-elf/4.2.1/../../../../m68k-elf/lib/m5208\libstdc++.a(eh_alloc.o)
                0x0203fccc                __cxa_allocate_exception
 .text.__cxa_free_exception
                0x0203fd70       0x4a c:/nburn/gcc-m68k/bin/../lib/gcc/m68k-elf/4.2.1/../../../../m68k-elf/lib/m5208\libstdc++.a(eh_alloc.o)
                0x0203fd70                __cxa_free_exception
 .text.__cxa_rethrow
                0x0203fdba       0x7c c:/nburn/gcc-m68k/bin/../lib/gcc/m68k-elf/4.2.1/../../../../m68k-elf/lib/m5208\libstdc++.a(eh_throw.o)
                0x0203fdba                __cxa_rethrow
 .text.__cxa_throw
                0x0203fe36       0x6c c:/nburn/gcc-m68k/bin/../lib/gcc/m68k-elf/4.2.1/../../../../m68k-elf/lib/m5208\libstdc++.a(eh_throw.o)
                0x0203fe36                __cxa_throw
 .text._Z23__gxx_exception_cleanup19_Unwind_Reason_CodeP17_Unwind_Exception
                0x0203fea2       0x62 c:/nburn/gcc-m68k/bin/../lib/gcc/m68k-elf/4.2.1/../../../../m68k-elf/lib/m5208\libstdc++.a(eh_throw.o)
 .text.__cxa_get_globals_fast
                0x0203ff04        0xe c:/nburn/gcc-m68k/bin/../lib/gcc/m68k-elf/4.2.1/../../../../m68k-elf/lib/m5208\libstdc++.a(eh_globals.o)
                0x0203ff04                __cxa_get_globals_fast
 .text.__cxa_get_globals
                0x0203ff12        0xe c:/nburn/gcc-m68k/bin/../lib/gcc/m68k-elf/4.2.1/../../../../m68k-elf/lib/m5208\libstdc++.a(eh_globals.o)
                0x0203ff12                __cxa_get_globals
 .text._ZNKSt9exception4whatEv
                0x0203ff20        0xe c:/nburn/gcc-m68k/bin/../lib/gcc/m68k-elf/4.2.1/../../../../m68k-elf/lib/m5208\libstdc++.a(eh_exception.o)
                0x0203ff20                std::exception::what() const
 .text._ZNKSt13bad_exception4whatEv
                0x0203ff2e        0xe c:/nburn/gcc-m68k/bin/../lib/gcc/m68k-elf/4.2.1/../../../../m68k-elf/lib/m5208\libstdc++.a(eh_exception.o)
                0x0203ff2e                std::bad_exception::what() const
 .text._ZNSt9exceptionD0Ev
                0x0203ff3c       0x16 c:/nburn/gcc-m68k/bin/../lib/gcc/m68k-elf/4.2.1/../../../../m68k-elf/lib/m5208\libstdc++.a(eh_exception.o)
                0x0203ff3c                std::exception::~exception()
 .text._ZNSt9exceptionD1Ev
                0x0203ff52       0x12 c:/nburn/gcc-m68k/bin/../lib/gcc/m68k-elf/4.2.1/../../../../m68k-elf/lib/m5208\libstdc++.a(eh_exception.o)
                0x0203ff52                std::exception::~exception()
 .text._ZNSt9exceptionD2Ev
                0x0203ff64       0x12 c:/nburn/gcc-m68k/bin/../lib/gcc/m68k-elf/4.2.1/../../../../m68k-elf/lib/m5208\libstdc++.a(eh_exception.o)
                0x0203ff64                std::exception::~exception()
 .text._ZNSt13bad_exceptionD0Ev
                0x0203ff76       0x2a c:/nburn/gcc-m68k/bin/../lib/gcc/m68k-elf/4.2.1/../../../../m68k-elf/lib/m5208\libstdc++.a(eh_exception.o)
                0x0203ff76                std::bad_exception::~bad_exception()
 .text._ZNSt13bad_exceptionD1Ev
                0x0203ffa0       0x16 c:/nburn/gcc-m68k/bin/../lib/gcc/m68k-elf/4.2.1/../../../../m68k-elf/lib/m5208\libstdc++.a(eh_exception.o)
                0x0203ffa0                std::bad_exception::~bad_exception()
 .text._ZNSt13bad_exceptionD2Ev
                0x0203ffb6       0x16 c:/nburn/gcc-m68k/bin/../lib/gcc/m68k-elf/4.2.1/../../../../m68k-elf/lib/m5208\libstdc++.a(eh_exception.o)
                0x0203ffb6                std::bad_exception::~bad_exception()
 .text.__cxa_get_exception_ptr
                0x0203ffcc       0x10 c:/nburn/gcc-m68k/bin/../lib/gcc/m68k-elf/4.2.1/../../../../m68k-elf/lib/m5208\libstdc++.a(eh_catch.o)
                0x0203ffcc                __cxa_get_exception_ptr
 .text._ZSt18uncaught_exceptionv
                0x0203ffdc       0x1a c:/nburn/gcc-m68k/bin/../lib/gcc/m68k-elf/4.2.1/../../../../m68k-elf/lib/m5208\libstdc++.a(eh_catch.o)
                0x0203ffdc                std::uncaught_exception()
 .text.__cxa_end_catch
                0x0203fff6       0x9a c:/nburn/gcc-m68k/bin/../lib/gcc/m68k-elf/4.2.1/../../../../m68k-elf/lib/m5208\libstdc++.a(eh_catch.o)
                0x0203fff6                __cxa_end_catch
 .text.__cxa_begin_catch
                0x02040090       0x90 c:/nburn/gcc-m68k/bin/../lib/gcc/m68k-elf/4.2.1/../../../../m68k-elf/lib/m5208\libstdc++.a(eh_catch.o)
                0x02040090                __cxa_begin_catch
 .text._ZSt13set_terminatePFvvE
                0x02040120       0x18 c:/nburn/gcc-m68k/bin/../lib/gcc/m68k-elf/4.2.1/../../../../m68k-elf/lib/m5208\libstdc++.a(eh_terminate.o)
                0x02040120                std::set_terminate(void (*)())
 .text._ZSt14set_unexpectedPFvvE
                0x02040138       0x18 c:/nburn/gcc-m68k/bin/../lib/gcc/m68k-elf/4.2.1/../../../../m68k-elf/lib/m5208\libstdc++.a(eh_terminate.o)
                0x02040138                std::set_unexpected(void (*)())
 .text._ZN10__cxxabiv111__terminateEPFvvE
                0x02040150       0x32 c:/nburn/gcc-m68k/bin/../lib/gcc/m68k-elf/4.2.1/../../../../m68k-elf/lib/m5208\libstdc++.a(eh_terminate.o)
                0x02040150                __cxxabiv1::__terminate(void (*)())
 .text._ZSt9terminatev
                0x02040182       0x10 c:/nburn/gcc-m68k/bin/../lib/gcc/m68k-elf/4.2.1/../../../../m68k-elf/lib/m5208\libstdc++.a(eh_terminate.o)
                0x02040182                std::terminate()
 .text._ZN10__cxxabiv112__unexpectedEPFvvE
                0x02040192       0x10 c:/nburn/gcc-m68k/bin/../lib/gcc/m68k-elf/4.2.1/../../../../m68k-elf/lib/m5208\libstdc++.a(eh_terminate.o)
                0x02040192                __cxxabiv1::__unexpected(void (*)())
 .text._ZSt10unexpectedv
                0x020401a2       0x10 c:/nburn/gcc-m68k/bin/../lib/gcc/m68k-elf/4.2.1/../../../../m68k-elf/lib/m5208\libstdc++.a(eh_terminate.o)
                0x020401a2                std::unexpected()
 .text.__cxa_call_terminate
                0x020401b2       0x42 c:/nburn/gcc-m68k/bin/../lib/gcc/m68k-elf/4.2.1/../../../../m68k-elf/lib/m5208\libstdc++.a(eh_call.o)
                0x020401b2                __cxa_call_terminate
 .text._ZNK10__cxxabiv117__class_type_info11__do_upcastEPKS0_PPv
                0x020401f4       0x68 c:/nburn/gcc-m68k/bin/../lib/gcc/m68k-elf/4.2.1/../../../../m68k-elf/lib/m5208\libstdc++.a(class_type_info.o)
                0x020401f4                __cxxabiv1::__class_type_info::__do_upcast(__cxxabiv1::__class_type_info const*, void**) const